02:30:43 INFO  : Registering command handlers for SDK TCF services
02:30:45 INFO  : Launching XSCT server: xsct.bat -interactive C:\Users\aniru\Desktop\ELD\lab9\lab9.sdk\temp_xsdb_launch_script.tcl
02:30:50 INFO  : XSCT server has started successfully.
02:30:56 INFO  : Successfully done setting XSCT server connection channel  
02:30:56 INFO  : Successfully done setting SDK workspace  
02:30:56 INFO  : Processing command line option -hwspec C:/Users/aniru/Desktop/ELD/lab9/lab9.sdk/design_1_wrapper.hdf.
23:47:29 INFO  : Launching XSCT server: xsct.bat -interactive C:\Users\aniru\Desktop\ELD\lab9\lab9.sdk\temp_xsdb_launch_script.tcl
23:47:36 INFO  : XSCT server has started successfully.
23:47:52 INFO  : Successfully done setting XSCT server connection channel  
23:47:52 INFO  : Successfully done setting SDK workspace  
23:47:56 INFO  : Registering command handlers for SDK TCF services
23:47:59 INFO  : Processing command line option -hwspec C:/Users/aniru/Desktop/ELD/lab9/lab9.sdk/design_1_wrapper.hdf.
23:47:59 INFO  : Checking for hwspec changes in the project design_1_wrapper_hw_platform_0.
23:47:59 INFO  : SDK has detected change in the last modified timestamps for source hardware specification file Source:1731421016537,  Project:1731358361112
23:47:59 INFO  : The hardware specification for project 'design_1_wrapper_hw_platform_0' is different from C:/Users/aniru/Desktop/ELD/lab9/lab9.sdk/design_1_wrapper.hdf.
23:47:59 INFO  : Copied contents of C:/Users/aniru/Desktop/ELD/lab9/lab9.sdk/design_1_wrapper.hdf into \design_1_wrapper_hw_platform_0\system.hdf.
23:48:09 INFO  : Synchronizing projects in the workspace with the hardware platform specification changes.
23:48:09 INFO  : Clearing existing target manager status.
23:48:09 INFO  : Workspace synchronized with the new hardware specification file. Cleaning dependent projects...
23:48:09 WARN  : Linker script will not be updated automatically. Users need to update it manually.
23:51:36 INFO  : Refreshed build settings on project lab9
00:16:52 INFO  : Connected through redirection to target on host '192.168.226.142' and port '56750'.
00:16:53 WARN  : SDK version '2019.1' doesn't match hw_server version '2024.1.0'. Some debug features may not work.
00:17:00 INFO  : Jtag cable 'Digilent Zed 210248A39C93' is selected.
00:17:00 INFO  : 'jtag frequency' command is executed.
00:17:00 INFO  : Sourcing of 'C:/Users/aniru/Desktop/ELD/lab9/lab9.sdk/design_1_wrapper_hw_platform_0/ps7_init.tcl' is done.
00:17:00 INFO  : Context for 'APU' is selected.
00:17:01 INFO  : System reset is completed.
00:17:04 INFO  : 'after 3000' command is executed.
00:17:04 INFO  : 'targets -set -filter {jtag_cable_name =~ "Digilent Zed 210248A39C93" && level==0} -index 1' command is executed.
00:17:06 INFO  : FPGA configured successfully with bitstream "C:/Users/aniru/Desktop/ELD/lab9/lab9.sdk/design_1_wrapper_hw_platform_0/design_1_wrapper.bit"
00:17:06 INFO  : Context for 'APU' is selected.
00:17:07 INFO  : Hardware design information is loaded from 'C:/Users/aniru/Desktop/ELD/lab9/lab9.sdk/design_1_wrapper_hw_platform_0/system.hdf'.
00:17:07 INFO  : 'configparams force-mem-access 1' command is executed.
00:17:07 INFO  : Context for 'APU' is selected.
00:17:10 INFO  : 'ps7_init' command is executed.
00:17:10 INFO  : 'ps7_post_config' command is executed.
00:17:10 INFO  : Context for processor 'ps7_cortexa9_0' is selected.
00:17:10 INFO  : The application 'C:/Users/aniru/Desktop/ELD/lab9/lab9.sdk/lab9/Debug/lab9.elf' is downloaded to processor 'ps7_cortexa9_0'.
00:17:10 INFO  : 'configparams force-mem-access 0' command is executed.
00:17:10 INFO  : ----------------XSDB Script----------------
connect -path [list tcp::1534 tcp:192.168.226.142:56750]
source C:/Users/aniru/Desktop/ELD/lab9/lab9.sdk/design_1_wrapper_hw_platform_0/ps7_init.tcl
targets -set -nocase -filter {name =~"APU*" && jtag_cable_name =~ "Digilent Zed 210248A39C93"} -index 0
rst -system
after 3000
targets -set -filter {jtag_cable_name =~ "Digilent Zed 210248A39C93" && level==0} -index 1
fpga -file C:/Users/aniru/Desktop/ELD/lab9/lab9.sdk/design_1_wrapper_hw_platform_0/design_1_wrapper.bit
targets -set -nocase -filter {name =~"APU*" && jtag_cable_name =~ "Digilent Zed 210248A39C93"} -index 0
loadhw -hw C:/Users/aniru/Desktop/ELD/lab9/lab9.sdk/design_1_wrapper_hw_platform_0/system.hdf -mem-ranges [list {0x40000000 0xbfffffff}]
configparams force-mem-access 1
targets -set -nocase -filter {name =~"APU*" && jtag_cable_name =~ "Digilent Zed 210248A39C93"} -index 0
ps7_init
ps7_post_config
targets -set -nocase -filter {name =~ "ARM*#0" && jtag_cable_name =~ "Digilent Zed 210248A39C93"} -index 0
dow C:/Users/aniru/Desktop/ELD/lab9/lab9.sdk/lab9/Debug/lab9.elf
configparams force-mem-access 0
----------------End of Script----------------

00:17:10 INFO  : Memory regions updated for context APU
00:17:10 INFO  : Context for processor 'ps7_cortexa9_0' is selected.
00:17:11 INFO  : 'con' command is executed.
00:17:11 INFO  : ----------------XSDB Script (After Launch)----------------
targets -set -nocase -filter {name =~ "ARM*#0" && jtag_cable_name =~ "Digilent Zed 210248A39C93"} -index 0
con
----------------End of Script----------------

00:17:11 INFO  : Launch script is exported to file 'C:\Users\aniru\Desktop\ELD\lab9\lab9.sdk\.sdk\launch_scripts\xilinx_c-c++_application_(system_debugger)\system_debugger_using_debug_lab9.elf_on_remote.tcl'
00:27:23 INFO  : Disconnected from the channel tcfchan#1.
00:27:24 INFO  : Connected through redirection to target on host '192.168.226.142' and port '56750'.
00:27:24 WARN  : SDK version '2019.1' doesn't match hw_server version '2024.1.0'. Some debug features may not work.
00:27:26 INFO  : Jtag cable 'Digilent Zed 210248A39C93' is selected.
00:27:26 INFO  : 'jtag frequency' command is executed.
00:27:26 INFO  : Sourcing of 'C:/Users/aniru/Desktop/ELD/lab9/lab9.sdk/design_1_wrapper_hw_platform_0/ps7_init.tcl' is done.
00:27:26 INFO  : Context for 'APU' is selected.
00:27:27 INFO  : System reset is completed.
00:27:30 INFO  : 'after 3000' command is executed.
00:27:30 INFO  : 'targets -set -filter {jtag_cable_name =~ "Digilent Zed 210248A39C93" && level==0} -index 1' command is executed.
00:27:32 INFO  : FPGA configured successfully with bitstream "C:/Users/aniru/Desktop/ELD/lab9/lab9.sdk/design_1_wrapper_hw_platform_0/design_1_wrapper.bit"
00:27:32 INFO  : Context for 'APU' is selected.
00:27:37 INFO  : Hardware design information is loaded from 'C:/Users/aniru/Desktop/ELD/lab9/lab9.sdk/design_1_wrapper_hw_platform_0/system.hdf'.
00:27:37 INFO  : 'configparams force-mem-access 1' command is executed.
00:27:37 INFO  : Context for 'APU' is selected.
00:27:40 INFO  : 'ps7_init' command is executed.
00:27:40 INFO  : 'ps7_post_config' command is executed.
00:27:40 INFO  : Context for processor 'ps7_cortexa9_0' is selected.
00:27:40 INFO  : The application 'C:/Users/aniru/Desktop/ELD/lab9/lab9.sdk/lab9/Debug/lab9.elf' is downloaded to processor 'ps7_cortexa9_0'.
00:27:40 INFO  : 'configparams force-mem-access 0' command is executed.
00:27:40 INFO  : ----------------XSDB Script----------------
connect -path [list tcp::1534 tcp:192.168.226.142:56750]
source C:/Users/aniru/Desktop/ELD/lab9/lab9.sdk/design_1_wrapper_hw_platform_0/ps7_init.tcl
targets -set -nocase -filter {name =~"APU*" && jtag_cable_name =~ "Digilent Zed 210248A39C93"} -index 0
rst -system
after 3000
targets -set -filter {jtag_cable_name =~ "Digilent Zed 210248A39C93" && level==0} -index 1
fpga -file C:/Users/aniru/Desktop/ELD/lab9/lab9.sdk/design_1_wrapper_hw_platform_0/design_1_wrapper.bit
targets -set -nocase -filter {name =~"APU*" && jtag_cable_name =~ "Digilent Zed 210248A39C93"} -index 0
loadhw -hw C:/Users/aniru/Desktop/ELD/lab9/lab9.sdk/design_1_wrapper_hw_platform_0/system.hdf -mem-ranges [list {0x40000000 0xbfffffff}]
configparams force-mem-access 1
targets -set -nocase -filter {name =~"APU*" && jtag_cable_name =~ "Digilent Zed 210248A39C93"} -index 0
ps7_init
ps7_post_config
targets -set -nocase -filter {name =~ "ARM*#0" && jtag_cable_name =~ "Digilent Zed 210248A39C93"} -index 0
dow C:/Users/aniru/Desktop/ELD/lab9/lab9.sdk/lab9/Debug/lab9.elf
configparams force-mem-access 0
----------------End of Script----------------

00:27:40 INFO  : Memory regions updated for context APU
00:27:41 INFO  : Context for processor 'ps7_cortexa9_0' is selected.
00:27:41 INFO  : 'con' command is executed.
00:27:41 INFO  : ----------------XSDB Script (After Launch)----------------
targets -set -nocase -filter {name =~ "ARM*#0" && jtag_cable_name =~ "Digilent Zed 210248A39C93"} -index 0
con
----------------End of Script----------------

00:27:41 INFO  : Launch script is exported to file 'C:\Users\aniru\Desktop\ELD\lab9\lab9.sdk\.sdk\launch_scripts\xilinx_c-c++_application_(system_debugger)\system_debugger_using_debug_lab9.elf_on_remote.tcl'
00:29:17 INFO  : Disconnected from the channel tcfchan#2.
00:29:18 INFO  : Connected through redirection to target on host '192.168.226.142' and port '56750'.
00:29:18 WARN  : SDK version '2019.1' doesn't match hw_server version '2024.1.0'. Some debug features may not work.
00:29:28 INFO  : ----------------XSDB Script----------------
connect -path [list tcp::1534 tcp:192.168.226.142:56750]
----------------End of Script----------------

00:30:52 INFO  : Connected through redirection to target on host '192.168.226.142' and port '62389'.
00:30:54 WARN  : SDK version '2019.1' doesn't match hw_server version '2024.1.0'. Some debug features may not work.
00:30:56 INFO  : Jtag cable 'Digilent Zed 210248A39C93' is selected.
00:30:56 INFO  : 'jtag frequency' command is executed.
00:30:56 INFO  : Sourcing of 'C:/Users/aniru/Desktop/ELD/lab9/lab9.sdk/design_1_wrapper_hw_platform_0/ps7_init.tcl' is done.
00:30:56 INFO  : Context for 'APU' is selected.
00:30:56 INFO  : System reset is completed.
00:30:59 INFO  : 'after 3000' command is executed.
00:30:59 INFO  : 'targets -set -filter {jtag_cable_name =~ "Digilent Zed 210248A39C93" && level==0} -index 1' command is executed.
00:31:02 INFO  : FPGA configured successfully with bitstream "C:/Users/aniru/Desktop/ELD/lab9/lab9.sdk/design_1_wrapper_hw_platform_0/design_1_wrapper.bit"
00:31:02 INFO  : Context for 'APU' is selected.
00:31:02 INFO  : Hardware design information is loaded from 'C:/Users/aniru/Desktop/ELD/lab9/lab9.sdk/design_1_wrapper_hw_platform_0/system.hdf'.
00:31:02 INFO  : 'configparams force-mem-access 1' command is executed.
00:31:02 INFO  : Context for 'APU' is selected.
00:31:05 INFO  : 'ps7_init' command is executed.
00:31:05 INFO  : 'ps7_post_config' command is executed.
00:31:05 INFO  : Context for processor 'ps7_cortexa9_0' is selected.
00:31:06 INFO  : The application 'C:/Users/aniru/Desktop/ELD/lab9/lab9.sdk/lab9/Debug/lab9.elf' is downloaded to processor 'ps7_cortexa9_0'.
00:31:06 INFO  : 'configparams force-mem-access 0' command is executed.
00:31:06 INFO  : ----------------XSDB Script----------------
connect -path [list tcp::1534 tcp:192.168.226.142:62389]
source C:/Users/aniru/Desktop/ELD/lab9/lab9.sdk/design_1_wrapper_hw_platform_0/ps7_init.tcl
targets -set -nocase -filter {name =~"APU*" && jtag_cable_name =~ "Digilent Zed 210248A39C93"} -index 0
rst -system
after 3000
targets -set -filter {jtag_cable_name =~ "Digilent Zed 210248A39C93" && level==0} -index 1
fpga -file C:/Users/aniru/Desktop/ELD/lab9/lab9.sdk/design_1_wrapper_hw_platform_0/design_1_wrapper.bit
targets -set -nocase -filter {name =~"APU*" && jtag_cable_name =~ "Digilent Zed 210248A39C93"} -index 0
loadhw -hw C:/Users/aniru/Desktop/ELD/lab9/lab9.sdk/design_1_wrapper_hw_platform_0/system.hdf -mem-ranges [list {0x40000000 0xbfffffff}]
configparams force-mem-access 1
targets -set -nocase -filter {name =~"APU*" && jtag_cable_name =~ "Digilent Zed 210248A39C93"} -index 0
ps7_init
ps7_post_config
targets -set -nocase -filter {name =~ "ARM*#0" && jtag_cable_name =~ "Digilent Zed 210248A39C93"} -index 0
dow C:/Users/aniru/Desktop/ELD/lab9/lab9.sdk/lab9/Debug/lab9.elf
configparams force-mem-access 0
----------------End of Script----------------

00:31:06 INFO  : Memory regions updated for context APU
00:31:06 INFO  : Context for processor 'ps7_cortexa9_0' is selected.
00:31:06 INFO  : 'con' command is executed.
00:31:06 INFO  : ----------------XSDB Script (After Launch)----------------
targets -set -nocase -filter {name =~ "ARM*#0" && jtag_cable_name =~ "Digilent Zed 210248A39C93"} -index 0
con
----------------End of Script----------------

00:31:06 INFO  : Launch script is exported to file 'C:\Users\aniru\Desktop\ELD\lab9\lab9.sdk\.sdk\launch_scripts\xilinx_c-c++_application_(system_debugger)\system_debugger_using_debug_lab9.elf_on_remote.tcl'
00:36:30 INFO  : Disconnected from the channel tcfchan#4.
00:43:02 INFO  : Registering command handlers for SDK TCF services
00:43:02 INFO  : Launching XSCT server: xsct.bat -interactive C:\Users\aniru\Desktop\ELD\lab9\lab9.sdk\temp_xsdb_launch_script.tcl
00:43:15 INFO  : XSCT server has started successfully.
00:43:16 INFO  : Successfully done setting XSCT server connection channel  
00:43:16 INFO  : Processing command line option -hwspec C:/Users/aniru/Desktop/ELD/lab9/lab9.sdk/design_1_wrapper.hdf.
00:43:17 INFO  : Successfully done setting SDK workspace  
00:43:17 INFO  : Checking for hwspec changes in the project design_1_wrapper_hw_platform_0.
00:45:57 INFO  : Connected through redirection to target on host '192.168.226.142' and port '64614'.
00:45:59 WARN  : SDK version '2019.1' doesn't match hw_server version '2024.1.0'. Some debug features may not work.
00:47:04 INFO  : Jtag cable 'Digilent Zed 210248A39C93' is selected.
00:47:04 INFO  : 'jtag frequency' command is executed.
00:47:04 INFO  : Sourcing of 'C:/Users/aniru/Desktop/ELD/lab9/lab9.sdk/design_1_wrapper_hw_platform_0/ps7_init.tcl' is done.
00:47:04 INFO  : Context for 'APU' is selected.
00:47:04 INFO  : System reset is completed.
00:47:07 INFO  : 'after 3000' command is executed.
00:47:07 INFO  : 'targets -set -filter {jtag_cable_name =~ "Digilent Zed 210248A39C93" && level==0} -index 1' command is executed.
00:47:10 INFO  : FPGA configured successfully with bitstream "C:/Users/aniru/Desktop/ELD/lab9/lab9.sdk/design_1_wrapper_hw_platform_0/design_1_wrapper.bit"
00:47:10 INFO  : Context for 'APU' is selected.
00:47:10 INFO  : Hardware design information is loaded from 'C:/Users/aniru/Desktop/ELD/lab9/lab9.sdk/design_1_wrapper_hw_platform_0/system.hdf'.
00:47:10 INFO  : 'configparams force-mem-access 1' command is executed.
00:47:10 INFO  : Context for 'APU' is selected.
00:47:13 INFO  : 'ps7_init' command is executed.
00:47:13 INFO  : 'ps7_post_config' command is executed.
00:47:13 INFO  : Context for processor 'ps7_cortexa9_0' is selected.
00:47:13 INFO  : The application 'C:/Users/aniru/Desktop/ELD/lab9/lab9.sdk/lab9/Debug/lab9.elf' is downloaded to processor 'ps7_cortexa9_0'.
00:47:13 INFO  : 'configparams force-mem-access 0' command is executed.
00:47:13 INFO  : ----------------XSDB Script----------------
connect -path [list tcp::1534 tcp:192.168.226.142:64614]
source C:/Users/aniru/Desktop/ELD/lab9/lab9.sdk/design_1_wrapper_hw_platform_0/ps7_init.tcl
targets -set -nocase -filter {name =~"APU*" && jtag_cable_name =~ "Digilent Zed 210248A39C93"} -index 0
rst -system
after 3000
targets -set -filter {jtag_cable_name =~ "Digilent Zed 210248A39C93" && level==0} -index 1
fpga -file C:/Users/aniru/Desktop/ELD/lab9/lab9.sdk/design_1_wrapper_hw_platform_0/design_1_wrapper.bit
targets -set -nocase -filter {name =~"APU*" && jtag_cable_name =~ "Digilent Zed 210248A39C93"} -index 0
loadhw -hw C:/Users/aniru/Desktop/ELD/lab9/lab9.sdk/design_1_wrapper_hw_platform_0/system.hdf -mem-ranges [list {0x40000000 0xbfffffff}]
configparams force-mem-access 1
targets -set -nocase -filter {name =~"APU*" && jtag_cable_name =~ "Digilent Zed 210248A39C93"} -index 0
ps7_init
ps7_post_config
targets -set -nocase -filter {name =~ "ARM*#0" && jtag_cable_name =~ "Digilent Zed 210248A39C93"} -index 0
dow C:/Users/aniru/Desktop/ELD/lab9/lab9.sdk/lab9/Debug/lab9.elf
configparams force-mem-access 0
----------------End of Script----------------

00:47:13 INFO  : Memory regions updated for context APU
00:47:13 INFO  : Context for processor 'ps7_cortexa9_0' is selected.
00:47:14 INFO  : 'con' command is executed.
00:47:14 INFO  : ----------------XSDB Script (After Launch)----------------
targets -set -nocase -filter {name =~ "ARM*#0" && jtag_cable_name =~ "Digilent Zed 210248A39C93"} -index 0
con
----------------End of Script----------------

00:47:14 INFO  : Launch script is exported to file 'C:\Users\aniru\Desktop\ELD\lab9\lab9.sdk\.sdk\launch_scripts\xilinx_c-c++_application_(system_debugger)\system_debugger_using_debug_lab9.elf_on_remote.tcl'
00:48:16 INFO  : Disconnected from the channel tcfchan#1.
00:48:17 INFO  : Connected through redirection to target on host '192.168.226.142' and port '64614'.
00:48:17 WARN  : SDK version '2019.1' doesn't match hw_server version '2024.1.0'. Some debug features may not work.
00:48:28 INFO  : ----------------XSDB Script----------------
connect -path [list tcp::1534 tcp:192.168.226.142:64614]
----------------End of Script----------------

00:50:37 INFO  : Connected through redirection to target on host '192.168.226.142' and port '64614'.
00:50:38 WARN  : SDK version '2019.1' doesn't match hw_server version '2024.1.0'. Some debug features may not work.
00:50:42 INFO  : Jtag cable 'Digilent Zed 210248A39C93' is selected.
00:50:42 INFO  : 'jtag frequency' command is executed.
00:50:42 INFO  : Sourcing of 'C:/Users/aniru/Desktop/ELD/lab9/lab9.sdk/design_1_wrapper_hw_platform_0/ps7_init.tcl' is done.
00:50:42 INFO  : Context for 'APU' is selected.
00:50:43 INFO  : System reset is completed.
00:50:46 INFO  : 'after 3000' command is executed.
00:50:47 INFO  : 'targets -set -filter {jtag_cable_name =~ "Digilent Zed 210248A39C93" && level==0} -index 1' command is executed.
00:50:50 INFO  : FPGA configured successfully with bitstream "C:/Users/aniru/Desktop/ELD/lab9/lab9.sdk/design_1_wrapper_hw_platform_0/design_1_wrapper.bit"
00:50:50 INFO  : Context for 'APU' is selected.
00:50:50 INFO  : Hardware design information is loaded from 'C:/Users/aniru/Desktop/ELD/lab9/lab9.sdk/design_1_wrapper_hw_platform_0/system.hdf'.
00:50:50 INFO  : 'configparams force-mem-access 1' command is executed.
00:50:51 INFO  : Context for 'APU' is selected.
00:50:55 INFO  : 'ps7_init' command is executed.
00:50:55 INFO  : 'ps7_post_config' command is executed.
00:50:55 INFO  : Context for processor 'ps7_cortexa9_0' is selected.
00:50:56 INFO  : The application 'C:/Users/aniru/Desktop/ELD/lab9/lab9.sdk/lab9/Debug/lab9.elf' is downloaded to processor 'ps7_cortexa9_0'.
00:50:56 INFO  : 'configparams force-mem-access 0' command is executed.
00:50:56 INFO  : ----------------XSDB Script----------------
connect -path [list tcp::1534 tcp:192.168.226.142:64614]
source C:/Users/aniru/Desktop/ELD/lab9/lab9.sdk/design_1_wrapper_hw_platform_0/ps7_init.tcl
targets -set -nocase -filter {name =~"APU*" && jtag_cable_name =~ "Digilent Zed 210248A39C93"} -index 0
rst -system
after 3000
targets -set -filter {jtag_cable_name =~ "Digilent Zed 210248A39C93" && level==0} -index 1
fpga -file C:/Users/aniru/Desktop/ELD/lab9/lab9.sdk/design_1_wrapper_hw_platform_0/design_1_wrapper.bit
targets -set -nocase -filter {name =~"APU*" && jtag_cable_name =~ "Digilent Zed 210248A39C93"} -index 0
loadhw -hw C:/Users/aniru/Desktop/ELD/lab9/lab9.sdk/design_1_wrapper_hw_platform_0/system.hdf -mem-ranges [list {0x40000000 0xbfffffff}]
configparams force-mem-access 1
targets -set -nocase -filter {name =~"APU*" && jtag_cable_name =~ "Digilent Zed 210248A39C93"} -index 0
ps7_init
ps7_post_config
targets -set -nocase -filter {name =~ "ARM*#0" && jtag_cable_name =~ "Digilent Zed 210248A39C93"} -index 0
dow C:/Users/aniru/Desktop/ELD/lab9/lab9.sdk/lab9/Debug/lab9.elf
configparams force-mem-access 0
----------------End of Script----------------

00:50:56 INFO  : Memory regions updated for context APU
00:50:56 INFO  : Context for processor 'ps7_cortexa9_0' is selected.
00:50:57 INFO  : 'con' command is executed.
00:50:57 INFO  : ----------------XSDB Script (After Launch)----------------
targets -set -nocase -filter {name =~ "ARM*#0" && jtag_cable_name =~ "Digilent Zed 210248A39C93"} -index 0
con
----------------End of Script----------------

00:50:57 INFO  : Launch script is exported to file 'C:\Users\aniru\Desktop\ELD\lab9\lab9.sdk\.sdk\launch_scripts\xilinx_c-c++_application_(system_debugger)\system_debugger_using_debug_lab9.elf_on_remote.tcl'
00:51:44 INFO  : Disconnected from the channel tcfchan#2.
00:52:10 INFO  : Registering command handlers for SDK TCF services
00:52:12 INFO  : Launching XSCT server: xsct.bat -interactive C:\Users\aniru\Desktop\ELD\lab9\lab9.sdk\temp_xsdb_launch_script.tcl
00:52:16 INFO  : XSCT server has started successfully.
00:52:17 INFO  : Successfully done setting XSCT server connection channel  
00:52:17 INFO  : Successfully done setting SDK workspace  
00:52:17 INFO  : Processing command line option -hwspec C:/Users/aniru/Desktop/ELD/lab9/lab9.sdk/design_1_wrapper.hdf.
00:52:17 INFO  : Checking for hwspec changes in the project design_1_wrapper_hw_platform_0.
00:53:25 INFO  : Connected through redirection to target on host '192.168.226.142' and port '64614'.
00:53:26 WARN  : SDK version '2019.1' doesn't match hw_server version '2024.1.0'. Some debug features may not work.
00:53:29 INFO  : Jtag cable 'Digilent Zed 210248A39C93' is selected.
00:53:29 INFO  : 'jtag frequency' command is executed.
00:53:29 INFO  : Sourcing of 'C:/Users/aniru/Desktop/ELD/lab9/lab9.sdk/design_1_wrapper_hw_platform_0/ps7_init.tcl' is done.
00:53:29 INFO  : Context for 'APU' is selected.
00:53:30 INFO  : System reset is completed.
00:53:33 INFO  : 'after 3000' command is executed.
00:53:33 INFO  : 'targets -set -filter {jtag_cable_name =~ "Digilent Zed 210248A39C93" && level==0} -index 1' command is executed.
00:53:35 INFO  : FPGA configured successfully with bitstream "C:/Users/aniru/Desktop/ELD/lab9/lab9.sdk/design_1_wrapper_hw_platform_0/design_1_wrapper.bit"
00:53:35 INFO  : Context for 'APU' is selected.
00:53:36 INFO  : Hardware design information is loaded from 'C:/Users/aniru/Desktop/ELD/lab9/lab9.sdk/design_1_wrapper_hw_platform_0/system.hdf'.
00:53:36 INFO  : 'configparams force-mem-access 1' command is executed.
00:53:36 INFO  : Context for 'APU' is selected.
00:53:38 INFO  : 'ps7_init' command is executed.
00:53:38 INFO  : 'ps7_post_config' command is executed.
00:53:38 INFO  : Context for processor 'ps7_cortexa9_0' is selected.
00:53:39 INFO  : The application 'C:/Users/aniru/Desktop/ELD/lab9/lab9.sdk/lab9/Debug/lab9.elf' is downloaded to processor 'ps7_cortexa9_0'.
00:53:39 INFO  : 'configparams force-mem-access 0' command is executed.
00:53:39 INFO  : ----------------XSDB Script----------------
connect -path [list tcp::1534 tcp:192.168.226.142:64614]
source C:/Users/aniru/Desktop/ELD/lab9/lab9.sdk/design_1_wrapper_hw_platform_0/ps7_init.tcl
targets -set -nocase -filter {name =~"APU*" && jtag_cable_name =~ "Digilent Zed 210248A39C93"} -index 0
rst -system
after 3000
targets -set -filter {jtag_cable_name =~ "Digilent Zed 210248A39C93" && level==0} -index 1
fpga -file C:/Users/aniru/Desktop/ELD/lab9/lab9.sdk/design_1_wrapper_hw_platform_0/design_1_wrapper.bit
targets -set -nocase -filter {name =~"APU*" && jtag_cable_name =~ "Digilent Zed 210248A39C93"} -index 0
loadhw -hw C:/Users/aniru/Desktop/ELD/lab9/lab9.sdk/design_1_wrapper_hw_platform_0/system.hdf -mem-ranges [list {0x40000000 0xbfffffff}]
configparams force-mem-access 1
targets -set -nocase -filter {name =~"APU*" && jtag_cable_name =~ "Digilent Zed 210248A39C93"} -index 0
ps7_init
ps7_post_config
targets -set -nocase -filter {name =~ "ARM*#0" && jtag_cable_name =~ "Digilent Zed 210248A39C93"} -index 0
dow C:/Users/aniru/Desktop/ELD/lab9/lab9.sdk/lab9/Debug/lab9.elf
configparams force-mem-access 0
----------------End of Script----------------

00:53:39 INFO  : Memory regions updated for context APU
00:53:39 INFO  : Context for processor 'ps7_cortexa9_0' is selected.
00:53:39 INFO  : 'con' command is executed.
00:53:39 INFO  : ----------------XSDB Script (After Launch)----------------
targets -set -nocase -filter {name =~ "ARM*#0" && jtag_cable_name =~ "Digilent Zed 210248A39C93"} -index 0
con
----------------End of Script----------------

00:53:39 INFO  : Launch script is exported to file 'C:\Users\aniru\Desktop\ELD\lab9\lab9.sdk\.sdk\launch_scripts\xilinx_c-c++_application_(system_debugger)\system_debugger_using_debug_lab9.elf_on_remote.tcl'
00:56:36 INFO  : Disconnected from the channel tcfchan#1.
15:17:32 INFO  : Launching XSCT server: xsct.bat -interactive C:\Users\aniru\Desktop\ELD\lab9\lab9.sdk\temp_xsdb_launch_script.tcl
15:17:32 INFO  : Registering command handlers for SDK TCF services
15:17:40 INFO  : XSCT server has started successfully.
15:17:47 INFO  : Successfully done setting XSCT server connection channel  
15:17:47 INFO  : Successfully done setting SDK workspace  
15:17:47 INFO  : Processing command line option -hwspec C:/Users/aniru/Desktop/ELD/lab9/lab9.sdk/design_1_wrapper.hdf.
15:17:47 INFO  : Checking for hwspec changes in the project design_1_wrapper_hw_platform_0.
15:32:00 INFO  : Connected through redirection to target on host '192.168.226.142' and port '51427'.
15:32:01 WARN  : SDK version '2019.1' doesn't match hw_server version '2024.1.0'. Some debug features may not work.
15:32:03 INFO  : Jtag cable 'Digilent Zed 210248A39C93' is selected.
15:32:03 INFO  : 'jtag frequency' command is executed.
15:32:03 INFO  : Sourcing of 'C:/Users/aniru/Desktop/ELD/lab9/lab9.sdk/design_1_wrapper_hw_platform_0/ps7_init.tcl' is done.
15:32:03 INFO  : Context for 'APU' is selected.
15:32:04 INFO  : System reset is completed.
15:32:07 INFO  : 'after 3000' command is executed.
15:32:07 INFO  : 'targets -set -filter {jtag_cable_name =~ "Digilent Zed 210248A39C93" && level==0} -index 1' command is executed.
15:32:11 INFO  : FPGA configured successfully with bitstream "C:/Users/aniru/Desktop/ELD/lab9/lab9.sdk/design_1_wrapper_hw_platform_0/design_1_wrapper.bit"
15:32:11 INFO  : Context for 'APU' is selected.
15:32:11 INFO  : Hardware design information is loaded from 'C:/Users/aniru/Desktop/ELD/lab9/lab9.sdk/design_1_wrapper_hw_platform_0/system.hdf'.
15:32:11 INFO  : 'configparams force-mem-access 1' command is executed.
15:32:11 INFO  : Context for 'APU' is selected.
15:32:15 INFO  : 'ps7_init' command is executed.
15:32:15 INFO  : 'ps7_post_config' command is executed.
15:32:15 INFO  : Context for processor 'ps7_cortexa9_0' is selected.
15:32:16 INFO  : The application 'C:/Users/aniru/Desktop/ELD/lab9/lab9.sdk/lab9/Debug/lab9.elf' is downloaded to processor 'ps7_cortexa9_0'.
15:32:16 INFO  : 'configparams force-mem-access 0' command is executed.
15:32:16 INFO  : ----------------XSDB Script----------------
connect -path [list tcp::1534 tcp:192.168.226.142:51427]
source C:/Users/aniru/Desktop/ELD/lab9/lab9.sdk/design_1_wrapper_hw_platform_0/ps7_init.tcl
targets -set -nocase -filter {name =~"APU*" && jtag_cable_name =~ "Digilent Zed 210248A39C93"} -index 0
rst -system
after 3000
targets -set -filter {jtag_cable_name =~ "Digilent Zed 210248A39C93" && level==0} -index 1
fpga -file C:/Users/aniru/Desktop/ELD/lab9/lab9.sdk/design_1_wrapper_hw_platform_0/design_1_wrapper.bit
targets -set -nocase -filter {name =~"APU*" && jtag_cable_name =~ "Digilent Zed 210248A39C93"} -index 0
loadhw -hw C:/Users/aniru/Desktop/ELD/lab9/lab9.sdk/design_1_wrapper_hw_platform_0/system.hdf -mem-ranges [list {0x40000000 0xbfffffff}]
configparams force-mem-access 1
targets -set -nocase -filter {name =~"APU*" && jtag_cable_name =~ "Digilent Zed 210248A39C93"} -index 0
ps7_init
ps7_post_config
targets -set -nocase -filter {name =~ "ARM*#0" && jtag_cable_name =~ "Digilent Zed 210248A39C93"} -index 0
dow C:/Users/aniru/Desktop/ELD/lab9/lab9.sdk/lab9/Debug/lab9.elf
configparams force-mem-access 0
----------------End of Script----------------

15:32:16 INFO  : Memory regions updated for context APU
15:32:16 INFO  : Context for processor 'ps7_cortexa9_0' is selected.
15:32:16 INFO  : 'con' command is executed.
15:32:16 INFO  : ----------------XSDB Script (After Launch)----------------
targets -set -nocase -filter {name =~ "ARM*#0" && jtag_cable_name =~ "Digilent Zed 210248A39C93"} -index 0
con
----------------End of Script----------------

15:32:16 INFO  : Launch script is exported to file 'C:\Users\aniru\Desktop\ELD\lab9\lab9.sdk\.sdk\launch_scripts\xilinx_c-c++_application_(system_debugger)\system_debugger_using_debug_lab9.elf_on_remote.tcl'
15:39:49 INFO  : Disconnected from the channel tcfchan#1.
15:39:50 INFO  : Connected through redirection to target on host '192.168.226.142' and port '51427'.
15:39:50 WARN  : SDK version '2019.1' doesn't match hw_server version '2024.1.0'. Some debug features may not work.
15:40:02 INFO  : ----------------XSDB Script----------------
connect -path [list tcp::1534 tcp:192.168.226.142:51427]
----------------End of Script----------------

15:40:47 INFO  : Connected through redirection to target on host '192.168.226.142' and port '51427'.
15:40:47 WARN  : SDK version '2019.1' doesn't match hw_server version '2024.1.0'. Some debug features may not work.
15:40:48 INFO  : Jtag cable 'Digilent Zed 210248A39C93' is selected.
15:40:48 INFO  : 'jtag frequency' command is executed.
15:40:48 INFO  : Sourcing of 'C:/Users/aniru/Desktop/ELD/lab9/lab9.sdk/design_1_wrapper_hw_platform_0/ps7_init.tcl' is done.
15:40:48 INFO  : Context for 'APU' is selected.
15:40:49 INFO  : System reset is completed.
15:40:52 INFO  : 'after 3000' command is executed.
15:40:52 INFO  : 'targets -set -filter {jtag_cable_name =~ "Digilent Zed 210248A39C93" && level==0} -index 1' command is executed.
15:40:58 INFO  : FPGA configured successfully with bitstream "C:/Users/aniru/Desktop/ELD/lab9/lab9.sdk/design_1_wrapper_hw_platform_0/design_1_wrapper.bit"
15:40:58 INFO  : Context for 'APU' is selected.
15:40:58 INFO  : Hardware design information is loaded from 'C:/Users/aniru/Desktop/ELD/lab9/lab9.sdk/design_1_wrapper_hw_platform_0/system.hdf'.
15:40:58 INFO  : 'configparams force-mem-access 1' command is executed.
15:40:58 INFO  : Context for 'APU' is selected.
15:41:03 INFO  : 'ps7_init' command is executed.
15:41:03 INFO  : 'ps7_post_config' command is executed.
15:41:03 INFO  : Context for processor 'ps7_cortexa9_0' is selected.
15:41:03 INFO  : The application 'C:/Users/aniru/Desktop/ELD/lab9/lab9.sdk/lab9/Debug/lab9.elf' is downloaded to processor 'ps7_cortexa9_0'.
15:41:03 INFO  : 'configparams force-mem-access 0' command is executed.
15:41:03 INFO  : ----------------XSDB Script----------------
connect -path [list tcp::1534 tcp:192.168.226.142:51427]
source C:/Users/aniru/Desktop/ELD/lab9/lab9.sdk/design_1_wrapper_hw_platform_0/ps7_init.tcl
targets -set -nocase -filter {name =~"APU*" && jtag_cable_name =~ "Digilent Zed 210248A39C93"} -index 0
rst -system
after 3000
targets -set -filter {jtag_cable_name =~ "Digilent Zed 210248A39C93" && level==0} -index 1
fpga -file C:/Users/aniru/Desktop/ELD/lab9/lab9.sdk/design_1_wrapper_hw_platform_0/design_1_wrapper.bit
targets -set -nocase -filter {name =~"APU*" && jtag_cable_name =~ "Digilent Zed 210248A39C93"} -index 0
loadhw -hw C:/Users/aniru/Desktop/ELD/lab9/lab9.sdk/design_1_wrapper_hw_platform_0/system.hdf -mem-ranges [list {0x40000000 0xbfffffff}]
configparams force-mem-access 1
targets -set -nocase -filter {name =~"APU*" && jtag_cable_name =~ "Digilent Zed 210248A39C93"} -index 0
ps7_init
ps7_post_config
targets -set -nocase -filter {name =~ "ARM*#0" && jtag_cable_name =~ "Digilent Zed 210248A39C93"} -index 0
dow C:/Users/aniru/Desktop/ELD/lab9/lab9.sdk/lab9/Debug/lab9.elf
configparams force-mem-access 0
----------------End of Script----------------

15:41:04 INFO  : Memory regions updated for context APU
15:41:04 INFO  : Context for processor 'ps7_cortexa9_0' is selected.
15:41:04 INFO  : 'con' command is executed.
15:41:04 INFO  : ----------------XSDB Script (After Launch)----------------
targets -set -nocase -filter {name =~ "ARM*#0" && jtag_cable_name =~ "Digilent Zed 210248A39C93"} -index 0
con
----------------End of Script----------------

15:41:04 INFO  : Launch script is exported to file 'C:\Users\aniru\Desktop\ELD\lab9\lab9.sdk\.sdk\launch_scripts\xilinx_c-c++_application_(system_debugger)\system_debugger_using_debug_lab9.elf_on_remote.tcl'
15:44:28 INFO  : Disconnected from the channel tcfchan#2.
15:44:29 INFO  : Connected through redirection to target on host '192.168.226.142' and port '51427'.
15:44:29 WARN  : SDK version '2019.1' doesn't match hw_server version '2024.1.0'. Some debug features may not work.
15:44:32 INFO  : Jtag cable 'Digilent Zed 210248A39C93' is selected.
15:44:33 INFO  : 'jtag frequency' command is executed.
15:44:33 INFO  : Sourcing of 'C:/Users/aniru/Desktop/ELD/lab9/lab9.sdk/design_1_wrapper_hw_platform_0/ps7_init.tcl' is done.
15:44:33 INFO  : Context for 'APU' is selected.
15:44:33 INFO  : System reset is completed.
15:44:36 INFO  : 'after 3000' command is executed.
15:44:36 INFO  : 'targets -set -filter {jtag_cable_name =~ "Digilent Zed 210248A39C93" && level==0} -index 1' command is executed.
15:44:39 INFO  : FPGA configured successfully with bitstream "C:/Users/aniru/Desktop/ELD/lab9/lab9.sdk/design_1_wrapper_hw_platform_0/design_1_wrapper.bit"
15:44:39 INFO  : Context for 'APU' is selected.
15:44:43 INFO  : Hardware design information is loaded from 'C:/Users/aniru/Desktop/ELD/lab9/lab9.sdk/design_1_wrapper_hw_platform_0/system.hdf'.
15:44:43 INFO  : 'configparams force-mem-access 1' command is executed.
15:44:43 INFO  : Context for 'APU' is selected.
15:44:47 INFO  : 'ps7_init' command is executed.
15:44:47 INFO  : 'ps7_post_config' command is executed.
15:44:47 INFO  : Context for processor 'ps7_cortexa9_0' is selected.
15:44:47 INFO  : The application 'C:/Users/aniru/Desktop/ELD/lab9/lab9.sdk/lab9/Debug/lab9.elf' is downloaded to processor 'ps7_cortexa9_0'.
15:44:47 INFO  : 'configparams force-mem-access 0' command is executed.
15:44:47 INFO  : ----------------XSDB Script----------------
connect -path [list tcp::1534 tcp:192.168.226.142:51427]
source C:/Users/aniru/Desktop/ELD/lab9/lab9.sdk/design_1_wrapper_hw_platform_0/ps7_init.tcl
targets -set -nocase -filter {name =~"APU*" && jtag_cable_name =~ "Digilent Zed 210248A39C93"} -index 0
rst -system
after 3000
targets -set -filter {jtag_cable_name =~ "Digilent Zed 210248A39C93" && level==0} -index 1
fpga -file C:/Users/aniru/Desktop/ELD/lab9/lab9.sdk/design_1_wrapper_hw_platform_0/design_1_wrapper.bit
targets -set -nocase -filter {name =~"APU*" && jtag_cable_name =~ "Digilent Zed 210248A39C93"} -index 0
loadhw -hw C:/Users/aniru/Desktop/ELD/lab9/lab9.sdk/design_1_wrapper_hw_platform_0/system.hdf -mem-ranges [list {0x40000000 0xbfffffff}]
configparams force-mem-access 1
targets -set -nocase -filter {name =~"APU*" && jtag_cable_name =~ "Digilent Zed 210248A39C93"} -index 0
ps7_init
ps7_post_config
targets -set -nocase -filter {name =~ "ARM*#0" && jtag_cable_name =~ "Digilent Zed 210248A39C93"} -index 0
dow C:/Users/aniru/Desktop/ELD/lab9/lab9.sdk/lab9/Debug/lab9.elf
configparams force-mem-access 0
----------------End of Script----------------

15:44:47 INFO  : Memory regions updated for context APU
15:44:48 INFO  : Context for processor 'ps7_cortexa9_0' is selected.
15:44:48 INFO  : 'con' command is executed.
15:44:48 INFO  : ----------------XSDB Script (After Launch)----------------
targets -set -nocase -filter {name =~ "ARM*#0" && jtag_cable_name =~ "Digilent Zed 210248A39C93"} -index 0
con
----------------End of Script----------------

15:44:48 INFO  : Launch script is exported to file 'C:\Users\aniru\Desktop\ELD\lab9\lab9.sdk\.sdk\launch_scripts\xilinx_c-c++_application_(system_debugger)\system_debugger_using_debug_lab9.elf_on_remote.tcl'
15:45:02 WARN  : channel "tcfchan#3" closed
15:47:47 INFO  : Connected through redirection to target on host '192.168.226.142' and port '63351'.
15:47:48 WARN  : SDK version '2019.1' doesn't match hw_server version '2024.1.0'. Some debug features may not work.
15:47:50 INFO  : Jtag cable 'Digilent Zed 210248A39C93' is selected.
15:47:51 INFO  : 'jtag frequency' command is executed.
15:47:51 INFO  : Sourcing of 'C:/Users/aniru/Desktop/ELD/lab9/lab9.sdk/design_1_wrapper_hw_platform_0/ps7_init.tcl' is done.
15:47:51 INFO  : Context for 'APU' is selected.
15:47:52 INFO  : System reset is completed.
15:47:55 INFO  : 'after 3000' command is executed.
15:47:55 INFO  : 'targets -set -filter {jtag_cable_name =~ "Digilent Zed 210248A39C93" && level==0} -index 1' command is executed.
15:48:01 INFO  : FPGA configured successfully with bitstream "C:/Users/aniru/Desktop/ELD/lab9/lab9.sdk/design_1_wrapper_hw_platform_0/design_1_wrapper.bit"
15:48:01 INFO  : Context for 'APU' is selected.
15:48:01 INFO  : Hardware design information is loaded from 'C:/Users/aniru/Desktop/ELD/lab9/lab9.sdk/design_1_wrapper_hw_platform_0/system.hdf'.
15:48:01 INFO  : 'configparams force-mem-access 1' command is executed.
15:48:01 INFO  : Context for 'APU' is selected.
15:48:05 INFO  : 'ps7_init' command is executed.
15:48:05 INFO  : 'ps7_post_config' command is executed.
15:48:06 INFO  : Context for processor 'ps7_cortexa9_0' is selected.
15:48:06 INFO  : The application 'C:/Users/aniru/Desktop/ELD/lab9/lab9.sdk/lab9/Debug/lab9.elf' is downloaded to processor 'ps7_cortexa9_0'.
15:48:06 INFO  : 'configparams force-mem-access 0' command is executed.
15:48:06 INFO  : ----------------XSDB Script----------------
connect -path [list tcp::1534 tcp:192.168.226.142:63351]
source C:/Users/aniru/Desktop/ELD/lab9/lab9.sdk/design_1_wrapper_hw_platform_0/ps7_init.tcl
targets -set -nocase -filter {name =~"APU*" && jtag_cable_name =~ "Digilent Zed 210248A39C93"} -index 0
rst -system
after 3000
targets -set -filter {jtag_cable_name =~ "Digilent Zed 210248A39C93" && level==0} -index 1
fpga -file C:/Users/aniru/Desktop/ELD/lab9/lab9.sdk/design_1_wrapper_hw_platform_0/design_1_wrapper.bit
targets -set -nocase -filter {name =~"APU*" && jtag_cable_name =~ "Digilent Zed 210248A39C93"} -index 0
loadhw -hw C:/Users/aniru/Desktop/ELD/lab9/lab9.sdk/design_1_wrapper_hw_platform_0/system.hdf -mem-ranges [list {0x40000000 0xbfffffff}]
configparams force-mem-access 1
targets -set -nocase -filter {name =~"APU*" && jtag_cable_name =~ "Digilent Zed 210248A39C93"} -index 0
ps7_init
ps7_post_config
targets -set -nocase -filter {name =~ "ARM*#0" && jtag_cable_name =~ "Digilent Zed 210248A39C93"} -index 0
dow C:/Users/aniru/Desktop/ELD/lab9/lab9.sdk/lab9/Debug/lab9.elf
configparams force-mem-access 0
----------------End of Script----------------

15:48:06 INFO  : Memory regions updated for context APU
15:48:06 INFO  : Context for processor 'ps7_cortexa9_0' is selected.
15:48:06 INFO  : 'con' command is executed.
15:48:06 INFO  : ----------------XSDB Script (After Launch)----------------
targets -set -nocase -filter {name =~ "ARM*#0" && jtag_cable_name =~ "Digilent Zed 210248A39C93"} -index 0
con
----------------End of Script----------------

15:48:06 INFO  : Launch script is exported to file 'C:\Users\aniru\Desktop\ELD\lab9\lab9.sdk\.sdk\launch_scripts\xilinx_c-c++_application_(system_debugger)\system_debugger_using_debug_lab9.elf_on_remote.tcl'
15:52:25 INFO  : Disconnected from the channel tcfchan#4.
15:52:26 INFO  : Connected through redirection to target on host '192.168.226.142' and port '63351'.
15:52:27 WARN  : SDK version '2019.1' doesn't match hw_server version '2024.1.0'. Some debug features may not work.
15:52:29 INFO  : Jtag cable 'Digilent Zed 210248A39C93' is selected.
15:52:29 INFO  : 'jtag frequency' command is executed.
15:52:29 INFO  : Sourcing of 'C:/Users/aniru/Desktop/ELD/lab9/lab9.sdk/design_1_wrapper_hw_platform_0/ps7_init.tcl' is done.
15:52:29 INFO  : Context for 'APU' is selected.
15:52:30 INFO  : System reset is completed.
15:52:33 INFO  : 'after 3000' command is executed.
15:52:33 INFO  : 'targets -set -filter {jtag_cable_name =~ "Digilent Zed 210248A39C93" && level==0} -index 1' command is executed.
15:52:35 INFO  : FPGA configured successfully with bitstream "C:/Users/aniru/Desktop/ELD/lab9/lab9.sdk/design_1_wrapper_hw_platform_0/design_1_wrapper.bit"
15:52:36 INFO  : Context for 'APU' is selected.
15:52:41 INFO  : Hardware design information is loaded from 'C:/Users/aniru/Desktop/ELD/lab9/lab9.sdk/design_1_wrapper_hw_platform_0/system.hdf'.
15:52:41 INFO  : 'configparams force-mem-access 1' command is executed.
15:52:41 INFO  : Context for 'APU' is selected.
15:52:47 INFO  : 'ps7_init' command is executed.
15:52:47 INFO  : 'ps7_post_config' command is executed.
15:52:47 INFO  : Context for processor 'ps7_cortexa9_0' is selected.
15:52:48 INFO  : The application 'C:/Users/aniru/Desktop/ELD/lab9/lab9.sdk/lab9/Debug/lab9.elf' is downloaded to processor 'ps7_cortexa9_0'.
15:52:48 INFO  : 'configparams force-mem-access 0' command is executed.
15:52:48 INFO  : ----------------XSDB Script----------------
connect -path [list tcp::1534 tcp:192.168.226.142:63351]
source C:/Users/aniru/Desktop/ELD/lab9/lab9.sdk/design_1_wrapper_hw_platform_0/ps7_init.tcl
targets -set -nocase -filter {name =~"APU*" && jtag_cable_name =~ "Digilent Zed 210248A39C93"} -index 0
rst -system
after 3000
targets -set -filter {jtag_cable_name =~ "Digilent Zed 210248A39C93" && level==0} -index 1
fpga -file C:/Users/aniru/Desktop/ELD/lab9/lab9.sdk/design_1_wrapper_hw_platform_0/design_1_wrapper.bit
targets -set -nocase -filter {name =~"APU*" && jtag_cable_name =~ "Digilent Zed 210248A39C93"} -index 0
loadhw -hw C:/Users/aniru/Desktop/ELD/lab9/lab9.sdk/design_1_wrapper_hw_platform_0/system.hdf -mem-ranges [list {0x40000000 0xbfffffff}]
configparams force-mem-access 1
targets -set -nocase -filter {name =~"APU*" && jtag_cable_name =~ "Digilent Zed 210248A39C93"} -index 0
ps7_init
ps7_post_config
targets -set -nocase -filter {name =~ "ARM*#0" && jtag_cable_name =~ "Digilent Zed 210248A39C93"} -index 0
dow C:/Users/aniru/Desktop/ELD/lab9/lab9.sdk/lab9/Debug/lab9.elf
configparams force-mem-access 0
----------------End of Script----------------

15:52:48 INFO  : Memory regions updated for context APU
15:52:48 INFO  : Context for processor 'ps7_cortexa9_0' is selected.
15:52:48 INFO  : 'con' command is executed.
15:52:48 INFO  : ----------------XSDB Script (After Launch)----------------
targets -set -nocase -filter {name =~ "ARM*#0" && jtag_cable_name =~ "Digilent Zed 210248A39C93"} -index 0
con
----------------End of Script----------------

15:52:48 INFO  : Launch script is exported to file 'C:\Users\aniru\Desktop\ELD\lab9\lab9.sdk\.sdk\launch_scripts\xilinx_c-c++_application_(system_debugger)\system_debugger_using_debug_lab9.elf_on_remote.tcl'
16:00:04 WARN  : channel "tcfchan#5" closed
20:18:51 INFO  : Registering command handlers for SDK TCF services
20:18:53 INFO  : Launching XSCT server: xsct.bat -interactive C:\Users\aniru\Desktop\ELD\lab9\lab9.sdk\temp_xsdb_launch_script.tcl
20:18:58 INFO  : XSCT server has started successfully.
20:19:05 INFO  : Successfully done setting XSCT server connection channel  
20:19:05 INFO  : Successfully done setting SDK workspace  
20:19:05 INFO  : Processing command line option -hwspec C:/Users/aniru/Desktop/ELD/lab9/lab9.sdk/design_1_wrapper.hdf.
20:19:05 INFO  : Checking for hwspec changes in the project design_1_wrapper_hw_platform_0.
23:48:38 INFO  : Registering command handlers for SDK TCF services
23:48:40 INFO  : Launching XSCT server: xsct.bat -interactive C:\Users\aniru\Desktop\ELD\lab9\lab9.sdk\temp_xsdb_launch_script.tcl
23:48:45 INFO  : XSCT server has started successfully.
23:48:52 INFO  : Successfully done setting XSCT server connection channel  
23:48:52 INFO  : Successfully done setting SDK workspace  
23:48:52 INFO  : Processing command line option -hwspec C:/Users/aniru/Desktop/ELD/lab9/lab9.sdk/design_1_wrapper.hdf.
23:48:52 INFO  : Checking for hwspec changes in the project design_1_wrapper_hw_platform_0.
00:04:10 INFO  : Connected through redirection to target on host '192.168.226.142' and port '60515'.
00:04:15 WARN  : SDK version '2019.1' doesn't match hw_server version '2024.1.0'. Some debug features may not work.
00:04:25 INFO  : Jtag cable 'Digilent Zed 210248A39C93' is selected.
00:04:25 INFO  : 'jtag frequency' command is executed.
00:04:25 INFO  : Sourcing of 'C:/Users/aniru/Desktop/ELD/lab9/lab9.sdk/design_1_wrapper_hw_platform_0/ps7_init.tcl' is done.
00:04:26 INFO  : Context for 'APU' is selected.
00:04:26 INFO  : System reset is completed.
00:04:29 INFO  : 'after 3000' command is executed.
00:04:30 INFO  : 'targets -set -filter {jtag_cable_name =~ "Digilent Zed 210248A39C93" && level==0} -index 1' command is executed.
00:04:38 INFO  : FPGA configured successfully with bitstream "C:/Users/aniru/Desktop/ELD/lab9/lab9.sdk/design_1_wrapper_hw_platform_0/design_1_wrapper.bit"
00:04:39 INFO  : Context for 'APU' is selected.
00:04:39 INFO  : Hardware design information is loaded from 'C:/Users/aniru/Desktop/ELD/lab9/lab9.sdk/design_1_wrapper_hw_platform_0/system.hdf'.
00:04:39 INFO  : 'configparams force-mem-access 1' command is executed.
00:04:39 INFO  : Context for 'APU' is selected.
00:04:53 INFO  : 'ps7_init' command is executed.
00:04:53 INFO  : 'ps7_post_config' command is executed.
00:04:53 INFO  : Context for processor 'ps7_cortexa9_0' is selected.
00:04:54 INFO  : The application 'C:/Users/aniru/Desktop/ELD/lab9/lab9.sdk/lab9/Debug/lab9.elf' is downloaded to processor 'ps7_cortexa9_0'.
00:04:54 INFO  : 'configparams force-mem-access 0' command is executed.
00:04:54 INFO  : ----------------XSDB Script----------------
connect -path [list tcp::1534 tcp:192.168.226.142:60515]
source C:/Users/aniru/Desktop/ELD/lab9/lab9.sdk/design_1_wrapper_hw_platform_0/ps7_init.tcl
targets -set -nocase -filter {name =~"APU*" && jtag_cable_name =~ "Digilent Zed 210248A39C93"} -index 0
rst -system
after 3000
targets -set -filter {jtag_cable_name =~ "Digilent Zed 210248A39C93" && level==0} -index 1
fpga -file C:/Users/aniru/Desktop/ELD/lab9/lab9.sdk/design_1_wrapper_hw_platform_0/design_1_wrapper.bit
targets -set -nocase -filter {name =~"APU*" && jtag_cable_name =~ "Digilent Zed 210248A39C93"} -index 0
loadhw -hw C:/Users/aniru/Desktop/ELD/lab9/lab9.sdk/design_1_wrapper_hw_platform_0/system.hdf -mem-ranges [list {0x40000000 0xbfffffff}]
configparams force-mem-access 1
targets -set -nocase -filter {name =~"APU*" && jtag_cable_name =~ "Digilent Zed 210248A39C93"} -index 0
ps7_init
ps7_post_config
targets -set -nocase -filter {name =~ "ARM*#0" && jtag_cable_name =~ "Digilent Zed 210248A39C93"} -index 0
dow C:/Users/aniru/Desktop/ELD/lab9/lab9.sdk/lab9/Debug/lab9.elf
configparams force-mem-access 0
----------------End of Script----------------

00:04:54 INFO  : Memory regions updated for context APU
00:04:55 INFO  : Context for processor 'ps7_cortexa9_0' is selected.
00:04:55 INFO  : 'con' command is executed.
00:04:55 INFO  : ----------------XSDB Script (After Launch)----------------
targets -set -nocase -filter {name =~ "ARM*#0" && jtag_cable_name =~ "Digilent Zed 210248A39C93"} -index 0
con
----------------End of Script----------------

00:04:55 INFO  : Launch script is exported to file 'C:\Users\aniru\Desktop\ELD\lab9\lab9.sdk\.sdk\launch_scripts\xilinx_c-c++_application_(system_debugger)\system_debugger_using_debug_lab9.elf_on_remote.tcl'
00:07:20 INFO  : Disconnected from the channel tcfchan#1.
00:07:21 INFO  : Connected through redirection to target on host '192.168.226.142' and port '60515'.
00:07:21 WARN  : SDK version '2019.1' doesn't match hw_server version '2024.1.0'. Some debug features may not work.
00:07:31 INFO  : ----------------XSDB Script----------------
connect -path [list tcp::1534 tcp:192.168.226.142:60515]
----------------End of Script----------------

00:08:16 INFO  : Connected through redirection to target on host '192.168.226.142' and port '60515'.
00:08:16 WARN  : SDK version '2019.1' doesn't match hw_server version '2024.1.0'. Some debug features may not work.
00:08:18 INFO  : Jtag cable 'Digilent Zed 210248A39C93' is selected.
00:08:18 INFO  : 'jtag frequency' command is executed.
00:08:18 INFO  : Sourcing of 'C:/Users/aniru/Desktop/ELD/lab9/lab9.sdk/design_1_wrapper_hw_platform_0/ps7_init.tcl' is done.
00:08:18 INFO  : Context for 'APU' is selected.
00:08:19 INFO  : System reset is completed.
00:08:22 INFO  : 'after 3000' command is executed.
00:08:22 INFO  : 'targets -set -filter {jtag_cable_name =~ "Digilent Zed 210248A39C93" && level==0} -index 1' command is executed.
00:08:28 INFO  : FPGA configured successfully with bitstream "C:/Users/aniru/Desktop/ELD/lab9/lab9.sdk/design_1_wrapper_hw_platform_0/design_1_wrapper.bit"
00:08:28 INFO  : Context for 'APU' is selected.
00:08:28 INFO  : Hardware design information is loaded from 'C:/Users/aniru/Desktop/ELD/lab9/lab9.sdk/design_1_wrapper_hw_platform_0/system.hdf'.
00:08:28 INFO  : 'configparams force-mem-access 1' command is executed.
00:08:29 INFO  : Context for 'APU' is selected.
00:08:40 INFO  : 'ps7_init' command is executed.
00:08:40 INFO  : 'ps7_post_config' command is executed.
00:08:41 INFO  : Context for processor 'ps7_cortexa9_0' is selected.
00:08:41 INFO  : The application 'C:/Users/aniru/Desktop/ELD/lab9/lab9.sdk/lab9/Debug/lab9.elf' is downloaded to processor 'ps7_cortexa9_0'.
00:08:41 INFO  : 'configparams force-mem-access 0' command is executed.
00:08:41 INFO  : ----------------XSDB Script----------------
connect -path [list tcp::1534 tcp:192.168.226.142:60515]
source C:/Users/aniru/Desktop/ELD/lab9/lab9.sdk/design_1_wrapper_hw_platform_0/ps7_init.tcl
targets -set -nocase -filter {name =~"APU*" && jtag_cable_name =~ "Digilent Zed 210248A39C93"} -index 0
rst -system
after 3000
targets -set -filter {jtag_cable_name =~ "Digilent Zed 210248A39C93" && level==0} -index 1
fpga -file C:/Users/aniru/Desktop/ELD/lab9/lab9.sdk/design_1_wrapper_hw_platform_0/design_1_wrapper.bit
targets -set -nocase -filter {name =~"APU*" && jtag_cable_name =~ "Digilent Zed 210248A39C93"} -index 0
loadhw -hw C:/Users/aniru/Desktop/ELD/lab9/lab9.sdk/design_1_wrapper_hw_platform_0/system.hdf -mem-ranges [list {0x40000000 0xbfffffff}]
configparams force-mem-access 1
targets -set -nocase -filter {name =~"APU*" && jtag_cable_name =~ "Digilent Zed 210248A39C93"} -index 0
ps7_init
ps7_post_config
targets -set -nocase -filter {name =~ "ARM*#0" && jtag_cable_name =~ "Digilent Zed 210248A39C93"} -index 0
dow C:/Users/aniru/Desktop/ELD/lab9/lab9.sdk/lab9/Debug/lab9.elf
configparams force-mem-access 0
----------------End of Script----------------

00:08:42 INFO  : Memory regions updated for context APU
00:08:43 INFO  : Context for processor 'ps7_cortexa9_0' is selected.
00:08:43 INFO  : 'con' command is executed.
00:08:43 INFO  : ----------------XSDB Script (After Launch)----------------
targets -set -nocase -filter {name =~ "ARM*#0" && jtag_cable_name =~ "Digilent Zed 210248A39C93"} -index 0
con
----------------End of Script----------------

00:08:43 INFO  : Launch script is exported to file 'C:\Users\aniru\Desktop\ELD\lab9\lab9.sdk\.sdk\launch_scripts\xilinx_c-c++_application_(system_debugger)\system_debugger_using_debug_lab9.elf_on_remote.tcl'
00:11:19 INFO  : Disconnected from the channel tcfchan#2.
00:11:20 INFO  : Connected through redirection to target on host '192.168.226.142' and port '60515'.
00:11:21 WARN  : SDK version '2019.1' doesn't match hw_server version '2024.1.0'. Some debug features may not work.
00:11:32 INFO  : ----------------XSDB Script----------------
connect -path [list tcp::1534 tcp:192.168.226.142:60515]
----------------End of Script----------------

00:12:23 INFO  : Connected through redirection to target on host '192.168.226.142' and port '60515'.
00:12:24 WARN  : SDK version '2019.1' doesn't match hw_server version '2024.1.0'. Some debug features may not work.
00:12:36 INFO  : Jtag cable 'Digilent Zed 210248A39C93' is selected.
00:12:36 INFO  : 'jtag frequency' command is executed.
00:12:36 INFO  : Sourcing of 'C:/Users/aniru/Desktop/ELD/lab9/lab9.sdk/design_1_wrapper_hw_platform_0/ps7_init.tcl' is done.
00:12:36 INFO  : Context for 'APU' is selected.
00:12:37 INFO  : System reset is completed.
00:12:40 INFO  : 'after 3000' command is executed.
00:12:40 INFO  : 'targets -set -filter {jtag_cable_name =~ "Digilent Zed 210248A39C93" && level==0} -index 1' command is executed.
00:12:44 INFO  : FPGA configured successfully with bitstream "C:/Users/aniru/Desktop/ELD/lab9/lab9.sdk/design_1_wrapper_hw_platform_0/design_1_wrapper.bit"
00:12:44 INFO  : Context for 'APU' is selected.
00:12:45 INFO  : Hardware design information is loaded from 'C:/Users/aniru/Desktop/ELD/lab9/lab9.sdk/design_1_wrapper_hw_platform_0/system.hdf'.
00:12:45 INFO  : 'configparams force-mem-access 1' command is executed.
00:12:45 INFO  : Context for 'APU' is selected.
00:12:57 INFO  : 'ps7_init' command is executed.
00:12:57 INFO  : 'ps7_post_config' command is executed.
00:12:57 INFO  : Context for processor 'ps7_cortexa9_0' is selected.
00:12:58 INFO  : The application 'C:/Users/aniru/Desktop/ELD/lab9/lab9.sdk/lab9/Debug/lab9.elf' is downloaded to processor 'ps7_cortexa9_0'.
00:12:58 INFO  : 'configparams force-mem-access 0' command is executed.
00:12:58 INFO  : ----------------XSDB Script----------------
connect -path [list tcp::1534 tcp:192.168.226.142:60515]
source C:/Users/aniru/Desktop/ELD/lab9/lab9.sdk/design_1_wrapper_hw_platform_0/ps7_init.tcl
targets -set -nocase -filter {name =~"APU*" && jtag_cable_name =~ "Digilent Zed 210248A39C93"} -index 0
rst -system
after 3000
targets -set -filter {jtag_cable_name =~ "Digilent Zed 210248A39C93" && level==0} -index 1
fpga -file C:/Users/aniru/Desktop/ELD/lab9/lab9.sdk/design_1_wrapper_hw_platform_0/design_1_wrapper.bit
targets -set -nocase -filter {name =~"APU*" && jtag_cable_name =~ "Digilent Zed 210248A39C93"} -index 0
loadhw -hw C:/Users/aniru/Desktop/ELD/lab9/lab9.sdk/design_1_wrapper_hw_platform_0/system.hdf -mem-ranges [list {0x40000000 0xbfffffff}]
configparams force-mem-access 1
targets -set -nocase -filter {name =~"APU*" && jtag_cable_name =~ "Digilent Zed 210248A39C93"} -index 0
ps7_init
ps7_post_config
targets -set -nocase -filter {name =~ "ARM*#0" && jtag_cable_name =~ "Digilent Zed 210248A39C93"} -index 0
dow C:/Users/aniru/Desktop/ELD/lab9/lab9.sdk/lab9/Debug/lab9.elf
configparams force-mem-access 0
----------------End of Script----------------

00:12:58 INFO  : Memory regions updated for context APU
00:12:58 INFO  : Context for processor 'ps7_cortexa9_0' is selected.
00:12:59 INFO  : 'con' command is executed.
00:12:59 INFO  : ----------------XSDB Script (After Launch)----------------
targets -set -nocase -filter {name =~ "ARM*#0" && jtag_cable_name =~ "Digilent Zed 210248A39C93"} -index 0
con
----------------End of Script----------------

00:12:59 INFO  : Launch script is exported to file 'C:\Users\aniru\Desktop\ELD\lab9\lab9.sdk\.sdk\launch_scripts\xilinx_c-c++_application_(system_debugger)\system_debugger_using_debug_lab9.elf_on_remote.tcl'
00:15:07 WARN  : channel "tcfchan#3" closed
00:16:05 INFO  : Connected through redirection to target on host '192.168.226.142' and port '61159'.
00:16:09 WARN  : SDK version '2019.1' doesn't match hw_server version '2024.1.0'. Some debug features may not work.
00:16:11 INFO  : Jtag cable 'Digilent Zed 210248A39C93' is selected.
00:16:11 INFO  : 'jtag frequency' command is executed.
00:16:11 INFO  : Sourcing of 'C:/Users/aniru/Desktop/ELD/lab9/lab9.sdk/design_1_wrapper_hw_platform_0/ps7_init.tcl' is done.
00:16:13 INFO  : Context for 'APU' is selected.
00:16:14 INFO  : System reset is completed.
00:16:17 INFO  : 'after 3000' command is executed.
00:16:17 INFO  : 'targets -set -filter {jtag_cable_name =~ "Digilent Zed 210248A39C93" && level==0} -index 1' command is executed.
00:16:21 INFO  : FPGA configured successfully with bitstream "C:/Users/aniru/Desktop/ELD/lab9/lab9.sdk/design_1_wrapper_hw_platform_0/design_1_wrapper.bit"
00:16:22 INFO  : Context for 'APU' is selected.
00:16:22 INFO  : Hardware design information is loaded from 'C:/Users/aniru/Desktop/ELD/lab9/lab9.sdk/design_1_wrapper_hw_platform_0/system.hdf'.
00:16:22 INFO  : 'configparams force-mem-access 1' command is executed.
00:16:22 INFO  : Context for 'APU' is selected.
00:16:34 INFO  : 'ps7_init' command is executed.
00:16:35 INFO  : 'ps7_post_config' command is executed.
00:16:35 INFO  : Context for processor 'ps7_cortexa9_0' is selected.
00:16:35 INFO  : The application 'C:/Users/aniru/Desktop/ELD/lab9/lab9.sdk/lab9/Debug/lab9.elf' is downloaded to processor 'ps7_cortexa9_0'.
00:16:35 INFO  : 'configparams force-mem-access 0' command is executed.
00:16:35 INFO  : ----------------XSDB Script----------------
connect -path [list tcp::1534 tcp:192.168.226.142:61159]
source C:/Users/aniru/Desktop/ELD/lab9/lab9.sdk/design_1_wrapper_hw_platform_0/ps7_init.tcl
targets -set -nocase -filter {name =~"APU*" && jtag_cable_name =~ "Digilent Zed 210248A39C93"} -index 0
rst -system
after 3000
targets -set -filter {jtag_cable_name =~ "Digilent Zed 210248A39C93" && level==0} -index 1
fpga -file C:/Users/aniru/Desktop/ELD/lab9/lab9.sdk/design_1_wrapper_hw_platform_0/design_1_wrapper.bit
targets -set -nocase -filter {name =~"APU*" && jtag_cable_name =~ "Digilent Zed 210248A39C93"} -index 0
loadhw -hw C:/Users/aniru/Desktop/ELD/lab9/lab9.sdk/design_1_wrapper_hw_platform_0/system.hdf -mem-ranges [list {0x40000000 0xbfffffff}]
configparams force-mem-access 1
targets -set -nocase -filter {name =~"APU*" && jtag_cable_name =~ "Digilent Zed 210248A39C93"} -index 0
ps7_init
ps7_post_config
targets -set -nocase -filter {name =~ "ARM*#0" && jtag_cable_name =~ "Digilent Zed 210248A39C93"} -index 0
dow C:/Users/aniru/Desktop/ELD/lab9/lab9.sdk/lab9/Debug/lab9.elf
configparams force-mem-access 0
----------------End of Script----------------

00:16:36 INFO  : Memory regions updated for context APU
00:16:36 INFO  : Context for processor 'ps7_cortexa9_0' is selected.
00:16:36 INFO  : 'con' command is executed.
00:16:36 INFO  : ----------------XSDB Script (After Launch)----------------
targets -set -nocase -filter {name =~ "ARM*#0" && jtag_cable_name =~ "Digilent Zed 210248A39C93"} -index 0
con
----------------End of Script----------------

00:16:36 INFO  : Launch script is exported to file 'C:\Users\aniru\Desktop\ELD\lab9\lab9.sdk\.sdk\launch_scripts\xilinx_c-c++_application_(system_debugger)\system_debugger_using_debug_lab9.elf_on_remote.tcl'
00:19:40 INFO  : Disconnected from the channel tcfchan#4.
00:19:41 INFO  : Connected through redirection to target on host '192.168.226.142' and port '61159'.
00:19:41 WARN  : SDK version '2019.1' doesn't match hw_server version '2024.1.0'. Some debug features may not work.
00:19:52 INFO  : ----------------XSDB Script----------------
connect -path [list tcp::1534 tcp:192.168.226.142:61159]
----------------End of Script----------------

00:21:42 INFO  : Connected through redirection to target on host '192.168.226.142' and port '61159'.
00:21:43 WARN  : SDK version '2019.1' doesn't match hw_server version '2024.1.0'. Some debug features may not work.
00:21:54 INFO  : Jtag cable 'Digilent Zed 210248A39C93' is selected.
00:21:54 INFO  : 'jtag frequency' command is executed.
00:21:54 INFO  : Sourcing of 'C:/Users/aniru/Desktop/ELD/lab9/lab9.sdk/design_1_wrapper_hw_platform_0/ps7_init.tcl' is done.
00:21:54 INFO  : Context for 'APU' is selected.
00:21:55 INFO  : System reset is completed.
00:21:58 INFO  : 'after 3000' command is executed.
00:21:58 INFO  : 'targets -set -filter {jtag_cable_name =~ "Digilent Zed 210248A39C93" && level==0} -index 1' command is executed.
00:22:05 INFO  : FPGA configured successfully with bitstream "C:/Users/aniru/Desktop/ELD/lab9/lab9.sdk/design_1_wrapper_hw_platform_0/design_1_wrapper.bit"
00:22:06 INFO  : Context for 'APU' is selected.
00:22:06 INFO  : Hardware design information is loaded from 'C:/Users/aniru/Desktop/ELD/lab9/lab9.sdk/design_1_wrapper_hw_platform_0/system.hdf'.
00:22:06 INFO  : 'configparams force-mem-access 1' command is executed.
00:22:06 INFO  : Context for 'APU' is selected.
00:22:22 INFO  : 'ps7_init' command is executed.
00:22:23 INFO  : 'ps7_post_config' command is executed.
00:22:23 INFO  : Context for processor 'ps7_cortexa9_0' is selected.
00:22:24 INFO  : The application 'C:/Users/aniru/Desktop/ELD/lab9/lab9.sdk/lab9/Debug/lab9.elf' is downloaded to processor 'ps7_cortexa9_0'.
00:22:24 INFO  : 'configparams force-mem-access 0' command is executed.
00:22:24 INFO  : ----------------XSDB Script----------------
connect -path [list tcp::1534 tcp:192.168.226.142:61159]
source C:/Users/aniru/Desktop/ELD/lab9/lab9.sdk/design_1_wrapper_hw_platform_0/ps7_init.tcl
targets -set -nocase -filter {name =~"APU*" && jtag_cable_name =~ "Digilent Zed 210248A39C93"} -index 0
rst -system
after 3000
targets -set -filter {jtag_cable_name =~ "Digilent Zed 210248A39C93" && level==0} -index 1
fpga -file C:/Users/aniru/Desktop/ELD/lab9/lab9.sdk/design_1_wrapper_hw_platform_0/design_1_wrapper.bit
targets -set -nocase -filter {name =~"APU*" && jtag_cable_name =~ "Digilent Zed 210248A39C93"} -index 0
loadhw -hw C:/Users/aniru/Desktop/ELD/lab9/lab9.sdk/design_1_wrapper_hw_platform_0/system.hdf -mem-ranges [list {0x40000000 0xbfffffff}]
configparams force-mem-access 1
targets -set -nocase -filter {name =~"APU*" && jtag_cable_name =~ "Digilent Zed 210248A39C93"} -index 0
ps7_init
ps7_post_config
targets -set -nocase -filter {name =~ "ARM*#0" && jtag_cable_name =~ "Digilent Zed 210248A39C93"} -index 0
dow C:/Users/aniru/Desktop/ELD/lab9/lab9.sdk/lab9/Debug/lab9.elf
configparams force-mem-access 0
----------------End of Script----------------

00:22:25 INFO  : Memory regions updated for context APU
00:22:25 INFO  : Context for processor 'ps7_cortexa9_0' is selected.
00:22:25 INFO  : 'con' command is executed.
00:22:25 INFO  : ----------------XSDB Script (After Launch)----------------
targets -set -nocase -filter {name =~ "ARM*#0" && jtag_cable_name =~ "Digilent Zed 210248A39C93"} -index 0
con
----------------End of Script----------------

00:22:25 INFO  : Launch script is exported to file 'C:\Users\aniru\Desktop\ELD\lab9\lab9.sdk\.sdk\launch_scripts\xilinx_c-c++_application_(system_debugger)\system_debugger_using_debug_lab9.elf_on_remote.tcl'
00:23:04 ERROR : (XSDB Server)Channel closed

00:23:04 WARN  : channel "tcfchan#6" closed
00:24:16 ERROR : Failed to redirect connection to hardware server on host '192.168.226.142' and port '61159'.
Reason: A connection attempt failed because the connected party did not properly respond after a period of time, or established connection failed because connected host has failed to respond
00:24:16 INFO  : ----------------XSDB Script----------------
connect -path [list tcp::1534 tcp:192.168.226.142:61159]
----------------End of Script----------------

00:26:18 INFO  : Connected through redirection to target on host '192.168.226.142' and port '61159'.
00:26:21 WARN  : SDK version '2019.1' doesn't match hw_server version '2024.1.0'. Some debug features may not work.
00:26:33 INFO  : Jtag cable 'Digilent Zed 210248A39C93' is selected.
00:26:33 INFO  : 'jtag frequency' command is executed.
00:26:33 INFO  : Sourcing of 'C:/Users/aniru/Desktop/ELD/lab9/lab9.sdk/design_1_wrapper_hw_platform_0/ps7_init.tcl' is done.
00:26:33 INFO  : Context for 'APU' is selected.
00:26:34 INFO  : System reset is completed.
00:26:37 INFO  : 'after 3000' command is executed.
00:26:37 INFO  : 'targets -set -filter {jtag_cable_name =~ "Digilent Zed 210248A39C93" && level==0} -index 1' command is executed.
00:26:43 INFO  : FPGA configured successfully with bitstream "C:/Users/aniru/Desktop/ELD/lab9/lab9.sdk/design_1_wrapper_hw_platform_0/design_1_wrapper.bit"
00:26:44 INFO  : Context for 'APU' is selected.
00:26:44 INFO  : Hardware design information is loaded from 'C:/Users/aniru/Desktop/ELD/lab9/lab9.sdk/design_1_wrapper_hw_platform_0/system.hdf'.
00:26:44 INFO  : 'configparams force-mem-access 1' command is executed.
00:26:44 INFO  : Context for 'APU' is selected.
00:26:59 INFO  : 'ps7_init' command is executed.
00:26:59 INFO  : 'ps7_post_config' command is executed.
00:26:59 INFO  : Context for processor 'ps7_cortexa9_0' is selected.
00:27:00 INFO  : The application 'C:/Users/aniru/Desktop/ELD/lab9/lab9.sdk/lab9/Debug/lab9.elf' is downloaded to processor 'ps7_cortexa9_0'.
00:27:00 INFO  : 'configparams force-mem-access 0' command is executed.
00:27:00 INFO  : ----------------XSDB Script----------------
connect -path [list tcp::1534 tcp:192.168.226.142:61159]
source C:/Users/aniru/Desktop/ELD/lab9/lab9.sdk/design_1_wrapper_hw_platform_0/ps7_init.tcl
targets -set -nocase -filter {name =~"APU*" && jtag_cable_name =~ "Digilent Zed 210248A39C93"} -index 0
rst -system
after 3000
targets -set -filter {jtag_cable_name =~ "Digilent Zed 210248A39C93" && level==0} -index 1
fpga -file C:/Users/aniru/Desktop/ELD/lab9/lab9.sdk/design_1_wrapper_hw_platform_0/design_1_wrapper.bit
targets -set -nocase -filter {name =~"APU*" && jtag_cable_name =~ "Digilent Zed 210248A39C93"} -index 0
loadhw -hw C:/Users/aniru/Desktop/ELD/lab9/lab9.sdk/design_1_wrapper_hw_platform_0/system.hdf -mem-ranges [list {0x40000000 0xbfffffff}]
configparams force-mem-access 1
targets -set -nocase -filter {name =~"APU*" && jtag_cable_name =~ "Digilent Zed 210248A39C93"} -index 0
ps7_init
ps7_post_config
targets -set -nocase -filter {name =~ "ARM*#0" && jtag_cable_name =~ "Digilent Zed 210248A39C93"} -index 0
dow C:/Users/aniru/Desktop/ELD/lab9/lab9.sdk/lab9/Debug/lab9.elf
configparams force-mem-access 0
----------------End of Script----------------

00:27:00 INFO  : Memory regions updated for context APU
00:27:00 INFO  : Context for processor 'ps7_cortexa9_0' is selected.
00:27:00 INFO  : 'con' command is executed.
00:27:00 INFO  : ----------------XSDB Script (After Launch)----------------
targets -set -nocase -filter {name =~ "ARM*#0" && jtag_cable_name =~ "Digilent Zed 210248A39C93"} -index 0
con
----------------End of Script----------------

00:27:00 INFO  : Launch script is exported to file 'C:\Users\aniru\Desktop\ELD\lab9\lab9.sdk\.sdk\launch_scripts\xilinx_c-c++_application_(system_debugger)\system_debugger_using_debug_lab9.elf_on_remote.tcl'
00:27:32 ERROR : (XSDB Server)Channel closed

00:27:32 WARN  : channel "tcfchan#8" closed
00:29:13 INFO  : Connected through redirection to target on host '192.168.226.142' and port '61159'.
00:29:16 WARN  : SDK version '2019.1' doesn't match hw_server version '2024.1.0'. Some debug features may not work.
00:29:19 INFO  : Jtag cable 'Digilent Zed 210248A39C93' is selected.
00:29:20 INFO  : 'jtag frequency' command is executed.
00:29:20 INFO  : Sourcing of 'C:/Users/aniru/Desktop/ELD/lab9/lab9.sdk/design_1_wrapper_hw_platform_0/ps7_init.tcl' is done.
00:29:22 INFO  : Context for 'APU' is selected.
00:29:23 INFO  : System reset is completed.
00:29:26 INFO  : 'after 3000' command is executed.
00:29:26 INFO  : 'targets -set -filter {jtag_cable_name =~ "Digilent Zed 210248A39C93" && level==0} -index 1' command is executed.
00:29:28 INFO  : FPGA configured successfully with bitstream "C:/Users/aniru/Desktop/ELD/lab9/lab9.sdk/design_1_wrapper_hw_platform_0/design_1_wrapper.bit"
00:29:29 INFO  : Context for 'APU' is selected.
00:29:29 INFO  : Hardware design information is loaded from 'C:/Users/aniru/Desktop/ELD/lab9/lab9.sdk/design_1_wrapper_hw_platform_0/system.hdf'.
00:29:29 INFO  : 'configparams force-mem-access 1' command is executed.
00:29:29 INFO  : Context for 'APU' is selected.
00:29:44 INFO  : 'ps7_init' command is executed.
00:29:44 INFO  : 'ps7_post_config' command is executed.
00:29:44 INFO  : Context for processor 'ps7_cortexa9_0' is selected.
00:29:45 INFO  : The application 'C:/Users/aniru/Desktop/ELD/lab9/lab9.sdk/lab9/Debug/lab9.elf' is downloaded to processor 'ps7_cortexa9_0'.
00:29:45 INFO  : 'configparams force-mem-access 0' command is executed.
00:29:45 INFO  : ----------------XSDB Script----------------
connect -path [list tcp::1534 tcp:192.168.226.142:61159]
source C:/Users/aniru/Desktop/ELD/lab9/lab9.sdk/design_1_wrapper_hw_platform_0/ps7_init.tcl
targets -set -nocase -filter {name =~"APU*" && jtag_cable_name =~ "Digilent Zed 210248A39C93"} -index 0
rst -system
after 3000
targets -set -filter {jtag_cable_name =~ "Digilent Zed 210248A39C93" && level==0} -index 1
fpga -file C:/Users/aniru/Desktop/ELD/lab9/lab9.sdk/design_1_wrapper_hw_platform_0/design_1_wrapper.bit
targets -set -nocase -filter {name =~"APU*" && jtag_cable_name =~ "Digilent Zed 210248A39C93"} -index 0
loadhw -hw C:/Users/aniru/Desktop/ELD/lab9/lab9.sdk/design_1_wrapper_hw_platform_0/system.hdf -mem-ranges [list {0x40000000 0xbfffffff}]
configparams force-mem-access 1
targets -set -nocase -filter {name =~"APU*" && jtag_cable_name =~ "Digilent Zed 210248A39C93"} -index 0
ps7_init
ps7_post_config
targets -set -nocase -filter {name =~ "ARM*#0" && jtag_cable_name =~ "Digilent Zed 210248A39C93"} -index 0
dow C:/Users/aniru/Desktop/ELD/lab9/lab9.sdk/lab9/Debug/lab9.elf
configparams force-mem-access 0
----------------End of Script----------------

00:29:45 INFO  : Memory regions updated for context APU
00:29:46 INFO  : Context for processor 'ps7_cortexa9_0' is selected.
00:29:46 INFO  : 'con' command is executed.
00:29:46 INFO  : ----------------XSDB Script (After Launch)----------------
targets -set -nocase -filter {name =~ "ARM*#0" && jtag_cable_name =~ "Digilent Zed 210248A39C93"} -index 0
con
----------------End of Script----------------

00:29:46 INFO  : Launch script is exported to file 'C:\Users\aniru\Desktop\ELD\lab9\lab9.sdk\.sdk\launch_scripts\xilinx_c-c++_application_(system_debugger)\system_debugger_using_debug_lab9.elf_on_remote.tcl'
00:30:14 WARN  : channel "tcfchan#9" closed
00:33:39 INFO  : Connected through redirection to target on host '192.168.226.142' and port '54284'.
00:33:43 WARN  : SDK version '2019.1' doesn't match hw_server version '2024.1.0'. Some debug features may not work.
00:33:45 INFO  : Jtag cable 'Digilent Zed 210248A39C93' is selected.
00:33:45 INFO  : 'jtag frequency' command is executed.
00:33:45 INFO  : Sourcing of 'C:/Users/aniru/Desktop/ELD/lab9/lab9.sdk/design_1_wrapper_hw_platform_0/ps7_init.tcl' is done.
00:33:48 INFO  : Context for 'APU' is selected.
00:33:48 INFO  : System reset is completed.
00:33:51 INFO  : 'after 3000' command is executed.
00:33:52 INFO  : 'targets -set -filter {jtag_cable_name =~ "Digilent Zed 210248A39C93" && level==0} -index 1' command is executed.
00:33:55 INFO  : FPGA configured successfully with bitstream "C:/Users/aniru/Desktop/ELD/lab9/lab9.sdk/design_1_wrapper_hw_platform_0/design_1_wrapper.bit"
00:33:55 INFO  : Context for 'APU' is selected.
00:33:55 INFO  : Hardware design information is loaded from 'C:/Users/aniru/Desktop/ELD/lab9/lab9.sdk/design_1_wrapper_hw_platform_0/system.hdf'.
00:33:55 INFO  : 'configparams force-mem-access 1' command is executed.
00:33:55 INFO  : Context for 'APU' is selected.
00:34:07 INFO  : 'ps7_init' command is executed.
00:34:08 INFO  : 'ps7_post_config' command is executed.
00:34:08 INFO  : Context for processor 'ps7_cortexa9_0' is selected.
00:34:08 INFO  : The application 'C:/Users/aniru/Desktop/ELD/lab9/lab9.sdk/lab9/Debug/lab9.elf' is downloaded to processor 'ps7_cortexa9_0'.
00:34:08 INFO  : 'configparams force-mem-access 0' command is executed.
00:34:08 INFO  : ----------------XSDB Script----------------
connect -path [list tcp::1534 tcp:192.168.226.142:54284]
source C:/Users/aniru/Desktop/ELD/lab9/lab9.sdk/design_1_wrapper_hw_platform_0/ps7_init.tcl
targets -set -nocase -filter {name =~"APU*" && jtag_cable_name =~ "Digilent Zed 210248A39C93"} -index 0
rst -system
after 3000
targets -set -filter {jtag_cable_name =~ "Digilent Zed 210248A39C93" && level==0} -index 1
fpga -file C:/Users/aniru/Desktop/ELD/lab9/lab9.sdk/design_1_wrapper_hw_platform_0/design_1_wrapper.bit
targets -set -nocase -filter {name =~"APU*" && jtag_cable_name =~ "Digilent Zed 210248A39C93"} -index 0
loadhw -hw C:/Users/aniru/Desktop/ELD/lab9/lab9.sdk/design_1_wrapper_hw_platform_0/system.hdf -mem-ranges [list {0x40000000 0xbfffffff}]
configparams force-mem-access 1
targets -set -nocase -filter {name =~"APU*" && jtag_cable_name =~ "Digilent Zed 210248A39C93"} -index 0
ps7_init
ps7_post_config
targets -set -nocase -filter {name =~ "ARM*#0" && jtag_cable_name =~ "Digilent Zed 210248A39C93"} -index 0
dow C:/Users/aniru/Desktop/ELD/lab9/lab9.sdk/lab9/Debug/lab9.elf
configparams force-mem-access 0
----------------End of Script----------------

00:34:09 INFO  : Memory regions updated for context APU
00:34:09 INFO  : Context for processor 'ps7_cortexa9_0' is selected.
00:34:09 INFO  : 'con' command is executed.
00:34:09 INFO  : ----------------XSDB Script (After Launch)----------------
targets -set -nocase -filter {name =~ "ARM*#0" && jtag_cable_name =~ "Digilent Zed 210248A39C93"} -index 0
con
----------------End of Script----------------

00:34:09 INFO  : Launch script is exported to file 'C:\Users\aniru\Desktop\ELD\lab9\lab9.sdk\.sdk\launch_scripts\xilinx_c-c++_application_(system_debugger)\system_debugger_using_debug_lab9.elf_on_remote.tcl'
00:38:47 INFO  : Disconnected from the channel tcfchan#10.
00:38:48 INFO  : Connected through redirection to target on host '192.168.226.142' and port '54284'.
00:38:48 WARN  : SDK version '2019.1' doesn't match hw_server version '2024.1.0'. Some debug features may not work.
00:38:59 INFO  : ----------------XSDB Script----------------
connect -path [list tcp::1534 tcp:192.168.226.142:54284]
----------------End of Script----------------

00:41:28 INFO  : Connected through redirection to target on host '192.168.226.142' and port '54284'.
00:41:29 WARN  : SDK version '2019.1' doesn't match hw_server version '2024.1.0'. Some debug features may not work.
00:41:30 INFO  : Jtag cable 'Digilent Zed 210248A39C93' is selected.
00:41:30 INFO  : 'jtag frequency' command is executed.
00:41:30 INFO  : Sourcing of 'C:/Users/aniru/Desktop/ELD/lab9/lab9.sdk/design_1_wrapper_hw_platform_0/ps7_init.tcl' is done.
00:41:30 INFO  : Context for 'APU' is selected.
00:41:31 INFO  : System reset is completed.
00:41:34 INFO  : 'after 3000' command is executed.
00:41:34 INFO  : 'targets -set -filter {jtag_cable_name =~ "Digilent Zed 210248A39C93" && level==0} -index 1' command is executed.
00:41:38 INFO  : FPGA configured successfully with bitstream "C:/Users/aniru/Desktop/ELD/lab9/lab9.sdk/design_1_wrapper_hw_platform_0/design_1_wrapper.bit"
00:41:39 INFO  : Context for 'APU' is selected.
00:41:39 INFO  : Hardware design information is loaded from 'C:/Users/aniru/Desktop/ELD/lab9/lab9.sdk/design_1_wrapper_hw_platform_0/system.hdf'.
00:41:39 INFO  : 'configparams force-mem-access 1' command is executed.
00:41:39 INFO  : Context for 'APU' is selected.
00:41:52 INFO  : 'ps7_init' command is executed.
00:41:53 INFO  : 'ps7_post_config' command is executed.
00:41:53 INFO  : Context for processor 'ps7_cortexa9_0' is selected.
00:41:53 INFO  : The application 'C:/Users/aniru/Desktop/ELD/lab9/lab9.sdk/lab9/Debug/lab9.elf' is downloaded to processor 'ps7_cortexa9_0'.
00:41:53 INFO  : 'configparams force-mem-access 0' command is executed.
00:41:53 INFO  : ----------------XSDB Script----------------
connect -path [list tcp::1534 tcp:192.168.226.142:54284]
source C:/Users/aniru/Desktop/ELD/lab9/lab9.sdk/design_1_wrapper_hw_platform_0/ps7_init.tcl
targets -set -nocase -filter {name =~"APU*" && jtag_cable_name =~ "Digilent Zed 210248A39C93"} -index 0
rst -system
after 3000
targets -set -filter {jtag_cable_name =~ "Digilent Zed 210248A39C93" && level==0} -index 1
fpga -file C:/Users/aniru/Desktop/ELD/lab9/lab9.sdk/design_1_wrapper_hw_platform_0/design_1_wrapper.bit
targets -set -nocase -filter {name =~"APU*" && jtag_cable_name =~ "Digilent Zed 210248A39C93"} -index 0
loadhw -hw C:/Users/aniru/Desktop/ELD/lab9/lab9.sdk/design_1_wrapper_hw_platform_0/system.hdf -mem-ranges [list {0x40000000 0xbfffffff}]
configparams force-mem-access 1
targets -set -nocase -filter {name =~"APU*" && jtag_cable_name =~ "Digilent Zed 210248A39C93"} -index 0
ps7_init
ps7_post_config
targets -set -nocase -filter {name =~ "ARM*#0" && jtag_cable_name =~ "Digilent Zed 210248A39C93"} -index 0
dow C:/Users/aniru/Desktop/ELD/lab9/lab9.sdk/lab9/Debug/lab9.elf
configparams force-mem-access 0
----------------End of Script----------------

00:41:54 INFO  : Memory regions updated for context APU
00:41:54 INFO  : Context for processor 'ps7_cortexa9_0' is selected.
00:41:54 INFO  : 'con' command is executed.
00:41:54 INFO  : ----------------XSDB Script (After Launch)----------------
targets -set -nocase -filter {name =~ "ARM*#0" && jtag_cable_name =~ "Digilent Zed 210248A39C93"} -index 0
con
----------------End of Script----------------

00:41:54 INFO  : Launch script is exported to file 'C:\Users\aniru\Desktop\ELD\lab9\lab9.sdk\.sdk\launch_scripts\xilinx_c-c++_application_(system_debugger)\system_debugger_using_debug_lab9.elf_on_remote.tcl'
00:44:16 INFO  : Disconnected from the channel tcfchan#11.
19:28:06 INFO  : Launching XSCT server: xsct.bat -interactive C:\Users\aniru\Desktop\ELD\lab9\lab9.sdk\temp_xsdb_launch_script.tcl
19:28:07 INFO  : Registering command handlers for SDK TCF services
19:28:12 INFO  : XSCT server has started successfully.
19:28:18 INFO  : Successfully done setting XSCT server connection channel  
19:28:18 INFO  : Successfully done setting SDK workspace  
19:28:18 INFO  : Processing command line option -hwspec C:/Users/aniru/Desktop/ELD/lab9/lab9.sdk/design_1_wrapper.hdf.
19:28:18 INFO  : Checking for hwspec changes in the project design_1_wrapper_hw_platform_0.
19:35:20 INFO  : Registering command handlers for SDK TCF services
19:35:22 INFO  : Launching XSCT server: xsct.bat -interactive C:\Users\aniru\Desktop\ELD\lab9\lab9.sdk\temp_xsdb_launch_script.tcl
19:35:28 INFO  : XSCT server has started successfully.
19:35:34 INFO  : Successfully done setting XSCT server connection channel  
19:35:34 INFO  : Successfully done setting SDK workspace  
19:35:34 INFO  : Processing command line option -hwspec C:/Users/aniru/Desktop/ELD/lab9/lab9.sdk/design_1_wrapper.hdf.
19:35:34 INFO  : Checking for hwspec changes in the project design_1_wrapper_hw_platform_0.
12:35:14 INFO  : Registering command handlers for SDK TCF services
12:35:16 INFO  : Launching XSCT server: xsct.bat -interactive C:\Users\aniru\Desktop\ELD\lab9\lab9.sdk\temp_xsdb_launch_script.tcl
12:35:21 INFO  : XSCT server has started successfully.
12:35:21 INFO  : Successfully done setting XSCT server connection channel  
12:35:21 INFO  : Successfully done setting SDK workspace  
12:35:21 INFO  : Processing command line option -hwspec C:/Users/aniru/Desktop/ELD/lab9/lab9.sdk/design_1_wrapper.hdf.
12:35:21 INFO  : Checking for hwspec changes in the project design_1_wrapper_hw_platform_0.
22:41:57 INFO  : Registering command handlers for SDK TCF services
22:41:58 INFO  : Launching XSCT server: xsct.bat -interactive C:\Users\aniru\Desktop\ELD\lab9\lab9.sdk\temp_xsdb_launch_script.tcl
22:42:01 INFO  : XSCT server has started successfully.
22:42:01 INFO  : Successfully done setting XSCT server connection channel  
22:42:01 INFO  : Successfully done setting SDK workspace  
22:42:01 INFO  : Processing command line option -hwspec C:/Users/aniru/Desktop/ELD/lab9/lab9.sdk/design_1_wrapper.hdf.
22:42:02 INFO  : Checking for hwspec changes in the project design_1_wrapper_hw_platform_0.
22:46:32 INFO  : Connected through redirection to target on host '192.168.226.142' and port '53295'.
22:46:33 WARN  : SDK version '2019.1' doesn't match hw_server version '2024.1.0'. Some debug features may not work.
22:46:36 INFO  : Jtag cable 'Digilent Zed 210248A39C93' is selected.
22:46:36 INFO  : 'jtag frequency' command is executed.
22:46:36 INFO  : Sourcing of 'C:/Users/aniru/Desktop/ELD/lab9/lab9.sdk/design_1_wrapper_hw_platform_0/ps7_init.tcl' is done.
22:46:37 INFO  : Context for 'APU' is selected.
22:46:37 INFO  : System reset is completed.
22:46:40 INFO  : 'after 3000' command is executed.
22:46:40 INFO  : 'targets -set -filter {jtag_cable_name =~ "Digilent Zed 210248A39C93" && level==0} -index 1' command is executed.
22:46:44 INFO  : FPGA configured successfully with bitstream "C:/Users/aniru/Desktop/ELD/lab9/lab9.sdk/design_1_wrapper_hw_platform_0/design_1_wrapper.bit"
22:46:44 INFO  : Context for 'APU' is selected.
22:46:45 INFO  : Hardware design information is loaded from 'C:/Users/aniru/Desktop/ELD/lab9/lab9.sdk/design_1_wrapper_hw_platform_0/system.hdf'.
22:46:45 INFO  : 'configparams force-mem-access 1' command is executed.
22:46:45 INFO  : Context for 'APU' is selected.
22:46:56 INFO  : 'ps7_init' command is executed.
22:46:56 INFO  : 'ps7_post_config' command is executed.
22:46:56 INFO  : Context for processor 'ps7_cortexa9_0' is selected.
22:46:57 INFO  : The application 'C:/Users/aniru/Desktop/ELD/lab9/lab9.sdk/lab9/Debug/lab9.elf' is downloaded to processor 'ps7_cortexa9_0'.
22:46:57 INFO  : 'configparams force-mem-access 0' command is executed.
22:46:57 INFO  : ----------------XSDB Script----------------
connect -path [list tcp::1534 tcp:192.168.226.142:53295]
source C:/Users/aniru/Desktop/ELD/lab9/lab9.sdk/design_1_wrapper_hw_platform_0/ps7_init.tcl
targets -set -nocase -filter {name =~"APU*" && jtag_cable_name =~ "Digilent Zed 210248A39C93"} -index 0
rst -system
after 3000
targets -set -filter {jtag_cable_name =~ "Digilent Zed 210248A39C93" && level==0} -index 1
fpga -file C:/Users/aniru/Desktop/ELD/lab9/lab9.sdk/design_1_wrapper_hw_platform_0/design_1_wrapper.bit
targets -set -nocase -filter {name =~"APU*" && jtag_cable_name =~ "Digilent Zed 210248A39C93"} -index 0
loadhw -hw C:/Users/aniru/Desktop/ELD/lab9/lab9.sdk/design_1_wrapper_hw_platform_0/system.hdf -mem-ranges [list {0x40000000 0xbfffffff}]
configparams force-mem-access 1
targets -set -nocase -filter {name =~"APU*" && jtag_cable_name =~ "Digilent Zed 210248A39C93"} -index 0
ps7_init
ps7_post_config
targets -set -nocase -filter {name =~ "ARM*#0" && jtag_cable_name =~ "Digilent Zed 210248A39C93"} -index 0
dow C:/Users/aniru/Desktop/ELD/lab9/lab9.sdk/lab9/Debug/lab9.elf
configparams force-mem-access 0
----------------End of Script----------------

22:46:57 INFO  : Memory regions updated for context APU
22:46:57 INFO  : Context for processor 'ps7_cortexa9_0' is selected.
22:46:57 INFO  : 'con' command is executed.
22:46:57 INFO  : ----------------XSDB Script (After Launch)----------------
targets -set -nocase -filter {name =~ "ARM*#0" && jtag_cable_name =~ "Digilent Zed 210248A39C93"} -index 0
con
----------------End of Script----------------

22:46:57 INFO  : Launch script is exported to file 'C:\Users\aniru\Desktop\ELD\lab9\lab9.sdk\.sdk\launch_scripts\xilinx_c-c++_application_(system_debugger)\system_debugger_using_debug_lab9.elf_on_remote.tcl'
22:47:42 INFO  : Disconnected from the channel tcfchan#1.
