
*** Running vivado
    with args -log Top_Count.vdi -applog -m64 -product Vivado -messageDb vivado.pb -mode batch -source Top_Count.tcl -notrace


****** Vivado v2019.1 (64-bit)
  **** SW Build 2552052 on Fri May 24 14:49:42 MDT 2019
  **** IP Build 2548770 on Fri May 24 18:01:18 MDT 2019
    ** Copyright 1986-2019 Xilinx, Inc. All Rights Reserved.

source Top_Count.tcl -notrace
Command: link_design -top Top_Count -part xc7z020clg484-1
Design is defaulting to srcset: sources_1
Design is defaulting to constrset: constrs_1
INFO: [Device 21-403] Loading part xc7z020clg484-1
INFO: [Project 1-454] Reading design checkpoint 'c:/Users/aniru/Desktop/ELD/Lab3 hw/Lab3 hw.srcs/sources_1/ip/clk_wiz_0/clk_wiz_0.dcp' for cell 'cd'
INFO: [Netlist 29-17] Analyzing 7 Unisim elements for replacement
INFO: [Netlist 29-28] Unisim Transformation completed in 0 CPU seconds
INFO: [Project 1-479] Netlist was created with Vivado 2019.1
INFO: [Project 1-570] Preparing netlist for logic optimization
Parsing XDC File [c:/Users/aniru/Desktop/ELD/Lab3 hw/Lab3 hw.srcs/sources_1/ip/clk_wiz_0/clk_wiz_0_board.xdc] for cell 'cd/inst'
Finished Parsing XDC File [c:/Users/aniru/Desktop/ELD/Lab3 hw/Lab3 hw.srcs/sources_1/ip/clk_wiz_0/clk_wiz_0_board.xdc] for cell 'cd/inst'
Parsing XDC File [c:/Users/aniru/Desktop/ELD/Lab3 hw/Lab3 hw.srcs/sources_1/ip/clk_wiz_0/clk_wiz_0.xdc] for cell 'cd/inst'
INFO: [Timing 38-35] Done setting XDC timing constraints. [c:/Users/aniru/Desktop/ELD/Lab3 hw/Lab3 hw.srcs/sources_1/ip/clk_wiz_0/clk_wiz_0.xdc:57]
INFO: [Timing 38-2] Deriving generated clocks [c:/Users/aniru/Desktop/ELD/Lab3 hw/Lab3 hw.srcs/sources_1/ip/clk_wiz_0/clk_wiz_0.xdc:57]
get_clocks: Time (s): cpu = 00:00:13 ; elapsed = 00:00:14 . Memory (MB): peak = 1356.164 ; gain = 544.742
Finished Parsing XDC File [c:/Users/aniru/Desktop/ELD/Lab3 hw/Lab3 hw.srcs/sources_1/ip/clk_wiz_0/clk_wiz_0.xdc] for cell 'cd/inst'
Parsing XDC File [C:/Users/aniru/Desktop/ELD/Lab3 hw/Lab3 hw.srcs/constrs_1/imports/Downloads/Zed_cons.xdc]
CRITICAL WARNING: [Common 17-161] Invalid option value '#' specified for 'objects'. [C:/Users/aniru/Desktop/ELD/Lab3 hw/Lab3 hw.srcs/constrs_1/imports/Downloads/Zed_cons.xdc:2]
CRITICAL WARNING: [Common 17-161] Invalid option value '#' specified for 'objects'. [C:/Users/aniru/Desktop/ELD/Lab3 hw/Lab3 hw.srcs/constrs_1/imports/Downloads/Zed_cons.xdc:6]
CRITICAL WARNING: [Common 17-161] Invalid option value '#' specified for 'objects'. [C:/Users/aniru/Desktop/ELD/Lab3 hw/Lab3 hw.srcs/constrs_1/imports/Downloads/Zed_cons.xdc:7]
CRITICAL WARNING: [Common 17-161] Invalid option value '#' specified for 'objects'. [C:/Users/aniru/Desktop/ELD/Lab3 hw/Lab3 hw.srcs/constrs_1/imports/Downloads/Zed_cons.xdc:8]
CRITICAL WARNING: [Common 17-161] Invalid option value '#' specified for 'objects'. [C:/Users/aniru/Desktop/ELD/Lab3 hw/Lab3 hw.srcs/constrs_1/imports/Downloads/Zed_cons.xdc:9]
CRITICAL WARNING: [Common 17-161] Invalid option value '#' specified for 'objects'. [C:/Users/aniru/Desktop/ELD/Lab3 hw/Lab3 hw.srcs/constrs_1/imports/Downloads/Zed_cons.xdc:10]
CRITICAL WARNING: [Common 17-161] Invalid option value '#' specified for 'objects'. [C:/Users/aniru/Desktop/ELD/Lab3 hw/Lab3 hw.srcs/constrs_1/imports/Downloads/Zed_cons.xdc:11]
CRITICAL WARNING: [Common 17-161] Invalid option value '#' specified for 'objects'. [C:/Users/aniru/Desktop/ELD/Lab3 hw/Lab3 hw.srcs/constrs_1/imports/Downloads/Zed_cons.xdc:12]
CRITICAL WARNING: [Common 17-161] Invalid option value '#' specified for 'objects'. [C:/Users/aniru/Desktop/ELD/Lab3 hw/Lab3 hw.srcs/constrs_1/imports/Downloads/Zed_cons.xdc:15]
CRITICAL WARNING: [Common 17-161] Invalid option value '#' specified for 'objects'. [C:/Users/aniru/Desktop/ELD/Lab3 hw/Lab3 hw.srcs/constrs_1/imports/Downloads/Zed_cons.xdc:18]
Finished Parsing XDC File [C:/Users/aniru/Desktop/ELD/Lab3 hw/Lab3 hw.srcs/constrs_1/imports/Downloads/Zed_cons.xdc]
INFO: [Opt 31-138] Pushed 0 inverter(s) to 0 load pin(s).
Netlist sorting complete. Time (s): cpu = 00:00:00 ; elapsed = 00:00:00 . Memory (MB): peak = 1356.164 ; gain = 0.000
INFO: [Project 1-111] Unisim Transformation Summary:
No Unisim elements were transformed.

10 Infos, 0 Warnings, 10 Critical Warnings and 0 Errors encountered.
link_design completed successfully
link_design: Time (s): cpu = 00:00:24 ; elapsed = 00:00:34 . Memory (MB): peak = 1356.164 ; gain = 937.719
Command: opt_design
Attempting to get a license for feature 'Implementation' and/or device 'xc7z020'
INFO: [Common 17-349] Got license for feature 'Implementation' and/or device 'xc7z020'
Running DRC as a precondition to command opt_design

Starting DRC Task
INFO: [DRC 23-27] Running DRC with 2 threads
INFO: [Project 1-461] DRC finished with 0 Errors
INFO: [Project 1-462] Please refer to the DRC report (report_drc) for more information.

Time (s): cpu = 00:00:02 ; elapsed = 00:00:01 . Memory (MB): peak = 1356.164 ; gain = 0.000

Starting Cache Timing Information Task
INFO: [Timing 38-35] Done setting XDC timing constraints.
Ending Cache Timing Information Task | Checksum: b5f0d515

Time (s): cpu = 00:00:00 ; elapsed = 00:00:00.020 . Memory (MB): peak = 1372.898 ; gain = 16.734

Starting Logic Optimization Task

Phase 1 Retarget
INFO: [Opt 31-138] Pushed 0 inverter(s) to 0 load pin(s).
INFO: [Opt 31-49] Retargeted 0 cell(s).
Phase 1 Retarget | Checksum: b5f0d515

Time (s): cpu = 00:00:00 ; elapsed = 00:00:00.016 . Memory (MB): peak = 1504.305 ; gain = 0.000
INFO: [Opt 31-389] Phase Retarget created 0 cells and removed 0 cells
INFO: [Opt 31-1021] In phase Retarget, 1 netlist objects are constrained preventing optimization. Please run opt_design with -debug_log to get more detail. 

Phase 2 Constant propagation
INFO: [Opt 31-138] Pushed 0 inverter(s) to 0 load pin(s).
Phase 2 Constant propagation | Checksum: b5f0d515

Time (s): cpu = 00:00:00 ; elapsed = 00:00:00.019 . Memory (MB): peak = 1504.305 ; gain = 0.000
INFO: [Opt 31-389] Phase Constant propagation created 0 cells and removed 0 cells

Phase 3 Sweep
Phase 3 Sweep | Checksum: 27ae76e1

Time (s): cpu = 00:00:00 ; elapsed = 00:00:00.025 . Memory (MB): peak = 1504.305 ; gain = 0.000
INFO: [Opt 31-389] Phase Sweep created 0 cells and removed 0 cells

Phase 4 BUFG optimization
Phase 4 BUFG optimization | Checksum: 27ae76e1

Time (s): cpu = 00:00:00 ; elapsed = 00:00:00.029 . Memory (MB): peak = 1504.305 ; gain = 0.000
INFO: [Opt 31-662] Phase BUFG optimization created 0 cells of which 0 are BUFGs and removed 0 cells.

Phase 5 Shift Register Optimization
INFO: [Opt 31-1064] SRL Remap converted 0 SRLs to 0 registers and converted 0 registers of register chains to 0 SRLs
Phase 5 Shift Register Optimization | Checksum: 27ae76e1

Time (s): cpu = 00:00:00 ; elapsed = 00:00:00.032 . Memory (MB): peak = 1504.305 ; gain = 0.000
INFO: [Opt 31-389] Phase Shift Register Optimization created 0 cells and removed 0 cells

Phase 6 Post Processing Netlist
Phase 6 Post Processing Netlist | Checksum: 27ae76e1

Time (s): cpu = 00:00:00 ; elapsed = 00:00:00.034 . Memory (MB): peak = 1504.305 ; gain = 0.000
INFO: [Opt 31-389] Phase Post Processing Netlist created 0 cells and removed 0 cells
Opt_design Change Summary
=========================


-------------------------------------------------------------------------------------------------------------------------
|  Phase                        |  #Cells created  |  #Cells Removed  |  #Constrained objects preventing optimizations  |
-------------------------------------------------------------------------------------------------------------------------
|  Retarget                     |               0  |               0  |                                              1  |
|  Constant propagation         |               0  |               0  |                                              0  |
|  Sweep                        |               0  |               0  |                                              0  |
|  BUFG optimization            |               0  |               0  |                                              0  |
|  Shift Register Optimization  |               0  |               0  |                                              0  |
|  Post Processing Netlist      |               0  |               0  |                                              0  |
-------------------------------------------------------------------------------------------------------------------------



Starting Connectivity Check Task

Time (s): cpu = 00:00:00 ; elapsed = 00:00:00.001 . Memory (MB): peak = 1504.305 ; gain = 0.000
Ending Logic Optimization Task | Checksum: f00657ac

Time (s): cpu = 00:00:00 ; elapsed = 00:00:00.043 . Memory (MB): peak = 1504.305 ; gain = 0.000

Starting Power Optimization Task
INFO: [Pwropt 34-132] Skipping clock gating for clocks with a period < 2.00 ns.
Ending Power Optimization Task | Checksum: f00657ac

Time (s): cpu = 00:00:00 ; elapsed = 00:00:00.024 . Memory (MB): peak = 1504.305 ; gain = 0.000

Starting Final Cleanup Task
Ending Final Cleanup Task | Checksum: f00657ac

Time (s): cpu = 00:00:00 ; elapsed = 00:00:00.001 . Memory (MB): peak = 1504.305 ; gain = 0.000

Starting Netlist Obfuscation Task
Netlist sorting complete. Time (s): cpu = 00:00:00 ; elapsed = 00:00:00 . Memory (MB): peak = 1504.305 ; gain = 0.000
Ending Netlist Obfuscation Task | Checksum: f00657ac

Time (s): cpu = 00:00:00 ; elapsed = 00:00:00 . Memory (MB): peak = 1504.305 ; gain = 0.000
INFO: [Common 17-83] Releasing license: Implementation
28 Infos, 0 Warnings, 10 Critical Warnings and 0 Errors encountered.
opt_design completed successfully
Netlist sorting complete. Time (s): cpu = 00:00:00 ; elapsed = 00:00:00.001 . Memory (MB): peak = 1504.305 ; gain = 0.000
INFO: [Timing 38-480] Writing timing data to binary archive.
INFO: [Common 17-1381] The checkpoint 'C:/Users/aniru/Desktop/ELD/Lab3 hw/Lab3 hw.runs/impl_1/Top_Count_opt.dcp' has been generated.
INFO: [runtcl-4] Executing : report_drc -file Top_Count_drc_opted.rpt -pb Top_Count_drc_opted.pb -rpx Top_Count_drc_opted.rpx
Command: report_drc -file Top_Count_drc_opted.rpt -pb Top_Count_drc_opted.pb -rpx Top_Count_drc_opted.rpx
INFO: [IP_Flow 19-1839] IP Catalog is up to date.
INFO: [DRC 23-27] Running DRC with 2 threads
INFO: [Coretcl 2-168] The results of DRC are in file C:/Users/aniru/Desktop/ELD/Lab3 hw/Lab3 hw.runs/impl_1/Top_Count_drc_opted.rpt.
report_drc completed successfully
Command: place_design
Attempting to get a license for feature 'Implementation' and/or device 'xc7z020'
INFO: [Common 17-349] Got license for feature 'Implementation' and/or device 'xc7z020'
INFO: [DRC 23-27] Running DRC with 2 threads
INFO: [Vivado_Tcl 4-198] DRC finished with 0 Errors
INFO: [Vivado_Tcl 4-199] Please refer to the DRC report (report_drc) for more information.
Running DRC as a precondition to command place_design
INFO: [DRC 23-27] Running DRC with 2 threads
INFO: [Vivado_Tcl 4-198] DRC finished with 0 Errors
INFO: [Vivado_Tcl 4-199] Please refer to the DRC report (report_drc) for more information.

Starting Placer Task
INFO: [Place 30-611] Multithreading enabled for place_design using a maximum of 2 CPUs

Phase 1 Placer Initialization

Phase 1.1 Placer Initialization Netlist Sorting
Netlist sorting complete. Time (s): cpu = 00:00:00 ; elapsed = 00:00:00 . Memory (MB): peak = 1504.305 ; gain = 0.000
Phase 1.1 Placer Initialization Netlist Sorting | Checksum: b829d663

Time (s): cpu = 00:00:00 ; elapsed = 00:00:00.016 . Memory (MB): peak = 1504.305 ; gain = 0.000
Netlist sorting complete. Time (s): cpu = 00:00:00 ; elapsed = 00:00:00 . Memory (MB): peak = 1504.305 ; gain = 0.000

Phase 1.2 IO Placement/ Clock Placement/ Build Placer Device
INFO: [Timing 38-35] Done setting XDC timing constraints.
Phase 1.2 IO Placement/ Clock Placement/ Build Placer Device | Checksum: a10e583d

Time (s): cpu = 00:00:01 ; elapsed = 00:00:00.637 . Memory (MB): peak = 1504.305 ; gain = 0.000

Phase 1.3 Build Placer Netlist Model
Phase 1.3 Build Placer Netlist Model | Checksum: 171625d14

Time (s): cpu = 00:00:01 ; elapsed = 00:00:00.864 . Memory (MB): peak = 1511.188 ; gain = 6.883

Phase 1.4 Constrain Clocks/Macros
Phase 1.4 Constrain Clocks/Macros | Checksum: 171625d14

Time (s): cpu = 00:00:01 ; elapsed = 00:00:00.868 . Memory (MB): peak = 1511.188 ; gain = 6.883
Phase 1 Placer Initialization | Checksum: 171625d14

Time (s): cpu = 00:00:01 ; elapsed = 00:00:00.869 . Memory (MB): peak = 1511.188 ; gain = 6.883

Phase 2 Global Placement

Phase 2.1 Floorplanning
Phase 2.1 Floorplanning | Checksum: 171625d14

Time (s): cpu = 00:00:01 ; elapsed = 00:00:00.874 . Memory (MB): peak = 1511.188 ; gain = 6.883

Phase 2.2 Global Placement Core
WARNING: [Place 46-29] place_design is not in timing mode. Skip physical synthesis in placer
Phase 2.2 Global Placement Core | Checksum: 117565e28

Time (s): cpu = 00:00:03 ; elapsed = 00:00:02 . Memory (MB): peak = 1511.188 ; gain = 6.883
Phase 2 Global Placement | Checksum: 117565e28

Time (s): cpu = 00:00:03 ; elapsed = 00:00:02 . Memory (MB): peak = 1511.188 ; gain = 6.883

Phase 3 Detail Placement

Phase 3.1 Commit Multi Column Macros
Phase 3.1 Commit Multi Column Macros | Checksum: 117565e28

Time (s): cpu = 00:00:03 ; elapsed = 00:00:02 . Memory (MB): peak = 1511.188 ; gain = 6.883

Phase 3.2 Commit Most Macros & LUTRAMs
Phase 3.2 Commit Most Macros & LUTRAMs | Checksum: c543bff5

Time (s): cpu = 00:00:03 ; elapsed = 00:00:02 . Memory (MB): peak = 1511.188 ; gain = 6.883

Phase 3.3 Area Swap Optimization
Phase 3.3 Area Swap Optimization | Checksum: 13efccffb

Time (s): cpu = 00:00:03 ; elapsed = 00:00:02 . Memory (MB): peak = 1511.188 ; gain = 6.883

Phase 3.4 Pipeline Register Optimization
Phase 3.4 Pipeline Register Optimization | Checksum: 13efccffb

Time (s): cpu = 00:00:03 ; elapsed = 00:00:02 . Memory (MB): peak = 1511.188 ; gain = 6.883

Phase 3.5 Small Shape Detail Placement
Phase 3.5 Small Shape Detail Placement | Checksum: 2044f3c6c

Time (s): cpu = 00:00:03 ; elapsed = 00:00:02 . Memory (MB): peak = 1511.188 ; gain = 6.883

Phase 3.6 Re-assign LUT pins
Phase 3.6 Re-assign LUT pins | Checksum: 219a1e121

Time (s): cpu = 00:00:03 ; elapsed = 00:00:02 . Memory (MB): peak = 1511.188 ; gain = 6.883

Phase 3.7 Pipeline Register Optimization
Phase 3.7 Pipeline Register Optimization | Checksum: 219a1e121

Time (s): cpu = 00:00:03 ; elapsed = 00:00:02 . Memory (MB): peak = 1511.188 ; gain = 6.883
Phase 3 Detail Placement | Checksum: 219a1e121

Time (s): cpu = 00:00:03 ; elapsed = 00:00:02 . Memory (MB): peak = 1511.188 ; gain = 6.883

Phase 4 Post Placement Optimization and Clean-Up

Phase 4.1 Post Commit Optimization
Phase 4.1 Post Commit Optimization | Checksum: 219a1e121

Time (s): cpu = 00:00:03 ; elapsed = 00:00:02 . Memory (MB): peak = 1511.188 ; gain = 6.883

Phase 4.2 Post Placement Cleanup
Phase 4.2 Post Placement Cleanup | Checksum: 219a1e121

Time (s): cpu = 00:00:03 ; elapsed = 00:00:02 . Memory (MB): peak = 1511.188 ; gain = 6.883

Phase 4.3 Placer Reporting
Phase 4.3 Placer Reporting | Checksum: 219a1e121

Time (s): cpu = 00:00:03 ; elapsed = 00:00:02 . Memory (MB): peak = 1511.188 ; gain = 6.883

Phase 4.4 Final Placement Cleanup
Netlist sorting complete. Time (s): cpu = 00:00:00 ; elapsed = 00:00:00 . Memory (MB): peak = 1511.188 ; gain = 0.000
Phase 4.4 Final Placement Cleanup | Checksum: 209c8440c

Time (s): cpu = 00:00:03 ; elapsed = 00:00:02 . Memory (MB): peak = 1511.188 ; gain = 6.883
Phase 4 Post Placement Optimization and Clean-Up | Checksum: 209c8440c

Time (s): cpu = 00:00:03 ; elapsed = 00:00:02 . Memory (MB): peak = 1511.188 ; gain = 6.883
Ending Placer Task | Checksum: 10a5b42d4

Time (s): cpu = 00:00:03 ; elapsed = 00:00:02 . Memory (MB): peak = 1511.188 ; gain = 6.883
INFO: [Common 17-83] Releasing license: Implementation
44 Infos, 1 Warnings, 10 Critical Warnings and 0 Errors encountered.
place_design completed successfully
Netlist sorting complete. Time (s): cpu = 00:00:00 ; elapsed = 00:00:00.001 . Memory (MB): peak = 1511.188 ; gain = 0.000
INFO: [Timing 38-480] Writing timing data to binary archive.
Writing placer database...
Writing XDEF routing.
Writing XDEF routing logical nets.
Writing XDEF routing special nets.
Write XDEF Complete: Time (s): cpu = 00:00:01 ; elapsed = 00:00:00.169 . Memory (MB): peak = 1511.188 ; gain = 0.000
INFO: [Common 17-1381] The checkpoint 'C:/Users/aniru/Desktop/ELD/Lab3 hw/Lab3 hw.runs/impl_1/Top_Count_placed.dcp' has been generated.
INFO: [runtcl-4] Executing : report_io -file Top_Count_io_placed.rpt
report_io: Time (s): cpu = 00:00:00 ; elapsed = 00:00:00.117 . Memory (MB): peak = 1511.188 ; gain = 0.000
INFO: [runtcl-4] Executing : report_utilization -file Top_Count_utilization_placed.rpt -pb Top_Count_utilization_placed.pb
INFO: [runtcl-4] Executing : report_control_sets -verbose -file Top_Count_control_sets_placed.rpt
report_control_sets: Time (s): cpu = 00:00:00 ; elapsed = 00:00:00.004 . Memory (MB): peak = 1511.188 ; gain = 0.000
Command: route_design
Attempting to get a license for feature 'Implementation' and/or device 'xc7z020'
INFO: [Common 17-349] Got license for feature 'Implementation' and/or device 'xc7z020'
Running DRC as a precondition to command route_design
INFO: [DRC 23-27] Running DRC with 2 threads
INFO: [Vivado_Tcl 4-198] DRC finished with 0 Errors
INFO: [Vivado_Tcl 4-199] Please refer to the DRC report (report_drc) for more information.


Starting Routing Task
INFO: [Route 35-254] Multithreading enabled for route_design using a maximum of 2 CPUs
Checksum: PlaceDB: f4604e2e ConstDB: 0 ShapeSum: 15faf4a6 RouteDB: 0

Phase 1 Build RT Design
Phase 1 Build RT Design | Checksum: 736fcad6

Time (s): cpu = 00:00:45 ; elapsed = 00:00:41 . Memory (MB): peak = 1574.371 ; gain = 63.184
Post Restoration Checksum: NetGraph: 2e708de1 NumContArr: 44ff3cf5 Constraints: 0 Timing: 0

Phase 2 Router Initialization

Phase 2.1 Create Timer
INFO: [Timing 38-35] Done setting XDC timing constraints.
Phase 2.1 Create Timer | Checksum: 736fcad6

Time (s): cpu = 00:00:45 ; elapsed = 00:00:41 . Memory (MB): peak = 1646.871 ; gain = 135.684

Phase 2.2 Fix Topology Constraints
Phase 2.2 Fix Topology Constraints | Checksum: 736fcad6

Time (s): cpu = 00:00:45 ; elapsed = 00:00:41 . Memory (MB): peak = 1652.906 ; gain = 141.719

Phase 2.3 Pre Route Cleanup
Phase 2.3 Pre Route Cleanup | Checksum: 736fcad6

Time (s): cpu = 00:00:45 ; elapsed = 00:00:41 . Memory (MB): peak = 1652.906 ; gain = 141.719
 Number of Nodes with overlaps = 0

Phase 2.4 Update Timing
Phase 2.4 Update Timing | Checksum: 1441e779c

Time (s): cpu = 00:00:46 ; elapsed = 00:00:41 . Memory (MB): peak = 1658.176 ; gain = 146.988
INFO: [Route 35-416] Intermediate Timing Summary | WNS=116.591| TNS=0.000  | WHS=-0.018 | THS=-0.162 |

Phase 2 Router Initialization | Checksum: 176a4b019

Time (s): cpu = 00:00:46 ; elapsed = 00:00:41 . Memory (MB): peak = 1658.176 ; gain = 146.988

Router Utilization Summary
  Global Vertical Routing Utilization    = 0.000569535 %
  Global Horizontal Routing Utilization  = 0.000169033 %
  Routable Net Status*
  *Does not include unroutable nets such as driverless and loadless.
  Run report_route_status for detailed report.
  Number of Failed Nets               = 47
    (Failed Nets is the sum of unrouted and partially routed nets)
  Number of Unrouted Nets             = 46
  Number of Partially Routed Nets     = 1
  Number of Node Overlaps             = 0


Phase 3 Initial Routing
Phase 3 Initial Routing | Checksum: 2392ca01

Time (s): cpu = 00:00:46 ; elapsed = 00:00:42 . Memory (MB): peak = 1660.055 ; gain = 148.867

Phase 4 Rip-up And Reroute

Phase 4.1 Global Iteration 0
 Number of Nodes with overlaps = 1
 Number of Nodes with overlaps = 0
INFO: [Route 35-416] Intermediate Timing Summary | WNS=116.458| TNS=0.000  | WHS=N/A    | THS=N/A    |

Phase 4.1 Global Iteration 0 | Checksum: 1590f1bf3

Time (s): cpu = 00:00:46 ; elapsed = 00:00:42 . Memory (MB): peak = 1660.055 ; gain = 148.867
Phase 4 Rip-up And Reroute | Checksum: 1590f1bf3

Time (s): cpu = 00:00:46 ; elapsed = 00:00:42 . Memory (MB): peak = 1660.055 ; gain = 148.867

Phase 5 Delay and Skew Optimization

Phase 5.1 Delay CleanUp
Phase 5.1 Delay CleanUp | Checksum: 1590f1bf3

Time (s): cpu = 00:00:46 ; elapsed = 00:00:42 . Memory (MB): peak = 1660.055 ; gain = 148.867

Phase 5.2 Clock Skew Optimization
Phase 5.2 Clock Skew Optimization | Checksum: 1590f1bf3

Time (s): cpu = 00:00:46 ; elapsed = 00:00:42 . Memory (MB): peak = 1660.055 ; gain = 148.867
Phase 5 Delay and Skew Optimization | Checksum: 1590f1bf3

Time (s): cpu = 00:00:46 ; elapsed = 00:00:42 . Memory (MB): peak = 1660.055 ; gain = 148.867

Phase 6 Post Hold Fix

Phase 6.1 Hold Fix Iter

Phase 6.1.1 Update Timing
Phase 6.1.1 Update Timing | Checksum: 1682c2629

Time (s): cpu = 00:00:46 ; elapsed = 00:00:42 . Memory (MB): peak = 1660.055 ; gain = 148.867
INFO: [Route 35-416] Intermediate Timing Summary | WNS=116.611| TNS=0.000  | WHS=0.233  | THS=0.000  |

Phase 6.1 Hold Fix Iter | Checksum: 1682c2629

Time (s): cpu = 00:00:46 ; elapsed = 00:00:42 . Memory (MB): peak = 1660.055 ; gain = 148.867
Phase 6 Post Hold Fix | Checksum: 1682c2629

Time (s): cpu = 00:00:46 ; elapsed = 00:00:42 . Memory (MB): peak = 1660.055 ; gain = 148.867

Phase 7 Route finalize

Router Utilization Summary
  Global Vertical Routing Utilization    = 0.00434918 %
  Global Horizontal Routing Utilization  = 0.0189317 %
  Routable Net Status*
  *Does not include unroutable nets such as driverless and loadless.
  Run report_route_status for detailed report.
  Number of Failed Nets               = 0
    (Failed Nets is the sum of unrouted and partially routed nets)
  Number of Unrouted Nets             = 0
  Number of Partially Routed Nets     = 0
  Number of Node Overlaps             = 0

Phase 7 Route finalize | Checksum: 1682c2629

Time (s): cpu = 00:00:47 ; elapsed = 00:00:42 . Memory (MB): peak = 1660.055 ; gain = 148.867

Phase 8 Verifying routed nets

 Verification completed successfully
Phase 8 Verifying routed nets | Checksum: 1682c2629

Time (s): cpu = 00:00:47 ; elapsed = 00:00:42 . Memory (MB): peak = 1662.113 ; gain = 150.926

Phase 9 Depositing Routes
Phase 9 Depositing Routes | Checksum: d4a148f6

Time (s): cpu = 00:00:47 ; elapsed = 00:00:42 . Memory (MB): peak = 1662.113 ; gain = 150.926

Phase 10 Post Router Timing
INFO: [Route 35-57] Estimated Timing Summary | WNS=116.611| TNS=0.000  | WHS=0.233  | THS=0.000  |

INFO: [Route 35-327] The final timing numbers are based on the router estimated timing analysis. For a complete and accurate timing signoff, please run report_timing_summary.
Phase 10 Post Router Timing | Checksum: d4a148f6

Time (s): cpu = 00:00:47 ; elapsed = 00:00:42 . Memory (MB): peak = 1662.113 ; gain = 150.926
INFO: [Route 35-16] Router Completed Successfully

Time (s): cpu = 00:00:47 ; elapsed = 00:00:42 . Memory (MB): peak = 1662.113 ; gain = 150.926

Routing Is Done.
INFO: [Common 17-83] Releasing license: Implementation
62 Infos, 1 Warnings, 10 Critical Warnings and 0 Errors encountered.
route_design completed successfully
route_design: Time (s): cpu = 00:00:50 ; elapsed = 00:00:47 . Memory (MB): peak = 1662.113 ; gain = 150.926
Netlist sorting complete. Time (s): cpu = 00:00:00 ; elapsed = 00:00:00 . Memory (MB): peak = 1662.113 ; gain = 0.000
INFO: [Timing 38-480] Writing timing data to binary archive.
Writing placer database...
Writing XDEF routing.
Writing XDEF routing logical nets.
Writing XDEF routing special nets.
Write XDEF Complete: Time (s): cpu = 00:00:00 ; elapsed = 00:00:00.123 . Memory (MB): peak = 1671.941 ; gain = 9.828
INFO: [Common 17-1381] The checkpoint 'C:/Users/aniru/Desktop/ELD/Lab3 hw/Lab3 hw.runs/impl_1/Top_Count_routed.dcp' has been generated.
INFO: [runtcl-4] Executing : report_drc -file Top_Count_drc_routed.rpt -pb Top_Count_drc_routed.pb -rpx Top_Count_drc_routed.rpx
Command: report_drc -file Top_Count_drc_routed.rpt -pb Top_Count_drc_routed.pb -rpx Top_Count_drc_routed.rpx
INFO: [IP_Flow 19-1839] IP Catalog is up to date.
INFO: [DRC 23-27] Running DRC with 2 threads
INFO: [Coretcl 2-168] The results of DRC are in file C:/Users/aniru/Desktop/ELD/Lab3 hw/Lab3 hw.runs/impl_1/Top_Count_drc_routed.rpt.
report_drc completed successfully
INFO: [runtcl-4] Executing : report_methodology -file Top_Count_methodology_drc_routed.rpt -pb Top_Count_methodology_drc_routed.pb -rpx Top_Count_methodology_drc_routed.rpx
Command: report_methodology -file Top_Count_methodology_drc_routed.rpt -pb Top_Count_methodology_drc_routed.pb -rpx Top_Count_methodology_drc_routed.rpx
INFO: [Timing 38-35] Done setting XDC timing constraints.
INFO: [DRC 23-133] Running Methodology with 2 threads
INFO: [Coretcl 2-1520] The results of Report Methodology are in file C:/Users/aniru/Desktop/ELD/Lab3 hw/Lab3 hw.runs/impl_1/Top_Count_methodology_drc_routed.rpt.
report_methodology completed successfully
INFO: [runtcl-4] Executing : report_power -file Top_Count_power_routed.rpt -pb Top_Count_power_summary_routed.pb -rpx Top_Count_power_routed.rpx
Command: report_power -file Top_Count_power_routed.rpt -pb Top_Count_power_summary_routed.pb -rpx Top_Count_power_routed.rpx
INFO: [Timing 38-35] Done setting XDC timing constraints.
Running Vector-less Activity Propagation...

Finished Running Vector-less Activity Propagation
74 Infos, 1 Warnings, 10 Critical Warnings and 0 Errors encountered.
report_power completed successfully
INFO: [runtcl-4] Executing : report_route_status -file Top_Count_route_status.rpt -pb Top_Count_route_status.pb
INFO: [runtcl-4] Executing : report_timing_summary -max_paths 10 -file Top_Count_timing_summary_routed.rpt -pb Top_Count_timing_summary_routed.pb -rpx Top_Count_timing_summary_routed.rpx -warn_on_violation 
INFO: [Timing 38-91] UpdateTimingParams: Speed grade: -1, Delay Type: min_max.
INFO: [Timing 38-191] Multithreading enabled for timing update using a maximum of 2 CPUs
INFO: [runtcl-4] Executing : report_incremental_reuse -file Top_Count_incremental_reuse_routed.rpt
INFO: [Vivado_Tcl 4-1062] Incremental flow is disabled. No incremental reuse Info to report.
INFO: [runtcl-4] Executing : report_clock_utilization -file Top_Count_clock_utilization_routed.rpt
INFO: [runtcl-4] Executing : report_bus_skew -warn_on_violation -file Top_Count_bus_skew_routed.rpt -pb Top_Count_bus_skew_routed.pb -rpx Top_Count_bus_skew_routed.rpx
INFO: [Timing 38-91] UpdateTimingParams: Speed grade: -1, Delay Type: min_max.
INFO: [Timing 38-191] Multithreading enabled for timing update using a maximum of 2 CPUs
Command: write_bitstream -force Top_Count.bit
Attempting to get a license for feature 'Implementation' and/or device 'xc7z020'
INFO: [Common 17-349] Got license for feature 'Implementation' and/or device 'xc7z020'
Running DRC as a precondition to command write_bitstream
INFO: [IP_Flow 19-1839] IP Catalog is up to date.
INFO: [DRC 23-27] Running DRC with 2 threads
ERROR: [DRC NSTD-1] Unspecified I/O Standard: 7 out of 10 logical ports use I/O standard (IOSTANDARD) value 'DEFAULT', instead of a user assigned specific value. This may cause I/O contention or incompatibility with the board power or connectivity affecting performance, signal integrity or in extreme cases cause damage to the device or the components to which it is connected. To correct this violation, specify all I/O standards. This design will fail to generate a bitstream unless all logical ports have a user specified I/O standard value defined. To allow bitstream creation with unspecified I/O standard values (not recommended), use this command: set_property SEVERITY {Warning} [get_drc_checks NSTD-1].  NOTE: When using the Vivado Runs infrastructure (e.g. launch_runs Tcl command), add this command to a .tcl file and add that file as a pre-hook for write_bitstream step for the implementation run. Problem ports: Count[6:0].
ERROR: [DRC UCIO-1] Unconstrained Logical Port: 10 out of 10 logical ports have no user assigned specific location constraint (LOC). This may cause I/O contention or incompatibility with the board power or connectivity affecting performance, signal integrity or in extreme cases cause damage to the device or the components to which it is connected. To correct this violation, specify all pin locations. This design will fail to generate a bitstream unless all logical ports have a user specified site LOC constraint defined.  To allow bitstream creation with unspecified pin locations (not recommended), use this command: set_property SEVERITY {Warning} [get_drc_checks UCIO-1].  NOTE: When using the Vivado Runs infrastructure (e.g. launch_runs Tcl command), add this command to a .tcl file and add that file as a pre-hook for write_bitstream step for the implementation run.  Problem ports: Count[6:0], Clk_100M, UP, and reset.
WARNING: [DRC ZPS7-1] PS7 block required: The PS7 cell must be used in this Zynq design in order to enable correct default configuration.
INFO: [Vivado 12-3199] DRC finished with 2 Errors, 1 Warnings
INFO: [Vivado 12-3200] Please refer to the DRC report (report_drc) for more information.
ERROR: [Vivado 12-1345] Error(s) found during DRC. Bitgen not run.
INFO: [Common 17-83] Releasing license: Implementation
90 Infos, 2 Warnings, 10 Critical Warnings and 3 Errors encountered.
write_bitstream failed
ERROR: [Common 17-39] 'write_bitstream' failed due to earlier errors.

INFO: [Common 17-206] Exiting Vivado at Fri Sep  6 18:44:38 2024...
