
*** Running vivado
    with args -log Top_Count.vds -m64 -product Vivado -mode batch -messageDb vivado.pb -notrace -source Top_Count.tcl


****** Vivado v2019.1 (64-bit)
  **** SW Build 2552052 on Fri May 24 14:49:42 MDT 2019
  **** IP Build 2548770 on Fri May 24 18:01:18 MDT 2019
    ** Copyright 1986-2019 Xilinx, Inc. All Rights Reserved.

source Top_Count.tcl -notrace
create_project: Time (s): cpu = 00:00:03 ; elapsed = 00:00:08 . Memory (MB): peak = 384.340 ; gain = 94.289
Command: synth_design -top Top_Count -part xc7z020clg484-1
Starting synth_design
Attempting to get a license for feature 'Synthesis' and/or device 'xc7z020'
INFO: [Common 17-349] Got license for feature 'Synthesis' and/or device 'xc7z020'
INFO: [Device 21-403] Loading part xc7z020clg484-1
INFO: Launching helper process for spawning children vivado processes
INFO: Helper process launched with PID 9208 
---------------------------------------------------------------------------------
Starting RTL Elaboration : Time (s): cpu = 00:00:05 ; elapsed = 00:00:06 . Memory (MB): peak = 858.742 ; gain = 177.223
---------------------------------------------------------------------------------
INFO: [Synth 8-6157] synthesizing module 'Top_Count' [C:/Users/aniru/Desktop/ELD/Lab3 hw/Lab3 hw.srcs/sources_1/new/Top_Count.v:23]
INFO: [Synth 8-6157] synthesizing module 'clk_wiz_0' [C:/Users/aniru/Desktop/ELD/Lab3 hw/Lab3 hw.runs/synth_1/.Xil/Vivado-6112-DESKTOP-UKD76RS/realtime/clk_wiz_0_stub.v:5]
INFO: [Synth 8-6155] done synthesizing module 'clk_wiz_0' (1#1) [C:/Users/aniru/Desktop/ELD/Lab3 hw/Lab3 hw.runs/synth_1/.Xil/Vivado-6112-DESKTOP-UKD76RS/realtime/clk_wiz_0_stub.v:5]
INFO: [Synth 8-6157] synthesizing module 'clk_div_rtl' [C:/Users/aniru/Desktop/ELD/Lab3 hw/Lab3 hw.srcs/sources_1/imports/Downloads/clk_div_rtl.v:23]
INFO: [Synth 8-6155] done synthesizing module 'clk_div_rtl' (2#1) [C:/Users/aniru/Desktop/ELD/Lab3 hw/Lab3 hw.srcs/sources_1/imports/Downloads/clk_div_rtl.v:23]
INFO: [Synth 8-6157] synthesizing module 'counter_8bit' [C:/Users/aniru/Desktop/ELD/Lab3 hw/Lab3 hw.srcs/sources_1/new/counter_8bit.v:23]
INFO: [Synth 8-6155] done synthesizing module 'counter_8bit' (3#1) [C:/Users/aniru/Desktop/ELD/Lab3 hw/Lab3 hw.srcs/sources_1/new/counter_8bit.v:23]
INFO: [Synth 8-6155] done synthesizing module 'Top_Count' (4#1) [C:/Users/aniru/Desktop/ELD/Lab3 hw/Lab3 hw.srcs/sources_1/new/Top_Count.v:23]
---------------------------------------------------------------------------------
Finished RTL Elaboration : Time (s): cpu = 00:00:06 ; elapsed = 00:00:08 . Memory (MB): peak = 924.000 ; gain = 242.480
---------------------------------------------------------------------------------

Report Check Netlist: 
+------+------------------+-------+---------+-------+------------------+
|      |Item              |Errors |Warnings |Status |Description       |
+------+------------------+-------+---------+-------+------------------+
|1     |multi_driven_nets |      0|        0|Passed |Multi driven nets |
+------+------------------+-------+---------+-------+------------------+
---------------------------------------------------------------------------------
Start Handling Custom Attributes
---------------------------------------------------------------------------------
---------------------------------------------------------------------------------
Finished Handling Custom Attributes : Time (s): cpu = 00:00:06 ; elapsed = 00:00:08 . Memory (MB): peak = 924.000 ; gain = 242.480
---------------------------------------------------------------------------------
---------------------------------------------------------------------------------
Finished RTL Optimization Phase 1 : Time (s): cpu = 00:00:06 ; elapsed = 00:00:08 . Memory (MB): peak = 924.000 ; gain = 242.480
---------------------------------------------------------------------------------
INFO: [Project 1-570] Preparing netlist for logic optimization

Processing XDC Constraints
Initializing timing engine
Parsing XDC File [c:/Users/aniru/Desktop/ELD/Lab3 hw/Lab3 hw.srcs/sources_1/ip/clk_wiz_0/clk_wiz_0/clk_wiz_0_in_context.xdc] for cell 'cd'
Finished Parsing XDC File [c:/Users/aniru/Desktop/ELD/Lab3 hw/Lab3 hw.srcs/sources_1/ip/clk_wiz_0/clk_wiz_0/clk_wiz_0_in_context.xdc] for cell 'cd'
Parsing XDC File [C:/Users/aniru/Desktop/ELD/Lab3 hw/Lab3 hw.srcs/constrs_1/imports/Downloads/Zed_cons.xdc]
CRITICAL WARNING: [Common 17-161] Invalid option value '#' specified for 'objects'. [C:/Users/aniru/Desktop/ELD/Lab3 hw/Lab3 hw.srcs/constrs_1/imports/Downloads/Zed_cons.xdc:2]
CRITICAL WARNING: [Common 17-161] Invalid option value '#' specified for 'objects'. [C:/Users/aniru/Desktop/ELD/Lab3 hw/Lab3 hw.srcs/constrs_1/imports/Downloads/Zed_cons.xdc:6]
CRITICAL WARNING: [Common 17-161] Invalid option value '#' specified for 'objects'. [C:/Users/aniru/Desktop/ELD/Lab3 hw/Lab3 hw.srcs/constrs_1/imports/Downloads/Zed_cons.xdc:7]
CRITICAL WARNING: [Common 17-161] Invalid option value '#' specified for 'objects'. [C:/Users/aniru/Desktop/ELD/Lab3 hw/Lab3 hw.srcs/constrs_1/imports/Downloads/Zed_cons.xdc:8]
CRITICAL WARNING: [Common 17-161] Invalid option value '#' specified for 'objects'. [C:/Users/aniru/Desktop/ELD/Lab3 hw/Lab3 hw.srcs/constrs_1/imports/Downloads/Zed_cons.xdc:9]
CRITICAL WARNING: [Common 17-161] Invalid option value '#' specified for 'objects'. [C:/Users/aniru/Desktop/ELD/Lab3 hw/Lab3 hw.srcs/constrs_1/imports/Downloads/Zed_cons.xdc:10]
CRITICAL WARNING: [Common 17-161] Invalid option value '#' specified for 'objects'. [C:/Users/aniru/Desktop/ELD/Lab3 hw/Lab3 hw.srcs/constrs_1/imports/Downloads/Zed_cons.xdc:11]
CRITICAL WARNING: [Common 17-161] Invalid option value '#' specified for 'objects'. [C:/Users/aniru/Desktop/ELD/Lab3 hw/Lab3 hw.srcs/constrs_1/imports/Downloads/Zed_cons.xdc:12]
CRITICAL WARNING: [Common 17-161] Invalid option value '#' specified for 'objects'. [C:/Users/aniru/Desktop/ELD/Lab3 hw/Lab3 hw.srcs/constrs_1/imports/Downloads/Zed_cons.xdc:15]
CRITICAL WARNING: [Common 17-161] Invalid option value '#' specified for 'objects'. [C:/Users/aniru/Desktop/ELD/Lab3 hw/Lab3 hw.srcs/constrs_1/imports/Downloads/Zed_cons.xdc:18]
Finished Parsing XDC File [C:/Users/aniru/Desktop/ELD/Lab3 hw/Lab3 hw.srcs/constrs_1/imports/Downloads/Zed_cons.xdc]
Completed Processing XDC Constraints

Netlist sorting complete. Time (s): cpu = 00:00:00 ; elapsed = 00:00:00 . Memory (MB): peak = 1015.676 ; gain = 0.000
INFO: [Project 1-111] Unisim Transformation Summary:
No Unisim elements were transformed.

Constraint Validation Runtime : Time (s): cpu = 00:00:00 ; elapsed = 00:00:00.006 . Memory (MB): peak = 1015.676 ; gain = 0.000
---------------------------------------------------------------------------------
Finished Constraint Validation : Time (s): cpu = 00:00:15 ; elapsed = 00:00:17 . Memory (MB): peak = 1015.676 ; gain = 334.156
---------------------------------------------------------------------------------
---------------------------------------------------------------------------------
Start Loading Part and Timing Information
---------------------------------------------------------------------------------
Loading part: xc7z020clg484-1
---------------------------------------------------------------------------------
Finished Loading Part and Timing Information : Time (s): cpu = 00:00:15 ; elapsed = 00:00:17 . Memory (MB): peak = 1015.676 ; gain = 334.156
---------------------------------------------------------------------------------
---------------------------------------------------------------------------------
Start Applying 'set_property' XDC Constraints
---------------------------------------------------------------------------------
Applied set_property IO_BUFFER_TYPE = NONE for Clk_100M. (constraint file  {c:/Users/aniru/Desktop/ELD/Lab3 hw/Lab3 hw.srcs/sources_1/ip/clk_wiz_0/clk_wiz_0/clk_wiz_0_in_context.xdc}, line 3).
Applied set_property CLOCK_BUFFER_TYPE = NONE for Clk_100M. (constraint file  {c:/Users/aniru/Desktop/ELD/Lab3 hw/Lab3 hw.srcs/sources_1/ip/clk_wiz_0/clk_wiz_0/clk_wiz_0_in_context.xdc}, line 4).
Applied set_property DONT_TOUCH = true for cd. (constraint file  auto generated constraint, line ).
---------------------------------------------------------------------------------
Finished applying 'set_property' XDC Constraints : Time (s): cpu = 00:00:15 ; elapsed = 00:00:17 . Memory (MB): peak = 1015.676 ; gain = 334.156
---------------------------------------------------------------------------------
---------------------------------------------------------------------------------
Finished RTL Optimization Phase 2 : Time (s): cpu = 00:00:15 ; elapsed = 00:00:17 . Memory (MB): peak = 1015.676 ; gain = 334.156
---------------------------------------------------------------------------------

Report RTL Partitions: 
+-+--------------+------------+----------+
| |RTL Partition |Replication |Instances |
+-+--------------+------------+----------+
+-+--------------+------------+----------+
---------------------------------------------------------------------------------
Start RTL Component Statistics 
---------------------------------------------------------------------------------
Detailed RTL Component Info : 
+---Adders : 
	   2 Input      7 Bit       Adders := 2     
+---Registers : 
	                7 Bit    Registers := 1     
+---Muxes : 
	   2 Input      7 Bit        Muxes := 1     
---------------------------------------------------------------------------------
Finished RTL Component Statistics 
---------------------------------------------------------------------------------
---------------------------------------------------------------------------------
Start RTL Hierarchical Component Statistics 
---------------------------------------------------------------------------------
Hierarchical RTL Component report 
Module counter_8bit 
Detailed RTL Component Info : 
+---Adders : 
	   2 Input      7 Bit       Adders := 2     
+---Registers : 
	                7 Bit    Registers := 1     
+---Muxes : 
	   2 Input      7 Bit        Muxes := 1     
---------------------------------------------------------------------------------
Finished RTL Hierarchical Component Statistics
---------------------------------------------------------------------------------
---------------------------------------------------------------------------------
Start Part Resource Summary
---------------------------------------------------------------------------------
Part Resources:
DSPs: 220 (col length:60)
BRAMs: 280 (col length: RAMB18 60 RAMB36 30)
---------------------------------------------------------------------------------
Finished Part Resource Summary
---------------------------------------------------------------------------------
---------------------------------------------------------------------------------
Start Cross Boundary and Area Optimization
---------------------------------------------------------------------------------
Warning: Parallel synthesis criteria is not met 
---------------------------------------------------------------------------------
Finished Cross Boundary and Area Optimization : Time (s): cpu = 00:00:17 ; elapsed = 00:00:19 . Memory (MB): peak = 1015.676 ; gain = 334.156
---------------------------------------------------------------------------------

Report RTL Partitions: 
+-+--------------+------------+----------+
| |RTL Partition |Replication |Instances |
+-+--------------+------------+----------+
+-+--------------+------------+----------+
---------------------------------------------------------------------------------
Start Applying XDC Timing Constraints
---------------------------------------------------------------------------------
INFO: [Synth 8-5578] Moved timing constraint from pin 'cd/Clk_8M' to pin 'cd/bbstub_Clk_8M/O'
INFO: [Synth 8-5819] Moved 1 constraints on hierarchical pins to their respective driving/loading pins
---------------------------------------------------------------------------------
Finished Applying XDC Timing Constraints : Time (s): cpu = 00:00:28 ; elapsed = 00:00:30 . Memory (MB): peak = 1019.910 ; gain = 338.391
---------------------------------------------------------------------------------
---------------------------------------------------------------------------------
Start Timing Optimization
---------------------------------------------------------------------------------
---------------------------------------------------------------------------------
Finished Timing Optimization : Time (s): cpu = 00:00:28 ; elapsed = 00:00:30 . Memory (MB): peak = 1020.117 ; gain = 338.598
---------------------------------------------------------------------------------

Report RTL Partitions: 
+-+--------------+------------+----------+
| |RTL Partition |Replication |Instances |
+-+--------------+------------+----------+
+-+--------------+------------+----------+
---------------------------------------------------------------------------------
Start Technology Mapping
---------------------------------------------------------------------------------
---------------------------------------------------------------------------------
Finished Technology Mapping : Time (s): cpu = 00:00:28 ; elapsed = 00:00:31 . Memory (MB): peak = 1030.207 ; gain = 348.688
---------------------------------------------------------------------------------

Report RTL Partitions: 
+-+--------------+------------+----------+
| |RTL Partition |Replication |Instances |
+-+--------------+------------+----------+
+-+--------------+------------+----------+
---------------------------------------------------------------------------------
Start IO Insertion
---------------------------------------------------------------------------------
---------------------------------------------------------------------------------
Start Flattening Before IO Insertion
---------------------------------------------------------------------------------
---------------------------------------------------------------------------------
Finished Flattening Before IO Insertion
---------------------------------------------------------------------------------
---------------------------------------------------------------------------------
Start Final Netlist Cleanup
---------------------------------------------------------------------------------
---------------------------------------------------------------------------------
Finished Final Netlist Cleanup
---------------------------------------------------------------------------------
---------------------------------------------------------------------------------
Finished IO Insertion : Time (s): cpu = 00:00:31 ; elapsed = 00:00:34 . Memory (MB): peak = 1045.984 ; gain = 364.465
---------------------------------------------------------------------------------

Report Check Netlist: 
+------+------------------+-------+---------+-------+------------------+
|      |Item              |Errors |Warnings |Status |Description       |
+------+------------------+-------+---------+-------+------------------+
|1     |multi_driven_nets |      0|        0|Passed |Multi driven nets |
+------+------------------+-------+---------+-------+------------------+
---------------------------------------------------------------------------------
Start Renaming Generated Instances
---------------------------------------------------------------------------------
---------------------------------------------------------------------------------
Finished Renaming Generated Instances : Time (s): cpu = 00:00:31 ; elapsed = 00:00:34 . Memory (MB): peak = 1045.984 ; gain = 364.465
---------------------------------------------------------------------------------

Report RTL Partitions: 
+-+--------------+------------+----------+
| |RTL Partition |Replication |Instances |
+-+--------------+------------+----------+
+-+--------------+------------+----------+
---------------------------------------------------------------------------------
Start Rebuilding User Hierarchy
---------------------------------------------------------------------------------
---------------------------------------------------------------------------------
Finished Rebuilding User Hierarchy : Time (s): cpu = 00:00:31 ; elapsed = 00:00:34 . Memory (MB): peak = 1045.984 ; gain = 364.465
---------------------------------------------------------------------------------
---------------------------------------------------------------------------------
Start Renaming Generated Ports
---------------------------------------------------------------------------------
---------------------------------------------------------------------------------
Finished Renaming Generated Ports : Time (s): cpu = 00:00:31 ; elapsed = 00:00:34 . Memory (MB): peak = 1045.984 ; gain = 364.465
---------------------------------------------------------------------------------
---------------------------------------------------------------------------------
Start Handling Custom Attributes
---------------------------------------------------------------------------------
---------------------------------------------------------------------------------
Finished Handling Custom Attributes : Time (s): cpu = 00:00:31 ; elapsed = 00:00:34 . Memory (MB): peak = 1045.984 ; gain = 364.465
---------------------------------------------------------------------------------
---------------------------------------------------------------------------------
Start Renaming Generated Nets
---------------------------------------------------------------------------------
---------------------------------------------------------------------------------
Finished Renaming Generated Nets : Time (s): cpu = 00:00:31 ; elapsed = 00:00:34 . Memory (MB): peak = 1045.984 ; gain = 364.465
---------------------------------------------------------------------------------
---------------------------------------------------------------------------------
Start Writing Synthesis Report
---------------------------------------------------------------------------------

Report BlackBoxes: 
+------+--------------+----------+
|      |BlackBox name |Instances |
+------+--------------+----------+
|1     |clk_wiz_0     |         1|
+------+--------------+----------+

Report Cell Usage: 
+------+----------+------+
|      |Cell      |Count |
+------+----------+------+
|1     |clk_wiz_0 |     1|
|2     |CARRY4    |     6|
|3     |LUT1      |     2|
|4     |LUT3      |     2|
|5     |LUT4      |     2|
|6     |LUT5      |     3|
|7     |LUT6      |     9|
|8     |FDCE      |     7|
|9     |FDRE      |    23|
|10    |IBUF      |     2|
|11    |OBUF      |     7|
+------+----------+------+

Report Instance Areas: 
+------+---------+-------------+------+
|      |Instance |Module       |Cells |
+------+---------+-------------+------+
|1     |top      |             |    64|
|2     |  c1     |counter_8bit |    24|
|3     |  cd1    |clk_div_rtl  |    30|
+------+---------+-------------+------+
---------------------------------------------------------------------------------
Finished Writing Synthesis Report : Time (s): cpu = 00:00:31 ; elapsed = 00:00:34 . Memory (MB): peak = 1045.984 ; gain = 364.465
---------------------------------------------------------------------------------
Synthesis finished with 0 errors, 0 critical warnings and 0 warnings.
Synthesis Optimization Runtime : Time (s): cpu = 00:00:22 ; elapsed = 00:00:30 . Memory (MB): peak = 1045.984 ; gain = 272.789
Synthesis Optimization Complete : Time (s): cpu = 00:00:31 ; elapsed = 00:00:34 . Memory (MB): peak = 1045.984 ; gain = 364.465
INFO: [Project 1-571] Translating synthesized netlist
INFO: [Netlist 29-17] Analyzing 6 Unisim elements for replacement
INFO: [Netlist 29-28] Unisim Transformation completed in 0 CPU seconds
INFO: [Project 1-570] Preparing netlist for logic optimization
INFO: [Opt 31-138] Pushed 0 inverter(s) to 0 load pin(s).
Netlist sorting complete. Time (s): cpu = 00:00:00 ; elapsed = 00:00:00 . Memory (MB): peak = 1065.043 ; gain = 0.000
INFO: [Project 1-111] Unisim Transformation Summary:
No Unisim elements were transformed.

INFO: [Common 17-83] Releasing license: Synthesis
21 Infos, 0 Warnings, 10 Critical Warnings and 0 Errors encountered.
synth_design completed successfully
synth_design: Time (s): cpu = 00:00:40 ; elapsed = 00:00:51 . Memory (MB): peak = 1065.043 ; gain = 648.879
Netlist sorting complete. Time (s): cpu = 00:00:00 ; elapsed = 00:00:00 . Memory (MB): peak = 1065.043 ; gain = 0.000
WARNING: [Constraints 18-5210] No constraints selected for write.
Resolution: This message can indicate that there are no constraints for the design, or it can indicate that the used_in flags are set such that the constraints are ignored. This later case is used when running synth_design to not write synthesis constraints to the resulting checkpoint. Instead, project constraints are read when the synthesized design is opened.
INFO: [Common 17-1381] The checkpoint 'C:/Users/aniru/Desktop/ELD/Lab3 hw/Lab3 hw.runs/synth_1/Top_Count.dcp' has been generated.
INFO: [runtcl-4] Executing : report_utilization -file Top_Count_utilization_synth.rpt -pb Top_Count_utilization_synth.pb
INFO: [Common 17-206] Exiting Vivado at Fri Sep  6 18:42:39 2024...
