
*** Running vivado
    with args -log vio_wrapper.vds -m64 -product Vivado -mode batch -messageDb vivado.pb -notrace -source vio_wrapper.tcl


****** Vivado v2019.1 (64-bit)
  **** SW Build 2552052 on Fri May 24 14:49:42 MDT 2019
  **** IP Build 2548770 on Fri May 24 18:01:18 MDT 2019
    ** Copyright 1986-2019 Xilinx, Inc. All Rights Reserved.

source vio_wrapper.tcl -notrace
Command: synth_design -top vio_wrapper -part xc7z010clg400-1
Starting synth_design
WARNING: [Vivado_Tcl 4-393] The 'Synthesis' target of the following IPs are stale, please generate the output products using the generate_target or synth_ip command before running synth_design.
C:/Users/aniru/Desktop/ELD/midsemLAB/midsemLAB.srcs/sources_1/ip/clk_wiz_0/clk_wiz_0.xci
C:/Users/aniru/Desktop/ELD/midsemLAB/midsemLAB.srcs/sources_1/ip/vio_0/vio_0.xci

WARNING: [Vivado_Tcl 4-393] The 'Implementation' target of the following IPs are stale, please generate the output products using the generate_target or synth_ip command before running synth_design.
C:/Users/aniru/Desktop/ELD/midsemLAB/midsemLAB.srcs/sources_1/ip/clk_wiz_0/clk_wiz_0.xci

INFO: [IP_Flow 19-2162] IP 'clk_wiz_0' is locked:
* This IP has board specific outputs. Current project board 'digilentinc.com:zybo-z7-10:part0:1.2' and the board 'digilentinc.com:zedboard:part0:1.1' used to customize the IP 'clk_wiz_0' do not match. * Current project part 'xc7z010clg400-1' and the part 'xc7z020clg484-1' used to customize the IP 'clk_wiz_0' do not match.
INFO: [IP_Flow 19-2162] IP 'vio_0' is locked:
* Current project part 'xc7z010clg400-1' and the part 'xc7z020clg484-1' used to customize the IP 'vio_0' do not match.
Attempting to get a license for feature 'Synthesis' and/or device 'xc7z010'
INFO: [Common 17-349] Got license for feature 'Synthesis' and/or device 'xc7z010'
INFO: [Device 21-403] Loading part xc7z010clg400-1
INFO: Launching helper process for spawning children vivado processes
INFO: Helper process launched with PID 6736 
---------------------------------------------------------------------------------
Starting RTL Elaboration : Time (s): cpu = 00:00:05 ; elapsed = 00:00:05 . Memory (MB): peak = 839.133 ; gain = 176.074
---------------------------------------------------------------------------------
INFO: [Synth 8-6157] synthesizing module 'vio_wrapper' [C:/Users/aniru/Desktop/ELD/midsemLAB/midsemLAB.srcs/sources_1/new/vio_wrapper.v:22]
INFO: [Synth 8-6157] synthesizing module 'vio_0' [C:/Users/aniru/Desktop/ELD/midsemLAB/midsemLAB.runs/synth_1/.Xil/Vivado-3852-DESKTOP-UKD76RS/realtime/vio_0_stub.v:6]
INFO: [Synth 8-6155] done synthesizing module 'vio_0' (1#1) [C:/Users/aniru/Desktop/ELD/midsemLAB/midsemLAB.runs/synth_1/.Xil/Vivado-3852-DESKTOP-UKD76RS/realtime/vio_0_stub.v:6]
WARNING: [Synth 8-7023] instance 'vio_in0' of module 'vio_0' has 6 connections declared, but only 5 given [C:/Users/aniru/Desktop/ELD/midsemLAB/midsemLAB.srcs/sources_1/new/vio_wrapper.v:29]
INFO: [Synth 8-6157] synthesizing module 'Top_seq' [C:/Users/aniru/Desktop/ELD/midsemLAB/midsemLAB.srcs/sources_1/new/Top_seq.v:22]
INFO: [Synth 8-6157] synthesizing module 'clk_wiz_0' [C:/Users/aniru/Desktop/ELD/midsemLAB/midsemLAB.runs/synth_1/.Xil/Vivado-3852-DESKTOP-UKD76RS/realtime/clk_wiz_0_stub.v:5]
INFO: [Synth 8-6155] done synthesizing module 'clk_wiz_0' (2#1) [C:/Users/aniru/Desktop/ELD/midsemLAB/midsemLAB.runs/synth_1/.Xil/Vivado-3852-DESKTOP-UKD76RS/realtime/clk_wiz_0_stub.v:5]
INFO: [Synth 8-6157] synthesizing module 'clk_div' [C:/Users/aniru/Desktop/ELD/midsemLAB/midsemLAB.srcs/sources_1/new/clk_div.v:1]
	Parameter div_value bound to: 12499 - type: integer 
INFO: [Synth 8-6155] done synthesizing module 'clk_div' (3#1) [C:/Users/aniru/Desktop/ELD/midsemLAB/midsemLAB.srcs/sources_1/new/clk_div.v:1]
INFO: [Synth 8-6157] synthesizing module 'input_pulse' [C:/Users/aniru/Desktop/ELD/midsemLAB/midsemLAB.srcs/sources_1/new/input_pulse.v:1]
INFO: [Synth 8-6155] done synthesizing module 'input_pulse' (4#1) [C:/Users/aniru/Desktop/ELD/midsemLAB/midsemLAB.srcs/sources_1/new/input_pulse.v:1]
INFO: [Synth 8-6157] synthesizing module 'fsm_11011' [C:/Users/aniru/Desktop/ELD/midsemLAB/midsemLAB.srcs/sources_1/new/fsm_11011.v:1]
	Parameter S0 bound to: 2'b00 
	Parameter S1 bound to: 2'b01 
	Parameter S2 bound to: 2'b10 
INFO: [Synth 8-6155] done synthesizing module 'fsm_11011' (5#1) [C:/Users/aniru/Desktop/ELD/midsemLAB/midsemLAB.srcs/sources_1/new/fsm_11011.v:1]
INFO: [Synth 8-6155] done synthesizing module 'Top_seq' (6#1) [C:/Users/aniru/Desktop/ELD/midsemLAB/midsemLAB.srcs/sources_1/new/Top_seq.v:22]
WARNING: [Synth 8-689] width (1) of port connection 'out' does not match port width (8) of module 'Top_seq' [C:/Users/aniru/Desktop/ELD/midsemLAB/midsemLAB.srcs/sources_1/new/vio_wrapper.v:41]
INFO: [Synth 8-6071] Mark debug on the nets applies keep_hierarchy on instance 'vio_in0'. This will prevent further optimization [C:/Users/aniru/Desktop/ELD/midsemLAB/midsemLAB.srcs/sources_1/new/vio_wrapper.v:29]
INFO: [Synth 8-6071] Mark debug on the nets applies keep_hierarchy on instance 'vin2'. This will prevent further optimization [C:/Users/aniru/Desktop/ELD/midsemLAB/midsemLAB.srcs/sources_1/new/vio_wrapper.v:37]
INFO: [Synth 8-6155] done synthesizing module 'vio_wrapper' (7#1) [C:/Users/aniru/Desktop/ELD/midsemLAB/midsemLAB.srcs/sources_1/new/vio_wrapper.v:22]
---------------------------------------------------------------------------------
Finished RTL Elaboration : Time (s): cpu = 00:00:06 ; elapsed = 00:00:07 . Memory (MB): peak = 904.512 ; gain = 241.453
---------------------------------------------------------------------------------

Report Check Netlist: 
+------+------------------+-------+---------+-------+------------------+
|      |Item              |Errors |Warnings |Status |Description       |
+------+------------------+-------+---------+-------+------------------+
|1     |multi_driven_nets |      0|        0|Passed |Multi driven nets |
+------+------------------+-------+---------+-------+------------------+
---------------------------------------------------------------------------------
Start Handling Custom Attributes
---------------------------------------------------------------------------------
---------------------------------------------------------------------------------
Finished Handling Custom Attributes : Time (s): cpu = 00:00:07 ; elapsed = 00:00:07 . Memory (MB): peak = 904.512 ; gain = 241.453
---------------------------------------------------------------------------------
---------------------------------------------------------------------------------
Finished RTL Optimization Phase 1 : Time (s): cpu = 00:00:07 ; elapsed = 00:00:07 . Memory (MB): peak = 904.512 ; gain = 241.453
---------------------------------------------------------------------------------
INFO: [Project 1-570] Preparing netlist for logic optimization

Processing XDC Constraints
Initializing timing engine
Parsing XDC File [c:/Users/aniru/Desktop/ELD/midsemLAB/midsemLAB.srcs/sources_1/ip/clk_wiz_0/clk_wiz_0/clk_wiz_0_in_context.xdc] for cell 'vin2/Clk_in0'
Finished Parsing XDC File [c:/Users/aniru/Desktop/ELD/midsemLAB/midsemLAB.srcs/sources_1/ip/clk_wiz_0/clk_wiz_0/clk_wiz_0_in_context.xdc] for cell 'vin2/Clk_in0'
Parsing XDC File [c:/Users/aniru/Desktop/ELD/midsemLAB/midsemLAB.srcs/sources_1/ip/vio_0/vio_0/vio_0_in_context.xdc] for cell 'vio_in0'
Finished Parsing XDC File [c:/Users/aniru/Desktop/ELD/midsemLAB/midsemLAB.srcs/sources_1/ip/vio_0/vio_0/vio_0_in_context.xdc] for cell 'vio_in0'
Parsing XDC File [C:/Users/aniru/Desktop/ELD/midsemLAB/midsemLAB.srcs/constrs_1/new/zybo.xdc]
WARNING: [Vivado 12-584] No ports matched 'Clk_100M'. [C:/Users/aniru/Desktop/ELD/midsemLAB/midsemLAB.srcs/constrs_1/new/zybo.xdc:8]
WARNING: [Vivado 12-584] No ports matched 'Clk_100M'. [C:/Users/aniru/Desktop/ELD/midsemLAB/midsemLAB.srcs/constrs_1/new/zybo.xdc:9]
Finished Parsing XDC File [C:/Users/aniru/Desktop/ELD/midsemLAB/midsemLAB.srcs/constrs_1/new/zybo.xdc]
WARNING: [Project 1-498] One or more constraints failed evaluation while reading constraint file [C:/Users/aniru/Desktop/ELD/midsemLAB/midsemLAB.srcs/constrs_1/new/zybo.xdc] and the design contains unresolved black boxes. These constraints will be read post-synthesis (as long as their source constraint file is marked as used_in_implementation) and should be applied correctly then. You should review the constraints listed in the file [.Xil/vio_wrapper_propImpl.xdc] and check the run log file to verify that these constraints were correctly applied.
Completed Processing XDC Constraints

Netlist sorting complete. Time (s): cpu = 00:00:00 ; elapsed = 00:00:00 . Memory (MB): peak = 999.285 ; gain = 0.000
INFO: [Project 1-111] Unisim Transformation Summary:
No Unisim elements were transformed.

Constraint Validation Runtime : Time (s): cpu = 00:00:00 ; elapsed = 00:00:00.005 . Memory (MB): peak = 999.285 ; gain = 0.000
---------------------------------------------------------------------------------
Finished Constraint Validation : Time (s): cpu = 00:00:14 ; elapsed = 00:00:15 . Memory (MB): peak = 999.285 ; gain = 336.227
---------------------------------------------------------------------------------
---------------------------------------------------------------------------------
Start Loading Part and Timing Information
---------------------------------------------------------------------------------
Loading part: xc7z010clg400-1
---------------------------------------------------------------------------------
Finished Loading Part and Timing Information : Time (s): cpu = 00:00:14 ; elapsed = 00:00:15 . Memory (MB): peak = 999.285 ; gain = 336.227
---------------------------------------------------------------------------------
---------------------------------------------------------------------------------
Start Applying 'set_property' XDC Constraints
---------------------------------------------------------------------------------
Applied set_property IO_BUFFER_TYPE = NONE for clk. (constraint file  c:/Users/aniru/Desktop/ELD/midsemLAB/midsemLAB.srcs/sources_1/ip/clk_wiz_0/clk_wiz_0/clk_wiz_0_in_context.xdc, line 3).
Applied set_property CLOCK_BUFFER_TYPE = NONE for clk. (constraint file  c:/Users/aniru/Desktop/ELD/midsemLAB/midsemLAB.srcs/sources_1/ip/clk_wiz_0/clk_wiz_0/clk_wiz_0_in_context.xdc, line 4).
Applied set_property DONT_TOUCH = true for vin2/Clk_in0. (constraint file  auto generated constraint, line ).
Applied set_property DONT_TOUCH = true for vio_in0. (constraint file  auto generated constraint, line ).
---------------------------------------------------------------------------------
Finished applying 'set_property' XDC Constraints : Time (s): cpu = 00:00:14 ; elapsed = 00:00:15 . Memory (MB): peak = 999.285 ; gain = 336.227
---------------------------------------------------------------------------------
INFO: [Synth 8-802] inferred FSM for state register 'present_state_reg' in module 'fsm_11011'
INFO: [Synth 8-5544] ROM "out" won't be mapped to Block RAM because address size (2) smaller than threshold (5)
---------------------------------------------------------------------------------------------------
                   State |                     New Encoding |                Previous Encoding 
---------------------------------------------------------------------------------------------------
                      S0 |                              001 |                               00
                      S1 |                              010 |                               01
                      S2 |                              100 |                               10
---------------------------------------------------------------------------------------------------
INFO: [Synth 8-3354] encoded FSM with state register 'present_state_reg' using encoding 'one-hot' in module 'fsm_11011'
---------------------------------------------------------------------------------
Finished RTL Optimization Phase 2 : Time (s): cpu = 00:00:15 ; elapsed = 00:00:16 . Memory (MB): peak = 999.285 ; gain = 336.227
---------------------------------------------------------------------------------

Report RTL Partitions: 
+-+--------------+------------+----------+
| |RTL Partition |Replication |Instances |
+-+--------------+------------+----------+
+-+--------------+------------+----------+
---------------------------------------------------------------------------------
Start RTL Component Statistics 
---------------------------------------------------------------------------------
Detailed RTL Component Info : 
+---Adders : 
	   2 Input     32 Bit       Adders := 1     
+---Registers : 
	               32 Bit    Registers := 1     
	                1 Bit    Registers := 3     
+---Muxes : 
	   2 Input     32 Bit        Muxes := 1     
---------------------------------------------------------------------------------
Finished RTL Component Statistics 
---------------------------------------------------------------------------------
---------------------------------------------------------------------------------
Start RTL Hierarchical Component Statistics 
---------------------------------------------------------------------------------
Hierarchical RTL Component report 
Module clk_div 
Detailed RTL Component Info : 
+---Adders : 
	   2 Input     32 Bit       Adders := 1     
+---Registers : 
	               32 Bit    Registers := 1     
	                1 Bit    Registers := 1     
+---Muxes : 
	   2 Input     32 Bit        Muxes := 1     
Module input_pulse 
Detailed RTL Component Info : 
+---Registers : 
	                1 Bit    Registers := 2     
---------------------------------------------------------------------------------
Finished RTL Hierarchical Component Statistics
---------------------------------------------------------------------------------
---------------------------------------------------------------------------------
Start Part Resource Summary
---------------------------------------------------------------------------------
Part Resources:
DSPs: 80 (col length:40)
BRAMs: 120 (col length: RAMB18 40 RAMB36 20)
---------------------------------------------------------------------------------
Finished Part Resource Summary
---------------------------------------------------------------------------------
---------------------------------------------------------------------------------
Start Cross Boundary and Area Optimization
---------------------------------------------------------------------------------
Warning: Parallel synthesis criteria is not met 
---------------------------------------------------------------------------------
Finished Cross Boundary and Area Optimization : Time (s): cpu = 00:00:17 ; elapsed = 00:00:18 . Memory (MB): peak = 999.285 ; gain = 336.227
---------------------------------------------------------------------------------

Report RTL Partitions: 
+-+--------------+------------+----------+
| |RTL Partition |Replication |Instances |
+-+--------------+------------+----------+
+-+--------------+------------+----------+
---------------------------------------------------------------------------------
Start Applying XDC Timing Constraints
---------------------------------------------------------------------------------
INFO: [Synth 8-5578] Moved timing constraint from pin 'vin2/Clk_in0/clk_out1' to pin 'vin2/Clk_in0/bbstub_clk_out1/O'
INFO: [Synth 8-5819] Moved 1 constraints on hierarchical pins to their respective driving/loading pins
---------------------------------------------------------------------------------
Finished Applying XDC Timing Constraints : Time (s): cpu = 00:00:28 ; elapsed = 00:00:29 . Memory (MB): peak = 1004.727 ; gain = 341.668
---------------------------------------------------------------------------------
---------------------------------------------------------------------------------
Start Timing Optimization
---------------------------------------------------------------------------------
---------------------------------------------------------------------------------
Finished Timing Optimization : Time (s): cpu = 00:00:28 ; elapsed = 00:00:29 . Memory (MB): peak = 1027.090 ; gain = 364.031
---------------------------------------------------------------------------------

Report RTL Partitions: 
+-+--------------+------------+----------+
| |RTL Partition |Replication |Instances |
+-+--------------+------------+----------+
+-+--------------+------------+----------+
---------------------------------------------------------------------------------
Start Technology Mapping
---------------------------------------------------------------------------------
---------------------------------------------------------------------------------
Finished Technology Mapping : Time (s): cpu = 00:00:28 ; elapsed = 00:00:29 . Memory (MB): peak = 1027.090 ; gain = 364.031
---------------------------------------------------------------------------------

Report RTL Partitions: 
+-+--------------+------------+----------+
| |RTL Partition |Replication |Instances |
+-+--------------+------------+----------+
+-+--------------+------------+----------+
---------------------------------------------------------------------------------
Start IO Insertion
---------------------------------------------------------------------------------
---------------------------------------------------------------------------------
Start Flattening Before IO Insertion
---------------------------------------------------------------------------------
---------------------------------------------------------------------------------
Finished Flattening Before IO Insertion
---------------------------------------------------------------------------------
---------------------------------------------------------------------------------
Start Final Netlist Cleanup
---------------------------------------------------------------------------------
---------------------------------------------------------------------------------
Finished Final Netlist Cleanup
---------------------------------------------------------------------------------
WARNING: [Synth 8-3295] tying undriven pin present_state_inferred:in0[1] to constant 0
WARNING: [Synth 8-3295] tying undriven pin present_state_inferred:in0[0] to constant 0
---------------------------------------------------------------------------------
Finished IO Insertion : Time (s): cpu = 00:00:31 ; elapsed = 00:00:32 . Memory (MB): peak = 1034.684 ; gain = 371.625
---------------------------------------------------------------------------------

Report Check Netlist: 
+------+------------------+-------+---------+-------+------------------+
|      |Item              |Errors |Warnings |Status |Description       |
+------+------------------+-------+---------+-------+------------------+
|1     |multi_driven_nets |      0|        0|Passed |Multi driven nets |
+------+------------------+-------+---------+-------+------------------+
---------------------------------------------------------------------------------
Start Renaming Generated Instances
---------------------------------------------------------------------------------
---------------------------------------------------------------------------------
Finished Renaming Generated Instances : Time (s): cpu = 00:00:31 ; elapsed = 00:00:32 . Memory (MB): peak = 1034.684 ; gain = 371.625
---------------------------------------------------------------------------------

Report RTL Partitions: 
+-+--------------+------------+----------+
| |RTL Partition |Replication |Instances |
+-+--------------+------------+----------+
+-+--------------+------------+----------+
---------------------------------------------------------------------------------
Start Rebuilding User Hierarchy
---------------------------------------------------------------------------------
---------------------------------------------------------------------------------
Finished Rebuilding User Hierarchy : Time (s): cpu = 00:00:31 ; elapsed = 00:00:32 . Memory (MB): peak = 1034.684 ; gain = 371.625
---------------------------------------------------------------------------------
---------------------------------------------------------------------------------
Start Renaming Generated Ports
---------------------------------------------------------------------------------
---------------------------------------------------------------------------------
Finished Renaming Generated Ports : Time (s): cpu = 00:00:31 ; elapsed = 00:00:32 . Memory (MB): peak = 1034.684 ; gain = 371.625
---------------------------------------------------------------------------------
---------------------------------------------------------------------------------
Start Handling Custom Attributes
---------------------------------------------------------------------------------
---------------------------------------------------------------------------------
Finished Handling Custom Attributes : Time (s): cpu = 00:00:31 ; elapsed = 00:00:32 . Memory (MB): peak = 1034.684 ; gain = 371.625
---------------------------------------------------------------------------------
---------------------------------------------------------------------------------
Start Renaming Generated Nets
---------------------------------------------------------------------------------
---------------------------------------------------------------------------------
Finished Renaming Generated Nets : Time (s): cpu = 00:00:31 ; elapsed = 00:00:32 . Memory (MB): peak = 1034.684 ; gain = 371.625
---------------------------------------------------------------------------------
---------------------------------------------------------------------------------
Start Writing Synthesis Report
---------------------------------------------------------------------------------

Report BlackBoxes: 
+------+--------------+----------+
|      |BlackBox name |Instances |
+------+--------------+----------+
|1     |clk_wiz_0     |         1|
|2     |vio_0         |         1|
+------+--------------+----------+

Report Cell Usage: 
+------+----------+------+
|      |Cell      |Count |
+------+----------+------+
|1     |clk_wiz_0 |     1|
|2     |vio_0     |     1|
|3     |CARRY4    |     8|
|4     |LUT1      |     2|
|5     |LUT2      |     1|
|6     |LUT4      |     4|
|7     |LUT5      |    37|
|8     |FDCE      |    35|
|9     |FDPE      |     1|
|10    |FDRE      |     2|
+------+----------+------+

Report Instance Areas: 
+------+---------------------+------------+------+
|      |Instance             |Module      |Cells |
+------+---------------------+------------+------+
|1     |top                  |            |    94|
|2     |  vin2               |Top_seq     |    89|
|3     |    clk_div_inst     |clk_div     |    82|
|4     |    fsm_inst         |fsm_11011   |     3|
|5     |    input_pulse_inst |input_pulse |     3|
+------+---------------------+------------+------+
---------------------------------------------------------------------------------
Finished Writing Synthesis Report : Time (s): cpu = 00:00:31 ; elapsed = 00:00:32 . Memory (MB): peak = 1034.684 ; gain = 371.625
---------------------------------------------------------------------------------
Synthesis finished with 0 errors, 0 critical warnings and 2 warnings.
Synthesis Optimization Runtime : Time (s): cpu = 00:00:22 ; elapsed = 00:00:29 . Memory (MB): peak = 1034.684 ; gain = 276.852
Synthesis Optimization Complete : Time (s): cpu = 00:00:31 ; elapsed = 00:00:32 . Memory (MB): peak = 1034.684 ; gain = 371.625
INFO: [Project 1-571] Translating synthesized netlist
INFO: [Netlist 29-17] Analyzing 8 Unisim elements for replacement
INFO: [Netlist 29-28] Unisim Transformation completed in 0 CPU seconds
INFO: [Project 1-570] Preparing netlist for logic optimization
INFO: [Opt 31-138] Pushed 0 inverter(s) to 0 load pin(s).
Netlist sorting complete. Time (s): cpu = 00:00:00 ; elapsed = 00:00:00 . Memory (MB): peak = 1048.352 ; gain = 0.000
INFO: [Project 1-111] Unisim Transformation Summary:
No Unisim elements were transformed.

INFO: [Common 17-83] Releasing license: Synthesis
34 Infos, 9 Warnings, 0 Critical Warnings and 0 Errors encountered.
synth_design completed successfully
synth_design: Time (s): cpu = 00:00:39 ; elapsed = 00:00:48 . Memory (MB): peak = 1048.352 ; gain = 633.430
Netlist sorting complete. Time (s): cpu = 00:00:00 ; elapsed = 00:00:00 . Memory (MB): peak = 1048.352 ; gain = 0.000
WARNING: [Constraints 18-5210] No constraints selected for write.
Resolution: This message can indicate that there are no constraints for the design, or it can indicate that the used_in flags are set such that the constraints are ignored. This later case is used when running synth_design to not write synthesis constraints to the resulting checkpoint. Instead, project constraints are read when the synthesized design is opened.
INFO: [Common 17-1381] The checkpoint 'C:/Users/aniru/Desktop/ELD/midsemLAB/midsemLAB.runs/synth_1/vio_wrapper.dcp' has been generated.
INFO: [runtcl-4] Executing : report_utilization -file vio_wrapper_utilization_synth.rpt -pb vio_wrapper_utilization_synth.pb
INFO: [Common 17-206] Exiting Vivado at Sun Oct  6 13:53:52 2024...
