02:17:03 INFO  : Registering command handlers for SDK TCF services
02:17:05 INFO  : Launching XSCT server: xsct.bat -interactive C:\Users\aniru\Desktop\ELD\lab10hw\lab10hw.sdk\temp_xsdb_launch_script.tcl
02:17:09 INFO  : XSCT server has started successfully.
02:17:09 INFO  : Successfully done setting XSCT server connection channel  
02:17:09 INFO  : Successfully done setting SDK workspace  
02:17:09 INFO  : Processing command line option -hwspec C:/Users/aniru/Desktop/ELD/lab10hw/lab10hw.sdk/design_1_wrapper.hdf.
02:19:50 INFO  : Refreshed build settings on project lab10hw
02:23:07 INFO  : Connected through redirection to target on host '192.168.226.142' and port '58387'.
02:23:09 WARN  : SDK version '2019.1' doesn't match hw_server version '2024.1.0'. Some debug features may not work.
02:23:10 INFO  : Jtag cable 'Digilent Zed 210248A39C93' is selected.
02:23:11 INFO  : 'jtag frequency' command is executed.
02:23:11 INFO  : Sourcing of 'C:/Users/aniru/Desktop/ELD/lab10hw/lab10hw.sdk/design_1_wrapper_hw_platform_0/ps7_init.tcl' is done.
02:23:11 INFO  : Context for 'APU' is selected.
02:23:11 INFO  : System reset is completed.
02:23:14 INFO  : 'after 3000' command is executed.
02:23:15 INFO  : 'targets -set -filter {jtag_cable_name =~ "Digilent Zed 210248A39C93" && level==0} -index 1' command is executed.
02:23:19 INFO  : FPGA configured successfully with bitstream "C:/Users/aniru/Desktop/ELD/lab10hw/lab10hw.sdk/design_1_wrapper_hw_platform_0/design_1_wrapper.bit"
02:23:19 INFO  : Context for 'APU' is selected.
02:23:20 INFO  : Hardware design information is loaded from 'C:/Users/aniru/Desktop/ELD/lab10hw/lab10hw.sdk/design_1_wrapper_hw_platform_0/system.hdf'.
02:23:20 INFO  : 'configparams force-mem-access 1' command is executed.
02:23:20 INFO  : Context for 'APU' is selected.
02:23:30 INFO  : 'ps7_init' command is executed.
02:23:31 INFO  : 'ps7_post_config' command is executed.
02:23:31 INFO  : Context for processor 'ps7_cortexa9_0' is selected.
02:23:31 INFO  : The application 'C:/Users/aniru/Desktop/ELD/lab10hw/lab10hw.sdk/lab10hw/Debug/lab10hw.elf' is downloaded to processor 'ps7_cortexa9_0'.
02:23:31 INFO  : 'configparams force-mem-access 0' command is executed.
02:23:31 INFO  : ----------------XSDB Script----------------
connect -path [list tcp::1534 tcp:192.168.226.142:58387]
source C:/Users/aniru/Desktop/ELD/lab10hw/lab10hw.sdk/design_1_wrapper_hw_platform_0/ps7_init.tcl
targets -set -nocase -filter {name =~"APU*" && jtag_cable_name =~ "Digilent Zed 210248A39C93"} -index 0
rst -system
after 3000
targets -set -filter {jtag_cable_name =~ "Digilent Zed 210248A39C93" && level==0} -index 1
fpga -file C:/Users/aniru/Desktop/ELD/lab10hw/lab10hw.sdk/design_1_wrapper_hw_platform_0/design_1_wrapper.bit
targets -set -nocase -filter {name =~"APU*" && jtag_cable_name =~ "Digilent Zed 210248A39C93"} -index 0
loadhw -hw C:/Users/aniru/Desktop/ELD/lab10hw/lab10hw.sdk/design_1_wrapper_hw_platform_0/system.hdf -mem-ranges [list {0x40000000 0xbfffffff}]
configparams force-mem-access 1
targets -set -nocase -filter {name =~"APU*" && jtag_cable_name =~ "Digilent Zed 210248A39C93"} -index 0
ps7_init
ps7_post_config
targets -set -nocase -filter {name =~ "ARM*#0" && jtag_cable_name =~ "Digilent Zed 210248A39C93"} -index 0
dow C:/Users/aniru/Desktop/ELD/lab10hw/lab10hw.sdk/lab10hw/Debug/lab10hw.elf
configparams force-mem-access 0
----------------End of Script----------------

02:23:32 INFO  : Memory regions updated for context APU
02:23:32 INFO  : Context for processor 'ps7_cortexa9_0' is selected.
02:23:32 INFO  : 'con' command is executed.
02:23:32 INFO  : ----------------XSDB Script (After Launch)----------------
targets -set -nocase -filter {name =~ "ARM*#0" && jtag_cable_name =~ "Digilent Zed 210248A39C93"} -index 0
con
----------------End of Script----------------

02:23:32 INFO  : Launch script is exported to file 'C:\Users\aniru\Desktop\ELD\lab10hw\lab10hw.sdk\.sdk\launch_scripts\xilinx_c-c++_application_(system_debugger)\system_debugger_using_debug_lab10hw.elf_on_remote.tcl'
02:27:42 INFO  : Disconnected from the channel tcfchan#1.
03:07:37 INFO  : Registering command handlers for SDK TCF services
03:07:37 INFO  : Launching XSCT server: xsct.bat -interactive C:\Users\aniru\Desktop\ELD\lab10hw\lab10hw.sdk\temp_xsdb_launch_script.tcl
03:07:42 INFO  : XSCT server has started successfully.
03:07:43 INFO  : Successfully done setting XSCT server connection channel  
03:07:43 INFO  : Processing command line option -hwspec C:/Users/aniru/Desktop/ELD/lab10hw/lab10hw.sdk/design_1_wrapper.hdf.
03:07:43 INFO  : Successfully done setting SDK workspace  
03:07:43 INFO  : Checking for hwspec changes in the project design_1_wrapper_hw_platform_0.
03:16:07 INFO  : Connected through redirection to target on host '192.168.226.142' and port '49294'.
03:16:09 WARN  : SDK version '2019.1' doesn't match hw_server version '2024.1.0'. Some debug features may not work.
03:16:11 INFO  : Jtag cable 'Digilent Zed 210248A39C93' is selected.
03:16:11 INFO  : 'jtag frequency' command is executed.
03:16:11 INFO  : Sourcing of 'C:/Users/aniru/Desktop/ELD/lab10hw/lab10hw.sdk/design_1_wrapper_hw_platform_0/ps7_init.tcl' is done.
03:16:11 INFO  : Context for 'APU' is selected.
03:16:12 INFO  : System reset is completed.
03:16:15 INFO  : 'after 3000' command is executed.
03:16:15 INFO  : 'targets -set -filter {jtag_cable_name =~ "Digilent Zed 210248A39C93" && level==0} -index 1' command is executed.
03:16:18 INFO  : FPGA configured successfully with bitstream "C:/Users/aniru/Desktop/ELD/lab10hw/lab10hw.sdk/design_1_wrapper_hw_platform_0/design_1_wrapper.bit"
03:16:18 INFO  : Context for 'APU' is selected.
03:16:18 INFO  : Hardware design information is loaded from 'C:/Users/aniru/Desktop/ELD/lab10hw/lab10hw.sdk/design_1_wrapper_hw_platform_0/system.hdf'.
03:16:18 INFO  : 'configparams force-mem-access 1' command is executed.
03:16:18 INFO  : Context for 'APU' is selected.
03:16:27 INFO  : 'ps7_init' command is executed.
03:16:27 INFO  : 'ps7_post_config' command is executed.
03:16:27 INFO  : Context for processor 'ps7_cortexa9_0' is selected.
03:16:28 INFO  : The application 'C:/Users/aniru/Desktop/ELD/lab10hw/lab10hw.sdk/lab10hw/Debug/lab10hw.elf' is downloaded to processor 'ps7_cortexa9_0'.
03:16:28 INFO  : 'configparams force-mem-access 0' command is executed.
03:16:28 INFO  : ----------------XSDB Script----------------
connect -path [list tcp::1534 tcp:192.168.226.142:49294]
source C:/Users/aniru/Desktop/ELD/lab10hw/lab10hw.sdk/design_1_wrapper_hw_platform_0/ps7_init.tcl
targets -set -nocase -filter {name =~"APU*" && jtag_cable_name =~ "Digilent Zed 210248A39C93"} -index 0
rst -system
after 3000
targets -set -filter {jtag_cable_name =~ "Digilent Zed 210248A39C93" && level==0} -index 1
fpga -file C:/Users/aniru/Desktop/ELD/lab10hw/lab10hw.sdk/design_1_wrapper_hw_platform_0/design_1_wrapper.bit
targets -set -nocase -filter {name =~"APU*" && jtag_cable_name =~ "Digilent Zed 210248A39C93"} -index 0
loadhw -hw C:/Users/aniru/Desktop/ELD/lab10hw/lab10hw.sdk/design_1_wrapper_hw_platform_0/system.hdf -mem-ranges [list {0x40000000 0xbfffffff}]
configparams force-mem-access 1
targets -set -nocase -filter {name =~"APU*" && jtag_cable_name =~ "Digilent Zed 210248A39C93"} -index 0
ps7_init
ps7_post_config
targets -set -nocase -filter {name =~ "ARM*#0" && jtag_cable_name =~ "Digilent Zed 210248A39C93"} -index 0
dow C:/Users/aniru/Desktop/ELD/lab10hw/lab10hw.sdk/lab10hw/Debug/lab10hw.elf
configparams force-mem-access 0
----------------End of Script----------------

03:16:28 INFO  : Memory regions updated for context APU
03:16:28 INFO  : Context for processor 'ps7_cortexa9_0' is selected.
03:16:28 INFO  : 'con' command is executed.
03:16:28 INFO  : ----------------XSDB Script (After Launch)----------------
targets -set -nocase -filter {name =~ "ARM*#0" && jtag_cable_name =~ "Digilent Zed 210248A39C93"} -index 0
con
----------------End of Script----------------

03:16:28 INFO  : Launch script is exported to file 'C:\Users\aniru\Desktop\ELD\lab10hw\lab10hw.sdk\.sdk\launch_scripts\xilinx_c-c++_application_(system_debugger)\system_debugger_using_debug_lab10hw.elf_on_remote.tcl'
03:20:36 WARN  : channel "tcfchan#1" closed
12:22:10 INFO  : Registering command handlers for SDK TCF services
12:22:12 INFO  : Launching XSCT server: xsct.bat -interactive C:\Users\aniru\Desktop\ELD\lab10hw\lab10hw.sdk\temp_xsdb_launch_script.tcl
12:22:17 INFO  : XSCT server has started successfully.
12:22:26 INFO  : Successfully done setting XSCT server connection channel  
12:22:26 INFO  : Processing command line option -hwspec C:/Users/aniru/Desktop/ELD/lab10hw/lab10hw.sdk/design_1_wrapper.hdf.
12:22:26 INFO  : Successfully done setting SDK workspace  
12:22:26 INFO  : Checking for hwspec changes in the project design_1_wrapper_hw_platform_0.
12:32:08 INFO  : Connected through redirection to target on host '192.168.226.142' and port '50061'.
12:32:09 WARN  : SDK version '2019.1' doesn't match hw_server version '2024.1.0'. Some debug features may not work.
12:32:17 INFO  : Jtag cable 'Digilent Zed 210248722679' is selected.
12:32:17 INFO  : 'jtag frequency' command is executed.
12:32:17 INFO  : Sourcing of 'C:/Users/aniru/Desktop/ELD/lab10hw/lab10hw.sdk/design_1_wrapper_hw_platform_0/ps7_init.tcl' is done.
12:32:18 INFO  : Context for 'APU' is selected.
12:32:19 INFO  : System reset is completed.
12:32:22 INFO  : 'after 3000' command is executed.
12:32:22 INFO  : 'targets -set -filter {jtag_cable_name =~ "Digilent Zed 210248722679" && level==0} -index 1' command is executed.
12:32:27 INFO  : FPGA configured successfully with bitstream "C:/Users/aniru/Desktop/ELD/lab10hw/lab10hw.sdk/design_1_wrapper_hw_platform_0/design_1_wrapper.bit"
12:32:27 INFO  : Context for 'APU' is selected.
12:32:28 INFO  : Hardware design information is loaded from 'C:/Users/aniru/Desktop/ELD/lab10hw/lab10hw.sdk/design_1_wrapper_hw_platform_0/system.hdf'.
12:32:28 INFO  : 'configparams force-mem-access 1' command is executed.
12:32:28 INFO  : Context for 'APU' is selected.
12:32:57 INFO  : 'ps7_init' command is executed.
12:32:58 INFO  : 'ps7_post_config' command is executed.
12:32:58 INFO  : Context for processor 'ps7_cortexa9_0' is selected.
12:32:58 INFO  : The application 'C:/Users/aniru/Desktop/ELD/lab10hw/lab10hw.sdk/lab10hw/Debug/lab10hw.elf' is downloaded to processor 'ps7_cortexa9_0'.
12:32:58 INFO  : 'configparams force-mem-access 0' command is executed.
12:32:58 INFO  : ----------------XSDB Script----------------
connect -path [list tcp::1534 tcp:192.168.226.142:50061]
source C:/Users/aniru/Desktop/ELD/lab10hw/lab10hw.sdk/design_1_wrapper_hw_platform_0/ps7_init.tcl
targets -set -nocase -filter {name =~"APU*" && jtag_cable_name =~ "Digilent Zed 210248722679"} -index 0
rst -system
after 3000
targets -set -filter {jtag_cable_name =~ "Digilent Zed 210248722679" && level==0} -index 1
fpga -file C:/Users/aniru/Desktop/ELD/lab10hw/lab10hw.sdk/design_1_wrapper_hw_platform_0/design_1_wrapper.bit
targets -set -nocase -filter {name =~"APU*" && jtag_cable_name =~ "Digilent Zed 210248722679"} -index 0
loadhw -hw C:/Users/aniru/Desktop/ELD/lab10hw/lab10hw.sdk/design_1_wrapper_hw_platform_0/system.hdf -mem-ranges [list {0x40000000 0xbfffffff}]
configparams force-mem-access 1
targets -set -nocase -filter {name =~"APU*" && jtag_cable_name =~ "Digilent Zed 210248722679"} -index 0
ps7_init
ps7_post_config
targets -set -nocase -filter {name =~ "ARM*#0" && jtag_cable_name =~ "Digilent Zed 210248722679"} -index 0
dow C:/Users/aniru/Desktop/ELD/lab10hw/lab10hw.sdk/lab10hw/Debug/lab10hw.elf
configparams force-mem-access 0
----------------End of Script----------------

12:33:00 INFO  : Memory regions updated for context APU
12:33:00 INFO  : Context for processor 'ps7_cortexa9_0' is selected.
12:33:00 INFO  : 'con' command is executed.
12:33:00 INFO  : ----------------XSDB Script (After Launch)----------------
targets -set -nocase -filter {name =~ "ARM*#0" && jtag_cable_name =~ "Digilent Zed 210248722679"} -index 0
con
----------------End of Script----------------

12:33:00 INFO  : Launch script is exported to file 'C:\Users\aniru\Desktop\ELD\lab10hw\lab10hw.sdk\.sdk\launch_scripts\xilinx_c-c++_application_(system_debugger)\system_debugger_using_debug_lab10hw.elf_on_remote.tcl'
12:38:41 INFO  : Disconnected from the channel tcfchan#1.
