00:12:57 INFO  : Registering command handlers for SDK TCF services
00:13:01 INFO  : Launching XSCT server: xsct.bat -interactive C:\Users\aniru\Desktop\ELD\lab8hwzed\lab8hwzed.sdk\temp_xsdb_launch_script.tcl
00:13:17 INFO  : XSCT server has started successfully.
00:13:33 INFO  : Successfully done setting XSCT server connection channel  
00:13:33 INFO  : Processing command line option -hwspec C:/Users/aniru/Desktop/ELD/lab8hwzed/lab8hwzed.sdk/design_1_wrapper.hdf.
00:13:33 INFO  : Successfully done setting SDK workspace  
00:16:08 INFO  : Refreshed build settings on project lab8zedp
00:19:29 INFO  : Connected through redirection to target on host '192.168.226.142' and port '52891'.
00:19:31 INFO  : Jtag cable 'Digilent Zed 210248A39C93' is selected.
00:19:31 INFO  : 'jtag frequency' command is executed.
00:19:31 INFO  : Sourcing of 'C:/Users/aniru/Desktop/ELD/lab8hwzed/lab8hwzed.sdk/design_1_wrapper_hw_platform_0/ps7_init.tcl' is done.
00:19:31 INFO  : Context for 'APU' is selected.
00:19:32 INFO  : System reset is completed.
00:19:35 INFO  : 'after 3000' command is executed.
00:19:35 INFO  : Context for 'APU' is selected.
00:19:35 INFO  : Hardware design information is loaded from 'C:/Users/aniru/Desktop/ELD/lab8hwzed/lab8hwzed.sdk/design_1_wrapper_hw_platform_0/system.hdf'.
00:19:36 INFO  : 'configparams force-mem-access 1' command is executed.
00:19:36 INFO  : Context for 'APU' is selected.
00:19:45 INFO  : 'ps7_init' command is executed.
00:19:45 INFO  : 'ps7_post_config' command is executed.
00:19:45 INFO  : Context for processor 'ps7_cortexa9_0' is selected.
00:19:46 INFO  : The application 'C:/Users/aniru/Desktop/ELD/lab8hwzed/lab8hwzed.sdk/lab8zedp/Debug/lab8zedp.elf' is downloaded to processor 'ps7_cortexa9_0'.
00:19:46 INFO  : 'configparams force-mem-access 0' command is executed.
00:19:46 INFO  : ----------------XSDB Script----------------
connect -path [list tcp::1534 tcp:192.168.226.142:52891]
source C:/Users/aniru/Desktop/ELD/lab8hwzed/lab8hwzed.sdk/design_1_wrapper_hw_platform_0/ps7_init.tcl
targets -set -nocase -filter {name =~"APU*" && jtag_cable_name =~ "Digilent Zed 210248A39C93"} -index 0
rst -system
after 3000
targets -set -nocase -filter {name =~"APU*" && jtag_cable_name =~ "Digilent Zed 210248A39C93"} -index 0
loadhw -hw C:/Users/aniru/Desktop/ELD/lab8hwzed/lab8hwzed.sdk/design_1_wrapper_hw_platform_0/system.hdf -mem-ranges [list {0x40000000 0xbfffffff}]
configparams force-mem-access 1
targets -set -nocase -filter {name =~"APU*" && jtag_cable_name =~ "Digilent Zed 210248A39C93"} -index 0
ps7_init
ps7_post_config
targets -set -nocase -filter {name =~ "ARM*#0" && jtag_cable_name =~ "Digilent Zed 210248A39C93"} -index 0
dow C:/Users/aniru/Desktop/ELD/lab8hwzed/lab8hwzed.sdk/lab8zedp/Debug/lab8zedp.elf
configparams force-mem-access 0
----------------End of Script----------------

00:19:47 INFO  : Context for processor 'ps7_cortexa9_0' is selected.
00:19:47 INFO  : 'con' command is executed.
00:19:47 INFO  : ----------------XSDB Script (After Launch)----------------
targets -set -nocase -filter {name =~ "ARM*#0" && jtag_cable_name =~ "Digilent Zed 210248A39C93"} -index 0
con
----------------End of Script----------------

00:19:47 INFO  : Launch script is exported to file 'C:\Users\aniru\Desktop\ELD\lab8hwzed\lab8hwzed.sdk\.sdk\launch_scripts\xilinx_c-c++_application_(system_debugger)\system_debugger_using_debug_lab8zedp.elf_on_remotedp.tcl'
00:21:31 INFO  : Disconnected from the channel tcfchan#1.
00:21:32 INFO  : Connected through redirection to target on host '192.168.226.142' and port '52891'.
00:21:33 INFO  : Jtag cable 'Digilent Zed 210248A39C93' is selected.
00:21:33 INFO  : 'jtag frequency' command is executed.
00:21:33 INFO  : Sourcing of 'C:/Users/aniru/Desktop/ELD/lab8hwzed/lab8hwzed.sdk/design_1_wrapper_hw_platform_0/ps7_init.tcl' is done.
00:21:33 INFO  : Context for 'APU' is selected.
00:21:34 INFO  : System reset is completed.
00:21:37 INFO  : 'after 3000' command is executed.
00:21:37 INFO  : Context for 'APU' is selected.
00:21:41 INFO  : Hardware design information is loaded from 'C:/Users/aniru/Desktop/ELD/lab8hwzed/lab8hwzed.sdk/design_1_wrapper_hw_platform_0/system.hdf'.
00:21:41 INFO  : 'configparams force-mem-access 1' command is executed.
00:21:41 INFO  : Context for 'APU' is selected.
00:21:49 INFO  : 'ps7_init' command is executed.
00:21:49 INFO  : 'ps7_post_config' command is executed.
00:21:50 INFO  : Context for processor 'ps7_cortexa9_0' is selected.
00:21:50 INFO  : The application 'C:/Users/aniru/Desktop/ELD/lab8hwzed/lab8hwzed.sdk/lab8zedp/Debug/lab8zedp.elf' is downloaded to processor 'ps7_cortexa9_0'.
00:21:50 INFO  : 'configparams force-mem-access 0' command is executed.
00:21:50 INFO  : ----------------XSDB Script----------------
connect -path [list tcp::1534 tcp:192.168.226.142:52891]
source C:/Users/aniru/Desktop/ELD/lab8hwzed/lab8hwzed.sdk/design_1_wrapper_hw_platform_0/ps7_init.tcl
targets -set -nocase -filter {name =~"APU*" && jtag_cable_name =~ "Digilent Zed 210248A39C93"} -index 0
rst -system
after 3000
targets -set -nocase -filter {name =~"APU*" && jtag_cable_name =~ "Digilent Zed 210248A39C93"} -index 0
loadhw -hw C:/Users/aniru/Desktop/ELD/lab8hwzed/lab8hwzed.sdk/design_1_wrapper_hw_platform_0/system.hdf -mem-ranges [list {0x40000000 0xbfffffff}]
configparams force-mem-access 1
targets -set -nocase -filter {name =~"APU*" && jtag_cable_name =~ "Digilent Zed 210248A39C93"} -index 0
ps7_init
ps7_post_config
targets -set -nocase -filter {name =~ "ARM*#0" && jtag_cable_name =~ "Digilent Zed 210248A39C93"} -index 0
dow C:/Users/aniru/Desktop/ELD/lab8hwzed/lab8hwzed.sdk/lab8zedp/Debug/lab8zedp.elf
configparams force-mem-access 0
----------------End of Script----------------

00:21:51 INFO  : Context for processor 'ps7_cortexa9_0' is selected.
00:21:51 INFO  : 'con' command is executed.
00:21:51 INFO  : ----------------XSDB Script (After Launch)----------------
targets -set -nocase -filter {name =~ "ARM*#0" && jtag_cable_name =~ "Digilent Zed 210248A39C93"} -index 0
con
----------------End of Script----------------

00:21:51 INFO  : Launch script is exported to file 'C:\Users\aniru\Desktop\ELD\lab8hwzed\lab8hwzed.sdk\.sdk\launch_scripts\xilinx_c-c++_application_(system_debugger)\system_debugger_using_debug_lab8zedp.elf_on_remotedp.tcl'
00:26:04 INFO  : Disconnected from the channel tcfchan#2.
00:26:05 INFO  : Connected through redirection to target on host '192.168.226.142' and port '52891'.
00:26:06 INFO  : Jtag cable 'Digilent Zed 210248A39C93' is selected.
00:26:06 INFO  : 'jtag frequency' command is executed.
00:26:06 INFO  : Sourcing of 'C:/Users/aniru/Desktop/ELD/lab8hwzed/lab8hwzed.sdk/design_1_wrapper_hw_platform_0/ps7_init.tcl' is done.
00:26:06 INFO  : Context for 'APU' is selected.
00:26:07 INFO  : System reset is completed.
00:26:10 INFO  : 'after 3000' command is executed.
00:26:10 INFO  : Context for 'APU' is selected.
00:26:10 INFO  : Hardware design information is loaded from 'C:/Users/aniru/Desktop/ELD/lab8hwzed/lab8hwzed.sdk/design_1_wrapper_hw_platform_0/system.hdf'.
00:26:10 INFO  : 'configparams force-mem-access 1' command is executed.
00:26:11 INFO  : Context for 'APU' is selected.
00:26:20 INFO  : 'ps7_init' command is executed.
00:26:21 INFO  : 'ps7_post_config' command is executed.
00:26:21 INFO  : Context for processor 'ps7_cortexa9_0' is selected.
00:26:22 INFO  : The application 'C:/Users/aniru/Desktop/ELD/lab8hwzed/lab8hwzed.sdk/lab8zedp/Debug/lab8zedp.elf' is downloaded to processor 'ps7_cortexa9_0'.
00:26:22 INFO  : 'configparams force-mem-access 0' command is executed.
00:26:22 INFO  : ----------------XSDB Script----------------
connect -path [list tcp::1534 tcp:192.168.226.142:52891]
source C:/Users/aniru/Desktop/ELD/lab8hwzed/lab8hwzed.sdk/design_1_wrapper_hw_platform_0/ps7_init.tcl
targets -set -nocase -filter {name =~"APU*" && jtag_cable_name =~ "Digilent Zed 210248A39C93"} -index 0
rst -system
after 3000
targets -set -nocase -filter {name =~"APU*" && jtag_cable_name =~ "Digilent Zed 210248A39C93"} -index 0
loadhw -hw C:/Users/aniru/Desktop/ELD/lab8hwzed/lab8hwzed.sdk/design_1_wrapper_hw_platform_0/system.hdf -mem-ranges [list {0x40000000 0xbfffffff}]
configparams force-mem-access 1
targets -set -nocase -filter {name =~"APU*" && jtag_cable_name =~ "Digilent Zed 210248A39C93"} -index 0
ps7_init
ps7_post_config
targets -set -nocase -filter {name =~ "ARM*#0" && jtag_cable_name =~ "Digilent Zed 210248A39C93"} -index 0
dow C:/Users/aniru/Desktop/ELD/lab8hwzed/lab8hwzed.sdk/lab8zedp/Debug/lab8zedp.elf
configparams force-mem-access 0
----------------End of Script----------------

00:26:22 INFO  : Context for processor 'ps7_cortexa9_0' is selected.
00:26:22 INFO  : 'con' command is executed.
00:26:22 INFO  : ----------------XSDB Script (After Launch)----------------
targets -set -nocase -filter {name =~ "ARM*#0" && jtag_cable_name =~ "Digilent Zed 210248A39C93"} -index 0
con
----------------End of Script----------------

00:26:22 INFO  : Launch script is exported to file 'C:\Users\aniru\Desktop\ELD\lab8hwzed\lab8hwzed.sdk\.sdk\launch_scripts\xilinx_c-c++_application_(system_debugger)\system_debugger_using_debug_lab8zedp.elf_on_remotedp.tcl'
00:29:16 INFO  : Disconnected from the channel tcfchan#3.
00:33:51 INFO  : Connected through redirection to target on host '192.168.226.142' and port '52432'.
00:33:52 INFO  : Jtag cable 'Digilent Zed 210248A39C93' is selected.
00:33:52 INFO  : 'jtag frequency' command is executed.
00:33:52 INFO  : Sourcing of 'C:/Users/aniru/Desktop/ELD/lab8hwzed/lab8hwzed.sdk/design_1_wrapper_hw_platform_0/ps7_init.tcl' is done.
00:33:53 INFO  : Context for 'APU' is selected.
00:33:53 INFO  : System reset is completed.
00:33:56 INFO  : 'after 3000' command is executed.
00:33:56 INFO  : Context for 'APU' is selected.
00:33:56 INFO  : Hardware design information is loaded from 'C:/Users/aniru/Desktop/ELD/lab8hwzed/lab8hwzed.sdk/design_1_wrapper_hw_platform_0/system.hdf'.
00:33:56 INFO  : 'configparams force-mem-access 1' command is executed.
00:33:57 INFO  : Context for 'APU' is selected.
00:34:07 INFO  : 'ps7_init' command is executed.
00:34:08 INFO  : 'ps7_post_config' command is executed.
00:34:08 INFO  : Context for processor 'ps7_cortexa9_0' is selected.
00:34:08 INFO  : The application 'C:/Users/aniru/Desktop/ELD/lab8hwzed/lab8hwzed.sdk/lab8zedp/Debug/lab8zedp.elf' is downloaded to processor 'ps7_cortexa9_0'.
00:34:08 INFO  : 'configparams force-mem-access 0' command is executed.
00:34:08 INFO  : ----------------XSDB Script----------------
connect -path [list tcp::1534 tcp:192.168.226.142:52432]
source C:/Users/aniru/Desktop/ELD/lab8hwzed/lab8hwzed.sdk/design_1_wrapper_hw_platform_0/ps7_init.tcl
targets -set -nocase -filter {name =~"APU*" && jtag_cable_name =~ "Digilent Zed 210248A39C93"} -index 0
rst -system
after 3000
targets -set -nocase -filter {name =~"APU*" && jtag_cable_name =~ "Digilent Zed 210248A39C93"} -index 0
loadhw -hw C:/Users/aniru/Desktop/ELD/lab8hwzed/lab8hwzed.sdk/design_1_wrapper_hw_platform_0/system.hdf -mem-ranges [list {0x40000000 0xbfffffff}]
configparams force-mem-access 1
targets -set -nocase -filter {name =~"APU*" && jtag_cable_name =~ "Digilent Zed 210248A39C93"} -index 0
ps7_init
ps7_post_config
targets -set -nocase -filter {name =~ "ARM*#0" && jtag_cable_name =~ "Digilent Zed 210248A39C93"} -index 0
dow C:/Users/aniru/Desktop/ELD/lab8hwzed/lab8hwzed.sdk/lab8zedp/Debug/lab8zedp.elf
configparams force-mem-access 0
----------------End of Script----------------

00:34:09 INFO  : Context for processor 'ps7_cortexa9_0' is selected.
00:34:09 INFO  : 'con' command is executed.
00:34:09 INFO  : ----------------XSDB Script (After Launch)----------------
targets -set -nocase -filter {name =~ "ARM*#0" && jtag_cable_name =~ "Digilent Zed 210248A39C93"} -index 0
con
----------------End of Script----------------

00:34:09 INFO  : Launch script is exported to file 'C:\Users\aniru\Desktop\ELD\lab8hwzed\lab8hwzed.sdk\.sdk\launch_scripts\xilinx_c-c++_application_(system_debugger)\system_debugger_using_debug_lab8zedp.elf_on_remotedp.tcl'
00:45:11 WARN  : channel "tcfchan#4" closed
18:21:41 INFO  : Registering command handlers for SDK TCF services
18:21:45 INFO  : Launching XSCT server: xsct.bat -interactive C:\Users\aniru\Desktop\ELD\lab8hwzed\lab8hwzed.sdk\temp_xsdb_launch_script.tcl
18:21:56 INFO  : XSCT server has started successfully.
18:22:23 INFO  : Successfully done setting XSCT server connection channel  
18:22:23 INFO  : Processing command line option -hwspec C:/Users/aniru/Desktop/ELD/lab8hwzed/lab8hwzed.sdk/design_1_wrapper.hdf.
18:22:23 INFO  : Successfully done setting SDK workspace  
18:22:23 INFO  : Checking for hwspec changes in the project design_1_wrapper_hw_platform_0.
18:27:03 INFO  : Connected through redirection to target on host '192.168.226.142' and port '49168'.
18:27:08 INFO  : Jtag cable 'Digilent Zed 210248A39C93' is selected.
18:27:09 INFO  : 'jtag frequency' command is executed.
18:27:09 INFO  : Sourcing of 'C:/Users/aniru/Desktop/ELD/lab8hwzed/lab8hwzed.sdk/design_1_wrapper_hw_platform_0/ps7_init.tcl' is done.
18:27:14 INFO  : Context for 'APU' is selected.
18:27:26 INFO  : System reset is completed.
18:27:29 INFO  : 'after 3000' command is executed.
18:27:30 INFO  : Context for 'APU' is selected.
18:27:34 INFO  : Hardware design information is loaded from 'C:/Users/aniru/Desktop/ELD/lab8hwzed/lab8hwzed.sdk/design_1_wrapper_hw_platform_0/system.hdf'.
18:27:35 INFO  : 'configparams force-mem-access 1' command is executed.
18:27:35 INFO  : Context for 'APU' is selected.
18:30:03 ERROR : 'ps7_init' is cancelled.
18:30:03 INFO  : ----------------XSDB Script----------------
connect -path [list tcp::1534 tcp:192.168.226.142:49168]
source C:/Users/aniru/Desktop/ELD/lab8hwzed/lab8hwzed.sdk/design_1_wrapper_hw_platform_0/ps7_init.tcl
targets -set -nocase -filter {name =~"APU*" && jtag_cable_name =~ "Digilent Zed 210248A39C93"} -index 0
rst -system
after 3000
targets -set -nocase -filter {name =~"APU*" && jtag_cable_name =~ "Digilent Zed 210248A39C93"} -index 0
loadhw -hw C:/Users/aniru/Desktop/ELD/lab8hwzed/lab8hwzed.sdk/design_1_wrapper_hw_platform_0/system.hdf -mem-ranges [list {0x40000000 0xbfffffff}]
configparams force-mem-access 1
targets -set -nocase -filter {name =~"APU*" && jtag_cable_name =~ "Digilent Zed 210248A39C93"} -index 0
ps7_init
----------------End of Script----------------

18:30:03 INFO  : Issued abort command to xsdb.
18:30:05 ERROR : (XSDB Server)Channel closed

18:32:06 INFO  : Connected through redirection to target on host '192.168.226.142' and port '58114'.
18:32:14 INFO  : Jtag cable 'Digilent Zed 210248A39C93' is selected.
18:32:14 INFO  : 'jtag frequency' command is executed.
18:32:14 INFO  : Sourcing of 'C:/Users/aniru/Desktop/ELD/lab8hwzed/lab8hwzed.sdk/design_1_wrapper_hw_platform_0/ps7_init.tcl' is done.
18:32:18 INFO  : Context for 'APU' is selected.
18:32:32 INFO  : System reset is completed.
18:32:35 INFO  : 'after 3000' command is executed.
18:32:36 INFO  : Context for 'APU' is selected.
18:32:40 INFO  : Hardware design information is loaded from 'C:/Users/aniru/Desktop/ELD/lab8hwzed/lab8hwzed.sdk/design_1_wrapper_hw_platform_0/system.hdf'.
18:32:41 INFO  : 'configparams force-mem-access 1' command is executed.
18:32:42 INFO  : Context for 'APU' is selected.
18:35:23 INFO  : 'ps7_init' command is executed.
18:35:24 INFO  : 'ps7_post_config' command is executed.
18:35:25 INFO  : Context for processor 'ps7_cortexa9_0' is selected.
18:35:26 INFO  : The application 'C:/Users/aniru/Desktop/ELD/lab8hwzed/lab8hwzed.sdk/lab8zedp/Debug/lab8zedp.elf' is downloaded to processor 'ps7_cortexa9_0'.
18:35:26 INFO  : 'configparams force-mem-access 0' command is executed.
18:35:26 INFO  : ----------------XSDB Script----------------
connect -path [list tcp::1534 tcp:192.168.226.142:58114]
source C:/Users/aniru/Desktop/ELD/lab8hwzed/lab8hwzed.sdk/design_1_wrapper_hw_platform_0/ps7_init.tcl
targets -set -nocase -filter {name =~"APU*" && jtag_cable_name =~ "Digilent Zed 210248A39C93"} -index 0
rst -system
after 3000
targets -set -nocase -filter {name =~"APU*" && jtag_cable_name =~ "Digilent Zed 210248A39C93"} -index 0
loadhw -hw C:/Users/aniru/Desktop/ELD/lab8hwzed/lab8hwzed.sdk/design_1_wrapper_hw_platform_0/system.hdf -mem-ranges [list {0x40000000 0xbfffffff}]
configparams force-mem-access 1
targets -set -nocase -filter {name =~"APU*" && jtag_cable_name =~ "Digilent Zed 210248A39C93"} -index 0
ps7_init
ps7_post_config
targets -set -nocase -filter {name =~ "ARM*#0" && jtag_cable_name =~ "Digilent Zed 210248A39C93"} -index 0
dow C:/Users/aniru/Desktop/ELD/lab8hwzed/lab8hwzed.sdk/lab8zedp/Debug/lab8zedp.elf
configparams force-mem-access 0
----------------End of Script----------------

18:35:33 INFO  : Context for processor 'ps7_cortexa9_0' is selected.
18:35:33 INFO  : 'con' command is executed.
18:35:33 INFO  : ----------------XSDB Script (After Launch)----------------
targets -set -nocase -filter {name =~ "ARM*#0" && jtag_cable_name =~ "Digilent Zed 210248A39C93"} -index 0
con
----------------End of Script----------------

18:35:33 INFO  : Launch script is exported to file 'C:\Users\aniru\Desktop\ELD\lab8hwzed\lab8hwzed.sdk\.sdk\launch_scripts\xilinx_c-c++_application_(system_debugger)\system_debugger_using_debug_lab8zedp.elf_on_remotedp.tcl'
18:37:45 INFO  : Disconnected from the channel tcfchan#2.
11:27:42 INFO  : Registering command handlers for SDK TCF services
11:27:42 INFO  : Launching XSCT server: xsct.bat -interactive C:\Users\aniru\Desktop\ELD\lab8hwzed\lab8hwzed.sdk\temp_xsdb_launch_script.tcl
11:27:46 INFO  : XSCT server has started successfully.
11:27:47 INFO  : Successfully done setting XSCT server connection channel  
11:27:47 INFO  : Successfully done setting SDK workspace  
11:27:47 INFO  : Processing command line option -hwspec C:/Users/aniru/Desktop/ELD/lab8hwzed/lab8hwzed.sdk/design_1_wrapper.hdf.
11:27:47 INFO  : Checking for hwspec changes in the project design_1_wrapper_hw_platform_0.
14:08:20 INFO  : Connected through redirection to target on host '192.168.226.142' and port '59825'.
14:08:22 INFO  : Jtag cable 'Digilent Zed 210248A39791' is selected.
14:08:22 INFO  : 'jtag frequency' command is executed.
14:08:22 INFO  : Sourcing of 'C:/Users/aniru/Desktop/ELD/lab8hwzed/lab8hwzed.sdk/design_1_wrapper_hw_platform_0/ps7_init.tcl' is done.
14:08:22 INFO  : Context for 'APU' is selected.
14:08:23 INFO  : System reset is completed.
14:08:26 INFO  : 'after 3000' command is executed.
14:08:26 INFO  : Context for 'APU' is selected.
14:08:26 INFO  : Hardware design information is loaded from 'C:/Users/aniru/Desktop/ELD/lab8hwzed/lab8hwzed.sdk/design_1_wrapper_hw_platform_0/system.hdf'.
14:08:26 INFO  : 'configparams force-mem-access 1' command is executed.
14:08:26 INFO  : Context for 'APU' is selected.
14:08:28 INFO  : 'ps7_init' command is executed.
14:08:28 INFO  : 'ps7_post_config' command is executed.
14:08:28 INFO  : Context for processor 'ps7_cortexa9_0' is selected.
14:08:29 INFO  : The application 'C:/Users/aniru/Desktop/ELD/lab8hwzed/lab8hwzed.sdk/lab8zedp/Debug/lab8zedp.elf' is downloaded to processor 'ps7_cortexa9_0'.
14:08:29 INFO  : 'configparams force-mem-access 0' command is executed.
14:08:29 INFO  : ----------------XSDB Script----------------
connect -path [list tcp::1534 tcp:192.168.226.142:59825]
source C:/Users/aniru/Desktop/ELD/lab8hwzed/lab8hwzed.sdk/design_1_wrapper_hw_platform_0/ps7_init.tcl
targets -set -nocase -filter {name =~"APU*" && jtag_cable_name =~ "Digilent Zed 210248A39791"} -index 0
rst -system
after 3000
targets -set -nocase -filter {name =~"APU*" && jtag_cable_name =~ "Digilent Zed 210248A39791"} -index 0
loadhw -hw C:/Users/aniru/Desktop/ELD/lab8hwzed/lab8hwzed.sdk/design_1_wrapper_hw_platform_0/system.hdf -mem-ranges [list {0x40000000 0xbfffffff}]
configparams force-mem-access 1
targets -set -nocase -filter {name =~"APU*" && jtag_cable_name =~ "Digilent Zed 210248A39791"} -index 0
ps7_init
ps7_post_config
targets -set -nocase -filter {name =~ "ARM*#0" && jtag_cable_name =~ "Digilent Zed 210248A39791"} -index 0
dow C:/Users/aniru/Desktop/ELD/lab8hwzed/lab8hwzed.sdk/lab8zedp/Debug/lab8zedp.elf
configparams force-mem-access 0
----------------End of Script----------------

14:08:29 INFO  : Context for processor 'ps7_cortexa9_0' is selected.
14:08:29 INFO  : 'con' command is executed.
14:08:29 INFO  : ----------------XSDB Script (After Launch)----------------
targets -set -nocase -filter {name =~ "ARM*#0" && jtag_cable_name =~ "Digilent Zed 210248A39791"} -index 0
con
----------------End of Script----------------

14:08:29 INFO  : Launch script is exported to file 'C:\Users\aniru\Desktop\ELD\lab8hwzed\lab8hwzed.sdk\.sdk\launch_scripts\xilinx_c-c++_application_(system_debugger)\system_debugger_using_debug_lab8zedp.elf_on_remotedp.tcl'
14:15:21 WARN  : channel "tcfchan#1" closed
