00:26:02 INFO  : Registering command handlers for SDK TCF services
00:26:03 INFO  : Launching XSCT server: xsct.bat -interactive C:\Users\aniru\Desktop\ELD\lab9_32fft\lab9_32fft.sdk\temp_xsdb_launch_script.tcl
00:26:09 INFO  : XSCT server has started successfully.
00:26:09 INFO  : Successfully done setting XSCT server connection channel  
00:26:14 INFO  : Successfully done setting SDK workspace  
00:26:14 INFO  : Processing command line option -hwspec C:/Users/aniru/Desktop/ELD/lab9_32fft/lab9_32fft.sdk/design_1_wrapper.hdf.
00:27:34 ERROR : Failed to closesw "C:/Users/aniru/Desktop/ELD/lab9_32fft/lab9_32fft.sdk/lab9_32fft_bsp/system.mss"
Reason: Cannot close sw design 'C:/Users/aniru/Desktop/ELD/lab9_32fft/lab9_32fft.sdk/lab9_32fft_bsp/system.mss'.
Design is not opened in the current session.


00:31:33 INFO  : Connected through redirection to target on host '192.168.226.142' and port '53160'.
00:31:34 WARN  : SDK version '2019.1' doesn't match hw_server version '2024.1.0'. Some debug features may not work.
00:31:36 INFO  : Jtag cable 'Digilent Zed 210248A39C93' is selected.
00:31:36 INFO  : 'jtag frequency' command is executed.
00:31:36 INFO  : Sourcing of 'C:/Users/aniru/Desktop/ELD/lab9_32fft/lab9_32fft.sdk/design_1_wrapper_hw_platform_0/ps7_init.tcl' is done.
00:31:36 INFO  : Context for 'APU' is selected.
00:31:37 INFO  : System reset is completed.
00:31:40 INFO  : 'after 3000' command is executed.
00:31:40 INFO  : 'targets -set -filter {jtag_cable_name =~ "Digilent Zed 210248A39C93" && level==0} -index 1' command is executed.
00:31:44 INFO  : FPGA configured successfully with bitstream "C:/Users/aniru/Desktop/ELD/lab9_32fft/lab9_32fft.sdk/design_1_wrapper_hw_platform_0/design_1_wrapper.bit"
00:31:44 INFO  : Context for 'APU' is selected.
00:31:44 INFO  : Hardware design information is loaded from 'C:/Users/aniru/Desktop/ELD/lab9_32fft/lab9_32fft.sdk/design_1_wrapper_hw_platform_0/system.hdf'.
00:31:44 INFO  : 'configparams force-mem-access 1' command is executed.
00:31:44 INFO  : Context for 'APU' is selected.
00:31:54 INFO  : 'ps7_init' command is executed.
00:31:55 INFO  : 'ps7_post_config' command is executed.
00:31:55 INFO  : Context for processor 'ps7_cortexa9_0' is selected.
00:31:55 INFO  : The application 'C:/Users/aniru/Desktop/ELD/lab9_32fft/lab9_32fft.sdk/lab9_32fft/Debug/lab9_32fft.elf' is downloaded to processor 'ps7_cortexa9_0'.
00:31:55 INFO  : 'configparams force-mem-access 0' command is executed.
00:31:55 INFO  : ----------------XSDB Script----------------
connect -path [list tcp::1534 tcp:192.168.226.142:53160]
source C:/Users/aniru/Desktop/ELD/lab9_32fft/lab9_32fft.sdk/design_1_wrapper_hw_platform_0/ps7_init.tcl
targets -set -nocase -filter {name =~"APU*" && jtag_cable_name =~ "Digilent Zed 210248A39C93"} -index 0
rst -system
after 3000
targets -set -filter {jtag_cable_name =~ "Digilent Zed 210248A39C93" && level==0} -index 1
fpga -file C:/Users/aniru/Desktop/ELD/lab9_32fft/lab9_32fft.sdk/design_1_wrapper_hw_platform_0/design_1_wrapper.bit
targets -set -nocase -filter {name =~"APU*" && jtag_cable_name =~ "Digilent Zed 210248A39C93"} -index 0
loadhw -hw C:/Users/aniru/Desktop/ELD/lab9_32fft/lab9_32fft.sdk/design_1_wrapper_hw_platform_0/system.hdf -mem-ranges [list {0x40000000 0xbfffffff}]
configparams force-mem-access 1
targets -set -nocase -filter {name =~"APU*" && jtag_cable_name =~ "Digilent Zed 210248A39C93"} -index 0
ps7_init
ps7_post_config
targets -set -nocase -filter {name =~ "ARM*#0" && jtag_cable_name =~ "Digilent Zed 210248A39C93"} -index 0
dow C:/Users/aniru/Desktop/ELD/lab9_32fft/lab9_32fft.sdk/lab9_32fft/Debug/lab9_32fft.elf
configparams force-mem-access 0
----------------End of Script----------------

00:31:56 INFO  : Memory regions updated for context APU
00:31:56 INFO  : Context for processor 'ps7_cortexa9_0' is selected.
00:31:56 INFO  : 'con' command is executed.
00:31:56 INFO  : ----------------XSDB Script (After Launch)----------------
targets -set -nocase -filter {name =~ "ARM*#0" && jtag_cable_name =~ "Digilent Zed 210248A39C93"} -index 0
con
----------------End of Script----------------

00:31:56 INFO  : Launch script is exported to file 'C:\Users\aniru\Desktop\ELD\lab9_32fft\lab9_32fft.sdk\.sdk\launch_scripts\xilinx_c-c++_application_(system_debugger)\system_debugger_using_debug_lab9_32fft.elf_on_remotebd.tcl'
00:33:29 WARN  : channel "tcfchan#1" closed
00:33:51 ERROR : Failed to redirect connection to hardware server on host '192.168.226.142' and port '53160'.
Reason: No connection could be made because the target machine actively refused it
00:33:51 INFO  : ----------------XSDB Script----------------
connect -path [list tcp::1534 tcp:192.168.226.142:53160]
----------------End of Script----------------

00:34:10 ERROR : Failed to redirect connection to hardware server on host '192.168.226.142' and port '53160'.
Reason: No connection could be made because the target machine actively refused it
00:34:10 INFO  : ----------------XSDB Script----------------
connect -path [list tcp::1534 tcp:192.168.226.142:53160]
----------------End of Script----------------

00:35:59 ERROR : Failed to connect to hardware server on host '192.168.226.142' and port '53160'.
Reason: No connection could be made because the target machine actively refused it
00:39:48 WARN  : Couldn't find target with name: remotebd
00:39:53 INFO  : Connected through redirection to target on host '192.168.226.142' and port '53396'.
00:39:54 WARN  : SDK version '2019.1' doesn't match hw_server version '2024.1.0'. Some debug features may not work.
00:40:05 INFO  : ----------------XSDB Script----------------
connect -path [list tcp::1534 tcp:192.168.226.142:53396]
----------------End of Script----------------

00:40:47 INFO  : Connected through redirection to target on host '192.168.226.142' and port '53396'.
00:40:47 WARN  : SDK version '2019.1' doesn't match hw_server version '2024.1.0'. Some debug features may not work.
00:40:49 INFO  : Jtag cable 'Digilent Zed 210248A39791' is selected.
00:40:49 INFO  : 'jtag frequency' command is executed.
00:40:49 INFO  : Sourcing of 'C:/Users/aniru/Desktop/ELD/lab9_32fft/lab9_32fft.sdk/design_1_wrapper_hw_platform_0/ps7_init.tcl' is done.
00:40:49 INFO  : Context for 'APU' is selected.
00:40:50 INFO  : System reset is completed.
00:40:53 INFO  : 'after 3000' command is executed.
00:40:53 INFO  : 'targets -set -filter {jtag_cable_name =~ "Digilent Zed 210248A39791" && level==0} -index 1' command is executed.
00:40:56 INFO  : FPGA configured successfully with bitstream "C:/Users/aniru/Desktop/ELD/lab9_32fft/lab9_32fft.sdk/design_1_wrapper_hw_platform_0/design_1_wrapper.bit"
00:40:56 INFO  : Context for 'APU' is selected.
00:40:56 INFO  : Hardware design information is loaded from 'C:/Users/aniru/Desktop/ELD/lab9_32fft/lab9_32fft.sdk/design_1_wrapper_hw_platform_0/system.hdf'.
00:40:56 INFO  : 'configparams force-mem-access 1' command is executed.
00:40:57 INFO  : Context for 'APU' is selected.
00:41:06 INFO  : 'ps7_init' command is executed.
00:41:07 INFO  : 'ps7_post_config' command is executed.
00:41:07 INFO  : Context for processor 'ps7_cortexa9_0' is selected.
00:41:07 INFO  : The application 'C:/Users/aniru/Desktop/ELD/lab9_32fft/lab9_32fft.sdk/lab9_32fft/Debug/lab9_32fft.elf' is downloaded to processor 'ps7_cortexa9_0'.
00:41:07 INFO  : 'configparams force-mem-access 0' command is executed.
00:41:07 INFO  : ----------------XSDB Script----------------
connect -path [list tcp::1534 tcp:192.168.226.142:53396]
source C:/Users/aniru/Desktop/ELD/lab9_32fft/lab9_32fft.sdk/design_1_wrapper_hw_platform_0/ps7_init.tcl
targets -set -nocase -filter {name =~"APU*" && jtag_cable_name =~ "Digilent Zed 210248A39791"} -index 0
rst -system
after 3000
targets -set -filter {jtag_cable_name =~ "Digilent Zed 210248A39791" && level==0} -index 1
fpga -file C:/Users/aniru/Desktop/ELD/lab9_32fft/lab9_32fft.sdk/design_1_wrapper_hw_platform_0/design_1_wrapper.bit
targets -set -nocase -filter {name =~"APU*" && jtag_cable_name =~ "Digilent Zed 210248A39791"} -index 0
loadhw -hw C:/Users/aniru/Desktop/ELD/lab9_32fft/lab9_32fft.sdk/design_1_wrapper_hw_platform_0/system.hdf -mem-ranges [list {0x40000000 0xbfffffff}]
configparams force-mem-access 1
targets -set -nocase -filter {name =~"APU*" && jtag_cable_name =~ "Digilent Zed 210248A39791"} -index 0
ps7_init
ps7_post_config
targets -set -nocase -filter {name =~ "ARM*#0" && jtag_cable_name =~ "Digilent Zed 210248A39791"} -index 0
dow C:/Users/aniru/Desktop/ELD/lab9_32fft/lab9_32fft.sdk/lab9_32fft/Debug/lab9_32fft.elf
configparams force-mem-access 0
----------------End of Script----------------

00:41:08 INFO  : Memory regions updated for context APU
00:41:08 INFO  : Context for processor 'ps7_cortexa9_0' is selected.
00:41:08 INFO  : 'con' command is executed.
00:41:08 INFO  : ----------------XSDB Script (After Launch)----------------
targets -set -nocase -filter {name =~ "ARM*#0" && jtag_cable_name =~ "Digilent Zed 210248A39791"} -index 0
con
----------------End of Script----------------

00:41:08 INFO  : Launch script is exported to file 'C:\Users\aniru\Desktop\ELD\lab9_32fft\lab9_32fft.sdk\.sdk\launch_scripts\xilinx_c-c++_application_(system_debugger)\system_debugger_using_debug_lab9_32fft.elf_on_remotebd.tcl'
00:42:10 INFO  : Disconnected from the channel tcfchan#4.
00:42:11 INFO  : Connected through redirection to target on host '192.168.226.142' and port '53396'.
00:42:11 WARN  : SDK version '2019.1' doesn't match hw_server version '2024.1.0'. Some debug features may not work.
00:42:15 INFO  : Jtag cable 'Digilent Zed 210248A39791' is selected.
00:42:15 INFO  : 'jtag frequency' command is executed.
00:42:15 INFO  : Sourcing of 'C:/Users/aniru/Desktop/ELD/lab9_32fft/lab9_32fft.sdk/design_1_wrapper_hw_platform_0/ps7_init.tcl' is done.
00:42:15 INFO  : Context for 'APU' is selected.
00:42:16 INFO  : System reset is completed.
00:42:19 INFO  : 'after 3000' command is executed.
00:42:19 INFO  : 'targets -set -filter {jtag_cable_name =~ "Digilent Zed 210248A39791" && level==0} -index 1' command is executed.
00:42:24 INFO  : FPGA configured successfully with bitstream "C:/Users/aniru/Desktop/ELD/lab9_32fft/lab9_32fft.sdk/design_1_wrapper_hw_platform_0/design_1_wrapper.bit"
00:42:24 INFO  : Context for 'APU' is selected.
00:42:31 INFO  : Hardware design information is loaded from 'C:/Users/aniru/Desktop/ELD/lab9_32fft/lab9_32fft.sdk/design_1_wrapper_hw_platform_0/system.hdf'.
00:42:32 INFO  : 'configparams force-mem-access 1' command is executed.
00:42:32 INFO  : Context for 'APU' is selected.
00:42:43 INFO  : 'ps7_init' command is executed.
00:42:43 INFO  : 'ps7_post_config' command is executed.
00:42:43 INFO  : Context for processor 'ps7_cortexa9_0' is selected.
00:42:43 INFO  : The application 'C:/Users/aniru/Desktop/ELD/lab9_32fft/lab9_32fft.sdk/lab9_32fft/Debug/lab9_32fft.elf' is downloaded to processor 'ps7_cortexa9_0'.
00:42:43 INFO  : 'configparams force-mem-access 0' command is executed.
00:42:43 INFO  : ----------------XSDB Script----------------
connect -path [list tcp::1534 tcp:192.168.226.142:53396]
source C:/Users/aniru/Desktop/ELD/lab9_32fft/lab9_32fft.sdk/design_1_wrapper_hw_platform_0/ps7_init.tcl
targets -set -nocase -filter {name =~"APU*" && jtag_cable_name =~ "Digilent Zed 210248A39791"} -index 0
rst -system
after 3000
targets -set -filter {jtag_cable_name =~ "Digilent Zed 210248A39791" && level==0} -index 1
fpga -file C:/Users/aniru/Desktop/ELD/lab9_32fft/lab9_32fft.sdk/design_1_wrapper_hw_platform_0/design_1_wrapper.bit
targets -set -nocase -filter {name =~"APU*" && jtag_cable_name =~ "Digilent Zed 210248A39791"} -index 0
loadhw -hw C:/Users/aniru/Desktop/ELD/lab9_32fft/lab9_32fft.sdk/design_1_wrapper_hw_platform_0/system.hdf -mem-ranges [list {0x40000000 0xbfffffff}]
configparams force-mem-access 1
targets -set -nocase -filter {name =~"APU*" && jtag_cable_name =~ "Digilent Zed 210248A39791"} -index 0
ps7_init
ps7_post_config
targets -set -nocase -filter {name =~ "ARM*#0" && jtag_cable_name =~ "Digilent Zed 210248A39791"} -index 0
dow C:/Users/aniru/Desktop/ELD/lab9_32fft/lab9_32fft.sdk/lab9_32fft/Debug/lab9_32fft.elf
configparams force-mem-access 0
----------------End of Script----------------

00:42:44 INFO  : Memory regions updated for context APU
00:42:44 INFO  : Context for processor 'ps7_cortexa9_0' is selected.
00:42:44 INFO  : 'con' command is executed.
00:42:44 INFO  : ----------------XSDB Script (After Launch)----------------
targets -set -nocase -filter {name =~ "ARM*#0" && jtag_cable_name =~ "Digilent Zed 210248A39791"} -index 0
con
----------------End of Script----------------

00:42:44 INFO  : Launch script is exported to file 'C:\Users\aniru\Desktop\ELD\lab9_32fft\lab9_32fft.sdk\.sdk\launch_scripts\xilinx_c-c++_application_(system_debugger)\system_debugger_using_debug_lab9_32fft.elf_on_remotebd.tcl'
00:45:02 WARN  : channel "tcfchan#5" closed
00:48:21 INFO  : Connected through redirection to target on host '192.168.226.142' and port '52550'.
00:48:22 WARN  : SDK version '2019.1' doesn't match hw_server version '2024.1.0'. Some debug features may not work.
00:48:23 INFO  : Jtag cable 'Digilent Zed 210248A39C93' is selected.
00:48:23 INFO  : 'jtag frequency' command is executed.
00:48:23 INFO  : Sourcing of 'C:/Users/aniru/Desktop/ELD/lab9_32fft/lab9_32fft.sdk/design_1_wrapper_hw_platform_0/ps7_init.tcl' is done.
00:48:23 INFO  : Context for 'APU' is selected.
00:48:24 INFO  : System reset is completed.
00:48:27 INFO  : 'after 3000' command is executed.
00:48:27 INFO  : 'targets -set -filter {jtag_cable_name =~ "Digilent Zed 210248A39C93" && level==0} -index 1' command is executed.
00:48:31 INFO  : FPGA configured successfully with bitstream "C:/Users/aniru/Desktop/ELD/lab9_32fft/lab9_32fft.sdk/design_1_wrapper_hw_platform_0/design_1_wrapper.bit"
00:48:31 INFO  : Context for 'APU' is selected.
00:48:31 INFO  : Hardware design information is loaded from 'C:/Users/aniru/Desktop/ELD/lab9_32fft/lab9_32fft.sdk/design_1_wrapper_hw_platform_0/system.hdf'.
00:48:31 INFO  : 'configparams force-mem-access 1' command is executed.
00:48:31 INFO  : Context for 'APU' is selected.
00:48:42 INFO  : 'ps7_init' command is executed.
00:48:42 INFO  : 'ps7_post_config' command is executed.
00:48:42 INFO  : Context for processor 'ps7_cortexa9_0' is selected.
00:48:42 INFO  : The application 'C:/Users/aniru/Desktop/ELD/lab9_32fft/lab9_32fft.sdk/lab9_32fft/Debug/lab9_32fft.elf' is downloaded to processor 'ps7_cortexa9_0'.
00:48:43 INFO  : 'configparams force-mem-access 0' command is executed.
00:48:43 INFO  : ----------------XSDB Script----------------
connect -path [list tcp::1534 tcp:192.168.226.142:52550]
source C:/Users/aniru/Desktop/ELD/lab9_32fft/lab9_32fft.sdk/design_1_wrapper_hw_platform_0/ps7_init.tcl
targets -set -nocase -filter {name =~"APU*" && jtag_cable_name =~ "Digilent Zed 210248A39C93"} -index 0
rst -system
after 3000
targets -set -filter {jtag_cable_name =~ "Digilent Zed 210248A39C93" && level==0} -index 1
fpga -file C:/Users/aniru/Desktop/ELD/lab9_32fft/lab9_32fft.sdk/design_1_wrapper_hw_platform_0/design_1_wrapper.bit
targets -set -nocase -filter {name =~"APU*" && jtag_cable_name =~ "Digilent Zed 210248A39C93"} -index 0
loadhw -hw C:/Users/aniru/Desktop/ELD/lab9_32fft/lab9_32fft.sdk/design_1_wrapper_hw_platform_0/system.hdf -mem-ranges [list {0x40000000 0xbfffffff}]
configparams force-mem-access 1
targets -set -nocase -filter {name =~"APU*" && jtag_cable_name =~ "Digilent Zed 210248A39C93"} -index 0
ps7_init
ps7_post_config
targets -set -nocase -filter {name =~ "ARM*#0" && jtag_cable_name =~ "Digilent Zed 210248A39C93"} -index 0
dow C:/Users/aniru/Desktop/ELD/lab9_32fft/lab9_32fft.sdk/lab9_32fft/Debug/lab9_32fft.elf
configparams force-mem-access 0
----------------End of Script----------------

00:48:43 INFO  : Memory regions updated for context APU
00:48:43 INFO  : Context for processor 'ps7_cortexa9_0' is selected.
00:48:43 INFO  : 'con' command is executed.
00:48:43 INFO  : ----------------XSDB Script (After Launch)----------------
targets -set -nocase -filter {name =~ "ARM*#0" && jtag_cable_name =~ "Digilent Zed 210248A39C93"} -index 0
con
----------------End of Script----------------

00:48:43 INFO  : Launch script is exported to file 'C:\Users\aniru\Desktop\ELD\lab9_32fft\lab9_32fft.sdk\.sdk\launch_scripts\xilinx_c-c++_application_(system_debugger)\system_debugger_using_debug_lab9_32fft.elf_on_remotebd.tcl'
00:49:06 ERROR : (XSDB Server)bad option '-breakpoints': -set -regexp -nocase -filter -index -target-properties -timeout -help

00:49:18 ERROR : (XSDB Server)invalid command name "-target"

00:49:22 ERROR : (XSDB Server)invalid command name "-set"

00:49:40 ERROR : (XSDB Server)invalid command name "-breakpoints"

00:49:47 ERROR : (XSDB Server)invalid command name "-help"

00:50:00 ERROR : (XSDB Server)invalid command name "breakpoints"

00:50:05 ERROR : (XSDB Server)invalid command name "breakpoints"

00:50:22 ERROR : (XSDB Server)invalid command name "processor"

00:50:39 ERROR : (XSDB Server)invalid command name "ARM"

00:50:44 ERROR : (XSDB Server)invalid command name "resume"

00:50:50 ERROR : (XSDB Server)invalid command name "resume"

00:51:20 ERROR : (XSDB Server)invalid command name "__breakpoint()"

00:53:03 INFO  : Disconnected from the channel tcfchan#6.
00:53:04 INFO  : Connected through redirection to target on host '192.168.226.142' and port '52550'.
00:53:04 WARN  : SDK version '2019.1' doesn't match hw_server version '2024.1.0'. Some debug features may not work.
00:53:08 INFO  : Jtag cable 'Digilent Zed 210248A39C93' is selected.
00:53:08 INFO  : 'jtag frequency' command is executed.
00:53:08 INFO  : Sourcing of 'C:/Users/aniru/Desktop/ELD/lab9_32fft/lab9_32fft.sdk/design_1_wrapper_hw_platform_0/ps7_init.tcl' is done.
00:53:08 INFO  : Context for 'APU' is selected.
00:53:09 INFO  : System reset is completed.
00:53:12 INFO  : 'after 3000' command is executed.
00:53:12 INFO  : 'targets -set -filter {jtag_cable_name =~ "Digilent Zed 210248A39C93" && level==0} -index 1' command is executed.
00:53:15 INFO  : FPGA configured successfully with bitstream "C:/Users/aniru/Desktop/ELD/lab9_32fft/lab9_32fft.sdk/design_1_wrapper_hw_platform_0/design_1_wrapper.bit"
00:53:15 INFO  : Context for 'APU' is selected.
00:53:20 INFO  : Hardware design information is loaded from 'C:/Users/aniru/Desktop/ELD/lab9_32fft/lab9_32fft.sdk/design_1_wrapper_hw_platform_0/system.hdf'.
00:53:20 INFO  : 'configparams force-mem-access 1' command is executed.
00:53:20 INFO  : Context for 'APU' is selected.
00:53:30 INFO  : 'ps7_init' command is executed.
00:53:30 INFO  : 'ps7_post_config' command is executed.
00:53:30 INFO  : Context for processor 'ps7_cortexa9_0' is selected.
00:53:30 INFO  : The application 'C:/Users/aniru/Desktop/ELD/lab9_32fft/lab9_32fft.sdk/lab9_32fft/Debug/lab9_32fft.elf' is downloaded to processor 'ps7_cortexa9_0'.
00:53:30 INFO  : 'configparams force-mem-access 0' command is executed.
00:53:30 INFO  : ----------------XSDB Script----------------
connect -path [list tcp::1534 tcp:192.168.226.142:52550]
source C:/Users/aniru/Desktop/ELD/lab9_32fft/lab9_32fft.sdk/design_1_wrapper_hw_platform_0/ps7_init.tcl
targets -set -nocase -filter {name =~"APU*" && jtag_cable_name =~ "Digilent Zed 210248A39C93"} -index 0
rst -system
after 3000
targets -set -filter {jtag_cable_name =~ "Digilent Zed 210248A39C93" && level==0} -index 1
fpga -file C:/Users/aniru/Desktop/ELD/lab9_32fft/lab9_32fft.sdk/design_1_wrapper_hw_platform_0/design_1_wrapper.bit
targets -set -nocase -filter {name =~"APU*" && jtag_cable_name =~ "Digilent Zed 210248A39C93"} -index 0
loadhw -hw C:/Users/aniru/Desktop/ELD/lab9_32fft/lab9_32fft.sdk/design_1_wrapper_hw_platform_0/system.hdf -mem-ranges [list {0x40000000 0xbfffffff}]
configparams force-mem-access 1
targets -set -nocase -filter {name =~"APU*" && jtag_cable_name =~ "Digilent Zed 210248A39C93"} -index 0
ps7_init
ps7_post_config
targets -set -nocase -filter {name =~ "ARM*#0" && jtag_cable_name =~ "Digilent Zed 210248A39C93"} -index 0
dow C:/Users/aniru/Desktop/ELD/lab9_32fft/lab9_32fft.sdk/lab9_32fft/Debug/lab9_32fft.elf
configparams force-mem-access 0
----------------End of Script----------------

00:53:31 INFO  : Memory regions updated for context APU
00:53:31 INFO  : Context for processor 'ps7_cortexa9_0' is selected.
00:53:31 INFO  : 'con' command is executed.
00:53:31 INFO  : ----------------XSDB Script (After Launch)----------------
targets -set -nocase -filter {name =~ "ARM*#0" && jtag_cable_name =~ "Digilent Zed 210248A39C93"} -index 0
con
----------------End of Script----------------

00:53:31 INFO  : Launch script is exported to file 'C:\Users\aniru\Desktop\ELD\lab9_32fft\lab9_32fft.sdk\.sdk\launch_scripts\xilinx_c-c++_application_(system_debugger)\system_debugger_using_debug_lab9_32fft.elf_on_remotebd.tcl'
00:53:40 ERROR : (XSDB Server)invalid command name "clear"

00:53:42 ERROR : (XSDB Server)invalid command name "clc"

00:53:43 ERROR : (XSDB Server)invalid command name "clr"

00:56:44 INFO  : Disconnected from the channel tcfchan#7.
00:56:45 INFO  : Connected through redirection to target on host '192.168.226.142' and port '52550'.
00:56:46 WARN  : SDK version '2019.1' doesn't match hw_server version '2024.1.0'. Some debug features may not work.
00:56:57 INFO  : ----------------XSDB Script----------------
connect -path [list tcp::1534 tcp:192.168.226.142:52550]
----------------End of Script----------------

01:16:08 INFO  : Connected through redirection to target on host '192.168.226.142' and port '64768'.
01:16:10 WARN  : SDK version '2019.1' doesn't match hw_server version '2024.1.0'. Some debug features may not work.
01:16:12 INFO  : Jtag cable 'Digilent Zed 210248A39C93' is selected.
01:16:12 INFO  : 'jtag frequency' command is executed.
01:16:12 INFO  : Sourcing of 'C:/Users/aniru/Desktop/ELD/lab9_32fft/lab9_32fft.sdk/design_1_wrapper_hw_platform_0/ps7_init.tcl' is done.
01:16:13 INFO  : Context for 'APU' is selected.
01:16:13 INFO  : System reset is completed.
01:16:16 INFO  : 'after 3000' command is executed.
01:16:16 INFO  : 'targets -set -filter {jtag_cable_name =~ "Digilent Zed 210248A39C93" && level==0} -index 1' command is executed.
01:16:20 INFO  : FPGA configured successfully with bitstream "C:/Users/aniru/Desktop/ELD/lab9_32fft/lab9_32fft.sdk/design_1_wrapper_hw_platform_0/design_1_wrapper.bit"
01:16:20 INFO  : Context for 'APU' is selected.
01:16:20 INFO  : Hardware design information is loaded from 'C:/Users/aniru/Desktop/ELD/lab9_32fft/lab9_32fft.sdk/design_1_wrapper_hw_platform_0/system.hdf'.
01:16:20 INFO  : 'configparams force-mem-access 1' command is executed.
01:16:20 INFO  : Context for 'APU' is selected.
01:16:30 INFO  : 'ps7_init' command is executed.
01:16:31 INFO  : 'ps7_post_config' command is executed.
01:16:31 INFO  : Context for processor 'ps7_cortexa9_0' is selected.
01:16:31 INFO  : The application 'C:/Users/aniru/Desktop/ELD/lab9_32fft/lab9_32fft.sdk/lab9_32fft/Debug/lab9_32fft.elf' is downloaded to processor 'ps7_cortexa9_0'.
01:16:31 INFO  : 'configparams force-mem-access 0' command is executed.
01:16:31 INFO  : ----------------XSDB Script----------------
connect -path [list tcp::1534 tcp:192.168.226.142:64768]
source C:/Users/aniru/Desktop/ELD/lab9_32fft/lab9_32fft.sdk/design_1_wrapper_hw_platform_0/ps7_init.tcl
targets -set -nocase -filter {name =~"APU*" && jtag_cable_name =~ "Digilent Zed 210248A39C93"} -index 0
rst -system
after 3000
targets -set -filter {jtag_cable_name =~ "Digilent Zed 210248A39C93" && level==0} -index 1
fpga -file C:/Users/aniru/Desktop/ELD/lab9_32fft/lab9_32fft.sdk/design_1_wrapper_hw_platform_0/design_1_wrapper.bit
targets -set -nocase -filter {name =~"APU*" && jtag_cable_name =~ "Digilent Zed 210248A39C93"} -index 0
loadhw -hw C:/Users/aniru/Desktop/ELD/lab9_32fft/lab9_32fft.sdk/design_1_wrapper_hw_platform_0/system.hdf -mem-ranges [list {0x40000000 0xbfffffff}]
configparams force-mem-access 1
targets -set -nocase -filter {name =~"APU*" && jtag_cable_name =~ "Digilent Zed 210248A39C93"} -index 0
ps7_init
ps7_post_config
targets -set -nocase -filter {name =~ "ARM*#0" && jtag_cable_name =~ "Digilent Zed 210248A39C93"} -index 0
dow C:/Users/aniru/Desktop/ELD/lab9_32fft/lab9_32fft.sdk/lab9_32fft/Debug/lab9_32fft.elf
configparams force-mem-access 0
----------------End of Script----------------

01:16:32 INFO  : Memory regions updated for context APU
01:16:32 INFO  : Context for processor 'ps7_cortexa9_0' is selected.
01:16:32 INFO  : 'con' command is executed.
01:16:32 INFO  : ----------------XSDB Script (After Launch)----------------
targets -set -nocase -filter {name =~ "ARM*#0" && jtag_cable_name =~ "Digilent Zed 210248A39C93"} -index 0
con
----------------End of Script----------------

01:16:32 INFO  : Launch script is exported to file 'C:\Users\aniru\Desktop\ELD\lab9_32fft\lab9_32fft.sdk\.sdk\launch_scripts\xilinx_c-c++_application_(system_debugger)\system_debugger_using_debug_lab9_32fft.elf_on_remotebd.tcl'
01:18:43 INFO  : Disconnected from the channel tcfchan#9.
