13:17:53 INFO  : Registering command handlers for SDK TCF services
13:17:55 INFO  : Launching XSCT server: xsct.bat -interactive C:\Users\aniru\Desktop\ELD\lab11\lab11.sdk\temp_xsdb_launch_script.tcl
13:17:59 INFO  : XSCT server has started successfully.
13:17:59 INFO  : Successfully done setting XSCT server connection channel  
13:18:05 INFO  : Processing command line option -hwspec C:/Users/aniru/Desktop/ELD/lab11/lab11.sdk/design_1_wrapper.hdf.
13:18:05 INFO  : Successfully done setting SDK workspace  
13:20:05 ERROR : Failed to closesw "C:/Users/aniru/Desktop/ELD/lab11/lab11.sdk/lab11_bsp/system.mss"
Reason: Cannot close sw design 'C:/Users/aniru/Desktop/ELD/lab11/lab11.sdk/lab11_bsp/system.mss'.
Design is not opened in the current session.


13:31:12 INFO  : Connected through redirection to target on host '192.168.226.142' and port '54129'.
13:31:14 WARN  : SDK version '2019.1' doesn't match hw_server version '2024.1.0'. Some debug features may not work.
13:31:16 INFO  : Jtag cable 'Digilent Zed 210248A39C93' is selected.
13:31:16 INFO  : 'jtag frequency' command is executed.
13:31:16 INFO  : Sourcing of 'C:/Users/aniru/Desktop/ELD/lab11/lab11.sdk/design_1_wrapper_hw_platform_0/ps7_init.tcl' is done.
13:31:17 INFO  : Context for 'APU' is selected.
13:31:18 INFO  : System reset is completed.
13:31:21 INFO  : 'after 3000' command is executed.
13:31:22 INFO  : 'targets -set -filter {jtag_cable_name =~ "Digilent Zed 210248A39C93" && level==0} -index 1' command is executed.
13:31:27 INFO  : FPGA configured successfully with bitstream "C:/Users/aniru/Desktop/ELD/lab11/lab11.sdk/design_1_wrapper_hw_platform_0/design_1_wrapper.bit"
13:31:28 INFO  : Context for 'APU' is selected.
13:31:28 INFO  : Hardware design information is loaded from 'C:/Users/aniru/Desktop/ELD/lab11/lab11.sdk/design_1_wrapper_hw_platform_0/system.hdf'.
13:31:28 INFO  : 'configparams force-mem-access 1' command is executed.
13:31:28 INFO  : Context for 'APU' is selected.
13:31:47 INFO  : 'ps7_init' command is executed.
13:31:47 INFO  : 'ps7_post_config' command is executed.
13:31:48 INFO  : Context for processor 'ps7_cortexa9_0' is selected.
13:31:48 INFO  : The application 'C:/Users/aniru/Desktop/ELD/lab11/lab11.sdk/lab11/Debug/lab11.elf' is downloaded to processor 'ps7_cortexa9_0'.
13:31:48 INFO  : 'configparams force-mem-access 0' command is executed.
13:31:48 INFO  : ----------------XSDB Script----------------
connect -path [list tcp::1534 tcp:192.168.226.142:54129]
source C:/Users/aniru/Desktop/ELD/lab11/lab11.sdk/design_1_wrapper_hw_platform_0/ps7_init.tcl
targets -set -nocase -filter {name =~"APU*" && jtag_cable_name =~ "Digilent Zed 210248A39C93"} -index 0
rst -system
after 3000
targets -set -filter {jtag_cable_name =~ "Digilent Zed 210248A39C93" && level==0} -index 1
fpga -file C:/Users/aniru/Desktop/ELD/lab11/lab11.sdk/design_1_wrapper_hw_platform_0/design_1_wrapper.bit
targets -set -nocase -filter {name =~"APU*" && jtag_cable_name =~ "Digilent Zed 210248A39C93"} -index 0
loadhw -hw C:/Users/aniru/Desktop/ELD/lab11/lab11.sdk/design_1_wrapper_hw_platform_0/system.hdf -mem-ranges [list {0x40000000 0xbfffffff}]
configparams force-mem-access 1
targets -set -nocase -filter {name =~"APU*" && jtag_cable_name =~ "Digilent Zed 210248A39C93"} -index 0
ps7_init
ps7_post_config
targets -set -nocase -filter {name =~ "ARM*#0" && jtag_cable_name =~ "Digilent Zed 210248A39C93"} -index 0
dow C:/Users/aniru/Desktop/ELD/lab11/lab11.sdk/lab11/Debug/lab11.elf
configparams force-mem-access 0
----------------End of Script----------------

13:31:49 INFO  : Memory regions updated for context APU
13:31:49 INFO  : Context for processor 'ps7_cortexa9_0' is selected.
13:31:50 INFO  : 'con' command is executed.
13:31:50 INFO  : ----------------XSDB Script (After Launch)----------------
targets -set -nocase -filter {name =~ "ARM*#0" && jtag_cable_name =~ "Digilent Zed 210248A39C93"} -index 0
con
----------------End of Script----------------

13:31:50 INFO  : Launch script is exported to file 'C:\Users\aniru\Desktop\ELD\lab11\lab11.sdk\.sdk\launch_scripts\xilinx_c-c++_application_(system_debugger)\system_debugger_using_debug_lab11.elf_on_remotebb.tcl'
13:37:30 INFO  : Disconnected from the channel tcfchan#1.
13:37:31 INFO  : Connected through redirection to target on host '192.168.226.142' and port '54129'.
13:37:32 WARN  : SDK version '2019.1' doesn't match hw_server version '2024.1.0'. Some debug features may not work.
13:37:35 INFO  : Jtag cable 'Digilent Zed 210248A39C93' is selected.
13:37:35 INFO  : 'jtag frequency' command is executed.
13:37:35 INFO  : Sourcing of 'C:/Users/aniru/Desktop/ELD/lab11/lab11.sdk/design_1_wrapper_hw_platform_0/ps7_init.tcl' is done.
13:37:35 INFO  : Context for 'APU' is selected.
13:37:36 INFO  : System reset is completed.
13:37:39 INFO  : 'after 3000' command is executed.
13:37:39 INFO  : 'targets -set -filter {jtag_cable_name =~ "Digilent Zed 210248A39C93" && level==0} -index 1' command is executed.
13:37:45 INFO  : FPGA configured successfully with bitstream "C:/Users/aniru/Desktop/ELD/lab11/lab11.sdk/design_1_wrapper_hw_platform_0/design_1_wrapper.bit"
13:37:45 INFO  : Context for 'APU' is selected.
13:37:50 INFO  : Hardware design information is loaded from 'C:/Users/aniru/Desktop/ELD/lab11/lab11.sdk/design_1_wrapper_hw_platform_0/system.hdf'.
13:37:50 INFO  : 'configparams force-mem-access 1' command is executed.
13:37:50 INFO  : Context for 'APU' is selected.
13:38:05 INFO  : 'ps7_init' command is executed.
13:38:06 INFO  : 'ps7_post_config' command is executed.
13:38:06 INFO  : Context for processor 'ps7_cortexa9_0' is selected.
13:38:06 INFO  : The application 'C:/Users/aniru/Desktop/ELD/lab11/lab11.sdk/lab11/Debug/lab11.elf' is downloaded to processor 'ps7_cortexa9_0'.
13:38:06 INFO  : 'configparams force-mem-access 0' command is executed.
13:38:06 INFO  : ----------------XSDB Script----------------
connect -path [list tcp::1534 tcp:192.168.226.142:54129]
source C:/Users/aniru/Desktop/ELD/lab11/lab11.sdk/design_1_wrapper_hw_platform_0/ps7_init.tcl
targets -set -nocase -filter {name =~"APU*" && jtag_cable_name =~ "Digilent Zed 210248A39C93"} -index 0
rst -system
after 3000
targets -set -filter {jtag_cable_name =~ "Digilent Zed 210248A39C93" && level==0} -index 1
fpga -file C:/Users/aniru/Desktop/ELD/lab11/lab11.sdk/design_1_wrapper_hw_platform_0/design_1_wrapper.bit
targets -set -nocase -filter {name =~"APU*" && jtag_cable_name =~ "Digilent Zed 210248A39C93"} -index 0
loadhw -hw C:/Users/aniru/Desktop/ELD/lab11/lab11.sdk/design_1_wrapper_hw_platform_0/system.hdf -mem-ranges [list {0x40000000 0xbfffffff}]
configparams force-mem-access 1
targets -set -nocase -filter {name =~"APU*" && jtag_cable_name =~ "Digilent Zed 210248A39C93"} -index 0
ps7_init
ps7_post_config
targets -set -nocase -filter {name =~ "ARM*#0" && jtag_cable_name =~ "Digilent Zed 210248A39C93"} -index 0
dow C:/Users/aniru/Desktop/ELD/lab11/lab11.sdk/lab11/Debug/lab11.elf
configparams force-mem-access 0
----------------End of Script----------------

13:38:07 INFO  : Memory regions updated for context APU
13:38:07 INFO  : Context for processor 'ps7_cortexa9_0' is selected.
13:38:08 INFO  : 'con' command is executed.
13:38:08 INFO  : ----------------XSDB Script (After Launch)----------------
targets -set -nocase -filter {name =~ "ARM*#0" && jtag_cable_name =~ "Digilent Zed 210248A39C93"} -index 0
con
----------------End of Script----------------

13:38:08 INFO  : Launch script is exported to file 'C:\Users\aniru\Desktop\ELD\lab11\lab11.sdk\.sdk\launch_scripts\xilinx_c-c++_application_(system_debugger)\system_debugger_using_debug_lab11.elf_on_remotebb.tcl'
13:43:49 INFO  : Disconnected from the channel tcfchan#2.
13:43:50 INFO  : Connected through redirection to target on host '192.168.226.142' and port '54129'.
13:43:51 WARN  : SDK version '2019.1' doesn't match hw_server version '2024.1.0'. Some debug features may not work.
13:44:03 INFO  : Jtag cable 'Digilent Zed 210248A39C93' is selected.
13:44:03 INFO  : 'jtag frequency' command is executed.
13:44:03 INFO  : Sourcing of 'C:/Users/aniru/Desktop/ELD/lab11/lab11.sdk/design_1_wrapper_hw_platform_0/ps7_init.tcl' is done.
13:44:03 INFO  : Context for 'APU' is selected.
13:44:04 INFO  : System reset is completed.
13:44:07 INFO  : 'after 3000' command is executed.
13:44:08 INFO  : 'targets -set -filter {jtag_cable_name =~ "Digilent Zed 210248A39C93" && level==0} -index 1' command is executed.
13:44:12 INFO  : FPGA configured successfully with bitstream "C:/Users/aniru/Desktop/ELD/lab11/lab11.sdk/design_1_wrapper_hw_platform_0/design_1_wrapper.bit"
13:44:12 INFO  : Context for 'APU' is selected.
13:44:17 INFO  : Hardware design information is loaded from 'C:/Users/aniru/Desktop/ELD/lab11/lab11.sdk/design_1_wrapper_hw_platform_0/system.hdf'.
13:44:17 INFO  : 'configparams force-mem-access 1' command is executed.
13:44:17 INFO  : Context for 'APU' is selected.
13:44:33 INFO  : 'ps7_init' command is executed.
13:44:34 INFO  : 'ps7_post_config' command is executed.
13:44:34 INFO  : Context for processor 'ps7_cortexa9_0' is selected.
13:44:35 INFO  : The application 'C:/Users/aniru/Desktop/ELD/lab11/lab11.sdk/lab11/Debug/lab11.elf' is downloaded to processor 'ps7_cortexa9_0'.
13:44:35 INFO  : 'configparams force-mem-access 0' command is executed.
13:44:35 INFO  : ----------------XSDB Script----------------
connect -path [list tcp::1534 tcp:192.168.226.142:54129]
source C:/Users/aniru/Desktop/ELD/lab11/lab11.sdk/design_1_wrapper_hw_platform_0/ps7_init.tcl
targets -set -nocase -filter {name =~"APU*" && jtag_cable_name =~ "Digilent Zed 210248A39C93"} -index 0
rst -system
after 3000
targets -set -filter {jtag_cable_name =~ "Digilent Zed 210248A39C93" && level==0} -index 1
fpga -file C:/Users/aniru/Desktop/ELD/lab11/lab11.sdk/design_1_wrapper_hw_platform_0/design_1_wrapper.bit
targets -set -nocase -filter {name =~"APU*" && jtag_cable_name =~ "Digilent Zed 210248A39C93"} -index 0
loadhw -hw C:/Users/aniru/Desktop/ELD/lab11/lab11.sdk/design_1_wrapper_hw_platform_0/system.hdf -mem-ranges [list {0x40000000 0xbfffffff}]
configparams force-mem-access 1
targets -set -nocase -filter {name =~"APU*" && jtag_cable_name =~ "Digilent Zed 210248A39C93"} -index 0
ps7_init
ps7_post_config
targets -set -nocase -filter {name =~ "ARM*#0" && jtag_cable_name =~ "Digilent Zed 210248A39C93"} -index 0
dow C:/Users/aniru/Desktop/ELD/lab11/lab11.sdk/lab11/Debug/lab11.elf
configparams force-mem-access 0
----------------End of Script----------------

13:44:36 INFO  : Memory regions updated for context APU
13:44:36 INFO  : Context for processor 'ps7_cortexa9_0' is selected.
13:44:36 INFO  : 'con' command is executed.
13:44:36 INFO  : ----------------XSDB Script (After Launch)----------------
targets -set -nocase -filter {name =~ "ARM*#0" && jtag_cable_name =~ "Digilent Zed 210248A39C93"} -index 0
con
----------------End of Script----------------

13:44:36 INFO  : Launch script is exported to file 'C:\Users\aniru\Desktop\ELD\lab11\lab11.sdk\.sdk\launch_scripts\xilinx_c-c++_application_(system_debugger)\system_debugger_using_debug_lab11.elf_on_remotebb.tcl'
13:45:02 WARN  : channel "tcfchan#3" closed
14:00:42 INFO  : Connected through redirection to target on host '192.168.226.142' and port '64173'.
14:00:44 WARN  : SDK version '2019.1' doesn't match hw_server version '2024.1.0'. Some debug features may not work.
14:00:47 INFO  : Jtag cable 'Digilent Zed 210248A39C93' is selected.
14:00:47 INFO  : 'jtag frequency' command is executed.
14:00:47 INFO  : Sourcing of 'C:/Users/aniru/Desktop/ELD/lab11/lab11.sdk/design_1_wrapper_hw_platform_0/ps7_init.tcl' is done.
14:00:47 INFO  : Context for 'APU' is selected.
14:00:49 INFO  : System reset is completed.
14:00:52 INFO  : 'after 3000' command is executed.
14:00:52 INFO  : 'targets -set -filter {jtag_cable_name =~ "Digilent Zed 210248A39C93" && level==0} -index 1' command is executed.
14:00:56 INFO  : FPGA configured successfully with bitstream "C:/Users/aniru/Desktop/ELD/lab11/lab11.sdk/design_1_wrapper_hw_platform_0/design_1_wrapper.bit"
14:00:57 INFO  : Context for 'APU' is selected.
14:00:57 INFO  : Hardware design information is loaded from 'C:/Users/aniru/Desktop/ELD/lab11/lab11.sdk/design_1_wrapper_hw_platform_0/system.hdf'.
14:00:57 INFO  : 'configparams force-mem-access 1' command is executed.
14:00:57 INFO  : Context for 'APU' is selected.
14:01:15 INFO  : 'ps7_init' command is executed.
14:01:15 INFO  : 'ps7_post_config' command is executed.
14:01:15 INFO  : Context for processor 'ps7_cortexa9_0' is selected.
14:01:16 INFO  : The application 'C:/Users/aniru/Desktop/ELD/lab11/lab11.sdk/lab11/Debug/lab11.elf' is downloaded to processor 'ps7_cortexa9_0'.
14:01:16 INFO  : 'configparams force-mem-access 0' command is executed.
14:01:16 INFO  : ----------------XSDB Script----------------
connect -path [list tcp::1534 tcp:192.168.226.142:64173]
source C:/Users/aniru/Desktop/ELD/lab11/lab11.sdk/design_1_wrapper_hw_platform_0/ps7_init.tcl
targets -set -nocase -filter {name =~"APU*" && jtag_cable_name =~ "Digilent Zed 210248A39C93"} -index 0
rst -system
after 3000
targets -set -filter {jtag_cable_name =~ "Digilent Zed 210248A39C93" && level==0} -index 1
fpga -file C:/Users/aniru/Desktop/ELD/lab11/lab11.sdk/design_1_wrapper_hw_platform_0/design_1_wrapper.bit
targets -set -nocase -filter {name =~"APU*" && jtag_cable_name =~ "Digilent Zed 210248A39C93"} -index 0
loadhw -hw C:/Users/aniru/Desktop/ELD/lab11/lab11.sdk/design_1_wrapper_hw_platform_0/system.hdf -mem-ranges [list {0x40000000 0xbfffffff}]
configparams force-mem-access 1
targets -set -nocase -filter {name =~"APU*" && jtag_cable_name =~ "Digilent Zed 210248A39C93"} -index 0
ps7_init
ps7_post_config
targets -set -nocase -filter {name =~ "ARM*#0" && jtag_cable_name =~ "Digilent Zed 210248A39C93"} -index 0
dow C:/Users/aniru/Desktop/ELD/lab11/lab11.sdk/lab11/Debug/lab11.elf
configparams force-mem-access 0
----------------End of Script----------------

14:01:17 INFO  : Memory regions updated for context APU
14:01:17 INFO  : Context for processor 'ps7_cortexa9_0' is selected.
14:01:17 INFO  : 'con' command is executed.
14:01:17 INFO  : ----------------XSDB Script (After Launch)----------------
targets -set -nocase -filter {name =~ "ARM*#0" && jtag_cable_name =~ "Digilent Zed 210248A39C93"} -index 0
con
----------------End of Script----------------

14:01:17 INFO  : Launch script is exported to file 'C:\Users\aniru\Desktop\ELD\lab11\lab11.sdk\.sdk\launch_scripts\xilinx_c-c++_application_(system_debugger)\system_debugger_using_debug_lab11.elf_on_remotebb.tcl'
14:02:23 INFO  : Disconnected from the channel tcfchan#4.
14:02:25 INFO  : Connected through redirection to target on host '192.168.226.142' and port '64173'.
14:02:25 WARN  : SDK version '2019.1' doesn't match hw_server version '2024.1.0'. Some debug features may not work.
14:02:29 INFO  : Jtag cable 'Digilent Zed 210248A39C93' is selected.
14:02:29 INFO  : 'jtag frequency' command is executed.
14:02:29 INFO  : Sourcing of 'C:/Users/aniru/Desktop/ELD/lab11/lab11.sdk/design_1_wrapper_hw_platform_0/ps7_init.tcl' is done.
14:02:29 INFO  : Context for 'APU' is selected.
14:02:30 INFO  : System reset is completed.
14:02:33 INFO  : 'after 3000' command is executed.
14:02:33 INFO  : 'targets -set -filter {jtag_cable_name =~ "Digilent Zed 210248A39C93" && level==0} -index 1' command is executed.
14:02:38 INFO  : FPGA configured successfully with bitstream "C:/Users/aniru/Desktop/ELD/lab11/lab11.sdk/design_1_wrapper_hw_platform_0/design_1_wrapper.bit"
14:02:38 INFO  : Context for 'APU' is selected.
14:02:43 INFO  : Hardware design information is loaded from 'C:/Users/aniru/Desktop/ELD/lab11/lab11.sdk/design_1_wrapper_hw_platform_0/system.hdf'.
14:02:43 INFO  : 'configparams force-mem-access 1' command is executed.
14:02:43 INFO  : Context for 'APU' is selected.
14:02:59 INFO  : 'ps7_init' command is executed.
14:03:00 INFO  : 'ps7_post_config' command is executed.
14:03:00 INFO  : Context for processor 'ps7_cortexa9_0' is selected.
14:03:01 INFO  : The application 'C:/Users/aniru/Desktop/ELD/lab11/lab11.sdk/lab11/Debug/lab11.elf' is downloaded to processor 'ps7_cortexa9_0'.
14:03:01 INFO  : 'configparams force-mem-access 0' command is executed.
14:03:01 INFO  : ----------------XSDB Script----------------
connect -path [list tcp::1534 tcp:192.168.226.142:64173]
source C:/Users/aniru/Desktop/ELD/lab11/lab11.sdk/design_1_wrapper_hw_platform_0/ps7_init.tcl
targets -set -nocase -filter {name =~"APU*" && jtag_cable_name =~ "Digilent Zed 210248A39C93"} -index 0
rst -system
after 3000
targets -set -filter {jtag_cable_name =~ "Digilent Zed 210248A39C93" && level==0} -index 1
fpga -file C:/Users/aniru/Desktop/ELD/lab11/lab11.sdk/design_1_wrapper_hw_platform_0/design_1_wrapper.bit
targets -set -nocase -filter {name =~"APU*" && jtag_cable_name =~ "Digilent Zed 210248A39C93"} -index 0
loadhw -hw C:/Users/aniru/Desktop/ELD/lab11/lab11.sdk/design_1_wrapper_hw_platform_0/system.hdf -mem-ranges [list {0x40000000 0xbfffffff}]
configparams force-mem-access 1
targets -set -nocase -filter {name =~"APU*" && jtag_cable_name =~ "Digilent Zed 210248A39C93"} -index 0
ps7_init
ps7_post_config
targets -set -nocase -filter {name =~ "ARM*#0" && jtag_cable_name =~ "Digilent Zed 210248A39C93"} -index 0
dow C:/Users/aniru/Desktop/ELD/lab11/lab11.sdk/lab11/Debug/lab11.elf
configparams force-mem-access 0
----------------End of Script----------------

14:03:02 INFO  : Memory regions updated for context APU
14:03:02 INFO  : Context for processor 'ps7_cortexa9_0' is selected.
14:03:02 INFO  : 'con' command is executed.
14:03:02 INFO  : ----------------XSDB Script (After Launch)----------------
targets -set -nocase -filter {name =~ "ARM*#0" && jtag_cable_name =~ "Digilent Zed 210248A39C93"} -index 0
con
----------------End of Script----------------

14:03:02 INFO  : Launch script is exported to file 'C:\Users\aniru\Desktop\ELD\lab11\lab11.sdk\.sdk\launch_scripts\xilinx_c-c++_application_(system_debugger)\system_debugger_using_debug_lab11.elf_on_remotebb.tcl'
14:06:40 INFO  : Disconnected from the channel tcfchan#5.
14:06:41 INFO  : Connected through redirection to target on host '192.168.226.142' and port '64173'.
14:06:42 WARN  : SDK version '2019.1' doesn't match hw_server version '2024.1.0'. Some debug features may not work.
14:06:52 INFO  : ----------------XSDB Script----------------
connect -path [list tcp::1534 tcp:192.168.226.142:64173]
----------------End of Script----------------

14:07:34 INFO  : Connected through redirection to target on host '192.168.226.142' and port '64173'.
14:07:34 WARN  : SDK version '2019.1' doesn't match hw_server version '2024.1.0'. Some debug features may not work.
14:07:35 INFO  : Jtag cable 'Digilent Zed 210248A39C93' is selected.
14:07:36 INFO  : 'jtag frequency' command is executed.
14:07:36 INFO  : Sourcing of 'C:/Users/aniru/Desktop/ELD/lab11/lab11.sdk/design_1_wrapper_hw_platform_0/ps7_init.tcl' is done.
14:07:36 INFO  : Context for 'APU' is selected.
14:07:37 INFO  : System reset is completed.
14:07:40 INFO  : 'after 3000' command is executed.
14:07:40 INFO  : 'targets -set -filter {jtag_cable_name =~ "Digilent Zed 210248A39C93" && level==0} -index 1' command is executed.
14:07:44 INFO  : FPGA configured successfully with bitstream "C:/Users/aniru/Desktop/ELD/lab11/lab11.sdk/design_1_wrapper_hw_platform_0/design_1_wrapper.bit"
14:07:44 INFO  : Context for 'APU' is selected.
14:07:45 INFO  : Hardware design information is loaded from 'C:/Users/aniru/Desktop/ELD/lab11/lab11.sdk/design_1_wrapper_hw_platform_0/system.hdf'.
14:07:45 INFO  : 'configparams force-mem-access 1' command is executed.
14:07:45 INFO  : Context for 'APU' is selected.
14:08:01 INFO  : 'ps7_init' command is executed.
14:08:01 INFO  : 'ps7_post_config' command is executed.
14:08:01 INFO  : Context for processor 'ps7_cortexa9_0' is selected.
14:08:02 INFO  : The application 'C:/Users/aniru/Desktop/ELD/lab11/lab11.sdk/lab11/Debug/lab11.elf' is downloaded to processor 'ps7_cortexa9_0'.
14:08:02 INFO  : 'configparams force-mem-access 0' command is executed.
14:08:02 INFO  : ----------------XSDB Script----------------
connect -path [list tcp::1534 tcp:192.168.226.142:64173]
source C:/Users/aniru/Desktop/ELD/lab11/lab11.sdk/design_1_wrapper_hw_platform_0/ps7_init.tcl
targets -set -nocase -filter {name =~"APU*" && jtag_cable_name =~ "Digilent Zed 210248A39C93"} -index 0
rst -system
after 3000
targets -set -filter {jtag_cable_name =~ "Digilent Zed 210248A39C93" && level==0} -index 1
fpga -file C:/Users/aniru/Desktop/ELD/lab11/lab11.sdk/design_1_wrapper_hw_platform_0/design_1_wrapper.bit
targets -set -nocase -filter {name =~"APU*" && jtag_cable_name =~ "Digilent Zed 210248A39C93"} -index 0
loadhw -hw C:/Users/aniru/Desktop/ELD/lab11/lab11.sdk/design_1_wrapper_hw_platform_0/system.hdf -mem-ranges [list {0x40000000 0xbfffffff}]
configparams force-mem-access 1
targets -set -nocase -filter {name =~"APU*" && jtag_cable_name =~ "Digilent Zed 210248A39C93"} -index 0
ps7_init
ps7_post_config
targets -set -nocase -filter {name =~ "ARM*#0" && jtag_cable_name =~ "Digilent Zed 210248A39C93"} -index 0
dow C:/Users/aniru/Desktop/ELD/lab11/lab11.sdk/lab11/Debug/lab11.elf
configparams force-mem-access 0
----------------End of Script----------------

14:08:03 INFO  : Memory regions updated for context APU
14:08:03 INFO  : Context for processor 'ps7_cortexa9_0' is selected.
14:08:03 INFO  : 'con' command is executed.
14:08:03 INFO  : ----------------XSDB Script (After Launch)----------------
targets -set -nocase -filter {name =~ "ARM*#0" && jtag_cable_name =~ "Digilent Zed 210248A39C93"} -index 0
con
----------------End of Script----------------

14:08:03 INFO  : Launch script is exported to file 'C:\Users\aniru\Desktop\ELD\lab11\lab11.sdk\.sdk\launch_scripts\xilinx_c-c++_application_(system_debugger)\system_debugger_using_debug_lab11.elf_on_remotebb.tcl'
14:09:48 INFO  : Disconnected from the channel tcfchan#6.
14:09:49 INFO  : Connected through redirection to target on host '192.168.226.142' and port '64173'.
14:09:50 WARN  : SDK version '2019.1' doesn't match hw_server version '2024.1.0'. Some debug features may not work.
14:09:53 INFO  : Jtag cable 'Digilent Zed 210248A39C93' is selected.
14:09:53 INFO  : 'jtag frequency' command is executed.
14:09:53 INFO  : Sourcing of 'C:/Users/aniru/Desktop/ELD/lab11/lab11.sdk/design_1_wrapper_hw_platform_0/ps7_init.tcl' is done.
14:09:53 INFO  : Context for 'APU' is selected.
14:09:54 INFO  : System reset is completed.
14:09:57 INFO  : 'after 3000' command is executed.
14:09:57 INFO  : 'targets -set -filter {jtag_cable_name =~ "Digilent Zed 210248A39C93" && level==0} -index 1' command is executed.
14:10:02 INFO  : FPGA configured successfully with bitstream "C:/Users/aniru/Desktop/ELD/lab11/lab11.sdk/design_1_wrapper_hw_platform_0/design_1_wrapper.bit"
14:10:02 INFO  : Context for 'APU' is selected.
14:10:06 INFO  : Hardware design information is loaded from 'C:/Users/aniru/Desktop/ELD/lab11/lab11.sdk/design_1_wrapper_hw_platform_0/system.hdf'.
14:10:06 INFO  : 'configparams force-mem-access 1' command is executed.
14:10:06 INFO  : Context for 'APU' is selected.
14:10:21 INFO  : 'ps7_init' command is executed.
14:10:22 INFO  : 'ps7_post_config' command is executed.
14:10:22 INFO  : Context for processor 'ps7_cortexa9_0' is selected.
14:10:22 INFO  : The application 'C:/Users/aniru/Desktop/ELD/lab11/lab11.sdk/lab11/Debug/lab11.elf' is downloaded to processor 'ps7_cortexa9_0'.
14:10:23 INFO  : 'configparams force-mem-access 0' command is executed.
14:10:23 INFO  : ----------------XSDB Script----------------
connect -path [list tcp::1534 tcp:192.168.226.142:64173]
source C:/Users/aniru/Desktop/ELD/lab11/lab11.sdk/design_1_wrapper_hw_platform_0/ps7_init.tcl
targets -set -nocase -filter {name =~"APU*" && jtag_cable_name =~ "Digilent Zed 210248A39C93"} -index 0
rst -system
after 3000
targets -set -filter {jtag_cable_name =~ "Digilent Zed 210248A39C93" && level==0} -index 1
fpga -file C:/Users/aniru/Desktop/ELD/lab11/lab11.sdk/design_1_wrapper_hw_platform_0/design_1_wrapper.bit
targets -set -nocase -filter {name =~"APU*" && jtag_cable_name =~ "Digilent Zed 210248A39C93"} -index 0
loadhw -hw C:/Users/aniru/Desktop/ELD/lab11/lab11.sdk/design_1_wrapper_hw_platform_0/system.hdf -mem-ranges [list {0x40000000 0xbfffffff}]
configparams force-mem-access 1
targets -set -nocase -filter {name =~"APU*" && jtag_cable_name =~ "Digilent Zed 210248A39C93"} -index 0
ps7_init
ps7_post_config
targets -set -nocase -filter {name =~ "ARM*#0" && jtag_cable_name =~ "Digilent Zed 210248A39C93"} -index 0
dow C:/Users/aniru/Desktop/ELD/lab11/lab11.sdk/lab11/Debug/lab11.elf
configparams force-mem-access 0
----------------End of Script----------------

14:10:23 INFO  : Memory regions updated for context APU
14:10:24 INFO  : Context for processor 'ps7_cortexa9_0' is selected.
14:10:24 INFO  : 'con' command is executed.
14:10:24 INFO  : ----------------XSDB Script (After Launch)----------------
targets -set -nocase -filter {name =~ "ARM*#0" && jtag_cable_name =~ "Digilent Zed 210248A39C93"} -index 0
con
----------------End of Script----------------

14:10:24 INFO  : Launch script is exported to file 'C:\Users\aniru\Desktop\ELD\lab11\lab11.sdk\.sdk\launch_scripts\xilinx_c-c++_application_(system_debugger)\system_debugger_using_debug_lab11.elf_on_remotebb.tcl'
14:13:59 INFO  : Disconnected from the channel tcfchan#7.
14:14:00 INFO  : Connected through redirection to target on host '192.168.226.142' and port '64173'.
14:14:00 WARN  : SDK version '2019.1' doesn't match hw_server version '2024.1.0'. Some debug features may not work.
14:14:03 INFO  : Jtag cable 'Digilent Zed 210248A39C93' is selected.
14:14:03 INFO  : 'jtag frequency' command is executed.
14:14:03 INFO  : Sourcing of 'C:/Users/aniru/Desktop/ELD/lab11/lab11.sdk/design_1_wrapper_hw_platform_0/ps7_init.tcl' is done.
14:14:04 INFO  : Context for 'APU' is selected.
14:14:05 INFO  : System reset is completed.
14:14:08 INFO  : 'after 3000' command is executed.
14:14:08 INFO  : 'targets -set -filter {jtag_cable_name =~ "Digilent Zed 210248A39C93" && level==0} -index 1' command is executed.
14:14:12 INFO  : FPGA configured successfully with bitstream "C:/Users/aniru/Desktop/ELD/lab11/lab11.sdk/design_1_wrapper_hw_platform_0/design_1_wrapper.bit"
14:14:13 INFO  : Context for 'APU' is selected.
14:14:17 INFO  : Hardware design information is loaded from 'C:/Users/aniru/Desktop/ELD/lab11/lab11.sdk/design_1_wrapper_hw_platform_0/system.hdf'.
14:14:17 INFO  : 'configparams force-mem-access 1' command is executed.
14:14:17 INFO  : Context for 'APU' is selected.
14:14:34 INFO  : 'ps7_init' command is executed.
14:14:34 INFO  : 'ps7_post_config' command is executed.
14:14:35 INFO  : Context for processor 'ps7_cortexa9_0' is selected.
14:14:35 INFO  : The application 'C:/Users/aniru/Desktop/ELD/lab11/lab11.sdk/lab11/Debug/lab11.elf' is downloaded to processor 'ps7_cortexa9_0'.
14:14:35 INFO  : 'configparams force-mem-access 0' command is executed.
14:14:35 INFO  : ----------------XSDB Script----------------
connect -path [list tcp::1534 tcp:192.168.226.142:64173]
source C:/Users/aniru/Desktop/ELD/lab11/lab11.sdk/design_1_wrapper_hw_platform_0/ps7_init.tcl
targets -set -nocase -filter {name =~"APU*" && jtag_cable_name =~ "Digilent Zed 210248A39C93"} -index 0
rst -system
after 3000
targets -set -filter {jtag_cable_name =~ "Digilent Zed 210248A39C93" && level==0} -index 1
fpga -file C:/Users/aniru/Desktop/ELD/lab11/lab11.sdk/design_1_wrapper_hw_platform_0/design_1_wrapper.bit
targets -set -nocase -filter {name =~"APU*" && jtag_cable_name =~ "Digilent Zed 210248A39C93"} -index 0
loadhw -hw C:/Users/aniru/Desktop/ELD/lab11/lab11.sdk/design_1_wrapper_hw_platform_0/system.hdf -mem-ranges [list {0x40000000 0xbfffffff}]
configparams force-mem-access 1
targets -set -nocase -filter {name =~"APU*" && jtag_cable_name =~ "Digilent Zed 210248A39C93"} -index 0
ps7_init
ps7_post_config
targets -set -nocase -filter {name =~ "ARM*#0" && jtag_cable_name =~ "Digilent Zed 210248A39C93"} -index 0
dow C:/Users/aniru/Desktop/ELD/lab11/lab11.sdk/lab11/Debug/lab11.elf
configparams force-mem-access 0
----------------End of Script----------------

14:14:36 INFO  : Memory regions updated for context APU
14:14:36 INFO  : Context for processor 'ps7_cortexa9_0' is selected.
14:14:37 INFO  : 'con' command is executed.
14:14:37 INFO  : ----------------XSDB Script (After Launch)----------------
targets -set -nocase -filter {name =~ "ARM*#0" && jtag_cable_name =~ "Digilent Zed 210248A39C93"} -index 0
con
----------------End of Script----------------

14:14:37 INFO  : Launch script is exported to file 'C:\Users\aniru\Desktop\ELD\lab11\lab11.sdk\.sdk\launch_scripts\xilinx_c-c++_application_(system_debugger)\system_debugger_using_debug_lab11.elf_on_remotebb.tcl'
14:15:03 WARN  : channel "tcfchan#8" closed
14:20:49 INFO  : Connected through redirection to target on host '192.168.226.142' and port '51905'.
14:20:50 WARN  : SDK version '2019.1' doesn't match hw_server version '2024.1.0'. Some debug features may not work.
14:20:52 INFO  : Jtag cable 'Digilent Zed 210248A39C93' is selected.
14:20:52 INFO  : 'jtag frequency' command is executed.
14:20:52 INFO  : Sourcing of 'C:/Users/aniru/Desktop/ELD/lab11/lab11.sdk/design_1_wrapper_hw_platform_0/ps7_init.tcl' is done.
14:20:52 INFO  : Context for 'APU' is selected.
14:20:53 INFO  : System reset is completed.
14:20:56 INFO  : 'after 3000' command is executed.
14:20:57 INFO  : 'targets -set -filter {jtag_cable_name =~ "Digilent Zed 210248A39C93" && level==0} -index 1' command is executed.
14:21:01 INFO  : FPGA configured successfully with bitstream "C:/Users/aniru/Desktop/ELD/lab11/lab11.sdk/design_1_wrapper_hw_platform_0/design_1_wrapper.bit"
14:21:01 INFO  : Context for 'APU' is selected.
14:21:02 INFO  : Hardware design information is loaded from 'C:/Users/aniru/Desktop/ELD/lab11/lab11.sdk/design_1_wrapper_hw_platform_0/system.hdf'.
14:21:02 INFO  : 'configparams force-mem-access 1' command is executed.
14:21:02 INFO  : Context for 'APU' is selected.
14:21:17 INFO  : 'ps7_init' command is executed.
14:21:18 INFO  : 'ps7_post_config' command is executed.
14:21:18 INFO  : Context for processor 'ps7_cortexa9_0' is selected.
14:21:19 INFO  : The application 'C:/Users/aniru/Desktop/ELD/lab11/lab11.sdk/lab11/Debug/lab11.elf' is downloaded to processor 'ps7_cortexa9_0'.
14:21:19 INFO  : 'configparams force-mem-access 0' command is executed.
14:21:19 INFO  : ----------------XSDB Script----------------
connect -path [list tcp::1534 tcp:192.168.226.142:51905]
source C:/Users/aniru/Desktop/ELD/lab11/lab11.sdk/design_1_wrapper_hw_platform_0/ps7_init.tcl
targets -set -nocase -filter {name =~"APU*" && jtag_cable_name =~ "Digilent Zed 210248A39C93"} -index 0
rst -system
after 3000
targets -set -filter {jtag_cable_name =~ "Digilent Zed 210248A39C93" && level==0} -index 1
fpga -file C:/Users/aniru/Desktop/ELD/lab11/lab11.sdk/design_1_wrapper_hw_platform_0/design_1_wrapper.bit
targets -set -nocase -filter {name =~"APU*" && jtag_cable_name =~ "Digilent Zed 210248A39C93"} -index 0
loadhw -hw C:/Users/aniru/Desktop/ELD/lab11/lab11.sdk/design_1_wrapper_hw_platform_0/system.hdf -mem-ranges [list {0x40000000 0xbfffffff}]
configparams force-mem-access 1
targets -set -nocase -filter {name =~"APU*" && jtag_cable_name =~ "Digilent Zed 210248A39C93"} -index 0
ps7_init
ps7_post_config
targets -set -nocase -filter {name =~ "ARM*#0" && jtag_cable_name =~ "Digilent Zed 210248A39C93"} -index 0
dow C:/Users/aniru/Desktop/ELD/lab11/lab11.sdk/lab11/Debug/lab11.elf
configparams force-mem-access 0
----------------End of Script----------------

14:21:20 INFO  : Memory regions updated for context APU
14:21:20 INFO  : Context for processor 'ps7_cortexa9_0' is selected.
14:21:20 INFO  : 'con' command is executed.
14:21:20 INFO  : ----------------XSDB Script (After Launch)----------------
targets -set -nocase -filter {name =~ "ARM*#0" && jtag_cable_name =~ "Digilent Zed 210248A39C93"} -index 0
con
----------------End of Script----------------

14:21:20 INFO  : Launch script is exported to file 'C:\Users\aniru\Desktop\ELD\lab11\lab11.sdk\.sdk\launch_scripts\xilinx_c-c++_application_(system_debugger)\system_debugger_using_debug_lab11.elf_on_remotebb.tcl'
14:23:20 INFO  : Disconnected from the channel tcfchan#9.
14:23:21 INFO  : Connected through redirection to target on host '192.168.226.142' and port '51905'.
14:23:24 WARN  : SDK version '2019.1' doesn't match hw_server version '2024.1.0'. Some debug features may not work.
14:23:26 INFO  : Jtag cable 'Digilent Zed 210248A39C93' is selected.
14:23:26 INFO  : 'jtag frequency' command is executed.
14:23:26 INFO  : Sourcing of 'C:/Users/aniru/Desktop/ELD/lab11/lab11.sdk/design_1_wrapper_hw_platform_0/ps7_init.tcl' is done.
14:23:26 INFO  : Context for 'APU' is selected.
14:23:27 INFO  : System reset is completed.
14:23:31 INFO  : 'after 3000' command is executed.
14:23:31 INFO  : 'targets -set -filter {jtag_cable_name =~ "Digilent Zed 210248A39C93" && level==0} -index 1' command is executed.
14:23:36 INFO  : FPGA configured successfully with bitstream "C:/Users/aniru/Desktop/ELD/lab11/lab11.sdk/design_1_wrapper_hw_platform_0/design_1_wrapper.bit"
14:23:36 INFO  : Context for 'APU' is selected.
14:23:41 INFO  : Hardware design information is loaded from 'C:/Users/aniru/Desktop/ELD/lab11/lab11.sdk/design_1_wrapper_hw_platform_0/system.hdf'.
14:23:41 INFO  : 'configparams force-mem-access 1' command is executed.
14:23:41 INFO  : Context for 'APU' is selected.
14:23:58 INFO  : 'ps7_init' command is executed.
14:23:58 INFO  : 'ps7_post_config' command is executed.
14:23:58 INFO  : Context for processor 'ps7_cortexa9_0' is selected.
14:23:59 INFO  : The application 'C:/Users/aniru/Desktop/ELD/lab11/lab11.sdk/lab11/Debug/lab11.elf' is downloaded to processor 'ps7_cortexa9_0'.
14:23:59 INFO  : 'configparams force-mem-access 0' command is executed.
14:23:59 INFO  : ----------------XSDB Script----------------
connect -path [list tcp::1534 tcp:192.168.226.142:51905]
source C:/Users/aniru/Desktop/ELD/lab11/lab11.sdk/design_1_wrapper_hw_platform_0/ps7_init.tcl
targets -set -nocase -filter {name =~"APU*" && jtag_cable_name =~ "Digilent Zed 210248A39C93"} -index 0
rst -system
after 3000
targets -set -filter {jtag_cable_name =~ "Digilent Zed 210248A39C93" && level==0} -index 1
fpga -file C:/Users/aniru/Desktop/ELD/lab11/lab11.sdk/design_1_wrapper_hw_platform_0/design_1_wrapper.bit
targets -set -nocase -filter {name =~"APU*" && jtag_cable_name =~ "Digilent Zed 210248A39C93"} -index 0
loadhw -hw C:/Users/aniru/Desktop/ELD/lab11/lab11.sdk/design_1_wrapper_hw_platform_0/system.hdf -mem-ranges [list {0x40000000 0xbfffffff}]
configparams force-mem-access 1
targets -set -nocase -filter {name =~"APU*" && jtag_cable_name =~ "Digilent Zed 210248A39C93"} -index 0
ps7_init
ps7_post_config
targets -set -nocase -filter {name =~ "ARM*#0" && jtag_cable_name =~ "Digilent Zed 210248A39C93"} -index 0
dow C:/Users/aniru/Desktop/ELD/lab11/lab11.sdk/lab11/Debug/lab11.elf
configparams force-mem-access 0
----------------End of Script----------------

14:24:00 INFO  : Memory regions updated for context APU
14:24:00 INFO  : Context for processor 'ps7_cortexa9_0' is selected.
14:24:00 INFO  : 'con' command is executed.
14:24:00 INFO  : ----------------XSDB Script (After Launch)----------------
targets -set -nocase -filter {name =~ "ARM*#0" && jtag_cable_name =~ "Digilent Zed 210248A39C93"} -index 0
con
----------------End of Script----------------

14:24:00 INFO  : Launch script is exported to file 'C:\Users\aniru\Desktop\ELD\lab11\lab11.sdk\.sdk\launch_scripts\xilinx_c-c++_application_(system_debugger)\system_debugger_using_debug_lab11.elf_on_remotebb.tcl'
14:25:34 INFO  : Disconnected from the channel tcfchan#10.
14:25:35 INFO  : Connected through redirection to target on host '192.168.226.142' and port '51905'.
14:25:38 WARN  : SDK version '2019.1' doesn't match hw_server version '2024.1.0'. Some debug features may not work.
14:25:39 INFO  : Jtag cable 'Digilent Zed 210248A39C93' is selected.
14:25:40 INFO  : 'jtag frequency' command is executed.
14:25:40 INFO  : Sourcing of 'C:/Users/aniru/Desktop/ELD/lab11/lab11.sdk/design_1_wrapper_hw_platform_0/ps7_init.tcl' is done.
14:25:40 INFO  : Context for 'APU' is selected.
14:25:41 INFO  : System reset is completed.
14:25:44 INFO  : 'after 3000' command is executed.
14:25:45 INFO  : 'targets -set -filter {jtag_cable_name =~ "Digilent Zed 210248A39C93" && level==0} -index 1' command is executed.
14:25:49 INFO  : FPGA configured successfully with bitstream "C:/Users/aniru/Desktop/ELD/lab11/lab11.sdk/design_1_wrapper_hw_platform_0/design_1_wrapper.bit"
14:25:49 INFO  : Context for 'APU' is selected.
14:25:53 INFO  : Hardware design information is loaded from 'C:/Users/aniru/Desktop/ELD/lab11/lab11.sdk/design_1_wrapper_hw_platform_0/system.hdf'.
14:25:53 INFO  : 'configparams force-mem-access 1' command is executed.
14:25:53 INFO  : Context for 'APU' is selected.
14:26:09 INFO  : 'ps7_init' command is executed.
14:26:10 INFO  : 'ps7_post_config' command is executed.
14:26:10 INFO  : Context for processor 'ps7_cortexa9_0' is selected.
14:26:11 INFO  : The application 'C:/Users/aniru/Desktop/ELD/lab11/lab11.sdk/lab11/Debug/lab11.elf' is downloaded to processor 'ps7_cortexa9_0'.
14:26:11 INFO  : 'configparams force-mem-access 0' command is executed.
14:26:11 INFO  : ----------------XSDB Script----------------
connect -path [list tcp::1534 tcp:192.168.226.142:51905]
source C:/Users/aniru/Desktop/ELD/lab11/lab11.sdk/design_1_wrapper_hw_platform_0/ps7_init.tcl
targets -set -nocase -filter {name =~"APU*" && jtag_cable_name =~ "Digilent Zed 210248A39C93"} -index 0
rst -system
after 3000
targets -set -filter {jtag_cable_name =~ "Digilent Zed 210248A39C93" && level==0} -index 1
fpga -file C:/Users/aniru/Desktop/ELD/lab11/lab11.sdk/design_1_wrapper_hw_platform_0/design_1_wrapper.bit
targets -set -nocase -filter {name =~"APU*" && jtag_cable_name =~ "Digilent Zed 210248A39C93"} -index 0
loadhw -hw C:/Users/aniru/Desktop/ELD/lab11/lab11.sdk/design_1_wrapper_hw_platform_0/system.hdf -mem-ranges [list {0x40000000 0xbfffffff}]
configparams force-mem-access 1
targets -set -nocase -filter {name =~"APU*" && jtag_cable_name =~ "Digilent Zed 210248A39C93"} -index 0
ps7_init
ps7_post_config
targets -set -nocase -filter {name =~ "ARM*#0" && jtag_cable_name =~ "Digilent Zed 210248A39C93"} -index 0
dow C:/Users/aniru/Desktop/ELD/lab11/lab11.sdk/lab11/Debug/lab11.elf
configparams force-mem-access 0
----------------End of Script----------------

14:26:12 INFO  : Memory regions updated for context APU
14:26:12 INFO  : Context for processor 'ps7_cortexa9_0' is selected.
14:26:12 INFO  : 'con' command is executed.
14:26:12 INFO  : ----------------XSDB Script (After Launch)----------------
targets -set -nocase -filter {name =~ "ARM*#0" && jtag_cable_name =~ "Digilent Zed 210248A39C93"} -index 0
con
----------------End of Script----------------

14:26:12 INFO  : Launch script is exported to file 'C:\Users\aniru\Desktop\ELD\lab11\lab11.sdk\.sdk\launch_scripts\xilinx_c-c++_application_(system_debugger)\system_debugger_using_debug_lab11.elf_on_remotebb.tcl'
14:28:12 INFO  : Disconnected from the channel tcfchan#11.
14:28:14 INFO  : Connected through redirection to target on host '192.168.226.142' and port '51905'.
14:28:16 WARN  : SDK version '2019.1' doesn't match hw_server version '2024.1.0'. Some debug features may not work.
14:28:18 INFO  : Jtag cable 'Digilent Zed 210248A39C93' is selected.
14:28:18 INFO  : 'jtag frequency' command is executed.
14:28:18 INFO  : Sourcing of 'C:/Users/aniru/Desktop/ELD/lab11/lab11.sdk/design_1_wrapper_hw_platform_0/ps7_init.tcl' is done.
14:28:18 INFO  : Context for 'APU' is selected.
14:28:19 INFO  : System reset is completed.
14:28:22 INFO  : 'after 3000' command is executed.
14:28:23 INFO  : 'targets -set -filter {jtag_cable_name =~ "Digilent Zed 210248A39C93" && level==0} -index 1' command is executed.
14:28:28 INFO  : FPGA configured successfully with bitstream "C:/Users/aniru/Desktop/ELD/lab11/lab11.sdk/design_1_wrapper_hw_platform_0/design_1_wrapper.bit"
14:28:29 INFO  : Context for 'APU' is selected.
14:28:33 INFO  : Hardware design information is loaded from 'C:/Users/aniru/Desktop/ELD/lab11/lab11.sdk/design_1_wrapper_hw_platform_0/system.hdf'.
14:28:33 INFO  : 'configparams force-mem-access 1' command is executed.
14:28:33 INFO  : Context for 'APU' is selected.
14:28:49 INFO  : 'ps7_init' command is executed.
14:28:49 INFO  : 'ps7_post_config' command is executed.
14:28:49 INFO  : Context for processor 'ps7_cortexa9_0' is selected.
14:28:50 INFO  : The application 'C:/Users/aniru/Desktop/ELD/lab11/lab11.sdk/lab11/Debug/lab11.elf' is downloaded to processor 'ps7_cortexa9_0'.
14:28:50 INFO  : 'configparams force-mem-access 0' command is executed.
14:28:50 INFO  : ----------------XSDB Script----------------
connect -path [list tcp::1534 tcp:192.168.226.142:51905]
source C:/Users/aniru/Desktop/ELD/lab11/lab11.sdk/design_1_wrapper_hw_platform_0/ps7_init.tcl
targets -set -nocase -filter {name =~"APU*" && jtag_cable_name =~ "Digilent Zed 210248A39C93"} -index 0
rst -system
after 3000
targets -set -filter {jtag_cable_name =~ "Digilent Zed 210248A39C93" && level==0} -index 1
fpga -file C:/Users/aniru/Desktop/ELD/lab11/lab11.sdk/design_1_wrapper_hw_platform_0/design_1_wrapper.bit
targets -set -nocase -filter {name =~"APU*" && jtag_cable_name =~ "Digilent Zed 210248A39C93"} -index 0
loadhw -hw C:/Users/aniru/Desktop/ELD/lab11/lab11.sdk/design_1_wrapper_hw_platform_0/system.hdf -mem-ranges [list {0x40000000 0xbfffffff}]
configparams force-mem-access 1
targets -set -nocase -filter {name =~"APU*" && jtag_cable_name =~ "Digilent Zed 210248A39C93"} -index 0
ps7_init
ps7_post_config
targets -set -nocase -filter {name =~ "ARM*#0" && jtag_cable_name =~ "Digilent Zed 210248A39C93"} -index 0
dow C:/Users/aniru/Desktop/ELD/lab11/lab11.sdk/lab11/Debug/lab11.elf
configparams force-mem-access 0
----------------End of Script----------------

14:28:51 INFO  : Memory regions updated for context APU
14:28:51 INFO  : Context for processor 'ps7_cortexa9_0' is selected.
14:28:51 INFO  : 'con' command is executed.
14:28:51 INFO  : ----------------XSDB Script (After Launch)----------------
targets -set -nocase -filter {name =~ "ARM*#0" && jtag_cable_name =~ "Digilent Zed 210248A39C93"} -index 0
con
----------------End of Script----------------

14:28:51 INFO  : Launch script is exported to file 'C:\Users\aniru\Desktop\ELD\lab11\lab11.sdk\.sdk\launch_scripts\xilinx_c-c++_application_(system_debugger)\system_debugger_using_debug_lab11.elf_on_remotebb.tcl'
14:30:11 WARN  : channel "tcfchan#12" closed
14:37:03 INFO  : Connected through redirection to target on host '192.168.226.142' and port '53379'.
14:37:04 WARN  : SDK version '2019.1' doesn't match hw_server version '2024.1.0'. Some debug features may not work.
14:37:05 INFO  : Jtag cable 'Digilent Zed 210248A39C93' is selected.
14:37:05 INFO  : 'jtag frequency' command is executed.
14:37:05 INFO  : Sourcing of 'C:/Users/aniru/Desktop/ELD/lab11/lab11.sdk/design_1_wrapper_hw_platform_0/ps7_init.tcl' is done.
14:37:06 INFO  : Context for 'APU' is selected.
14:37:07 INFO  : System reset is completed.
14:37:10 INFO  : 'after 3000' command is executed.
14:37:10 INFO  : 'targets -set -filter {jtag_cable_name =~ "Digilent Zed 210248A39C93" && level==0} -index 1' command is executed.
14:37:15 INFO  : FPGA configured successfully with bitstream "C:/Users/aniru/Desktop/ELD/lab11/lab11.sdk/design_1_wrapper_hw_platform_0/design_1_wrapper.bit"
14:37:15 INFO  : Context for 'APU' is selected.
14:37:15 INFO  : Hardware design information is loaded from 'C:/Users/aniru/Desktop/ELD/lab11/lab11.sdk/design_1_wrapper_hw_platform_0/system.hdf'.
14:37:15 INFO  : 'configparams force-mem-access 1' command is executed.
14:37:16 INFO  : Context for 'APU' is selected.
14:37:31 INFO  : 'ps7_init' command is executed.
14:37:32 INFO  : 'ps7_post_config' command is executed.
14:37:32 INFO  : Context for processor 'ps7_cortexa9_0' is selected.
14:37:33 INFO  : The application 'C:/Users/aniru/Desktop/ELD/lab11/lab11.sdk/lab11/Debug/lab11.elf' is downloaded to processor 'ps7_cortexa9_0'.
14:37:33 INFO  : 'configparams force-mem-access 0' command is executed.
14:37:33 INFO  : ----------------XSDB Script----------------
connect -path [list tcp::1534 tcp:192.168.226.142:53379]
source C:/Users/aniru/Desktop/ELD/lab11/lab11.sdk/design_1_wrapper_hw_platform_0/ps7_init.tcl
targets -set -nocase -filter {name =~"APU*" && jtag_cable_name =~ "Digilent Zed 210248A39C93"} -index 0
rst -system
after 3000
targets -set -filter {jtag_cable_name =~ "Digilent Zed 210248A39C93" && level==0} -index 1
fpga -file C:/Users/aniru/Desktop/ELD/lab11/lab11.sdk/design_1_wrapper_hw_platform_0/design_1_wrapper.bit
targets -set -nocase -filter {name =~"APU*" && jtag_cable_name =~ "Digilent Zed 210248A39C93"} -index 0
loadhw -hw C:/Users/aniru/Desktop/ELD/lab11/lab11.sdk/design_1_wrapper_hw_platform_0/system.hdf -mem-ranges [list {0x40000000 0xbfffffff}]
configparams force-mem-access 1
targets -set -nocase -filter {name =~"APU*" && jtag_cable_name =~ "Digilent Zed 210248A39C93"} -index 0
ps7_init
ps7_post_config
targets -set -nocase -filter {name =~ "ARM*#0" && jtag_cable_name =~ "Digilent Zed 210248A39C93"} -index 0
dow C:/Users/aniru/Desktop/ELD/lab11/lab11.sdk/lab11/Debug/lab11.elf
configparams force-mem-access 0
----------------End of Script----------------

14:37:34 INFO  : Memory regions updated for context APU
14:37:34 INFO  : Context for processor 'ps7_cortexa9_0' is selected.
14:37:34 INFO  : 'con' command is executed.
14:37:34 INFO  : ----------------XSDB Script (After Launch)----------------
targets -set -nocase -filter {name =~ "ARM*#0" && jtag_cable_name =~ "Digilent Zed 210248A39C93"} -index 0
con
----------------End of Script----------------

14:37:34 INFO  : Launch script is exported to file 'C:\Users\aniru\Desktop\ELD\lab11\lab11.sdk\.sdk\launch_scripts\xilinx_c-c++_application_(system_debugger)\system_debugger_using_debug_lab11.elf_on_remotebb.tcl'
14:41:13 INFO  : Disconnected from the channel tcfchan#13.
14:41:15 INFO  : Connected through redirection to target on host '192.168.226.142' and port '53379'.
14:41:17 WARN  : SDK version '2019.1' doesn't match hw_server version '2024.1.0'. Some debug features may not work.
14:41:18 INFO  : Jtag cable 'Digilent Zed 210248A39C93' is selected.
14:41:19 INFO  : 'jtag frequency' command is executed.
14:41:19 INFO  : Sourcing of 'C:/Users/aniru/Desktop/ELD/lab11/lab11.sdk/design_1_wrapper_hw_platform_0/ps7_init.tcl' is done.
14:41:19 INFO  : Context for 'APU' is selected.
14:41:20 INFO  : System reset is completed.
14:41:23 INFO  : 'after 3000' command is executed.
14:41:24 INFO  : 'targets -set -filter {jtag_cable_name =~ "Digilent Zed 210248A39C93" && level==0} -index 1' command is executed.
14:41:28 INFO  : FPGA configured successfully with bitstream "C:/Users/aniru/Desktop/ELD/lab11/lab11.sdk/design_1_wrapper_hw_platform_0/design_1_wrapper.bit"
14:41:28 INFO  : Context for 'APU' is selected.
14:41:33 INFO  : Hardware design information is loaded from 'C:/Users/aniru/Desktop/ELD/lab11/lab11.sdk/design_1_wrapper_hw_platform_0/system.hdf'.
14:41:33 INFO  : 'configparams force-mem-access 1' command is executed.
14:41:33 INFO  : Context for 'APU' is selected.
14:41:48 INFO  : 'ps7_init' command is executed.
14:41:49 INFO  : 'ps7_post_config' command is executed.
14:41:49 INFO  : Context for processor 'ps7_cortexa9_0' is selected.
14:41:49 INFO  : The application 'C:/Users/aniru/Desktop/ELD/lab11/lab11.sdk/lab11/Debug/lab11.elf' is downloaded to processor 'ps7_cortexa9_0'.
14:41:50 INFO  : 'configparams force-mem-access 0' command is executed.
14:41:50 INFO  : ----------------XSDB Script----------------
connect -path [list tcp::1534 tcp:192.168.226.142:53379]
source C:/Users/aniru/Desktop/ELD/lab11/lab11.sdk/design_1_wrapper_hw_platform_0/ps7_init.tcl
targets -set -nocase -filter {name =~"APU*" && jtag_cable_name =~ "Digilent Zed 210248A39C93"} -index 0
rst -system
after 3000
targets -set -filter {jtag_cable_name =~ "Digilent Zed 210248A39C93" && level==0} -index 1
fpga -file C:/Users/aniru/Desktop/ELD/lab11/lab11.sdk/design_1_wrapper_hw_platform_0/design_1_wrapper.bit
targets -set -nocase -filter {name =~"APU*" && jtag_cable_name =~ "Digilent Zed 210248A39C93"} -index 0
loadhw -hw C:/Users/aniru/Desktop/ELD/lab11/lab11.sdk/design_1_wrapper_hw_platform_0/system.hdf -mem-ranges [list {0x40000000 0xbfffffff}]
configparams force-mem-access 1
targets -set -nocase -filter {name =~"APU*" && jtag_cable_name =~ "Digilent Zed 210248A39C93"} -index 0
ps7_init
ps7_post_config
targets -set -nocase -filter {name =~ "ARM*#0" && jtag_cable_name =~ "Digilent Zed 210248A39C93"} -index 0
dow C:/Users/aniru/Desktop/ELD/lab11/lab11.sdk/lab11/Debug/lab11.elf
configparams force-mem-access 0
----------------End of Script----------------

14:41:50 INFO  : Memory regions updated for context APU
14:41:51 INFO  : Context for processor 'ps7_cortexa9_0' is selected.
14:41:51 INFO  : 'con' command is executed.
14:41:51 INFO  : ----------------XSDB Script (After Launch)----------------
targets -set -nocase -filter {name =~ "ARM*#0" && jtag_cable_name =~ "Digilent Zed 210248A39C93"} -index 0
con
----------------End of Script----------------

14:41:51 INFO  : Launch script is exported to file 'C:\Users\aniru\Desktop\ELD\lab11\lab11.sdk\.sdk\launch_scripts\xilinx_c-c++_application_(system_debugger)\system_debugger_using_debug_lab11.elf_on_remotebb.tcl'
14:45:11 WARN  : channel "tcfchan#14" closed
15:17:20 INFO  : Connected through redirection to target on host '192.168.226.142' and port '65382'.
15:17:21 WARN  : SDK version '2019.1' doesn't match hw_server version '2024.1.0'. Some debug features may not work.
15:17:26 INFO  : Jtag cable 'Digilent Zed 210248A39C93' is selected.
15:17:26 INFO  : 'jtag frequency' command is executed.
15:17:26 INFO  : Sourcing of 'C:/Users/aniru/Desktop/ELD/lab11/lab11.sdk/design_1_wrapper_hw_platform_0/ps7_init.tcl' is done.
15:17:27 INFO  : Context for 'APU' is selected.
15:17:28 INFO  : System reset is completed.
15:17:31 INFO  : 'after 3000' command is executed.
15:17:31 INFO  : 'targets -set -filter {jtag_cable_name =~ "Digilent Zed 210248A39C93" && level==0} -index 1' command is executed.
15:17:35 INFO  : FPGA configured successfully with bitstream "C:/Users/aniru/Desktop/ELD/lab11/lab11.sdk/design_1_wrapper_hw_platform_0/design_1_wrapper.bit"
15:17:35 INFO  : Context for 'APU' is selected.
15:17:36 INFO  : Hardware design information is loaded from 'C:/Users/aniru/Desktop/ELD/lab11/lab11.sdk/design_1_wrapper_hw_platform_0/system.hdf'.
15:17:36 INFO  : 'configparams force-mem-access 1' command is executed.
15:17:36 INFO  : Context for 'APU' is selected.
15:17:52 INFO  : 'ps7_init' command is executed.
15:17:53 INFO  : 'ps7_post_config' command is executed.
15:17:53 INFO  : Context for processor 'ps7_cortexa9_0' is selected.
15:17:54 INFO  : The application 'C:/Users/aniru/Desktop/ELD/lab11/lab11.sdk/lab11/Debug/lab11.elf' is downloaded to processor 'ps7_cortexa9_0'.
15:17:54 INFO  : 'configparams force-mem-access 0' command is executed.
15:17:54 INFO  : ----------------XSDB Script----------------
connect -path [list tcp::1534 tcp:192.168.226.142:65382]
source C:/Users/aniru/Desktop/ELD/lab11/lab11.sdk/design_1_wrapper_hw_platform_0/ps7_init.tcl
targets -set -nocase -filter {name =~"APU*" && jtag_cable_name =~ "Digilent Zed 210248A39C93"} -index 0
rst -system
after 3000
targets -set -filter {jtag_cable_name =~ "Digilent Zed 210248A39C93" && level==0} -index 1
fpga -file C:/Users/aniru/Desktop/ELD/lab11/lab11.sdk/design_1_wrapper_hw_platform_0/design_1_wrapper.bit
targets -set -nocase -filter {name =~"APU*" && jtag_cable_name =~ "Digilent Zed 210248A39C93"} -index 0
loadhw -hw C:/Users/aniru/Desktop/ELD/lab11/lab11.sdk/design_1_wrapper_hw_platform_0/system.hdf -mem-ranges [list {0x40000000 0xbfffffff}]
configparams force-mem-access 1
targets -set -nocase -filter {name =~"APU*" && jtag_cable_name =~ "Digilent Zed 210248A39C93"} -index 0
ps7_init
ps7_post_config
targets -set -nocase -filter {name =~ "ARM*#0" && jtag_cable_name =~ "Digilent Zed 210248A39C93"} -index 0
dow C:/Users/aniru/Desktop/ELD/lab11/lab11.sdk/lab11/Debug/lab11.elf
configparams force-mem-access 0
----------------End of Script----------------

15:17:55 INFO  : Memory regions updated for context APU
15:17:55 INFO  : Context for processor 'ps7_cortexa9_0' is selected.
15:17:55 INFO  : 'con' command is executed.
15:17:55 INFO  : ----------------XSDB Script (After Launch)----------------
targets -set -nocase -filter {name =~ "ARM*#0" && jtag_cable_name =~ "Digilent Zed 210248A39C93"} -index 0
con
----------------End of Script----------------

15:17:55 INFO  : Launch script is exported to file 'C:\Users\aniru\Desktop\ELD\lab11\lab11.sdk\.sdk\launch_scripts\xilinx_c-c++_application_(system_debugger)\system_debugger_using_debug_lab11.elf_on_remotebb.tcl'
15:19:00 INFO  : Disconnected from the channel tcfchan#15.
15:19:01 INFO  : Connected through redirection to target on host '192.168.226.142' and port '65382'.
15:19:11 WARN  : SDK version '2019.1' doesn't match hw_server version '2024.1.0'. Some debug features may not work.
15:19:21 INFO  : ----------------XSDB Script----------------
connect -path [list tcp::1534 tcp:192.168.226.142:65382]
----------------End of Script----------------

15:20:08 INFO  : Connected through redirection to target on host '192.168.226.142' and port '65382'.
15:20:09 WARN  : SDK version '2019.1' doesn't match hw_server version '2024.1.0'. Some debug features may not work.
15:20:12 INFO  : Jtag cable 'Digilent Zed 210248A39C93' is selected.
15:20:12 INFO  : 'jtag frequency' command is executed.
15:20:12 INFO  : Sourcing of 'C:/Users/aniru/Desktop/ELD/lab11/lab11.sdk/design_1_wrapper_hw_platform_0/ps7_init.tcl' is done.
15:20:13 INFO  : Context for 'APU' is selected.
15:20:13 INFO  : System reset is completed.
15:20:16 INFO  : 'after 3000' command is executed.
15:20:17 INFO  : 'targets -set -filter {jtag_cable_name =~ "Digilent Zed 210248A39C93" && level==0} -index 1' command is executed.
15:20:22 INFO  : FPGA configured successfully with bitstream "C:/Users/aniru/Desktop/ELD/lab11/lab11.sdk/design_1_wrapper_hw_platform_0/design_1_wrapper.bit"
15:20:22 INFO  : Context for 'APU' is selected.
15:20:23 INFO  : Hardware design information is loaded from 'C:/Users/aniru/Desktop/ELD/lab11/lab11.sdk/design_1_wrapper_hw_platform_0/system.hdf'.
15:20:23 INFO  : 'configparams force-mem-access 1' command is executed.
15:20:23 INFO  : Context for 'APU' is selected.
15:20:39 INFO  : 'ps7_init' command is executed.
15:20:40 INFO  : 'ps7_post_config' command is executed.
15:20:40 INFO  : Context for processor 'ps7_cortexa9_0' is selected.
15:20:40 INFO  : The application 'C:/Users/aniru/Desktop/ELD/lab11/lab11.sdk/lab11/Debug/lab11.elf' is downloaded to processor 'ps7_cortexa9_0'.
15:20:40 INFO  : 'configparams force-mem-access 0' command is executed.
15:20:40 INFO  : ----------------XSDB Script----------------
connect -path [list tcp::1534 tcp:192.168.226.142:65382]
source C:/Users/aniru/Desktop/ELD/lab11/lab11.sdk/design_1_wrapper_hw_platform_0/ps7_init.tcl
targets -set -nocase -filter {name =~"APU*" && jtag_cable_name =~ "Digilent Zed 210248A39C93"} -index 0
rst -system
after 3000
targets -set -filter {jtag_cable_name =~ "Digilent Zed 210248A39C93" && level==0} -index 1
fpga -file C:/Users/aniru/Desktop/ELD/lab11/lab11.sdk/design_1_wrapper_hw_platform_0/design_1_wrapper.bit
targets -set -nocase -filter {name =~"APU*" && jtag_cable_name =~ "Digilent Zed 210248A39C93"} -index 0
loadhw -hw C:/Users/aniru/Desktop/ELD/lab11/lab11.sdk/design_1_wrapper_hw_platform_0/system.hdf -mem-ranges [list {0x40000000 0xbfffffff}]
configparams force-mem-access 1
targets -set -nocase -filter {name =~"APU*" && jtag_cable_name =~ "Digilent Zed 210248A39C93"} -index 0
ps7_init
ps7_post_config
targets -set -nocase -filter {name =~ "ARM*#0" && jtag_cable_name =~ "Digilent Zed 210248A39C93"} -index 0
dow C:/Users/aniru/Desktop/ELD/lab11/lab11.sdk/lab11/Debug/lab11.elf
configparams force-mem-access 0
----------------End of Script----------------

15:20:41 INFO  : Memory regions updated for context APU
15:20:42 INFO  : Context for processor 'ps7_cortexa9_0' is selected.
15:20:42 INFO  : 'con' command is executed.
15:20:42 INFO  : ----------------XSDB Script (After Launch)----------------
targets -set -nocase -filter {name =~ "ARM*#0" && jtag_cable_name =~ "Digilent Zed 210248A39C93"} -index 0
con
----------------End of Script----------------

15:20:42 INFO  : Launch script is exported to file 'C:\Users\aniru\Desktop\ELD\lab11\lab11.sdk\.sdk\launch_scripts\xilinx_c-c++_application_(system_debugger)\system_debugger_using_debug_lab11.elf_on_remotebb.tcl'
15:22:29 INFO  : Disconnected from the channel tcfchan#16.
15:22:31 INFO  : Connected through redirection to target on host '192.168.226.142' and port '65382'.
15:22:31 WARN  : SDK version '2019.1' doesn't match hw_server version '2024.1.0'. Some debug features may not work.
15:22:34 INFO  : Jtag cable 'Digilent Zed 210248A39C93' is selected.
15:22:34 INFO  : 'jtag frequency' command is executed.
15:22:34 INFO  : Sourcing of 'C:/Users/aniru/Desktop/ELD/lab11/lab11.sdk/design_1_wrapper_hw_platform_0/ps7_init.tcl' is done.
15:22:35 INFO  : Context for 'APU' is selected.
15:22:36 INFO  : System reset is completed.
15:22:39 INFO  : 'after 3000' command is executed.
15:22:39 INFO  : 'targets -set -filter {jtag_cable_name =~ "Digilent Zed 210248A39C93" && level==0} -index 1' command is executed.
15:22:44 INFO  : FPGA configured successfully with bitstream "C:/Users/aniru/Desktop/ELD/lab11/lab11.sdk/design_1_wrapper_hw_platform_0/design_1_wrapper.bit"
15:22:45 INFO  : Context for 'APU' is selected.
15:22:50 INFO  : Hardware design information is loaded from 'C:/Users/aniru/Desktop/ELD/lab11/lab11.sdk/design_1_wrapper_hw_platform_0/system.hdf'.
15:22:50 INFO  : 'configparams force-mem-access 1' command is executed.
15:22:51 INFO  : Context for 'APU' is selected.
15:23:06 INFO  : 'ps7_init' command is executed.
15:23:07 INFO  : 'ps7_post_config' command is executed.
15:23:07 INFO  : Context for processor 'ps7_cortexa9_0' is selected.
15:23:08 INFO  : The application 'C:/Users/aniru/Desktop/ELD/lab11/lab11.sdk/lab11/Debug/lab11.elf' is downloaded to processor 'ps7_cortexa9_0'.
15:23:08 INFO  : 'configparams force-mem-access 0' command is executed.
15:23:08 INFO  : ----------------XSDB Script----------------
connect -path [list tcp::1534 tcp:192.168.226.142:65382]
source C:/Users/aniru/Desktop/ELD/lab11/lab11.sdk/design_1_wrapper_hw_platform_0/ps7_init.tcl
targets -set -nocase -filter {name =~"APU*" && jtag_cable_name =~ "Digilent Zed 210248A39C93"} -index 0
rst -system
after 3000
targets -set -filter {jtag_cable_name =~ "Digilent Zed 210248A39C93" && level==0} -index 1
fpga -file C:/Users/aniru/Desktop/ELD/lab11/lab11.sdk/design_1_wrapper_hw_platform_0/design_1_wrapper.bit
targets -set -nocase -filter {name =~"APU*" && jtag_cable_name =~ "Digilent Zed 210248A39C93"} -index 0
loadhw -hw C:/Users/aniru/Desktop/ELD/lab11/lab11.sdk/design_1_wrapper_hw_platform_0/system.hdf -mem-ranges [list {0x40000000 0xbfffffff}]
configparams force-mem-access 1
targets -set -nocase -filter {name =~"APU*" && jtag_cable_name =~ "Digilent Zed 210248A39C93"} -index 0
ps7_init
ps7_post_config
targets -set -nocase -filter {name =~ "ARM*#0" && jtag_cable_name =~ "Digilent Zed 210248A39C93"} -index 0
dow C:/Users/aniru/Desktop/ELD/lab11/lab11.sdk/lab11/Debug/lab11.elf
configparams force-mem-access 0
----------------End of Script----------------

15:23:09 INFO  : Memory regions updated for context APU
15:23:09 INFO  : Context for processor 'ps7_cortexa9_0' is selected.
15:23:09 INFO  : 'con' command is executed.
15:23:09 INFO  : ----------------XSDB Script (After Launch)----------------
targets -set -nocase -filter {name =~ "ARM*#0" && jtag_cable_name =~ "Digilent Zed 210248A39C93"} -index 0
con
----------------End of Script----------------

15:23:09 INFO  : Launch script is exported to file 'C:\Users\aniru\Desktop\ELD\lab11\lab11.sdk\.sdk\launch_scripts\xilinx_c-c++_application_(system_debugger)\system_debugger_using_debug_lab11.elf_on_remotebb.tcl'
15:24:13 INFO  : Disconnected from the channel tcfchan#17.
15:24:14 INFO  : Connected through redirection to target on host '192.168.226.142' and port '65382'.
15:24:16 WARN  : SDK version '2019.1' doesn't match hw_server version '2024.1.0'. Some debug features may not work.
15:24:19 INFO  : Jtag cable 'Digilent Zed 210248A39C93' is selected.
15:24:19 INFO  : 'jtag frequency' command is executed.
15:24:19 INFO  : Sourcing of 'C:/Users/aniru/Desktop/ELD/lab11/lab11.sdk/design_1_wrapper_hw_platform_0/ps7_init.tcl' is done.
15:24:19 INFO  : Context for 'APU' is selected.
15:24:21 INFO  : System reset is completed.
15:24:24 INFO  : 'after 3000' command is executed.
15:24:24 INFO  : 'targets -set -filter {jtag_cable_name =~ "Digilent Zed 210248A39C93" && level==0} -index 1' command is executed.
15:24:29 INFO  : FPGA configured successfully with bitstream "C:/Users/aniru/Desktop/ELD/lab11/lab11.sdk/design_1_wrapper_hw_platform_0/design_1_wrapper.bit"
15:24:29 INFO  : Context for 'APU' is selected.
15:24:33 INFO  : Hardware design information is loaded from 'C:/Users/aniru/Desktop/ELD/lab11/lab11.sdk/design_1_wrapper_hw_platform_0/system.hdf'.
15:24:33 INFO  : 'configparams force-mem-access 1' command is executed.
15:24:34 INFO  : Context for 'APU' is selected.
15:24:51 INFO  : 'ps7_init' command is executed.
15:24:52 INFO  : 'ps7_post_config' command is executed.
15:24:52 INFO  : Context for processor 'ps7_cortexa9_0' is selected.
15:24:56 INFO  : The application 'C:/Users/aniru/Desktop/ELD/lab11/lab11.sdk/lab11/Debug/lab11.elf' is downloaded to processor 'ps7_cortexa9_0'.
15:24:56 INFO  : 'configparams force-mem-access 0' command is executed.
15:24:56 INFO  : ----------------XSDB Script----------------
connect -path [list tcp::1534 tcp:192.168.226.142:65382]
source C:/Users/aniru/Desktop/ELD/lab11/lab11.sdk/design_1_wrapper_hw_platform_0/ps7_init.tcl
targets -set -nocase -filter {name =~"APU*" && jtag_cable_name =~ "Digilent Zed 210248A39C93"} -index 0
rst -system
after 3000
targets -set -filter {jtag_cable_name =~ "Digilent Zed 210248A39C93" && level==0} -index 1
fpga -file C:/Users/aniru/Desktop/ELD/lab11/lab11.sdk/design_1_wrapper_hw_platform_0/design_1_wrapper.bit
targets -set -nocase -filter {name =~"APU*" && jtag_cable_name =~ "Digilent Zed 210248A39C93"} -index 0
loadhw -hw C:/Users/aniru/Desktop/ELD/lab11/lab11.sdk/design_1_wrapper_hw_platform_0/system.hdf -mem-ranges [list {0x40000000 0xbfffffff}]
configparams force-mem-access 1
targets -set -nocase -filter {name =~"APU*" && jtag_cable_name =~ "Digilent Zed 210248A39C93"} -index 0
ps7_init
ps7_post_config
targets -set -nocase -filter {name =~ "ARM*#0" && jtag_cable_name =~ "Digilent Zed 210248A39C93"} -index 0
dow C:/Users/aniru/Desktop/ELD/lab11/lab11.sdk/lab11/Debug/lab11.elf
configparams force-mem-access 0
----------------End of Script----------------

15:24:57 INFO  : Memory regions updated for context APU
15:24:57 INFO  : Context for processor 'ps7_cortexa9_0' is selected.
15:24:57 INFO  : 'con' command is executed.
15:24:57 INFO  : ----------------XSDB Script (After Launch)----------------
targets -set -nocase -filter {name =~ "ARM*#0" && jtag_cable_name =~ "Digilent Zed 210248A39C93"} -index 0
con
----------------End of Script----------------

15:24:57 INFO  : Launch script is exported to file 'C:\Users\aniru\Desktop\ELD\lab11\lab11.sdk\.sdk\launch_scripts\xilinx_c-c++_application_(system_debugger)\system_debugger_using_debug_lab11.elf_on_remotebb.tcl'
15:26:17 INFO  : Disconnected from the channel tcfchan#18.
15:26:18 INFO  : Connected through redirection to target on host '192.168.226.142' and port '65382'.
15:26:21 WARN  : SDK version '2019.1' doesn't match hw_server version '2024.1.0'. Some debug features may not work.
15:26:24 INFO  : Jtag cable 'Digilent Zed 210248A39C93' is selected.
15:26:24 INFO  : 'jtag frequency' command is executed.
15:26:24 INFO  : Sourcing of 'C:/Users/aniru/Desktop/ELD/lab11/lab11.sdk/design_1_wrapper_hw_platform_0/ps7_init.tcl' is done.
15:26:24 INFO  : Context for 'APU' is selected.
15:26:26 INFO  : System reset is completed.
15:26:29 INFO  : 'after 3000' command is executed.
15:26:29 INFO  : 'targets -set -filter {jtag_cable_name =~ "Digilent Zed 210248A39C93" && level==0} -index 1' command is executed.
15:26:36 INFO  : FPGA configured successfully with bitstream "C:/Users/aniru/Desktop/ELD/lab11/lab11.sdk/design_1_wrapper_hw_platform_0/design_1_wrapper.bit"
15:26:36 INFO  : Context for 'APU' is selected.
15:26:40 INFO  : Hardware design information is loaded from 'C:/Users/aniru/Desktop/ELD/lab11/lab11.sdk/design_1_wrapper_hw_platform_0/system.hdf'.
15:26:40 INFO  : 'configparams force-mem-access 1' command is executed.
15:26:40 INFO  : Context for 'APU' is selected.
15:26:58 INFO  : 'ps7_init' command is executed.
15:26:59 INFO  : 'ps7_post_config' command is executed.
15:26:59 INFO  : Context for processor 'ps7_cortexa9_0' is selected.
15:26:59 INFO  : The application 'C:/Users/aniru/Desktop/ELD/lab11/lab11.sdk/lab11/Debug/lab11.elf' is downloaded to processor 'ps7_cortexa9_0'.
15:27:00 INFO  : 'configparams force-mem-access 0' command is executed.
15:27:00 INFO  : ----------------XSDB Script----------------
connect -path [list tcp::1534 tcp:192.168.226.142:65382]
source C:/Users/aniru/Desktop/ELD/lab11/lab11.sdk/design_1_wrapper_hw_platform_0/ps7_init.tcl
targets -set -nocase -filter {name =~"APU*" && jtag_cable_name =~ "Digilent Zed 210248A39C93"} -index 0
rst -system
after 3000
targets -set -filter {jtag_cable_name =~ "Digilent Zed 210248A39C93" && level==0} -index 1
fpga -file C:/Users/aniru/Desktop/ELD/lab11/lab11.sdk/design_1_wrapper_hw_platform_0/design_1_wrapper.bit
targets -set -nocase -filter {name =~"APU*" && jtag_cable_name =~ "Digilent Zed 210248A39C93"} -index 0
loadhw -hw C:/Users/aniru/Desktop/ELD/lab11/lab11.sdk/design_1_wrapper_hw_platform_0/system.hdf -mem-ranges [list {0x40000000 0xbfffffff}]
configparams force-mem-access 1
targets -set -nocase -filter {name =~"APU*" && jtag_cable_name =~ "Digilent Zed 210248A39C93"} -index 0
ps7_init
ps7_post_config
targets -set -nocase -filter {name =~ "ARM*#0" && jtag_cable_name =~ "Digilent Zed 210248A39C93"} -index 0
dow C:/Users/aniru/Desktop/ELD/lab11/lab11.sdk/lab11/Debug/lab11.elf
configparams force-mem-access 0
----------------End of Script----------------

15:27:00 INFO  : Memory regions updated for context APU
15:27:01 INFO  : Context for processor 'ps7_cortexa9_0' is selected.
15:27:01 INFO  : 'con' command is executed.
15:27:01 INFO  : ----------------XSDB Script (After Launch)----------------
targets -set -nocase -filter {name =~ "ARM*#0" && jtag_cable_name =~ "Digilent Zed 210248A39C93"} -index 0
con
----------------End of Script----------------

15:27:01 INFO  : Launch script is exported to file 'C:\Users\aniru\Desktop\ELD\lab11\lab11.sdk\.sdk\launch_scripts\xilinx_c-c++_application_(system_debugger)\system_debugger_using_debug_lab11.elf_on_remotebb.tcl'
15:28:04 INFO  : Disconnected from the channel tcfchan#19.
15:54:53 INFO  : Registering command handlers for SDK TCF services
15:54:55 INFO  : Launching XSCT server: xsct.bat -interactive C:\Users\aniru\Desktop\ELD\lab11\lab11.sdk\temp_xsdb_launch_script.tcl
15:55:01 INFO  : XSCT server has started successfully.
15:55:02 INFO  : Successfully done setting XSCT server connection channel  
15:55:02 INFO  : Successfully done setting SDK workspace  
15:55:02 INFO  : Processing command line option -hwspec C:/Users/aniru/Desktop/ELD/lab11/lab11.sdk/design_1_wrapper.hdf.
15:55:02 INFO  : Checking for hwspec changes in the project design_1_wrapper_hw_platform_0.
16:00:41 INFO  : Connected through redirection to target on host '192.168.226.142' and port '56811'.
16:00:42 WARN  : SDK version '2019.1' doesn't match hw_server version '2024.1.0'. Some debug features may not work.
16:00:44 INFO  : Jtag cable 'Digilent Zed 210248A39C93' is selected.
16:00:44 INFO  : 'jtag frequency' command is executed.
16:00:44 INFO  : Sourcing of 'C:/Users/aniru/Desktop/ELD/lab11/lab11.sdk/design_1_wrapper_hw_platform_0/ps7_init.tcl' is done.
16:00:44 INFO  : Context for 'APU' is selected.
16:00:45 INFO  : System reset is completed.
16:00:48 INFO  : 'after 3000' command is executed.
16:00:48 INFO  : 'targets -set -filter {jtag_cable_name =~ "Digilent Zed 210248A39C93" && level==0} -index 1' command is executed.
16:00:52 INFO  : FPGA configured successfully with bitstream "C:/Users/aniru/Desktop/ELD/lab11/lab11.sdk/design_1_wrapper_hw_platform_0/design_1_wrapper.bit"
16:00:53 INFO  : Context for 'APU' is selected.
16:00:53 INFO  : Hardware design information is loaded from 'C:/Users/aniru/Desktop/ELD/lab11/lab11.sdk/design_1_wrapper_hw_platform_0/system.hdf'.
16:00:53 INFO  : 'configparams force-mem-access 1' command is executed.
16:00:53 INFO  : Context for 'APU' is selected.
16:01:09 INFO  : 'ps7_init' command is executed.
16:01:10 INFO  : 'ps7_post_config' command is executed.
16:01:10 INFO  : Context for processor 'ps7_cortexa9_0' is selected.
16:01:10 INFO  : The application 'C:/Users/aniru/Desktop/ELD/lab11/lab11.sdk/lab11/Debug/lab11.elf' is downloaded to processor 'ps7_cortexa9_0'.
16:01:10 INFO  : 'configparams force-mem-access 0' command is executed.
16:01:10 INFO  : ----------------XSDB Script----------------
connect -path [list tcp::1534 tcp:192.168.226.142:56811]
source C:/Users/aniru/Desktop/ELD/lab11/lab11.sdk/design_1_wrapper_hw_platform_0/ps7_init.tcl
targets -set -nocase -filter {name =~"APU*" && jtag_cable_name =~ "Digilent Zed 210248A39C93"} -index 0
rst -system
after 3000
targets -set -filter {jtag_cable_name =~ "Digilent Zed 210248A39C93" && level==0} -index 1
fpga -file C:/Users/aniru/Desktop/ELD/lab11/lab11.sdk/design_1_wrapper_hw_platform_0/design_1_wrapper.bit
targets -set -nocase -filter {name =~"APU*" && jtag_cable_name =~ "Digilent Zed 210248A39C93"} -index 0
loadhw -hw C:/Users/aniru/Desktop/ELD/lab11/lab11.sdk/design_1_wrapper_hw_platform_0/system.hdf -mem-ranges [list {0x40000000 0xbfffffff}]
configparams force-mem-access 1
targets -set -nocase -filter {name =~"APU*" && jtag_cable_name =~ "Digilent Zed 210248A39C93"} -index 0
ps7_init
ps7_post_config
targets -set -nocase -filter {name =~ "ARM*#0" && jtag_cable_name =~ "Digilent Zed 210248A39C93"} -index 0
dow C:/Users/aniru/Desktop/ELD/lab11/lab11.sdk/lab11/Debug/lab11.elf
configparams force-mem-access 0
----------------End of Script----------------

16:01:12 INFO  : Memory regions updated for context APU
16:01:12 INFO  : Context for processor 'ps7_cortexa9_0' is selected.
16:01:12 INFO  : 'con' command is executed.
16:01:12 INFO  : ----------------XSDB Script (After Launch)----------------
targets -set -nocase -filter {name =~ "ARM*#0" && jtag_cable_name =~ "Digilent Zed 210248A39C93"} -index 0
con
----------------End of Script----------------

16:01:12 INFO  : Launch script is exported to file 'C:\Users\aniru\Desktop\ELD\lab11\lab11.sdk\.sdk\launch_scripts\xilinx_c-c++_application_(system_debugger)\system_debugger_using_debug_lab11.elf_on_remotebb.tcl'
16:02:44 INFO  : Disconnected from the channel tcfchan#1.
16:02:45 INFO  : Connected through redirection to target on host '192.168.226.142' and port '56811'.
16:02:46 WARN  : SDK version '2019.1' doesn't match hw_server version '2024.1.0'. Some debug features may not work.
16:02:56 INFO  : ----------------XSDB Script----------------
connect -path [list tcp::1534 tcp:192.168.226.142:56811]
----------------End of Script----------------

16:03:29 INFO  : Connected through redirection to target on host '192.168.226.142' and port '56811'.
16:03:29 WARN  : SDK version '2019.1' doesn't match hw_server version '2024.1.0'. Some debug features may not work.
16:03:31 INFO  : Jtag cable 'Digilent Zed 210248A39C93' is selected.
16:03:31 INFO  : 'jtag frequency' command is executed.
16:03:31 INFO  : Sourcing of 'C:/Users/aniru/Desktop/ELD/lab11/lab11.sdk/design_1_wrapper_hw_platform_0/ps7_init.tcl' is done.
16:03:31 INFO  : Context for 'APU' is selected.
16:03:32 INFO  : System reset is completed.
16:03:35 INFO  : 'after 3000' command is executed.
16:03:36 INFO  : 'targets -set -filter {jtag_cable_name =~ "Digilent Zed 210248A39C93" && level==0} -index 1' command is executed.
16:03:41 INFO  : FPGA configured successfully with bitstream "C:/Users/aniru/Desktop/ELD/lab11/lab11.sdk/design_1_wrapper_hw_platform_0/design_1_wrapper.bit"
16:03:41 INFO  : Context for 'APU' is selected.
16:03:42 INFO  : Hardware design information is loaded from 'C:/Users/aniru/Desktop/ELD/lab11/lab11.sdk/design_1_wrapper_hw_platform_0/system.hdf'.
16:03:42 INFO  : 'configparams force-mem-access 1' command is executed.
16:03:42 INFO  : Context for 'APU' is selected.
16:03:59 INFO  : 'ps7_init' command is executed.
16:03:59 INFO  : 'ps7_post_config' command is executed.
16:04:00 INFO  : Context for processor 'ps7_cortexa9_0' is selected.
16:04:00 INFO  : The application 'C:/Users/aniru/Desktop/ELD/lab11/lab11.sdk/lab11/Debug/lab11.elf' is downloaded to processor 'ps7_cortexa9_0'.
16:04:00 INFO  : 'configparams force-mem-access 0' command is executed.
16:04:00 INFO  : ----------------XSDB Script----------------
connect -path [list tcp::1534 tcp:192.168.226.142:56811]
source C:/Users/aniru/Desktop/ELD/lab11/lab11.sdk/design_1_wrapper_hw_platform_0/ps7_init.tcl
targets -set -nocase -filter {name =~"APU*" && jtag_cable_name =~ "Digilent Zed 210248A39C93"} -index 0
rst -system
after 3000
targets -set -filter {jtag_cable_name =~ "Digilent Zed 210248A39C93" && level==0} -index 1
fpga -file C:/Users/aniru/Desktop/ELD/lab11/lab11.sdk/design_1_wrapper_hw_platform_0/design_1_wrapper.bit
targets -set -nocase -filter {name =~"APU*" && jtag_cable_name =~ "Digilent Zed 210248A39C93"} -index 0
loadhw -hw C:/Users/aniru/Desktop/ELD/lab11/lab11.sdk/design_1_wrapper_hw_platform_0/system.hdf -mem-ranges [list {0x40000000 0xbfffffff}]
configparams force-mem-access 1
targets -set -nocase -filter {name =~"APU*" && jtag_cable_name =~ "Digilent Zed 210248A39C93"} -index 0
ps7_init
ps7_post_config
targets -set -nocase -filter {name =~ "ARM*#0" && jtag_cable_name =~ "Digilent Zed 210248A39C93"} -index 0
dow C:/Users/aniru/Desktop/ELD/lab11/lab11.sdk/lab11/Debug/lab11.elf
configparams force-mem-access 0
----------------End of Script----------------

16:04:01 INFO  : Memory regions updated for context APU
16:04:01 INFO  : Context for processor 'ps7_cortexa9_0' is selected.
16:04:01 INFO  : 'con' command is executed.
16:04:01 INFO  : ----------------XSDB Script (After Launch)----------------
targets -set -nocase -filter {name =~ "ARM*#0" && jtag_cable_name =~ "Digilent Zed 210248A39C93"} -index 0
con
----------------End of Script----------------

16:04:01 INFO  : Launch script is exported to file 'C:\Users\aniru\Desktop\ELD\lab11\lab11.sdk\.sdk\launch_scripts\xilinx_c-c++_application_(system_debugger)\system_debugger_using_debug_lab11.elf_on_remotebb.tcl'
16:13:54 INFO  : Disconnected from the channel tcfchan#2.
12:09:47 INFO  : Registering command handlers for SDK TCF services
12:09:48 INFO  : Launching XSCT server: xsct.bat -interactive C:\Users\aniru\Desktop\ELD\lab11\lab11.sdk\temp_xsdb_launch_script.tcl
12:09:54 INFO  : XSCT server has started successfully.
12:09:54 INFO  : Successfully done setting XSCT server connection channel  
12:10:00 INFO  : Successfully done setting SDK workspace  
12:10:00 INFO  : Processing command line option -hwspec C:/Users/aniru/Desktop/ELD/lab11/lab11.sdk/design_1_wrapper.hdf.
12:10:00 INFO  : Checking for hwspec changes in the project design_1_wrapper_hw_platform_0.
18:47:55 INFO  : Registering command handlers for SDK TCF services
18:47:57 INFO  : Launching XSCT server: xsct.bat -interactive C:\Users\aniru\Desktop\ELD\lab11\lab11.sdk\temp_xsdb_launch_script.tcl
18:48:02 INFO  : XSCT server has started successfully.
18:48:11 INFO  : Successfully done setting XSCT server connection channel  
18:48:11 INFO  : Processing command line option -hwspec C:/Users/aniru/Desktop/ELD/lab11/lab11.sdk/design_1_wrapper.hdf.
18:48:12 INFO  : Successfully done setting SDK workspace  
18:48:12 INFO  : Checking for hwspec changes in the project design_1_wrapper_hw_platform_0.
18:49:28 INFO  : Connected through redirection to target on host '192.168.226.142' and port '51730'.
18:49:30 WARN  : SDK version '2019.1' doesn't match hw_server version '2024.1.0'. Some debug features may not work.
18:49:33 INFO  : Jtag cable 'Digilent Zed 210248A39C93' is selected.
18:49:33 INFO  : 'jtag frequency' command is executed.
18:49:33 INFO  : Sourcing of 'C:/Users/aniru/Desktop/ELD/lab11/lab11.sdk/design_1_wrapper_hw_platform_0/ps7_init.tcl' is done.
18:49:34 INFO  : Context for 'APU' is selected.
18:49:35 INFO  : System reset is completed.
18:49:38 INFO  : 'after 3000' command is executed.
18:49:39 INFO  : 'targets -set -filter {jtag_cable_name =~ "Digilent Zed 210248A39C93" && level==0} -index 1' command is executed.
18:49:45 INFO  : FPGA configured successfully with bitstream "C:/Users/aniru/Desktop/ELD/lab11/lab11.sdk/design_1_wrapper_hw_platform_0/design_1_wrapper.bit"
18:49:46 INFO  : Context for 'APU' is selected.
18:49:46 INFO  : Hardware design information is loaded from 'C:/Users/aniru/Desktop/ELD/lab11/lab11.sdk/design_1_wrapper_hw_platform_0/system.hdf'.
18:49:46 INFO  : 'configparams force-mem-access 1' command is executed.
18:49:47 INFO  : Context for 'APU' is selected.
18:50:12 INFO  : 'ps7_init' command is executed.
18:50:13 INFO  : 'ps7_post_config' command is executed.
18:50:13 INFO  : Context for processor 'ps7_cortexa9_0' is selected.
18:50:14 INFO  : The application 'C:/Users/aniru/Desktop/ELD/lab11/lab11.sdk/lab11/Debug/lab11.elf' is downloaded to processor 'ps7_cortexa9_0'.
18:50:14 INFO  : 'configparams force-mem-access 0' command is executed.
18:50:14 INFO  : ----------------XSDB Script----------------
connect -path [list tcp::1534 tcp:192.168.226.142:51730]
source C:/Users/aniru/Desktop/ELD/lab11/lab11.sdk/design_1_wrapper_hw_platform_0/ps7_init.tcl
targets -set -nocase -filter {name =~"APU*" && jtag_cable_name =~ "Digilent Zed 210248A39C93"} -index 0
rst -system
after 3000
targets -set -filter {jtag_cable_name =~ "Digilent Zed 210248A39C93" && level==0} -index 1
fpga -file C:/Users/aniru/Desktop/ELD/lab11/lab11.sdk/design_1_wrapper_hw_platform_0/design_1_wrapper.bit
targets -set -nocase -filter {name =~"APU*" && jtag_cable_name =~ "Digilent Zed 210248A39C93"} -index 0
loadhw -hw C:/Users/aniru/Desktop/ELD/lab11/lab11.sdk/design_1_wrapper_hw_platform_0/system.hdf -mem-ranges [list {0x40000000 0xbfffffff}]
configparams force-mem-access 1
targets -set -nocase -filter {name =~"APU*" && jtag_cable_name =~ "Digilent Zed 210248A39C93"} -index 0
ps7_init
ps7_post_config
targets -set -nocase -filter {name =~ "ARM*#0" && jtag_cable_name =~ "Digilent Zed 210248A39C93"} -index 0
dow C:/Users/aniru/Desktop/ELD/lab11/lab11.sdk/lab11/Debug/lab11.elf
configparams force-mem-access 0
----------------End of Script----------------

18:50:15 INFO  : Memory regions updated for context APU
18:50:15 INFO  : Context for processor 'ps7_cortexa9_0' is selected.
18:50:15 INFO  : 'con' command is executed.
18:50:15 INFO  : ----------------XSDB Script (After Launch)----------------
targets -set -nocase -filter {name =~ "ARM*#0" && jtag_cable_name =~ "Digilent Zed 210248A39C93"} -index 0
con
----------------End of Script----------------

18:50:15 INFO  : Launch script is exported to file 'C:\Users\aniru\Desktop\ELD\lab11\lab11.sdk\.sdk\launch_scripts\xilinx_c-c++_application_(system_debugger)\system_debugger_using_debug_lab11.elf_on_remotebb.tcl'
18:54:19 WARN  : channel "tcfchan#1" closed
01:26:27 INFO  : Registering command handlers for SDK TCF services
01:26:27 INFO  : Launching XSCT server: xsct.bat -interactive C:\Users\aniru\Desktop\ELD\lab11\lab11.sdk\temp_xsdb_launch_script.tcl
01:26:39 INFO  : XSCT server has started successfully.
01:26:40 INFO  : Successfully done setting XSCT server connection channel  
01:26:40 INFO  : Processing command line option -hwspec C:/Users/aniru/Desktop/ELD/lab11/lab11.sdk/design_1_wrapper.hdf.
01:26:40 INFO  : Successfully done setting SDK workspace  
01:26:40 INFO  : Checking for hwspec changes in the project design_1_wrapper_hw_platform_0.
01:31:58 INFO  : Connected through redirection to target on host '192.168.226.142' and port '55256'.
01:32:00 WARN  : SDK version '2019.1' doesn't match hw_server version '2024.1.0'. Some debug features may not work.
01:32:03 INFO  : Jtag cable 'Digilent Zed 210248A39C93' is selected.
01:32:03 INFO  : 'jtag frequency' command is executed.
01:32:03 INFO  : Sourcing of 'C:/Users/aniru/Desktop/ELD/lab11/lab11.sdk/design_1_wrapper_hw_platform_0/ps7_init.tcl' is done.
01:32:03 INFO  : Context for 'APU' is selected.
01:32:04 INFO  : System reset is completed.
01:32:08 INFO  : 'after 3000' command is executed.
01:32:08 INFO  : 'targets -set -filter {jtag_cable_name =~ "Digilent Zed 210248A39C93" && level==0} -index 1' command is executed.
01:32:12 INFO  : FPGA configured successfully with bitstream "C:/Users/aniru/Desktop/ELD/lab11/lab11.sdk/design_1_wrapper_hw_platform_0/design_1_wrapper.bit"
01:32:12 INFO  : Context for 'APU' is selected.
01:32:13 INFO  : Hardware design information is loaded from 'C:/Users/aniru/Desktop/ELD/lab11/lab11.sdk/design_1_wrapper_hw_platform_0/system.hdf'.
01:32:13 INFO  : 'configparams force-mem-access 1' command is executed.
01:32:13 INFO  : Context for 'APU' is selected.
01:32:30 INFO  : 'ps7_init' command is executed.
01:32:31 INFO  : 'ps7_post_config' command is executed.
01:32:31 INFO  : Context for processor 'ps7_cortexa9_0' is selected.
01:32:31 INFO  : The application 'C:/Users/aniru/Desktop/ELD/lab11/lab11.sdk/lab11/Debug/lab11.elf' is downloaded to processor 'ps7_cortexa9_0'.
01:32:31 INFO  : 'configparams force-mem-access 0' command is executed.
01:32:31 INFO  : ----------------XSDB Script----------------
connect -path [list tcp::1534 tcp:192.168.226.142:55256]
source C:/Users/aniru/Desktop/ELD/lab11/lab11.sdk/design_1_wrapper_hw_platform_0/ps7_init.tcl
targets -set -nocase -filter {name =~"APU*" && jtag_cable_name =~ "Digilent Zed 210248A39C93"} -index 0
rst -system
after 3000
targets -set -filter {jtag_cable_name =~ "Digilent Zed 210248A39C93" && level==0} -index 1
fpga -file C:/Users/aniru/Desktop/ELD/lab11/lab11.sdk/design_1_wrapper_hw_platform_0/design_1_wrapper.bit
targets -set -nocase -filter {name =~"APU*" && jtag_cable_name =~ "Digilent Zed 210248A39C93"} -index 0
loadhw -hw C:/Users/aniru/Desktop/ELD/lab11/lab11.sdk/design_1_wrapper_hw_platform_0/system.hdf -mem-ranges [list {0x40000000 0xbfffffff}]
configparams force-mem-access 1
targets -set -nocase -filter {name =~"APU*" && jtag_cable_name =~ "Digilent Zed 210248A39C93"} -index 0
ps7_init
ps7_post_config
targets -set -nocase -filter {name =~ "ARM*#0" && jtag_cable_name =~ "Digilent Zed 210248A39C93"} -index 0
dow C:/Users/aniru/Desktop/ELD/lab11/lab11.sdk/lab11/Debug/lab11.elf
configparams force-mem-access 0
----------------End of Script----------------

01:32:32 INFO  : Memory regions updated for context APU
01:32:33 INFO  : Context for processor 'ps7_cortexa9_0' is selected.
01:32:33 INFO  : 'con' command is executed.
01:32:33 INFO  : ----------------XSDB Script (After Launch)----------------
targets -set -nocase -filter {name =~ "ARM*#0" && jtag_cable_name =~ "Digilent Zed 210248A39C93"} -index 0
con
----------------End of Script----------------

01:32:33 INFO  : Launch script is exported to file 'C:\Users\aniru\Desktop\ELD\lab11\lab11.sdk\.sdk\launch_scripts\xilinx_c-c++_application_(system_debugger)\system_debugger_using_debug_lab11.elf_on_remotebb.tcl'
01:33:12 INFO  : Disconnected from the channel tcfchan#1.
02:36:07 INFO  : Registering command handlers for SDK TCF services
02:36:09 INFO  : Launching XSCT server: xsct.bat -interactive C:\Users\aniru\Desktop\ELD\lab11\lab11.sdk\temp_xsdb_launch_script.tcl
02:36:13 INFO  : XSCT server has started successfully.
02:36:14 INFO  : Successfully done setting XSCT server connection channel  
02:36:14 INFO  : Processing command line option -hwspec C:/Users/aniru/Desktop/ELD/lab11/lab11.sdk/design_1_wrapper.hdf.
02:36:14 INFO  : Checking for hwspec changes in the project design_1_wrapper_hw_platform_0.
02:36:14 INFO  : Successfully done setting SDK workspace  
02:45:38 INFO  : Connected through redirection to target on host '192.168.226.142' and port '51183'.
02:45:39 WARN  : SDK version '2019.1' doesn't match hw_server version '2024.1.0'. Some debug features may not work.
02:45:43 INFO  : Jtag cable 'Digilent Zed 210248A39C93' is selected.
02:45:43 INFO  : 'jtag frequency' command is executed.
02:45:43 INFO  : Sourcing of 'C:/Users/aniru/Desktop/ELD/lab11/lab11.sdk/design_1_wrapper_hw_platform_0/ps7_init.tcl' is done.
02:45:43 INFO  : Context for 'APU' is selected.
02:45:45 INFO  : System reset is completed.
02:45:48 INFO  : 'after 3000' command is executed.
02:45:48 INFO  : 'targets -set -filter {jtag_cable_name =~ "Digilent Zed 210248A39C93" && level==0} -index 1' command is executed.
02:45:56 INFO  : FPGA configured successfully with bitstream "C:/Users/aniru/Desktop/ELD/lab11/lab11.sdk/design_1_wrapper_hw_platform_0/design_1_wrapper.bit"
02:45:56 INFO  : Context for 'APU' is selected.
02:45:56 ERROR : channel "tcfchan#1" closed
02:45:56 INFO  : ----------------XSDB Script----------------
connect -path [list tcp::1534 tcp:192.168.226.142:51183]
source C:/Users/aniru/Desktop/ELD/lab11/lab11.sdk/design_1_wrapper_hw_platform_0/ps7_init.tcl
targets -set -nocase -filter {name =~"APU*" && jtag_cable_name =~ "Digilent Zed 210248A39C93"} -index 0
rst -system
after 3000
targets -set -filter {jtag_cable_name =~ "Digilent Zed 210248A39C93" && level==0} -index 1
fpga -file C:/Users/aniru/Desktop/ELD/lab11/lab11.sdk/design_1_wrapper_hw_platform_0/design_1_wrapper.bit
targets -set -nocase -filter {name =~"APU*" && jtag_cable_name =~ "Digilent Zed 210248A39C93"} -index 0
loadhw -hw C:/Users/aniru/Desktop/ELD/lab11/lab11.sdk/design_1_wrapper_hw_platform_0/system.hdf -mem-ranges [list {0x40000000 0xbfffffff}]
----------------End of Script----------------

02:46:37 ERROR : Failed to redirect connection to hardware server on host '192.168.226.142' and port '51183'.
Reason: No connection could be made because the target machine actively refused it
02:46:37 INFO  : ----------------XSDB Script----------------
connect -path [list tcp::1534 tcp:192.168.226.142:51183]
----------------End of Script----------------

02:47:00 ERROR : Failed to redirect connection to hardware server on host '192.168.226.142' and port '51183'.
Reason: No connection could be made because the target machine actively refused it
02:47:00 INFO  : ----------------XSDB Script----------------
connect -path [list tcp::1534 tcp:192.168.226.142:51183]
----------------End of Script----------------

10:33:23 INFO  : Registering command handlers for SDK TCF services
10:33:24 INFO  : Launching XSCT server: xsct.bat -interactive C:\Users\aniru\Desktop\ELD\lab11\lab11.sdk\temp_xsdb_launch_script.tcl
10:33:30 INFO  : XSCT server has started successfully.
10:33:37 INFO  : Successfully done setting XSCT server connection channel  
10:33:37 INFO  : Successfully done setting SDK workspace  
10:33:37 INFO  : Processing command line option -hwspec C:/Users/aniru/Desktop/ELD/lab11/lab11.sdk/design_1_wrapper.hdf.
10:33:37 INFO  : Checking for hwspec changes in the project design_1_wrapper_hw_platform_0.
11:21:26 INFO  : Connected through redirection to target on host '192.168.226.142' and port '64160'.
11:21:28 WARN  : SDK version '2019.1' doesn't match hw_server version '2024.1.0'. Some debug features may not work.
11:21:30 INFO  : Jtag cable 'Digilent Zed 210248A39C93' is selected.
11:21:30 INFO  : 'jtag frequency' command is executed.
11:21:30 INFO  : Sourcing of 'C:/Users/aniru/Desktop/ELD/lab11/lab11.sdk/design_1_wrapper_hw_platform_0/ps7_init.tcl' is done.
11:21:30 INFO  : Context for 'APU' is selected.
11:21:30 INFO  : System reset is completed.
11:21:33 INFO  : 'after 3000' command is executed.
11:21:33 INFO  : 'targets -set -filter {jtag_cable_name =~ "Digilent Zed 210248A39C93" && level==0} -index 1' command is executed.
11:21:43 INFO  : FPGA configured successfully with bitstream "C:/Users/aniru/Desktop/ELD/lab11/lab11.sdk/design_1_wrapper_hw_platform_0/design_1_wrapper.bit"
11:21:43 INFO  : Context for 'APU' is selected.
11:21:43 INFO  : Hardware design information is loaded from 'C:/Users/aniru/Desktop/ELD/lab11/lab11.sdk/design_1_wrapper_hw_platform_0/system.hdf'.
11:21:43 INFO  : 'configparams force-mem-access 1' command is executed.
11:21:43 INFO  : Context for 'APU' is selected.
11:21:45 INFO  : 'ps7_init' command is executed.
11:21:45 INFO  : 'ps7_post_config' command is executed.
11:21:45 INFO  : Context for processor 'ps7_cortexa9_0' is selected.
11:21:45 INFO  : The application 'C:/Users/aniru/Desktop/ELD/lab11/lab11.sdk/lab11/Debug/lab11.elf' is downloaded to processor 'ps7_cortexa9_0'.
11:21:45 INFO  : 'configparams force-mem-access 0' command is executed.
11:21:45 INFO  : ----------------XSDB Script----------------
connect -path [list tcp::1534 tcp:192.168.226.142:64160]
source C:/Users/aniru/Desktop/ELD/lab11/lab11.sdk/design_1_wrapper_hw_platform_0/ps7_init.tcl
targets -set -nocase -filter {name =~"APU*" && jtag_cable_name =~ "Digilent Zed 210248A39C93"} -index 0
rst -system
after 3000
targets -set -filter {jtag_cable_name =~ "Digilent Zed 210248A39C93" && level==0} -index 1
fpga -file C:/Users/aniru/Desktop/ELD/lab11/lab11.sdk/design_1_wrapper_hw_platform_0/design_1_wrapper.bit
targets -set -nocase -filter {name =~"APU*" && jtag_cable_name =~ "Digilent Zed 210248A39C93"} -index 0
loadhw -hw C:/Users/aniru/Desktop/ELD/lab11/lab11.sdk/design_1_wrapper_hw_platform_0/system.hdf -mem-ranges [list {0x40000000 0xbfffffff}]
configparams force-mem-access 1
targets -set -nocase -filter {name =~"APU*" && jtag_cable_name =~ "Digilent Zed 210248A39C93"} -index 0
ps7_init
ps7_post_config
targets -set -nocase -filter {name =~ "ARM*#0" && jtag_cable_name =~ "Digilent Zed 210248A39C93"} -index 0
dow C:/Users/aniru/Desktop/ELD/lab11/lab11.sdk/lab11/Debug/lab11.elf
configparams force-mem-access 0
----------------End of Script----------------

11:21:46 INFO  : Memory regions updated for context APU
11:21:46 INFO  : Context for processor 'ps7_cortexa9_0' is selected.
11:21:46 INFO  : 'con' command is executed.
11:21:46 INFO  : ----------------XSDB Script (After Launch)----------------
targets -set -nocase -filter {name =~ "ARM*#0" && jtag_cable_name =~ "Digilent Zed 210248A39C93"} -index 0
con
----------------End of Script----------------

11:21:46 INFO  : Launch script is exported to file 'C:\Users\aniru\Desktop\ELD\lab11\lab11.sdk\.sdk\launch_scripts\xilinx_c-c++_application_(system_debugger)\system_debugger_using_debug_lab11.elf_on_remotebb.tcl'
11:30:11 WARN  : channel "tcfchan#1" closed
11:31:29 INFO  : Connected through redirection to target on host '192.168.226.142' and port '58084'.
11:31:30 WARN  : SDK version '2019.1' doesn't match hw_server version '2024.1.0'. Some debug features may not work.
11:31:31 INFO  : Jtag cable 'Digilent Zed 210248A39C93' is selected.
11:31:31 INFO  : 'jtag frequency' command is executed.
11:31:31 INFO  : Sourcing of 'C:/Users/aniru/Desktop/ELD/lab11/lab11.sdk/design_1_wrapper_hw_platform_0/ps7_init.tcl' is done.
11:31:32 INFO  : Context for 'APU' is selected.
11:31:32 INFO  : System reset is completed.
11:31:35 INFO  : 'after 3000' command is executed.
11:31:36 INFO  : 'targets -set -filter {jtag_cable_name =~ "Digilent Zed 210248A39C93" && level==0} -index 1' command is executed.
11:31:39 INFO  : FPGA configured successfully with bitstream "C:/Users/aniru/Desktop/ELD/lab11/lab11.sdk/design_1_wrapper_hw_platform_0/design_1_wrapper.bit"
11:31:39 INFO  : Context for 'APU' is selected.
11:31:39 INFO  : Hardware design information is loaded from 'C:/Users/aniru/Desktop/ELD/lab11/lab11.sdk/design_1_wrapper_hw_platform_0/system.hdf'.
11:31:39 INFO  : 'configparams force-mem-access 1' command is executed.
11:31:39 INFO  : Context for 'APU' is selected.
11:31:41 INFO  : 'ps7_init' command is executed.
11:31:41 INFO  : 'ps7_post_config' command is executed.
11:31:41 INFO  : Context for processor 'ps7_cortexa9_0' is selected.
11:31:41 INFO  : The application 'C:/Users/aniru/Desktop/ELD/lab11/lab11.sdk/lab11/Debug/lab11.elf' is downloaded to processor 'ps7_cortexa9_0'.
11:31:41 INFO  : 'configparams force-mem-access 0' command is executed.
11:31:41 INFO  : ----------------XSDB Script----------------
connect -path [list tcp::1534 tcp:192.168.226.142:58084]
source C:/Users/aniru/Desktop/ELD/lab11/lab11.sdk/design_1_wrapper_hw_platform_0/ps7_init.tcl
targets -set -nocase -filter {name =~"APU*" && jtag_cable_name =~ "Digilent Zed 210248A39C93"} -index 0
rst -system
after 3000
targets -set -filter {jtag_cable_name =~ "Digilent Zed 210248A39C93" && level==0} -index 1
fpga -file C:/Users/aniru/Desktop/ELD/lab11/lab11.sdk/design_1_wrapper_hw_platform_0/design_1_wrapper.bit
targets -set -nocase -filter {name =~"APU*" && jtag_cable_name =~ "Digilent Zed 210248A39C93"} -index 0
loadhw -hw C:/Users/aniru/Desktop/ELD/lab11/lab11.sdk/design_1_wrapper_hw_platform_0/system.hdf -mem-ranges [list {0x40000000 0xbfffffff}]
configparams force-mem-access 1
targets -set -nocase -filter {name =~"APU*" && jtag_cable_name =~ "Digilent Zed 210248A39C93"} -index 0
ps7_init
ps7_post_config
targets -set -nocase -filter {name =~ "ARM*#0" && jtag_cable_name =~ "Digilent Zed 210248A39C93"} -index 0
dow C:/Users/aniru/Desktop/ELD/lab11/lab11.sdk/lab11/Debug/lab11.elf
configparams force-mem-access 0
----------------End of Script----------------

11:31:42 INFO  : Memory regions updated for context APU
11:31:42 INFO  : Context for processor 'ps7_cortexa9_0' is selected.
11:31:42 INFO  : 'con' command is executed.
11:31:42 INFO  : ----------------XSDB Script (After Launch)----------------
targets -set -nocase -filter {name =~ "ARM*#0" && jtag_cable_name =~ "Digilent Zed 210248A39C93"} -index 0
con
----------------End of Script----------------

11:31:42 INFO  : Launch script is exported to file 'C:\Users\aniru\Desktop\ELD\lab11\lab11.sdk\.sdk\launch_scripts\xilinx_c-c++_application_(system_debugger)\system_debugger_using_debug_lab11.elf_on_remotebb.tcl'
11:33:39 ERROR : (XSDB Server)invalid command name "jtagterminall="

11:45:11 WARN  : channel "tcfchan#2" closed
11:48:03 INFO  : Connected through redirection to target on host '192.168.226.142' and port '61897'.
11:48:05 WARN  : SDK version '2019.1' doesn't match hw_server version '2024.1.0'. Some debug features may not work.
11:48:07 INFO  : Jtag cable 'Digilent Zed 210248A39C93' is selected.
11:48:07 INFO  : 'jtag frequency' command is executed.
11:48:07 INFO  : Sourcing of 'C:/Users/aniru/Desktop/ELD/lab11/lab11.sdk/design_1_wrapper_hw_platform_0/ps7_init.tcl' is done.
11:48:07 INFO  : Context for 'APU' is selected.
11:48:07 INFO  : System reset is completed.
11:48:10 INFO  : 'after 3000' command is executed.
11:48:10 INFO  : 'targets -set -filter {jtag_cable_name =~ "Digilent Zed 210248A39C93" && level==0} -index 1' command is executed.
11:48:19 INFO  : FPGA configured successfully with bitstream "C:/Users/aniru/Desktop/ELD/lab11/lab11.sdk/design_1_wrapper_hw_platform_0/design_1_wrapper.bit"
11:48:19 INFO  : Context for 'APU' is selected.
11:48:20 INFO  : Hardware design information is loaded from 'C:/Users/aniru/Desktop/ELD/lab11/lab11.sdk/design_1_wrapper_hw_platform_0/system.hdf'.
11:48:20 INFO  : 'configparams force-mem-access 1' command is executed.
11:48:20 INFO  : Context for 'APU' is selected.
11:48:21 INFO  : 'ps7_init' command is executed.
11:48:21 INFO  : 'ps7_post_config' command is executed.
11:48:21 INFO  : Context for processor 'ps7_cortexa9_0' is selected.
11:48:22 INFO  : The application 'C:/Users/aniru/Desktop/ELD/lab11/lab11.sdk/lab11/Debug/lab11.elf' is downloaded to processor 'ps7_cortexa9_0'.
11:48:22 INFO  : 'configparams force-mem-access 0' command is executed.
11:48:22 INFO  : ----------------XSDB Script----------------
connect -path [list tcp::1534 tcp:192.168.226.142:61897]
source C:/Users/aniru/Desktop/ELD/lab11/lab11.sdk/design_1_wrapper_hw_platform_0/ps7_init.tcl
targets -set -nocase -filter {name =~"APU*" && jtag_cable_name =~ "Digilent Zed 210248A39C93"} -index 0
rst -system
after 3000
targets -set -filter {jtag_cable_name =~ "Digilent Zed 210248A39C93" && level==0} -index 1
fpga -file C:/Users/aniru/Desktop/ELD/lab11/lab11.sdk/design_1_wrapper_hw_platform_0/design_1_wrapper.bit
targets -set -nocase -filter {name =~"APU*" && jtag_cable_name =~ "Digilent Zed 210248A39C93"} -index 0
loadhw -hw C:/Users/aniru/Desktop/ELD/lab11/lab11.sdk/design_1_wrapper_hw_platform_0/system.hdf -mem-ranges [list {0x40000000 0xbfffffff}]
configparams force-mem-access 1
targets -set -nocase -filter {name =~"APU*" && jtag_cable_name =~ "Digilent Zed 210248A39C93"} -index 0
ps7_init
ps7_post_config
targets -set -nocase -filter {name =~ "ARM*#0" && jtag_cable_name =~ "Digilent Zed 210248A39C93"} -index 0
dow C:/Users/aniru/Desktop/ELD/lab11/lab11.sdk/lab11/Debug/lab11.elf
configparams force-mem-access 0
----------------End of Script----------------

11:48:22 INFO  : Memory regions updated for context APU
11:48:22 INFO  : Context for processor 'ps7_cortexa9_0' is selected.
11:48:22 INFO  : 'con' command is executed.
11:48:22 INFO  : ----------------XSDB Script (After Launch)----------------
targets -set -nocase -filter {name =~ "ARM*#0" && jtag_cable_name =~ "Digilent Zed 210248A39C93"} -index 0
con
----------------End of Script----------------

11:48:22 INFO  : Launch script is exported to file 'C:\Users\aniru\Desktop\ELD\lab11\lab11.sdk\.sdk\launch_scripts\xilinx_c-c++_application_(system_debugger)\system_debugger_using_debug_lab11.elf_on_remotebb.tcl'
12:00:13 WARN  : channel "tcfchan#3" closed
