02:30:43 INFO  : Registering command handlers for SDK TCF services
02:30:45 INFO  : Launching XSCT server: xsct.bat -interactive C:\Users\aniru\Desktop\ELD\lab9\lab9.sdk\temp_xsdb_launch_script.tcl
02:30:50 INFO  : XSCT server has started successfully.
02:30:56 INFO  : Successfully done setting XSCT server connection channel  
02:30:56 INFO  : Successfully done setting SDK workspace  
02:30:56 INFO  : Processing command line option -hwspec C:/Users/aniru/Desktop/ELD/lab9/lab9.sdk/design_1_wrapper.hdf.
01:14:46 INFO  : Launching XSCT server: xsct.bat -interactive C:\Users\aniru\Desktop\ELD\lab9_256\lab9_256.sdk\temp_xsdb_launch_script.tcl
01:14:50 INFO  : XSCT server has started successfully.
01:14:56 INFO  : Successfully done setting XSCT server connection channel  
01:14:56 INFO  : Successfully done setting SDK workspace  
01:15:00 INFO  : Registering command handlers for SDK TCF services
01:15:02 INFO  : Processing command line option -hwspec C:/Users/aniru/Desktop/ELD/lab9_256/lab9_256.sdk/design_1_wrapper.hdf.
01:15:07 INFO  : SDK has detected change in the last modified timestamps for source hardware specification file Source:1731421016537,  Project:1731358361112
01:15:07 INFO  : Project design_1_wrapper_hw_platform_0's source hardware specification located at C:/Users/aniru/Desktop/ELD/lab9/lab9.sdk/design_1_wrapper.hdf is now different from the local copy.
		 The local copy will be replaced with the source specification and your workspace will be updated.
01:15:11 INFO  : Project design_1_wrapper_hw_platform_0's source hardware specification location will not be monitored anymore.
01:18:12 ERROR : Failed to closesw "C:/Users/aniru/Desktop/ELD/lab9_256/lab9_256.sdk/lab9_256pint_bsp/system.mss"
Reason: Cannot close sw design 'C:/Users/aniru/Desktop/ELD/lab9_256/lab9_256.sdk/lab9_256pint_bsp/system.mss'.
Design is not opened in the current session.


01:20:00 INFO  : Connected through redirection to target on host '192.168.226.142' and port '60570'.
01:20:02 WARN  : SDK version '2019.1' doesn't match hw_server version '2024.1.0'. Some debug features may not work.
01:20:04 INFO  : Jtag cable 'Digilent Zed 210248A39C93' is selected.
01:20:04 INFO  : 'jtag frequency' command is executed.
01:20:04 INFO  : Sourcing of 'C:/Users/aniru/Desktop/ELD/lab9_256/lab9_256.sdk/design_1_wrapper_hw_platform_0/ps7_init.tcl' is done.
01:20:04 INFO  : Context for 'APU' is selected.
01:20:05 INFO  : System reset is completed.
01:20:08 INFO  : 'after 3000' command is executed.
01:20:08 INFO  : 'targets -set -filter {jtag_cable_name =~ "Digilent Zed 210248A39C93" && level==0} -index 1' command is executed.
01:20:10 INFO  : FPGA configured successfully with bitstream "C:/Users/aniru/Desktop/ELD/lab9_256/lab9_256.sdk/design_1_wrapper_hw_platform_0/design_1_wrapper.bit"
01:20:10 INFO  : Context for 'APU' is selected.
01:20:10 INFO  : Hardware design information is loaded from 'C:/Users/aniru/Desktop/ELD/lab9_256/lab9_256.sdk/design_1_wrapper_hw_platform_0/system.hdf'.
01:20:10 INFO  : 'configparams force-mem-access 1' command is executed.
01:20:10 INFO  : Context for 'APU' is selected.
01:20:13 INFO  : 'ps7_init' command is executed.
01:20:13 INFO  : 'ps7_post_config' command is executed.
01:20:13 INFO  : Context for processor 'ps7_cortexa9_0' is selected.
01:20:13 INFO  : The application 'C:/Users/aniru/Desktop/ELD/lab9_256/lab9_256.sdk/lab9_256pint/Debug/lab9_256pint.elf' is downloaded to processor 'ps7_cortexa9_0'.
01:20:13 INFO  : 'configparams force-mem-access 0' command is executed.
01:20:13 INFO  : ----------------XSDB Script----------------
connect -path [list tcp::1534 tcp:192.168.226.142:60570]
source C:/Users/aniru/Desktop/ELD/lab9_256/lab9_256.sdk/design_1_wrapper_hw_platform_0/ps7_init.tcl
targets -set -nocase -filter {name =~"APU*" && jtag_cable_name =~ "Digilent Zed 210248A39C93"} -index 0
rst -system
after 3000
targets -set -filter {jtag_cable_name =~ "Digilent Zed 210248A39C93" && level==0} -index 1
fpga -file C:/Users/aniru/Desktop/ELD/lab9_256/lab9_256.sdk/design_1_wrapper_hw_platform_0/design_1_wrapper.bit
targets -set -nocase -filter {name =~"APU*" && jtag_cable_name =~ "Digilent Zed 210248A39C93"} -index 0
loadhw -hw C:/Users/aniru/Desktop/ELD/lab9_256/lab9_256.sdk/design_1_wrapper_hw_platform_0/system.hdf -mem-ranges [list {0x40000000 0xbfffffff}]
configparams force-mem-access 1
targets -set -nocase -filter {name =~"APU*" && jtag_cable_name =~ "Digilent Zed 210248A39C93"} -index 0
ps7_init
ps7_post_config
targets -set -nocase -filter {name =~ "ARM*#0" && jtag_cable_name =~ "Digilent Zed 210248A39C93"} -index 0
dow C:/Users/aniru/Desktop/ELD/lab9_256/lab9_256.sdk/lab9_256pint/Debug/lab9_256pint.elf
configparams force-mem-access 0
----------------End of Script----------------

01:20:14 INFO  : Memory regions updated for context APU
01:20:14 INFO  : Context for processor 'ps7_cortexa9_0' is selected.
01:20:14 INFO  : 'con' command is executed.
01:20:14 INFO  : ----------------XSDB Script (After Launch)----------------
targets -set -nocase -filter {name =~ "ARM*#0" && jtag_cable_name =~ "Digilent Zed 210248A39C93"} -index 0
con
----------------End of Script----------------

01:20:14 INFO  : Launch script is exported to file 'C:\Users\aniru\Desktop\ELD\lab9_256\lab9_256.sdk\.sdk\launch_scripts\xilinx_c-c++_application_(system_debugger)\system_debugger_using_debug_lab9_256pint.elf_on_remote.tcl'
01:21:59 INFO  : Disconnected from the channel tcfchan#1.
01:22:00 INFO  : Connected through redirection to target on host '192.168.226.142' and port '60570'.
01:22:00 WARN  : SDK version '2019.1' doesn't match hw_server version '2024.1.0'. Some debug features may not work.
01:22:04 INFO  : Jtag cable 'Digilent Zed 210248A39C93' is selected.
01:22:04 INFO  : 'jtag frequency' command is executed.
01:22:04 INFO  : Sourcing of 'C:/Users/aniru/Desktop/ELD/lab9_256/lab9_256.sdk/design_1_wrapper_hw_platform_0/ps7_init.tcl' is done.
01:22:04 INFO  : Context for 'APU' is selected.
01:22:04 INFO  : System reset is completed.
01:22:07 INFO  : 'after 3000' command is executed.
01:22:07 INFO  : 'targets -set -filter {jtag_cable_name =~ "Digilent Zed 210248A39C93" && level==0} -index 1' command is executed.
01:22:10 INFO  : FPGA configured successfully with bitstream "C:/Users/aniru/Desktop/ELD/lab9_256/lab9_256.sdk/design_1_wrapper_hw_platform_0/design_1_wrapper.bit"
01:22:10 INFO  : Context for 'APU' is selected.
01:22:13 INFO  : Hardware design information is loaded from 'C:/Users/aniru/Desktop/ELD/lab9_256/lab9_256.sdk/design_1_wrapper_hw_platform_0/system.hdf'.
01:22:13 INFO  : 'configparams force-mem-access 1' command is executed.
01:22:13 INFO  : Context for 'APU' is selected.
01:22:16 INFO  : 'ps7_init' command is executed.
01:22:16 INFO  : 'ps7_post_config' command is executed.
01:22:16 INFO  : Context for processor 'ps7_cortexa9_0' is selected.
01:22:16 INFO  : The application 'C:/Users/aniru/Desktop/ELD/lab9_256/lab9_256.sdk/lab9_256pint/Debug/lab9_256pint.elf' is downloaded to processor 'ps7_cortexa9_0'.
01:22:16 INFO  : 'configparams force-mem-access 0' command is executed.
01:22:16 INFO  : ----------------XSDB Script----------------
connect -path [list tcp::1534 tcp:192.168.226.142:60570]
source C:/Users/aniru/Desktop/ELD/lab9_256/lab9_256.sdk/design_1_wrapper_hw_platform_0/ps7_init.tcl
targets -set -nocase -filter {name =~"APU*" && jtag_cable_name =~ "Digilent Zed 210248A39C93"} -index 0
rst -system
after 3000
targets -set -filter {jtag_cable_name =~ "Digilent Zed 210248A39C93" && level==0} -index 1
fpga -file C:/Users/aniru/Desktop/ELD/lab9_256/lab9_256.sdk/design_1_wrapper_hw_platform_0/design_1_wrapper.bit
targets -set -nocase -filter {name =~"APU*" && jtag_cable_name =~ "Digilent Zed 210248A39C93"} -index 0
loadhw -hw C:/Users/aniru/Desktop/ELD/lab9_256/lab9_256.sdk/design_1_wrapper_hw_platform_0/system.hdf -mem-ranges [list {0x40000000 0xbfffffff}]
configparams force-mem-access 1
targets -set -nocase -filter {name =~"APU*" && jtag_cable_name =~ "Digilent Zed 210248A39C93"} -index 0
ps7_init
ps7_post_config
targets -set -nocase -filter {name =~ "ARM*#0" && jtag_cable_name =~ "Digilent Zed 210248A39C93"} -index 0
dow C:/Users/aniru/Desktop/ELD/lab9_256/lab9_256.sdk/lab9_256pint/Debug/lab9_256pint.elf
configparams force-mem-access 0
----------------End of Script----------------

01:22:16 INFO  : Memory regions updated for context APU
01:22:16 INFO  : Context for processor 'ps7_cortexa9_0' is selected.
01:22:16 INFO  : 'con' command is executed.
01:22:16 INFO  : ----------------XSDB Script (After Launch)----------------
targets -set -nocase -filter {name =~ "ARM*#0" && jtag_cable_name =~ "Digilent Zed 210248A39C93"} -index 0
con
----------------End of Script----------------

01:22:16 INFO  : Launch script is exported to file 'C:\Users\aniru\Desktop\ELD\lab9_256\lab9_256.sdk\.sdk\launch_scripts\xilinx_c-c++_application_(system_debugger)\system_debugger_using_debug_lab9_256pint.elf_on_remote.tcl'
01:26:38 INFO  : Disconnected from the channel tcfchan#2.
01:26:39 INFO  : Connected through redirection to target on host '192.168.226.142' and port '60570'.
01:26:40 WARN  : SDK version '2019.1' doesn't match hw_server version '2024.1.0'. Some debug features may not work.
01:26:43 INFO  : Jtag cable 'Digilent Zed 210248A39C93' is selected.
01:26:43 INFO  : 'jtag frequency' command is executed.
01:26:43 INFO  : Sourcing of 'C:/Users/aniru/Desktop/ELD/lab9_256/lab9_256.sdk/design_1_wrapper_hw_platform_0/ps7_init.tcl' is done.
01:26:43 INFO  : Context for 'APU' is selected.
01:26:43 INFO  : System reset is completed.
01:26:46 INFO  : 'after 3000' command is executed.
01:26:47 INFO  : 'targets -set -filter {jtag_cable_name =~ "Digilent Zed 210248A39C93" && level==0} -index 1' command is executed.
01:26:49 INFO  : FPGA configured successfully with bitstream "C:/Users/aniru/Desktop/ELD/lab9_256/lab9_256.sdk/design_1_wrapper_hw_platform_0/design_1_wrapper.bit"
01:26:49 INFO  : Context for 'APU' is selected.
01:26:49 INFO  : Hardware design information is loaded from 'C:/Users/aniru/Desktop/ELD/lab9_256/lab9_256.sdk/design_1_wrapper_hw_platform_0/system.hdf'.
01:26:49 INFO  : 'configparams force-mem-access 1' command is executed.
01:26:49 INFO  : Context for 'APU' is selected.
01:26:52 INFO  : 'ps7_init' command is executed.
01:26:52 INFO  : 'ps7_post_config' command is executed.
01:26:52 INFO  : Context for processor 'ps7_cortexa9_0' is selected.
01:26:52 INFO  : The application 'C:/Users/aniru/Desktop/ELD/lab9_256/lab9_256.sdk/lab9_256pint/Debug/lab9_256pint.elf' is downloaded to processor 'ps7_cortexa9_0'.
01:26:52 INFO  : 'configparams force-mem-access 0' command is executed.
01:26:52 INFO  : ----------------XSDB Script----------------
connect -path [list tcp::1534 tcp:192.168.226.142:60570]
source C:/Users/aniru/Desktop/ELD/lab9_256/lab9_256.sdk/design_1_wrapper_hw_platform_0/ps7_init.tcl
targets -set -nocase -filter {name =~"APU*" && jtag_cable_name =~ "Digilent Zed 210248A39C93"} -index 0
rst -system
after 3000
targets -set -filter {jtag_cable_name =~ "Digilent Zed 210248A39C93" && level==0} -index 1
fpga -file C:/Users/aniru/Desktop/ELD/lab9_256/lab9_256.sdk/design_1_wrapper_hw_platform_0/design_1_wrapper.bit
targets -set -nocase -filter {name =~"APU*" && jtag_cable_name =~ "Digilent Zed 210248A39C93"} -index 0
loadhw -hw C:/Users/aniru/Desktop/ELD/lab9_256/lab9_256.sdk/design_1_wrapper_hw_platform_0/system.hdf -mem-ranges [list {0x40000000 0xbfffffff}]
configparams force-mem-access 1
targets -set -nocase -filter {name =~"APU*" && jtag_cable_name =~ "Digilent Zed 210248A39C93"} -index 0
ps7_init
ps7_post_config
targets -set -nocase -filter {name =~ "ARM*#0" && jtag_cable_name =~ "Digilent Zed 210248A39C93"} -index 0
dow C:/Users/aniru/Desktop/ELD/lab9_256/lab9_256.sdk/lab9_256pint/Debug/lab9_256pint.elf
configparams force-mem-access 0
----------------End of Script----------------

01:26:53 INFO  : Memory regions updated for context APU
01:26:53 INFO  : Context for processor 'ps7_cortexa9_0' is selected.
01:26:53 INFO  : 'con' command is executed.
01:26:53 INFO  : ----------------XSDB Script (After Launch)----------------
targets -set -nocase -filter {name =~ "ARM*#0" && jtag_cable_name =~ "Digilent Zed 210248A39C93"} -index 0
con
----------------End of Script----------------

01:26:53 INFO  : Launch script is exported to file 'C:\Users\aniru\Desktop\ELD\lab9_256\lab9_256.sdk\.sdk\launch_scripts\xilinx_c-c++_application_(system_debugger)\system_debugger_using_debug_lab9_256pint.elf_on_remote.tcl'
01:29:22 INFO  : Disconnected from the channel tcfchan#3.
01:29:23 INFO  : Connected through redirection to target on host '192.168.226.142' and port '60570'.
01:29:23 WARN  : SDK version '2019.1' doesn't match hw_server version '2024.1.0'. Some debug features may not work.
01:29:27 INFO  : Jtag cable 'Digilent Zed 210248A39C93' is selected.
01:29:27 INFO  : 'jtag frequency' command is executed.
01:29:28 INFO  : Sourcing of 'C:/Users/aniru/Desktop/ELD/lab9_256/lab9_256.sdk/design_1_wrapper_hw_platform_0/ps7_init.tcl' is done.
01:29:28 INFO  : Context for 'APU' is selected.
01:29:28 INFO  : System reset is completed.
01:29:31 INFO  : 'after 3000' command is executed.
01:29:31 INFO  : 'targets -set -filter {jtag_cable_name =~ "Digilent Zed 210248A39C93" && level==0} -index 1' command is executed.
01:29:33 INFO  : FPGA configured successfully with bitstream "C:/Users/aniru/Desktop/ELD/lab9_256/lab9_256.sdk/design_1_wrapper_hw_platform_0/design_1_wrapper.bit"
01:29:33 INFO  : Context for 'APU' is selected.
01:29:33 INFO  : Hardware design information is loaded from 'C:/Users/aniru/Desktop/ELD/lab9_256/lab9_256.sdk/design_1_wrapper_hw_platform_0/system.hdf'.
01:29:33 INFO  : 'configparams force-mem-access 1' command is executed.
01:29:34 INFO  : Context for 'APU' is selected.
01:29:36 INFO  : 'ps7_init' command is executed.
01:29:36 INFO  : 'ps7_post_config' command is executed.
01:29:36 INFO  : Context for processor 'ps7_cortexa9_0' is selected.
01:29:37 INFO  : The application 'C:/Users/aniru/Desktop/ELD/lab9_256/lab9_256.sdk/lab9_256pint/Debug/lab9_256pint.elf' is downloaded to processor 'ps7_cortexa9_0'.
01:29:37 INFO  : 'configparams force-mem-access 0' command is executed.
01:29:37 INFO  : ----------------XSDB Script----------------
connect -path [list tcp::1534 tcp:192.168.226.142:60570]
source C:/Users/aniru/Desktop/ELD/lab9_256/lab9_256.sdk/design_1_wrapper_hw_platform_0/ps7_init.tcl
targets -set -nocase -filter {name =~"APU*" && jtag_cable_name =~ "Digilent Zed 210248A39C93"} -index 0
rst -system
after 3000
targets -set -filter {jtag_cable_name =~ "Digilent Zed 210248A39C93" && level==0} -index 1
fpga -file C:/Users/aniru/Desktop/ELD/lab9_256/lab9_256.sdk/design_1_wrapper_hw_platform_0/design_1_wrapper.bit
targets -set -nocase -filter {name =~"APU*" && jtag_cable_name =~ "Digilent Zed 210248A39C93"} -index 0
loadhw -hw C:/Users/aniru/Desktop/ELD/lab9_256/lab9_256.sdk/design_1_wrapper_hw_platform_0/system.hdf -mem-ranges [list {0x40000000 0xbfffffff}]
configparams force-mem-access 1
targets -set -nocase -filter {name =~"APU*" && jtag_cable_name =~ "Digilent Zed 210248A39C93"} -index 0
ps7_init
ps7_post_config
targets -set -nocase -filter {name =~ "ARM*#0" && jtag_cable_name =~ "Digilent Zed 210248A39C93"} -index 0
dow C:/Users/aniru/Desktop/ELD/lab9_256/lab9_256.sdk/lab9_256pint/Debug/lab9_256pint.elf
configparams force-mem-access 0
----------------End of Script----------------

01:29:37 INFO  : Memory regions updated for context APU
01:29:37 INFO  : Context for processor 'ps7_cortexa9_0' is selected.
01:29:37 INFO  : 'con' command is executed.
01:29:37 INFO  : ----------------XSDB Script (After Launch)----------------
targets -set -nocase -filter {name =~ "ARM*#0" && jtag_cable_name =~ "Digilent Zed 210248A39C93"} -index 0
con
----------------End of Script----------------

01:29:37 INFO  : Launch script is exported to file 'C:\Users\aniru\Desktop\ELD\lab9_256\lab9_256.sdk\.sdk\launch_scripts\xilinx_c-c++_application_(system_debugger)\system_debugger_using_debug_lab9_256pint.elf_on_remote.tcl'
01:30:02 WARN  : channel "tcfchan#4" closed
01:40:19 INFO  : Connected through redirection to target on host '192.168.226.142' and port '51001'.
01:40:21 WARN  : SDK version '2019.1' doesn't match hw_server version '2024.1.0'. Some debug features may not work.
01:40:23 INFO  : Jtag cable 'Digilent Zed 210248A39C93' is selected.
01:40:23 INFO  : 'jtag frequency' command is executed.
01:40:23 INFO  : Sourcing of 'C:/Users/aniru/Desktop/ELD/lab9_256/lab9_256.sdk/design_1_wrapper_hw_platform_0/ps7_init.tcl' is done.
01:40:23 INFO  : Context for 'APU' is selected.
01:40:23 INFO  : System reset is completed.
01:40:26 INFO  : 'after 3000' command is executed.
01:40:27 INFO  : 'targets -set -filter {jtag_cable_name =~ "Digilent Zed 210248A39C93" && level==0} -index 1' command is executed.
01:40:29 INFO  : FPGA configured successfully with bitstream "C:/Users/aniru/Desktop/ELD/lab9_256/lab9_256.sdk/design_1_wrapper_hw_platform_0/design_1_wrapper.bit"
01:40:29 INFO  : Context for 'APU' is selected.
01:40:29 INFO  : Hardware design information is loaded from 'C:/Users/aniru/Desktop/ELD/lab9_256/lab9_256.sdk/design_1_wrapper_hw_platform_0/system.hdf'.
01:40:29 INFO  : 'configparams force-mem-access 1' command is executed.
01:40:29 INFO  : Context for 'APU' is selected.
01:40:31 INFO  : 'ps7_init' command is executed.
01:40:32 INFO  : 'ps7_post_config' command is executed.
01:40:32 INFO  : Context for processor 'ps7_cortexa9_0' is selected.
01:40:32 INFO  : The application 'C:/Users/aniru/Desktop/ELD/lab9_256/lab9_256.sdk/lab9_256pint/Debug/lab9_256pint.elf' is downloaded to processor 'ps7_cortexa9_0'.
01:40:32 INFO  : 'configparams force-mem-access 0' command is executed.
01:40:32 INFO  : ----------------XSDB Script----------------
connect -path [list tcp::1534 tcp:192.168.226.142:51001]
source C:/Users/aniru/Desktop/ELD/lab9_256/lab9_256.sdk/design_1_wrapper_hw_platform_0/ps7_init.tcl
targets -set -nocase -filter {name =~"APU*" && jtag_cable_name =~ "Digilent Zed 210248A39C93"} -index 0
rst -system
after 3000
targets -set -filter {jtag_cable_name =~ "Digilent Zed 210248A39C93" && level==0} -index 1
fpga -file C:/Users/aniru/Desktop/ELD/lab9_256/lab9_256.sdk/design_1_wrapper_hw_platform_0/design_1_wrapper.bit
targets -set -nocase -filter {name =~"APU*" && jtag_cable_name =~ "Digilent Zed 210248A39C93"} -index 0
loadhw -hw C:/Users/aniru/Desktop/ELD/lab9_256/lab9_256.sdk/design_1_wrapper_hw_platform_0/system.hdf -mem-ranges [list {0x40000000 0xbfffffff}]
configparams force-mem-access 1
targets -set -nocase -filter {name =~"APU*" && jtag_cable_name =~ "Digilent Zed 210248A39C93"} -index 0
ps7_init
ps7_post_config
targets -set -nocase -filter {name =~ "ARM*#0" && jtag_cable_name =~ "Digilent Zed 210248A39C93"} -index 0
dow C:/Users/aniru/Desktop/ELD/lab9_256/lab9_256.sdk/lab9_256pint/Debug/lab9_256pint.elf
configparams force-mem-access 0
----------------End of Script----------------

01:40:32 INFO  : Memory regions updated for context APU
01:40:32 INFO  : Context for processor 'ps7_cortexa9_0' is selected.
01:40:32 INFO  : 'con' command is executed.
01:40:32 INFO  : ----------------XSDB Script (After Launch)----------------
targets -set -nocase -filter {name =~ "ARM*#0" && jtag_cable_name =~ "Digilent Zed 210248A39C93"} -index 0
con
----------------End of Script----------------

01:40:32 INFO  : Launch script is exported to file 'C:\Users\aniru\Desktop\ELD\lab9_256\lab9_256.sdk\.sdk\launch_scripts\xilinx_c-c++_application_(system_debugger)\system_debugger_using_debug_lab9_256pint.elf_on_remote.tcl'
01:42:50 INFO  : Disconnected from the channel tcfchan#5.
01:42:51 INFO  : Connected through redirection to target on host '192.168.226.142' and port '51001'.
01:42:51 WARN  : SDK version '2019.1' doesn't match hw_server version '2024.1.0'. Some debug features may not work.
01:42:55 INFO  : Jtag cable 'Digilent Zed 210248A39C93' is selected.
01:42:55 INFO  : 'jtag frequency' command is executed.
01:42:55 INFO  : Sourcing of 'C:/Users/aniru/Desktop/ELD/lab9_256/lab9_256.sdk/design_1_wrapper_hw_platform_0/ps7_init.tcl' is done.
01:42:55 INFO  : Context for 'APU' is selected.
01:42:55 INFO  : System reset is completed.
01:42:58 INFO  : 'after 3000' command is executed.
01:42:59 INFO  : 'targets -set -filter {jtag_cable_name =~ "Digilent Zed 210248A39C93" && level==0} -index 1' command is executed.
01:43:01 INFO  : FPGA configured successfully with bitstream "C:/Users/aniru/Desktop/ELD/lab9_256/lab9_256.sdk/design_1_wrapper_hw_platform_0/design_1_wrapper.bit"
01:43:01 INFO  : Context for 'APU' is selected.
01:43:01 INFO  : Hardware design information is loaded from 'C:/Users/aniru/Desktop/ELD/lab9_256/lab9_256.sdk/design_1_wrapper_hw_platform_0/system.hdf'.
01:43:01 INFO  : 'configparams force-mem-access 1' command is executed.
01:43:01 INFO  : Context for 'APU' is selected.
01:43:04 INFO  : 'ps7_init' command is executed.
01:43:04 INFO  : 'ps7_post_config' command is executed.
01:43:04 INFO  : Context for processor 'ps7_cortexa9_0' is selected.
01:43:05 INFO  : The application 'C:/Users/aniru/Desktop/ELD/lab9_256/lab9_256.sdk/lab9_256pint/Debug/lab9_256pint.elf' is downloaded to processor 'ps7_cortexa9_0'.
01:43:05 INFO  : 'configparams force-mem-access 0' command is executed.
01:43:05 INFO  : ----------------XSDB Script----------------
connect -path [list tcp::1534 tcp:192.168.226.142:51001]
source C:/Users/aniru/Desktop/ELD/lab9_256/lab9_256.sdk/design_1_wrapper_hw_platform_0/ps7_init.tcl
targets -set -nocase -filter {name =~"APU*" && jtag_cable_name =~ "Digilent Zed 210248A39C93"} -index 0
rst -system
after 3000
targets -set -filter {jtag_cable_name =~ "Digilent Zed 210248A39C93" && level==0} -index 1
fpga -file C:/Users/aniru/Desktop/ELD/lab9_256/lab9_256.sdk/design_1_wrapper_hw_platform_0/design_1_wrapper.bit
targets -set -nocase -filter {name =~"APU*" && jtag_cable_name =~ "Digilent Zed 210248A39C93"} -index 0
loadhw -hw C:/Users/aniru/Desktop/ELD/lab9_256/lab9_256.sdk/design_1_wrapper_hw_platform_0/system.hdf -mem-ranges [list {0x40000000 0xbfffffff}]
configparams force-mem-access 1
targets -set -nocase -filter {name =~"APU*" && jtag_cable_name =~ "Digilent Zed 210248A39C93"} -index 0
ps7_init
ps7_post_config
targets -set -nocase -filter {name =~ "ARM*#0" && jtag_cable_name =~ "Digilent Zed 210248A39C93"} -index 0
dow C:/Users/aniru/Desktop/ELD/lab9_256/lab9_256.sdk/lab9_256pint/Debug/lab9_256pint.elf
configparams force-mem-access 0
----------------End of Script----------------

01:43:05 INFO  : Memory regions updated for context APU
01:43:05 INFO  : Context for processor 'ps7_cortexa9_0' is selected.
01:43:05 INFO  : 'con' command is executed.
01:43:05 INFO  : ----------------XSDB Script (After Launch)----------------
targets -set -nocase -filter {name =~ "ARM*#0" && jtag_cable_name =~ "Digilent Zed 210248A39C93"} -index 0
con
----------------End of Script----------------

01:43:05 INFO  : Launch script is exported to file 'C:\Users\aniru\Desktop\ELD\lab9_256\lab9_256.sdk\.sdk\launch_scripts\xilinx_c-c++_application_(system_debugger)\system_debugger_using_debug_lab9_256pint.elf_on_remote.tcl'
01:44:45 INFO  : Disconnected from the channel tcfchan#6.
01:56:42 INFO  : Registering command handlers for SDK TCF services
01:56:42 INFO  : Launching XSCT server: xsct.bat -interactive C:\Users\aniru\Desktop\ELD\lab9_256\lab9_256.sdk\temp_xsdb_launch_script.tcl
01:56:48 INFO  : XSCT server has started successfully.
01:56:48 INFO  : Successfully done setting XSCT server connection channel  
01:56:48 INFO  : Successfully done setting SDK workspace  
01:56:48 INFO  : Processing command line option -hwspec C:/Users/aniru/Desktop/ELD/lab9_256/lab9_256.sdk/design_1_wrapper.hdf.
01:56:48 INFO  : Checking for hwspec changes in the project design_1_wrapper_hw_platform_1.
01:57:55 INFO  : Connected through redirection to target on host '192.168.226.142' and port '55473'.
01:57:57 WARN  : SDK version '2019.1' doesn't match hw_server version '2024.1.0'. Some debug features may not work.
01:57:58 INFO  : Jtag cable 'Digilent Zed 210248A39C93' is selected.
01:57:58 INFO  : 'jtag frequency' command is executed.
01:57:58 INFO  : Sourcing of 'C:/Users/aniru/Desktop/ELD/lab9_256/lab9_256.sdk/design_1_wrapper_hw_platform_0/ps7_init.tcl' is done.
01:57:59 INFO  : Context for 'APU' is selected.
01:57:59 INFO  : System reset is completed.
01:58:02 INFO  : 'after 3000' command is executed.
01:58:02 INFO  : 'targets -set -filter {jtag_cable_name =~ "Digilent Zed 210248A39C93" && level==0} -index 1' command is executed.
01:58:04 INFO  : FPGA configured successfully with bitstream "C:/Users/aniru/Desktop/ELD/lab9_256/lab9_256.sdk/design_1_wrapper_hw_platform_0/design_1_wrapper.bit"
01:58:04 INFO  : Context for 'APU' is selected.
01:58:05 INFO  : Hardware design information is loaded from 'C:/Users/aniru/Desktop/ELD/lab9_256/lab9_256.sdk/design_1_wrapper_hw_platform_0/system.hdf'.
01:58:05 INFO  : 'configparams force-mem-access 1' command is executed.
01:58:05 INFO  : Context for 'APU' is selected.
01:58:07 INFO  : 'ps7_init' command is executed.
01:58:07 INFO  : 'ps7_post_config' command is executed.
01:58:07 INFO  : Context for processor 'ps7_cortexa9_0' is selected.
01:58:07 INFO  : The application 'C:/Users/aniru/Desktop/ELD/lab9_256/lab9_256.sdk/lab9_256pint/Debug/lab9_256pint.elf' is downloaded to processor 'ps7_cortexa9_0'.
01:58:07 INFO  : 'configparams force-mem-access 0' command is executed.
01:58:07 INFO  : ----------------XSDB Script----------------
connect -path [list tcp::1534 tcp:192.168.226.142:55473]
source C:/Users/aniru/Desktop/ELD/lab9_256/lab9_256.sdk/design_1_wrapper_hw_platform_0/ps7_init.tcl
targets -set -nocase -filter {name =~"APU*" && jtag_cable_name =~ "Digilent Zed 210248A39C93"} -index 0
rst -system
after 3000
targets -set -filter {jtag_cable_name =~ "Digilent Zed 210248A39C93" && level==0} -index 1
fpga -file C:/Users/aniru/Desktop/ELD/lab9_256/lab9_256.sdk/design_1_wrapper_hw_platform_0/design_1_wrapper.bit
targets -set -nocase -filter {name =~"APU*" && jtag_cable_name =~ "Digilent Zed 210248A39C93"} -index 0
loadhw -hw C:/Users/aniru/Desktop/ELD/lab9_256/lab9_256.sdk/design_1_wrapper_hw_platform_0/system.hdf -mem-ranges [list {0x40000000 0xbfffffff}]
configparams force-mem-access 1
targets -set -nocase -filter {name =~"APU*" && jtag_cable_name =~ "Digilent Zed 210248A39C93"} -index 0
ps7_init
ps7_post_config
targets -set -nocase -filter {name =~ "ARM*#0" && jtag_cable_name =~ "Digilent Zed 210248A39C93"} -index 0
dow C:/Users/aniru/Desktop/ELD/lab9_256/lab9_256.sdk/lab9_256pint/Debug/lab9_256pint.elf
configparams force-mem-access 0
----------------End of Script----------------

01:58:07 INFO  : Memory regions updated for context APU
01:58:08 INFO  : Context for processor 'ps7_cortexa9_0' is selected.
01:58:08 INFO  : 'con' command is executed.
01:58:08 INFO  : ----------------XSDB Script (After Launch)----------------
targets -set -nocase -filter {name =~ "ARM*#0" && jtag_cable_name =~ "Digilent Zed 210248A39C93"} -index 0
con
----------------End of Script----------------

01:58:08 INFO  : Launch script is exported to file 'C:\Users\aniru\Desktop\ELD\lab9_256\lab9_256.sdk\.sdk\launch_scripts\xilinx_c-c++_application_(system_debugger)\system_debugger_using_debug_lab9_256pint.elf_on_remote.tcl'
02:00:02 WARN  : channel "tcfchan#1" closed
02:02:28 INFO  : Connected through redirection to target on host '192.168.226.142' and port '51905'.
02:02:30 WARN  : SDK version '2019.1' doesn't match hw_server version '2024.1.0'. Some debug features may not work.
02:02:32 INFO  : Jtag cable 'Digilent Zed 210248A39C93' is selected.
02:02:32 INFO  : 'jtag frequency' command is executed.
02:02:32 INFO  : Sourcing of 'C:/Users/aniru/Desktop/ELD/lab9_256/lab9_256.sdk/design_1_wrapper_hw_platform_0/ps7_init.tcl' is done.
02:02:32 INFO  : Context for 'APU' is selected.
02:02:32 INFO  : System reset is completed.
02:02:35 INFO  : 'after 3000' command is executed.
02:02:35 INFO  : 'targets -set -filter {jtag_cable_name =~ "Digilent Zed 210248A39C93" && level==0} -index 1' command is executed.
02:02:37 INFO  : FPGA configured successfully with bitstream "C:/Users/aniru/Desktop/ELD/lab9_256/lab9_256.sdk/design_1_wrapper_hw_platform_0/design_1_wrapper.bit"
02:02:38 INFO  : Context for 'APU' is selected.
02:02:38 INFO  : Hardware design information is loaded from 'C:/Users/aniru/Desktop/ELD/lab9_256/lab9_256.sdk/design_1_wrapper_hw_platform_0/system.hdf'.
02:02:38 INFO  : 'configparams force-mem-access 1' command is executed.
02:02:38 INFO  : Context for 'APU' is selected.
02:02:40 INFO  : 'ps7_init' command is executed.
02:02:40 INFO  : 'ps7_post_config' command is executed.
02:02:41 INFO  : Context for processor 'ps7_cortexa9_0' is selected.
02:02:41 INFO  : The application 'C:/Users/aniru/Desktop/ELD/lab9_256/lab9_256.sdk/lab9_256pint/Debug/lab9_256pint.elf' is downloaded to processor 'ps7_cortexa9_0'.
02:02:41 INFO  : 'configparams force-mem-access 0' command is executed.
02:02:41 INFO  : ----------------XSDB Script----------------
connect -path [list tcp::1534 tcp:192.168.226.142:51905]
source C:/Users/aniru/Desktop/ELD/lab9_256/lab9_256.sdk/design_1_wrapper_hw_platform_0/ps7_init.tcl
targets -set -nocase -filter {name =~"APU*" && jtag_cable_name =~ "Digilent Zed 210248A39C93"} -index 0
rst -system
after 3000
targets -set -filter {jtag_cable_name =~ "Digilent Zed 210248A39C93" && level==0} -index 1
fpga -file C:/Users/aniru/Desktop/ELD/lab9_256/lab9_256.sdk/design_1_wrapper_hw_platform_0/design_1_wrapper.bit
targets -set -nocase -filter {name =~"APU*" && jtag_cable_name =~ "Digilent Zed 210248A39C93"} -index 0
loadhw -hw C:/Users/aniru/Desktop/ELD/lab9_256/lab9_256.sdk/design_1_wrapper_hw_platform_0/system.hdf -mem-ranges [list {0x40000000 0xbfffffff}]
configparams force-mem-access 1
targets -set -nocase -filter {name =~"APU*" && jtag_cable_name =~ "Digilent Zed 210248A39C93"} -index 0
ps7_init
ps7_post_config
targets -set -nocase -filter {name =~ "ARM*#0" && jtag_cable_name =~ "Digilent Zed 210248A39C93"} -index 0
dow C:/Users/aniru/Desktop/ELD/lab9_256/lab9_256.sdk/lab9_256pint/Debug/lab9_256pint.elf
configparams force-mem-access 0
----------------End of Script----------------

02:02:41 INFO  : Memory regions updated for context APU
02:02:41 INFO  : Context for processor 'ps7_cortexa9_0' is selected.
02:02:41 INFO  : 'con' command is executed.
02:02:41 INFO  : ----------------XSDB Script (After Launch)----------------
targets -set -nocase -filter {name =~ "ARM*#0" && jtag_cable_name =~ "Digilent Zed 210248A39C93"} -index 0
con
----------------End of Script----------------

02:02:41 INFO  : Launch script is exported to file 'C:\Users\aniru\Desktop\ELD\lab9_256\lab9_256.sdk\.sdk\launch_scripts\xilinx_c-c++_application_(system_debugger)\system_debugger_using_debug_lab9_256pint.elf_on_remote.tcl'
02:03:03 INFO  : Disconnected from the channel tcfchan#2.
