Vivado Simulator 2019.1
Time resolution is 1 ps
Time = 0, Count = 0, State = xx
Time = 5000, Count = 0, State = 0
Time = 15000, Count = 20, State = 0
Time = 25000, Count = 10, State = 1
Time = 35000, Count = 0, State = 10
Time = 45000, Count = 20, State = 0
Time = 55000, Count = 10, State = 1
Time = 65000, Count = 0, State = 10
Time = 75000, Count = 20, State = 0
Time = 85000, Count = 10, State = 1
Time = 95000, Count = 0, State = 10
Time = 105000, Count = 20, State = 0
Time = 115000, Count = 10, State = 1
Time = 125000, Count = 0, State = 10
Time = 135000, Count = 20, State = 0
Time = 145000, Count = 10, State = 1
Time = 155000, Count = 0, State = 10
Time = 165000, Count = 20, State = 0
Time = 175000, Count = 10, State = 1
Time = 185000, Count = 0, State = 10
Time = 195000, Count = 20, State = 0
Time = 205000, Count = 10, State = 1
Time = 215000, Count = 0, State = 10
Time = 225000, Count = 20, State = 0
Time = 235000, Count = 10, State = 1
Time = 245000, Count = 0, State = 10
Time = 255000, Count = 20, State = 0
Time = 265000, Count = 10, State = 1
Time = 275000, Count = 0, State = 10
Time = 285000, Count = 20, State = 0
Time = 295000, Count = 10, State = 1
Time = 305000, Count = 0, State = 10
Time = 315000, Count = 20, State = 0
Time = 325000, Count = 10, State = 1
Time = 335000, Count = 0, State = 10
Time = 345000, Count = 20, State = 0
Time = 355000, Count = 10, State = 1
Time = 365000, Count = 0, State = 10
Time = 375000, Count = 20, State = 0
Time = 385000, Count = 10, State = 1
Time = 395000, Count = 0, State = 10
Time = 405000, Count = 20, State = 0
Time = 415000, Count = 10, State = 1
Time = 425000, Count = 0, State = 10
Time = 435000, Count = 20, State = 0
Time = 445000, Count = 10, State = 1
Time = 455000, Count = 0, State = 10
Time = 465000, Count = 20, State = 0
Time = 475000, Count = 10, State = 1
Time = 485000, Count = 0, State = 10
Time = 495000, Count = 20, State = 0
Time = 505000, Count = 10, State = 1
Time = 515000, Count = 0, State = 10
Time = 525000, Count = 20, State = 0
Time = 535000, Count = 10, State = 1
Time = 545000, Count = 0, State = 10
Time = 555000, Count = 20, State = 0
Time = 565000, Count = 10, State = 1
Time = 575000, Count = 0, State = 10
Time = 585000, Count = 20, State = 0
Time = 595000, Count = 10, State = 1
Time = 605000, Count = 0, State = 10
Time = 615000, Count = 20, State = 0
Time = 625000, Count = 10, State = 1
Time = 635000, Count = 0, State = 10
Time = 645000, Count = 20, State = 0
Time = 655000, Count = 10, State = 1
Time = 665000, Count = 0, State = 10
Time = 675000, Count = 20, State = 0
Time = 685000, Count = 10, State = 1
Time = 695000, Count = 0, State = 10
Time = 705000, Count = 20, State = 0
Time = 715000, Count = 10, State = 1
Time = 725000, Count = 0, State = 10
Time = 735000, Count = 20, State = 0
Time = 745000, Count = 10, State = 1
Time = 755000, Count = 0, State = 10
Time = 765000, Count = 20, State = 0
Time = 775000, Count = 10, State = 1
Time = 785000, Count = 0, State = 10
Time = 795000, Count = 20, State = 0
Time = 805000, Count = 10, State = 1
Time = 815000, Count = 0, State = 10
Time = 825000, Count = 20, State = 0
Time = 835000, Count = 10, State = 1
Time = 845000, Count = 0, State = 10
Time = 855000, Count = 20, State = 0
Time = 865000, Count = 10, State = 1
Time = 875000, Count = 0, State = 10
Time = 885000, Count = 20, State = 0
Time = 895000, Count = 10, State = 1
Time = 905000, Count = 0, State = 10
Time = 915000, Count = 20, State = 0
Time = 925000, Count = 10, State = 1
Time = 935000, Count = 0, State = 10
Time = 945000, Count = 20, State = 0
Time = 955000, Count = 10, State = 1
Time = 965000, Count = 0, State = 10
Time = 975000, Count = 20, State = 0
Time = 985000, Count = 10, State = 1
Time = 995000, Count = 0, State = 10
$finish called at time : 1 us : File "C:/Users/aniru/Desktop/ELD/midsem_lab/midsem_lab.srcs/sim_1/new/fsm_tb.v" Line 29
