01:07:10 **** Auto Build of configuration Debug for project lab9_31point ****
make pre-build main-build 
a9-linaro-pre-build-step
' '
'Building file: ../src/helloworld.c'
'Invoking: ARM v7 gcc compiler'
arm-none-eabi-gcc -Wall -O0 -g3 -c -fmessage-length=0 -MT"src/helloworld.o" -mcpu=cortex-a9 -mfpu=vfpv3 -mfloat-abi=hard -I../../lab9_31point_bsp/ps7_cortexa9_0/include -MMD -MP -MF"src/helloworld.d" -MT"src/helloworld.o" -o "src/helloworld.o" "../src/helloworld.c"
In file included from ../src/helloworld.c:3:
../../lab9_31point_bsp/ps7_cortexa9_0/include/xtime_l.h:87:9: note: #pragma message: For the sleep routines, Global timer is being used
 #pragma message ("For the sleep routines, Global timer is being used")
         ^~~~~~~
../src/helloworld.c: In function 'main':
../src/helloworld.c:73:16: warning: passing argument 1 of 'bitreverse' discards 'const' qualifier from pointer target type [-Wdiscarded-qualifiers]
     bitreverse(FFT_input, FFT_rev);
                ^~~~~~~~~
../src/helloworld.c:36:25: note: expected 'Complex *' {aka 'struct <anonymous> *'} but argument is of type 'const Complex *' {aka 'const struct <anonymous> *'}
 void bitreverse(Complex dataIn[N], Complex dataOut[N]) {
                 ~~~~~~~~^~~~~~~~~
../src/helloworld.c:96:16: warning: passing argument 1 of 'bitreverse' discards 'const' qualifier from pointer target type [-Wdiscarded-qualifiers]
     bitreverse(FFT_input, FFT_rev_sw);
                ^~~~~~~~~
../src/helloworld.c:36:25: note: expected 'Complex *' {aka 'struct <anonymous> *'} but argument is of type 'const Complex *' {aka 'const struct <anonymous> *'}
 void bitreverse(Complex dataIn[N], Complex dataOut[N]) {
                 ~~~~~~~~^~~~~~~~~
../src/helloworld.c:102:37: warning: format '%llu' expects argument of type 'long long unsigned int', but argument 2 has type 'int' [-Wformat=]
     printf("\nCOUNTS_PER_SECOND: %llu\n", COUNTS_PER_SECOND);
                                  ~~~^
                                  %u
'Finished building: ../src/helloworld.c'
' '
'Building file: ../src/platform.c'
'Invoking: ARM v7 gcc compiler'
arm-none-eabi-gcc -Wall -O0 -g3 -c -fmessage-length=0 -MT"src/platform.o" -mcpu=cortex-a9 -mfpu=vfpv3 -mfloat-abi=hard -I../../lab9_31point_bsp/ps7_cortexa9_0/include -MMD -MP -MF"src/platform.d" -MT"src/platform.o" -o "src/platform.o" "../src/platform.c"
'Finished building: ../src/platform.c'
' '
'Building target: lab9_31point.elf'
'Invoking: ARM v7 gcc linker'
arm-none-eabi-gcc -mcpu=cortex-a9 -mfpu=vfpv3 -mfloat-abi=hard -Wl,-build-id=none -specs=Xilinx.spec -Wl,-T -Wl,../src/lscript.ld -L../../lab9_31point_bsp/ps7_cortexa9_0/lib -o "lab9_31point.elf"  ./src/helloworld.o ./src/platform.o   -lm -Wl,--start-group,-lxil,-lgcc,-lc,--end-group
'Finished building target: lab9_31point.elf'
' '
'Invoking: ARM v7 Print Size'
arm-none-eabi-size lab9_31point.elf  |tee "lab9_31point.elf.size"
   text	   data	    bss	    dec	    hex	filename
  58976	   2584	  23328	  84888	  14b98	lab9_31point.elf
'Finished building: lab9_31point.elf.size'
' '

01:07:15 Build Finished (took 5s.815ms)

