14:47:42 INFO  : Registering command handlers for SDK TCF services
14:47:47 INFO  : Launching XSCT server: xsct.bat -interactive C:\Users\aniru\Desktop\ELD\lab10_128\lab10_128.sdk\temp_xsdb_launch_script.tcl
14:48:00 INFO  : XSCT server has started successfully.
14:48:16 INFO  : Successfully done setting XSCT server connection channel  
14:48:16 INFO  : Processing command line option -hwspec C:/Users/aniru/Desktop/ELD/lab10_128/lab10_128.sdk/design_1_wrapper.hdf.
14:48:16 INFO  : Successfully done setting SDK workspace  
15:06:44 INFO  : Refreshed build settings on project lab10_128
15:09:26 INFO  : Connected through redirection to target on host '192.168.226.142' and port '56400'.
15:09:27 WARN  : SDK version '2019.1' doesn't match hw_server version '2024.1.0'. Some debug features may not work.
15:09:29 INFO  : Jtag cable 'Digilent Zed 210248A39C93' is selected.
15:09:29 INFO  : 'jtag frequency' command is executed.
15:09:29 INFO  : Sourcing of 'C:/Users/aniru/Desktop/ELD/lab10_128/lab10_128.sdk/design_1_wrapper_hw_platform_0/ps7_init.tcl' is done.
15:09:30 INFO  : Context for 'APU' is selected.
15:09:31 INFO  : System reset is completed.
15:09:34 INFO  : 'after 3000' command is executed.
15:09:34 INFO  : 'targets -set -filter {jtag_cable_name =~ "Digilent Zed 210248A39C93" && level==0} -index 1' command is executed.
15:09:40 INFO  : FPGA configured successfully with bitstream "C:/Users/aniru/Desktop/ELD/lab10_128/lab10_128.sdk/design_1_wrapper_hw_platform_0/design_1_wrapper.bit"
15:09:40 INFO  : Context for 'APU' is selected.
15:09:40 INFO  : Hardware design information is loaded from 'C:/Users/aniru/Desktop/ELD/lab10_128/lab10_128.sdk/design_1_wrapper_hw_platform_0/system.hdf'.
15:09:40 INFO  : 'configparams force-mem-access 1' command is executed.
15:09:41 INFO  : Context for 'APU' is selected.
15:10:05 INFO  : 'ps7_init' command is executed.
15:10:05 INFO  : 'ps7_post_config' command is executed.
15:10:05 INFO  : Context for processor 'ps7_cortexa9_0' is selected.
15:10:06 INFO  : The application 'C:/Users/aniru/Desktop/ELD/lab10_128/lab10_128.sdk/lab10_128/Debug/lab10_128.elf' is downloaded to processor 'ps7_cortexa9_0'.
15:10:06 INFO  : 'configparams force-mem-access 0' command is executed.
15:10:06 INFO  : ----------------XSDB Script----------------
connect -path [list tcp::1534 tcp:192.168.226.142:56400]
source C:/Users/aniru/Desktop/ELD/lab10_128/lab10_128.sdk/design_1_wrapper_hw_platform_0/ps7_init.tcl
targets -set -nocase -filter {name =~"APU*" && jtag_cable_name =~ "Digilent Zed 210248A39C93"} -index 0
rst -system
after 3000
targets -set -filter {jtag_cable_name =~ "Digilent Zed 210248A39C93" && level==0} -index 1
fpga -file C:/Users/aniru/Desktop/ELD/lab10_128/lab10_128.sdk/design_1_wrapper_hw_platform_0/design_1_wrapper.bit
targets -set -nocase -filter {name =~"APU*" && jtag_cable_name =~ "Digilent Zed 210248A39C93"} -index 0
loadhw -hw C:/Users/aniru/Desktop/ELD/lab10_128/lab10_128.sdk/design_1_wrapper_hw_platform_0/system.hdf -mem-ranges [list {0x40000000 0xbfffffff}]
configparams force-mem-access 1
targets -set -nocase -filter {name =~"APU*" && jtag_cable_name =~ "Digilent Zed 210248A39C93"} -index 0
ps7_init
ps7_post_config
targets -set -nocase -filter {name =~ "ARM*#0" && jtag_cable_name =~ "Digilent Zed 210248A39C93"} -index 0
dow C:/Users/aniru/Desktop/ELD/lab10_128/lab10_128.sdk/lab10_128/Debug/lab10_128.elf
configparams force-mem-access 0
----------------End of Script----------------

15:10:07 INFO  : Memory regions updated for context APU
15:10:08 INFO  : Context for processor 'ps7_cortexa9_0' is selected.
15:10:08 INFO  : 'con' command is executed.
15:10:08 INFO  : ----------------XSDB Script (After Launch)----------------
targets -set -nocase -filter {name =~ "ARM*#0" && jtag_cable_name =~ "Digilent Zed 210248A39C93"} -index 0
con
----------------End of Script----------------

15:10:08 INFO  : Launch script is exported to file 'C:\Users\aniru\Desktop\ELD\lab10_128\lab10_128.sdk\.sdk\launch_scripts\xilinx_c-c++_application_(system_debugger)\system_debugger_using_debug_lab10_128.elf_on_remotebd.tcl'
15:10:53 INFO  : Disconnected from the channel tcfchan#1.
