16:24:40 INFO  : Registering command handlers for SDK TCF services
16:24:41 INFO  : Launching XSCT server: xsct.bat -interactive C:\Users\aniru\Desktop\ELD\endsemlab\endsemlab.sdk\temp_xsdb_launch_script.tcl
16:24:48 INFO  : XSCT server has started successfully.
16:24:55 INFO  : Successfully done setting XSCT server connection channel  
16:24:55 INFO  : Processing command line option -hwspec C:/Users/aniru/Desktop/ELD/endsemlab/endsemlab.sdk/design_1_wrapper.hdf.
16:24:55 INFO  : Successfully done setting SDK workspace  
16:26:23 ERROR : Failed to closesw "C:/Users/aniru/Desktop/ELD/endsemlab/endsemlab.sdk/endsemlab_bsp/system.mss"
Reason: Cannot close sw design 'C:/Users/aniru/Desktop/ELD/endsemlab/endsemlab.sdk/endsemlab_bsp/system.mss'.
Design is not opened in the current session.


16:28:09 INFO  : Connected to target on host '127.0.0.1' and port '3121'.
16:28:09 INFO  : Jtag cable 'Digilent Zybo Z7 210351A7817AA' is selected.
16:28:09 INFO  : 'jtag frequency' command is executed.
16:28:09 INFO  : Sourcing of 'C:/Users/aniru/Desktop/ELD/endsemlab/endsemlab.sdk/design_1_wrapper_hw_platform_0/ps7_init.tcl' is done.
16:28:10 INFO  : Context for 'APU' is selected.
16:28:10 INFO  : System reset is completed.
16:28:13 INFO  : 'after 3000' command is executed.
16:28:13 INFO  : 'targets -set -filter {jtag_cable_name =~ "Digilent Zybo Z7 210351A7817AA" && level==0} -index 1' command is executed.
16:28:14 INFO  : FPGA configured successfully with bitstream "C:/Users/aniru/Desktop/ELD/endsemlab/endsemlab.sdk/design_1_wrapper_hw_platform_0/design_1_wrapper.bit"
16:28:15 INFO  : Context for 'APU' is selected.
16:28:15 INFO  : Hardware design information is loaded from 'C:/Users/aniru/Desktop/ELD/endsemlab/endsemlab.sdk/design_1_wrapper_hw_platform_0/system.hdf'.
16:28:15 INFO  : 'configparams force-mem-access 1' command is executed.
16:28:15 INFO  : Context for 'APU' is selected.
16:28:15 INFO  : 'ps7_init' command is executed.
16:28:15 INFO  : 'ps7_post_config' command is executed.
16:28:15 INFO  : Context for processor 'ps7_cortexa9_0' is selected.
16:28:16 INFO  : The application 'C:/Users/aniru/Desktop/ELD/endsemlab/endsemlab.sdk/endsemlab/Debug/endsemlab.elf' is downloaded to processor 'ps7_cortexa9_0'.
16:28:16 INFO  : 'configparams force-mem-access 0' command is executed.
16:28:16 INFO  : ----------------XSDB Script----------------
connect -url tcp:127.0.0.1:3121
source C:/Users/aniru/Desktop/ELD/endsemlab/endsemlab.sdk/design_1_wrapper_hw_platform_0/ps7_init.tcl
targets -set -nocase -filter {name =~"APU*" && jtag_cable_name =~ "Digilent Zybo Z7 210351A7817AA"} -index 0
rst -system
after 3000
targets -set -filter {jtag_cable_name =~ "Digilent Zybo Z7 210351A7817AA" && level==0} -index 1
fpga -file C:/Users/aniru/Desktop/ELD/endsemlab/endsemlab.sdk/design_1_wrapper_hw_platform_0/design_1_wrapper.bit
targets -set -nocase -filter {name =~"APU*" && jtag_cable_name =~ "Digilent Zybo Z7 210351A7817AA"} -index 0
loadhw -hw C:/Users/aniru/Desktop/ELD/endsemlab/endsemlab.sdk/design_1_wrapper_hw_platform_0/system.hdf -mem-ranges [list {0x40000000 0xbfffffff}]
configparams force-mem-access 1
targets -set -nocase -filter {name =~"APU*" && jtag_cable_name =~ "Digilent Zybo Z7 210351A7817AA"} -index 0
ps7_init
ps7_post_config
targets -set -nocase -filter {name =~ "ARM*#0" && jtag_cable_name =~ "Digilent Zybo Z7 210351A7817AA"} -index 0
dow C:/Users/aniru/Desktop/ELD/endsemlab/endsemlab.sdk/endsemlab/Debug/endsemlab.elf
configparams force-mem-access 0
----------------End of Script----------------

16:28:16 INFO  : Memory regions updated for context APU
16:28:17 INFO  : Context for processor 'ps7_cortexa9_0' is selected.
16:28:17 INFO  : 'con' command is executed.
16:28:17 INFO  : ----------------XSDB Script (After Launch)----------------
targets -set -nocase -filter {name =~ "ARM*#0" && jtag_cable_name =~ "Digilent Zybo Z7 210351A7817AA"} -index 0
con
----------------End of Script----------------

16:28:17 INFO  : Launch script is exported to file 'C:\Users\aniru\Desktop\ELD\endsemlab\endsemlab.sdk\.sdk\launch_scripts\xilinx_c-c++_application_(system_debugger)\system_debugger_using_debug_endsemlab.elf_on_local.tcl'
16:29:04 INFO  : Disconnected from the channel tcfchan#1.
16:29:05 INFO  : Connected to target on host '127.0.0.1' and port '3121'.
16:29:06 INFO  : Jtag cable 'Digilent Zybo Z7 210351A7817AA' is selected.
16:29:06 INFO  : 'jtag frequency' command is executed.
16:29:06 INFO  : Sourcing of 'C:/Users/aniru/Desktop/ELD/endsemlab/endsemlab.sdk/design_1_wrapper_hw_platform_0/ps7_init.tcl' is done.
16:29:06 INFO  : Context for 'APU' is selected.
16:29:06 INFO  : System reset is completed.
16:29:09 INFO  : 'after 3000' command is executed.
16:29:09 INFO  : 'targets -set -filter {jtag_cable_name =~ "Digilent Zybo Z7 210351A7817AA" && level==0} -index 1' command is executed.
16:29:11 INFO  : FPGA configured successfully with bitstream "C:/Users/aniru/Desktop/ELD/endsemlab/endsemlab.sdk/design_1_wrapper_hw_platform_0/design_1_wrapper.bit"
16:29:11 INFO  : Context for 'APU' is selected.
16:29:16 INFO  : Hardware design information is loaded from 'C:/Users/aniru/Desktop/ELD/endsemlab/endsemlab.sdk/design_1_wrapper_hw_platform_0/system.hdf'.
16:29:16 INFO  : 'configparams force-mem-access 1' command is executed.
16:29:16 INFO  : Context for 'APU' is selected.
16:29:17 INFO  : 'ps7_init' command is executed.
16:29:17 INFO  : 'ps7_post_config' command is executed.
16:29:17 INFO  : Context for processor 'ps7_cortexa9_0' is selected.
16:29:17 INFO  : The application 'C:/Users/aniru/Desktop/ELD/endsemlab/endsemlab.sdk/endsemlab/Debug/endsemlab.elf' is downloaded to processor 'ps7_cortexa9_0'.
16:29:17 INFO  : 'configparams force-mem-access 0' command is executed.
16:29:17 INFO  : ----------------XSDB Script----------------
connect -url tcp:127.0.0.1:3121
source C:/Users/aniru/Desktop/ELD/endsemlab/endsemlab.sdk/design_1_wrapper_hw_platform_0/ps7_init.tcl
targets -set -nocase -filter {name =~"APU*" && jtag_cable_name =~ "Digilent Zybo Z7 210351A7817AA"} -index 0
rst -system
after 3000
targets -set -filter {jtag_cable_name =~ "Digilent Zybo Z7 210351A7817AA" && level==0} -index 1
fpga -file C:/Users/aniru/Desktop/ELD/endsemlab/endsemlab.sdk/design_1_wrapper_hw_platform_0/design_1_wrapper.bit
targets -set -nocase -filter {name =~"APU*" && jtag_cable_name =~ "Digilent Zybo Z7 210351A7817AA"} -index 0
loadhw -hw C:/Users/aniru/Desktop/ELD/endsemlab/endsemlab.sdk/design_1_wrapper_hw_platform_0/system.hdf -mem-ranges [list {0x40000000 0xbfffffff}]
configparams force-mem-access 1
targets -set -nocase -filter {name =~"APU*" && jtag_cable_name =~ "Digilent Zybo Z7 210351A7817AA"} -index 0
ps7_init
ps7_post_config
targets -set -nocase -filter {name =~ "ARM*#0" && jtag_cable_name =~ "Digilent Zybo Z7 210351A7817AA"} -index 0
dow C:/Users/aniru/Desktop/ELD/endsemlab/endsemlab.sdk/endsemlab/Debug/endsemlab.elf
configparams force-mem-access 0
----------------End of Script----------------

16:29:17 INFO  : Memory regions updated for context APU
16:29:17 INFO  : Context for processor 'ps7_cortexa9_0' is selected.
16:29:17 INFO  : 'con' command is executed.
16:29:17 INFO  : ----------------XSDB Script (After Launch)----------------
targets -set -nocase -filter {name =~ "ARM*#0" && jtag_cable_name =~ "Digilent Zybo Z7 210351A7817AA"} -index 0
con
----------------End of Script----------------

16:29:17 INFO  : Launch script is exported to file 'C:\Users\aniru\Desktop\ELD\endsemlab\endsemlab.sdk\.sdk\launch_scripts\xilinx_c-c++_application_(system_debugger)\system_debugger_using_debug_endsemlab.elf_on_local.tcl'
16:30:11 INFO  : Disconnected from the channel tcfchan#2.
16:30:12 INFO  : Connected to target on host '127.0.0.1' and port '3121'.
16:30:13 INFO  : Jtag cable 'Digilent Zybo Z7 210351A7817AA' is selected.
16:30:13 INFO  : 'jtag frequency' command is executed.
16:30:13 INFO  : Sourcing of 'C:/Users/aniru/Desktop/ELD/endsemlab/endsemlab.sdk/design_1_wrapper_hw_platform_0/ps7_init.tcl' is done.
16:30:13 INFO  : Context for 'APU' is selected.
16:30:13 INFO  : System reset is completed.
16:30:16 INFO  : 'after 3000' command is executed.
16:30:16 INFO  : 'targets -set -filter {jtag_cable_name =~ "Digilent Zybo Z7 210351A7817AA" && level==0} -index 1' command is executed.
16:30:17 INFO  : FPGA configured successfully with bitstream "C:/Users/aniru/Desktop/ELD/endsemlab/endsemlab.sdk/design_1_wrapper_hw_platform_0/design_1_wrapper.bit"
16:30:18 INFO  : Context for 'APU' is selected.
16:30:22 INFO  : Hardware design information is loaded from 'C:/Users/aniru/Desktop/ELD/endsemlab/endsemlab.sdk/design_1_wrapper_hw_platform_0/system.hdf'.
16:30:22 INFO  : 'configparams force-mem-access 1' command is executed.
16:30:22 INFO  : Context for 'APU' is selected.
16:30:23 INFO  : 'ps7_init' command is executed.
16:30:23 INFO  : 'ps7_post_config' command is executed.
16:30:23 INFO  : Context for processor 'ps7_cortexa9_0' is selected.
16:30:23 INFO  : The application 'C:/Users/aniru/Desktop/ELD/endsemlab/endsemlab.sdk/endsemlab/Debug/endsemlab.elf' is downloaded to processor 'ps7_cortexa9_0'.
16:30:23 INFO  : 'configparams force-mem-access 0' command is executed.
16:30:23 INFO  : ----------------XSDB Script----------------
connect -url tcp:127.0.0.1:3121
source C:/Users/aniru/Desktop/ELD/endsemlab/endsemlab.sdk/design_1_wrapper_hw_platform_0/ps7_init.tcl
targets -set -nocase -filter {name =~"APU*" && jtag_cable_name =~ "Digilent Zybo Z7 210351A7817AA"} -index 0
rst -system
after 3000
targets -set -filter {jtag_cable_name =~ "Digilent Zybo Z7 210351A7817AA" && level==0} -index 1
fpga -file C:/Users/aniru/Desktop/ELD/endsemlab/endsemlab.sdk/design_1_wrapper_hw_platform_0/design_1_wrapper.bit
targets -set -nocase -filter {name =~"APU*" && jtag_cable_name =~ "Digilent Zybo Z7 210351A7817AA"} -index 0
loadhw -hw C:/Users/aniru/Desktop/ELD/endsemlab/endsemlab.sdk/design_1_wrapper_hw_platform_0/system.hdf -mem-ranges [list {0x40000000 0xbfffffff}]
configparams force-mem-access 1
targets -set -nocase -filter {name =~"APU*" && jtag_cable_name =~ "Digilent Zybo Z7 210351A7817AA"} -index 0
ps7_init
ps7_post_config
targets -set -nocase -filter {name =~ "ARM*#0" && jtag_cable_name =~ "Digilent Zybo Z7 210351A7817AA"} -index 0
dow C:/Users/aniru/Desktop/ELD/endsemlab/endsemlab.sdk/endsemlab/Debug/endsemlab.elf
configparams force-mem-access 0
----------------End of Script----------------

16:30:23 INFO  : Memory regions updated for context APU
16:30:23 INFO  : Context for processor 'ps7_cortexa9_0' is selected.
16:30:23 INFO  : 'con' command is executed.
16:30:23 INFO  : ----------------XSDB Script (After Launch)----------------
targets -set -nocase -filter {name =~ "ARM*#0" && jtag_cable_name =~ "Digilent Zybo Z7 210351A7817AA"} -index 0
con
----------------End of Script----------------

16:30:23 INFO  : Launch script is exported to file 'C:\Users\aniru\Desktop\ELD\endsemlab\endsemlab.sdk\.sdk\launch_scripts\xilinx_c-c++_application_(system_debugger)\system_debugger_using_debug_endsemlab.elf_on_local.tcl'
16:32:25 INFO  : Connected to target on host '127.0.0.1' and port '3121'.
16:32:44 INFO  : Disconnected from the channel tcfchan#3.
16:32:45 INFO  : Connected to target on host '127.0.0.1' and port '3121'.
16:32:46 INFO  : Jtag cable 'Digilent Zybo Z7 210351A7817AA' is selected.
16:32:46 INFO  : 'jtag frequency' command is executed.
16:32:46 INFO  : Sourcing of 'C:/Users/aniru/Desktop/ELD/endsemlab/endsemlab.sdk/design_1_wrapper_hw_platform_0/ps7_init.tcl' is done.
16:32:46 INFO  : Context for 'APU' is selected.
16:32:47 INFO  : System reset is completed.
16:32:50 INFO  : 'after 3000' command is executed.
16:32:50 INFO  : 'targets -set -filter {jtag_cable_name =~ "Digilent Zybo Z7 210351A7817AA" && level==0} -index 1' command is executed.
16:32:51 INFO  : FPGA configured successfully with bitstream "C:/Users/aniru/Desktop/ELD/endsemlab/endsemlab.sdk/design_1_wrapper_hw_platform_0/design_1_wrapper.bit"
16:32:51 INFO  : Context for 'APU' is selected.
16:32:55 INFO  : Hardware design information is loaded from 'C:/Users/aniru/Desktop/ELD/endsemlab/endsemlab.sdk/design_1_wrapper_hw_platform_0/system.hdf'.
16:32:55 INFO  : 'configparams force-mem-access 1' command is executed.
16:32:55 INFO  : Context for 'APU' is selected.
16:32:56 INFO  : 'ps7_init' command is executed.
16:32:56 INFO  : 'ps7_post_config' command is executed.
16:32:56 INFO  : Context for processor 'ps7_cortexa9_0' is selected.
16:32:57 INFO  : The application 'C:/Users/aniru/Desktop/ELD/endsemlab/endsemlab.sdk/endsemlab/Debug/endsemlab.elf' is downloaded to processor 'ps7_cortexa9_0'.
16:32:57 INFO  : 'configparams force-mem-access 0' command is executed.
16:32:57 INFO  : ----------------XSDB Script----------------
connect -url tcp:127.0.0.1:3121
source C:/Users/aniru/Desktop/ELD/endsemlab/endsemlab.sdk/design_1_wrapper_hw_platform_0/ps7_init.tcl
targets -set -nocase -filter {name =~"APU*" && jtag_cable_name =~ "Digilent Zybo Z7 210351A7817AA"} -index 0
rst -system
after 3000
targets -set -filter {jtag_cable_name =~ "Digilent Zybo Z7 210351A7817AA" && level==0} -index 1
fpga -file C:/Users/aniru/Desktop/ELD/endsemlab/endsemlab.sdk/design_1_wrapper_hw_platform_0/design_1_wrapper.bit
targets -set -nocase -filter {name =~"APU*" && jtag_cable_name =~ "Digilent Zybo Z7 210351A7817AA"} -index 0
loadhw -hw C:/Users/aniru/Desktop/ELD/endsemlab/endsemlab.sdk/design_1_wrapper_hw_platform_0/system.hdf -mem-ranges [list {0x40000000 0xbfffffff}]
configparams force-mem-access 1
targets -set -nocase -filter {name =~"APU*" && jtag_cable_name =~ "Digilent Zybo Z7 210351A7817AA"} -index 0
ps7_init
ps7_post_config
targets -set -nocase -filter {name =~ "ARM*#0" && jtag_cable_name =~ "Digilent Zybo Z7 210351A7817AA"} -index 0
dow C:/Users/aniru/Desktop/ELD/endsemlab/endsemlab.sdk/endsemlab/Debug/endsemlab.elf
configparams force-mem-access 0
----------------End of Script----------------

16:32:57 INFO  : Memory regions updated for context APU
16:32:57 INFO  : Context for processor 'ps7_cortexa9_0' is selected.
16:32:57 INFO  : 'con' command is executed.
16:32:57 INFO  : ----------------XSDB Script (After Launch)----------------
targets -set -nocase -filter {name =~ "ARM*#0" && jtag_cable_name =~ "Digilent Zybo Z7 210351A7817AA"} -index 0
con
----------------End of Script----------------

16:32:57 INFO  : Launch script is exported to file 'C:\Users\aniru\Desktop\ELD\endsemlab\endsemlab.sdk\.sdk\launch_scripts\xilinx_c-c++_application_(system_debugger)\system_debugger_using_debug_endsemlab.elf_on_local.tcl'
16:36:10 INFO  : Disconnected from the channel tcfchan#4.
16:36:11 INFO  : Connected to target on host '127.0.0.1' and port '3121'.
16:36:12 INFO  : Jtag cable 'Digilent Zybo Z7 210351A7817AA' is selected.
16:36:12 INFO  : 'jtag frequency' command is executed.
16:36:12 INFO  : Sourcing of 'C:/Users/aniru/Desktop/ELD/endsemlab/endsemlab.sdk/design_1_wrapper_hw_platform_0/ps7_init.tcl' is done.
16:36:12 INFO  : Context for 'APU' is selected.
16:36:12 INFO  : System reset is completed.
16:36:15 INFO  : 'after 3000' command is executed.
16:36:15 INFO  : 'targets -set -filter {jtag_cable_name =~ "Digilent Zybo Z7 210351A7817AA" && level==0} -index 1' command is executed.
16:36:16 INFO  : FPGA configured successfully with bitstream "C:/Users/aniru/Desktop/ELD/endsemlab/endsemlab.sdk/design_1_wrapper_hw_platform_0/design_1_wrapper.bit"
16:36:16 INFO  : Context for 'APU' is selected.
16:36:21 INFO  : Hardware design information is loaded from 'C:/Users/aniru/Desktop/ELD/endsemlab/endsemlab.sdk/design_1_wrapper_hw_platform_0/system.hdf'.
16:36:21 INFO  : 'configparams force-mem-access 1' command is executed.
16:36:21 INFO  : Context for 'APU' is selected.
16:36:22 INFO  : 'ps7_init' command is executed.
16:36:22 INFO  : 'ps7_post_config' command is executed.
16:36:22 INFO  : Context for processor 'ps7_cortexa9_0' is selected.
16:36:22 INFO  : The application 'C:/Users/aniru/Desktop/ELD/endsemlab/endsemlab.sdk/endsemlab/Debug/endsemlab.elf' is downloaded to processor 'ps7_cortexa9_0'.
16:36:22 INFO  : 'configparams force-mem-access 0' command is executed.
16:36:22 INFO  : ----------------XSDB Script----------------
connect -url tcp:127.0.0.1:3121
source C:/Users/aniru/Desktop/ELD/endsemlab/endsemlab.sdk/design_1_wrapper_hw_platform_0/ps7_init.tcl
targets -set -nocase -filter {name =~"APU*" && jtag_cable_name =~ "Digilent Zybo Z7 210351A7817AA"} -index 0
rst -system
after 3000
targets -set -filter {jtag_cable_name =~ "Digilent Zybo Z7 210351A7817AA" && level==0} -index 1
fpga -file C:/Users/aniru/Desktop/ELD/endsemlab/endsemlab.sdk/design_1_wrapper_hw_platform_0/design_1_wrapper.bit
targets -set -nocase -filter {name =~"APU*" && jtag_cable_name =~ "Digilent Zybo Z7 210351A7817AA"} -index 0
loadhw -hw C:/Users/aniru/Desktop/ELD/endsemlab/endsemlab.sdk/design_1_wrapper_hw_platform_0/system.hdf -mem-ranges [list {0x40000000 0xbfffffff}]
configparams force-mem-access 1
targets -set -nocase -filter {name =~"APU*" && jtag_cable_name =~ "Digilent Zybo Z7 210351A7817AA"} -index 0
ps7_init
ps7_post_config
targets -set -nocase -filter {name =~ "ARM*#0" && jtag_cable_name =~ "Digilent Zybo Z7 210351A7817AA"} -index 0
dow C:/Users/aniru/Desktop/ELD/endsemlab/endsemlab.sdk/endsemlab/Debug/endsemlab.elf
configparams force-mem-access 0
----------------End of Script----------------

16:36:22 INFO  : Memory regions updated for context APU
16:36:23 INFO  : Context for processor 'ps7_cortexa9_0' is selected.
16:36:23 INFO  : 'con' command is executed.
16:36:23 INFO  : ----------------XSDB Script (After Launch)----------------
targets -set -nocase -filter {name =~ "ARM*#0" && jtag_cable_name =~ "Digilent Zybo Z7 210351A7817AA"} -index 0
con
----------------End of Script----------------

16:36:23 INFO  : Launch script is exported to file 'C:\Users\aniru\Desktop\ELD\endsemlab\endsemlab.sdk\.sdk\launch_scripts\xilinx_c-c++_application_(system_debugger)\system_debugger_using_debug_endsemlab.elf_on_local.tcl'
16:41:18 INFO  : Disconnected from the channel tcfchan#5.
16:41:19 INFO  : Connected to target on host '127.0.0.1' and port '3121'.
16:41:19 INFO  : Jtag cable 'Digilent Zybo Z7 210351A7817AA' is selected.
16:41:19 INFO  : 'jtag frequency' command is executed.
16:41:19 INFO  : Sourcing of 'C:/Users/aniru/Desktop/ELD/endsemlab/endsemlab.sdk/design_1_wrapper_hw_platform_0/ps7_init.tcl' is done.
16:41:19 INFO  : Context for 'APU' is selected.
16:41:20 INFO  : System reset is completed.
16:41:23 INFO  : 'after 3000' command is executed.
16:41:23 INFO  : 'targets -set -filter {jtag_cable_name =~ "Digilent Zybo Z7 210351A7817AA" && level==0} -index 1' command is executed.
16:41:24 INFO  : FPGA configured successfully with bitstream "C:/Users/aniru/Desktop/ELD/endsemlab/endsemlab.sdk/design_1_wrapper_hw_platform_0/design_1_wrapper.bit"
16:41:24 INFO  : Context for 'APU' is selected.
16:41:28 INFO  : Hardware design information is loaded from 'C:/Users/aniru/Desktop/ELD/endsemlab/endsemlab.sdk/design_1_wrapper_hw_platform_0/system.hdf'.
16:41:28 INFO  : 'configparams force-mem-access 1' command is executed.
16:41:28 INFO  : Context for 'APU' is selected.
16:41:29 INFO  : 'ps7_init' command is executed.
16:41:29 INFO  : 'ps7_post_config' command is executed.
16:41:29 INFO  : Context for processor 'ps7_cortexa9_0' is selected.
16:41:29 INFO  : The application 'C:/Users/aniru/Desktop/ELD/endsemlab/endsemlab.sdk/endsemlab/Debug/endsemlab.elf' is downloaded to processor 'ps7_cortexa9_0'.
16:41:30 INFO  : 'configparams force-mem-access 0' command is executed.
16:41:30 INFO  : ----------------XSDB Script----------------
connect -url tcp:127.0.0.1:3121
source C:/Users/aniru/Desktop/ELD/endsemlab/endsemlab.sdk/design_1_wrapper_hw_platform_0/ps7_init.tcl
targets -set -nocase -filter {name =~"APU*" && jtag_cable_name =~ "Digilent Zybo Z7 210351A7817AA"} -index 0
rst -system
after 3000
targets -set -filter {jtag_cable_name =~ "Digilent Zybo Z7 210351A7817AA" && level==0} -index 1
fpga -file C:/Users/aniru/Desktop/ELD/endsemlab/endsemlab.sdk/design_1_wrapper_hw_platform_0/design_1_wrapper.bit
targets -set -nocase -filter {name =~"APU*" && jtag_cable_name =~ "Digilent Zybo Z7 210351A7817AA"} -index 0
loadhw -hw C:/Users/aniru/Desktop/ELD/endsemlab/endsemlab.sdk/design_1_wrapper_hw_platform_0/system.hdf -mem-ranges [list {0x40000000 0xbfffffff}]
configparams force-mem-access 1
targets -set -nocase -filter {name =~"APU*" && jtag_cable_name =~ "Digilent Zybo Z7 210351A7817AA"} -index 0
ps7_init
ps7_post_config
targets -set -nocase -filter {name =~ "ARM*#0" && jtag_cable_name =~ "Digilent Zybo Z7 210351A7817AA"} -index 0
dow C:/Users/aniru/Desktop/ELD/endsemlab/endsemlab.sdk/endsemlab/Debug/endsemlab.elf
configparams force-mem-access 0
----------------End of Script----------------

16:41:30 INFO  : Memory regions updated for context APU
16:41:30 INFO  : Context for processor 'ps7_cortexa9_0' is selected.
16:41:30 INFO  : 'con' command is executed.
16:41:30 INFO  : ----------------XSDB Script (After Launch)----------------
targets -set -nocase -filter {name =~ "ARM*#0" && jtag_cable_name =~ "Digilent Zybo Z7 210351A7817AA"} -index 0
con
----------------End of Script----------------

16:41:30 INFO  : Launch script is exported to file 'C:\Users\aniru\Desktop\ELD\endsemlab\endsemlab.sdk\.sdk\launch_scripts\xilinx_c-c++_application_(system_debugger)\system_debugger_using_debug_endsemlab.elf_on_local.tcl'
16:43:28 INFO  : Disconnected from the channel tcfchan#6.
16:43:29 INFO  : Connected to target on host '127.0.0.1' and port '3121'.
16:43:29 INFO  : Jtag cable 'Digilent Zybo Z7 210351A7817AA' is selected.
16:43:29 INFO  : 'jtag frequency' command is executed.
16:43:29 INFO  : Sourcing of 'C:/Users/aniru/Desktop/ELD/endsemlab/endsemlab.sdk/design_1_wrapper_hw_platform_0/ps7_init.tcl' is done.
16:43:29 INFO  : Context for 'APU' is selected.
16:43:30 INFO  : System reset is completed.
16:43:33 INFO  : 'after 3000' command is executed.
16:43:33 INFO  : 'targets -set -filter {jtag_cable_name =~ "Digilent Zybo Z7 210351A7817AA" && level==0} -index 1' command is executed.
16:43:34 INFO  : FPGA configured successfully with bitstream "C:/Users/aniru/Desktop/ELD/endsemlab/endsemlab.sdk/design_1_wrapper_hw_platform_0/design_1_wrapper.bit"
16:43:34 INFO  : Context for 'APU' is selected.
16:43:39 INFO  : Hardware design information is loaded from 'C:/Users/aniru/Desktop/ELD/endsemlab/endsemlab.sdk/design_1_wrapper_hw_platform_0/system.hdf'.
16:43:39 INFO  : 'configparams force-mem-access 1' command is executed.
16:43:39 INFO  : Context for 'APU' is selected.
16:43:40 INFO  : 'ps7_init' command is executed.
16:43:40 INFO  : 'ps7_post_config' command is executed.
16:43:40 INFO  : Context for processor 'ps7_cortexa9_0' is selected.
16:43:40 INFO  : The application 'C:/Users/aniru/Desktop/ELD/endsemlab/endsemlab.sdk/endsemlab/Debug/endsemlab.elf' is downloaded to processor 'ps7_cortexa9_0'.
16:43:40 INFO  : 'configparams force-mem-access 0' command is executed.
16:43:40 INFO  : ----------------XSDB Script----------------
connect -url tcp:127.0.0.1:3121
source C:/Users/aniru/Desktop/ELD/endsemlab/endsemlab.sdk/design_1_wrapper_hw_platform_0/ps7_init.tcl
targets -set -nocase -filter {name =~"APU*" && jtag_cable_name =~ "Digilent Zybo Z7 210351A7817AA"} -index 0
rst -system
after 3000
targets -set -filter {jtag_cable_name =~ "Digilent Zybo Z7 210351A7817AA" && level==0} -index 1
fpga -file C:/Users/aniru/Desktop/ELD/endsemlab/endsemlab.sdk/design_1_wrapper_hw_platform_0/design_1_wrapper.bit
targets -set -nocase -filter {name =~"APU*" && jtag_cable_name =~ "Digilent Zybo Z7 210351A7817AA"} -index 0
loadhw -hw C:/Users/aniru/Desktop/ELD/endsemlab/endsemlab.sdk/design_1_wrapper_hw_platform_0/system.hdf -mem-ranges [list {0x40000000 0xbfffffff}]
configparams force-mem-access 1
targets -set -nocase -filter {name =~"APU*" && jtag_cable_name =~ "Digilent Zybo Z7 210351A7817AA"} -index 0
ps7_init
ps7_post_config
targets -set -nocase -filter {name =~ "ARM*#0" && jtag_cable_name =~ "Digilent Zybo Z7 210351A7817AA"} -index 0
dow C:/Users/aniru/Desktop/ELD/endsemlab/endsemlab.sdk/endsemlab/Debug/endsemlab.elf
configparams force-mem-access 0
----------------End of Script----------------

16:43:40 INFO  : Memory regions updated for context APU
16:43:40 INFO  : Context for processor 'ps7_cortexa9_0' is selected.
16:43:40 INFO  : 'con' command is executed.
16:43:40 INFO  : ----------------XSDB Script (After Launch)----------------
targets -set -nocase -filter {name =~ "ARM*#0" && jtag_cable_name =~ "Digilent Zybo Z7 210351A7817AA"} -index 0
con
----------------End of Script----------------

16:43:40 INFO  : Launch script is exported to file 'C:\Users\aniru\Desktop\ELD\endsemlab\endsemlab.sdk\.sdk\launch_scripts\xilinx_c-c++_application_(system_debugger)\system_debugger_using_debug_endsemlab.elf_on_local.tcl'
16:46:08 INFO  : Disconnected from the channel tcfchan#7.
