02:30:43 INFO  : Registering command handlers for SDK TCF services
02:30:45 INFO  : Launching XSCT server: xsct.bat -interactive C:\Users\aniru\Desktop\ELD\lab9\lab9.sdk\temp_xsdb_launch_script.tcl
02:30:50 INFO  : XSCT server has started successfully.
02:30:56 INFO  : Successfully done setting XSCT server connection channel  
02:30:56 INFO  : Successfully done setting SDK workspace  
02:30:56 INFO  : Processing command line option -hwspec C:/Users/aniru/Desktop/ELD/lab9/lab9.sdk/design_1_wrapper.hdf.
01:09:14 INFO  : Launching XSCT server: xsct.bat -interactive C:\Users\aniru\Desktop\ELD\lab9_64\lab9_64.sdk\temp_xsdb_launch_script.tcl
01:09:19 INFO  : XSCT server has started successfully.
01:09:26 INFO  : Successfully done setting XSCT server connection channel  
01:09:26 INFO  : Successfully done setting SDK workspace  
01:09:30 INFO  : Registering command handlers for SDK TCF services
01:09:36 INFO  : Processing command line option -hwspec C:/Users/aniru/Desktop/ELD/lab9_64/lab9_64.sdk/design_1_wrapper.hdf.
01:09:41 INFO  : SDK has detected change in the last modified timestamps for source hardware specification file Source:1731421016537,  Project:1731358361112
01:09:41 INFO  : Project design_1_wrapper_hw_platform_0's source hardware specification located at C:/Users/aniru/Desktop/ELD/lab9/lab9.sdk/design_1_wrapper.hdf is now different from the local copy.
		 The local copy will be replaced with the source specification and your workspace will be updated.
01:09:51 INFO  : Project design_1_wrapper_hw_platform_0's source hardware specification location will not be monitored anymore.
01:11:45 ERROR : Failed to closesw "C:/Users/aniru/Desktop/ELD/lab9_64/lab9_64.sdk/lab9_64point_bsp/system.mss"
Reason: Cannot close sw design 'C:/Users/aniru/Desktop/ELD/lab9_64/lab9_64.sdk/lab9_64point_bsp/system.mss'.
Design is not opened in the current session.


02:07:56 INFO  : Launching XSCT server: xsct.bat -interactive C:\Users\aniru\Desktop\ELD\lab9_64\lab9_64.sdk\temp_xsdb_launch_script.tcl
02:08:01 INFO  : XSCT server has started successfully.
02:08:01 INFO  : Successfully done setting XSCT server connection channel  
02:08:01 INFO  : Successfully done setting SDK workspace  
02:08:17 INFO  : Registering command handlers for SDK TCF services
02:08:17 INFO  : Processing command line option -hwspec C:/Users/aniru/Desktop/ELD/lab9_64/lab9_64.sdk/design_1_wrapper.hdf.
02:08:19 INFO  : Checking for hwspec changes in the project design_1_wrapper_hw_platform_1.
02:10:21 INFO  : Connected through redirection to target on host '192.168.226.142' and port '51905'.
02:10:21 WARN  : SDK version '2019.1' doesn't match hw_server version '2024.1.0'. Some debug features may not work.
02:10:23 INFO  : Jtag cable 'Digilent Zed 210248A39C93' is selected.
02:10:23 INFO  : 'jtag frequency' command is executed.
02:10:23 INFO  : Sourcing of 'C:/Users/aniru/Desktop/ELD/lab9_64/lab9_64.sdk/design_1_wrapper_hw_platform_0/ps7_init.tcl' is done.
02:10:23 INFO  : Context for 'APU' is selected.
02:10:24 INFO  : System reset is completed.
02:10:27 INFO  : 'after 3000' command is executed.
02:10:27 INFO  : 'targets -set -filter {jtag_cable_name =~ "Digilent Zed 210248A39C93" && level==0} -index 1' command is executed.
02:10:29 INFO  : FPGA configured successfully with bitstream "C:/Users/aniru/Desktop/ELD/lab9_64/lab9_64.sdk/design_1_wrapper_hw_platform_0/design_1_wrapper.bit"
02:10:29 INFO  : Context for 'APU' is selected.
02:10:30 INFO  : Hardware design information is loaded from 'C:/Users/aniru/Desktop/ELD/lab9_64/lab9_64.sdk/design_1_wrapper_hw_platform_0/system.hdf'.
02:10:30 INFO  : 'configparams force-mem-access 1' command is executed.
02:10:30 INFO  : Context for 'APU' is selected.
02:10:32 INFO  : 'ps7_init' command is executed.
02:10:32 INFO  : 'ps7_post_config' command is executed.
02:10:33 INFO  : Context for processor 'ps7_cortexa9_0' is selected.
02:10:33 INFO  : The application 'C:/Users/aniru/Desktop/ELD/lab9_64/lab9_64.sdk/lab9_64point/Debug/lab9_64point.elf' is downloaded to processor 'ps7_cortexa9_0'.
02:10:33 INFO  : 'configparams force-mem-access 0' command is executed.
02:10:33 INFO  : ----------------XSDB Script----------------
connect -path [list tcp::1541 tcp:192.168.226.142:51905]
source C:/Users/aniru/Desktop/ELD/lab9_64/lab9_64.sdk/design_1_wrapper_hw_platform_0/ps7_init.tcl
targets -set -nocase -filter {name =~"APU*" && jtag_cable_name =~ "Digilent Zed 210248A39C93"} -index 0
rst -system
after 3000
targets -set -filter {jtag_cable_name =~ "Digilent Zed 210248A39C93" && level==0} -index 1
fpga -file C:/Users/aniru/Desktop/ELD/lab9_64/lab9_64.sdk/design_1_wrapper_hw_platform_0/design_1_wrapper.bit
targets -set -nocase -filter {name =~"APU*" && jtag_cable_name =~ "Digilent Zed 210248A39C93"} -index 0
loadhw -hw C:/Users/aniru/Desktop/ELD/lab9_64/lab9_64.sdk/design_1_wrapper_hw_platform_0/system.hdf -mem-ranges [list {0x40000000 0xbfffffff}]
configparams force-mem-access 1
targets -set -nocase -filter {name =~"APU*" && jtag_cable_name =~ "Digilent Zed 210248A39C93"} -index 0
ps7_init
ps7_post_config
targets -set -nocase -filter {name =~ "ARM*#0" && jtag_cable_name =~ "Digilent Zed 210248A39C93"} -index 0
dow C:/Users/aniru/Desktop/ELD/lab9_64/lab9_64.sdk/lab9_64point/Debug/lab9_64point.elf
configparams force-mem-access 0
----------------End of Script----------------

02:10:33 INFO  : Memory regions updated for context APU
02:10:34 INFO  : Context for processor 'ps7_cortexa9_0' is selected.
02:10:34 INFO  : 'con' command is executed.
02:10:34 INFO  : ----------------XSDB Script (After Launch)----------------
targets -set -nocase -filter {name =~ "ARM*#0" && jtag_cable_name =~ "Digilent Zed 210248A39C93"} -index 0
con
----------------End of Script----------------

02:10:34 INFO  : Launch script is exported to file 'C:\Users\aniru\Desktop\ELD\lab9_64\lab9_64.sdk\.sdk\launch_scripts\xilinx_c-c++_application_(system_debugger)\system_debugger_using_debug_lab9_64point.elf_on_remote.tcl'
02:11:58 INFO  : Disconnected from the channel tcfchan#1.
02:11:59 INFO  : Connected through redirection to target on host '192.168.226.142' and port '51905'.
02:11:59 WARN  : SDK version '2019.1' doesn't match hw_server version '2024.1.0'. Some debug features may not work.
02:12:01 INFO  : Jtag cable 'Digilent Zed 210248A39C93' is selected.
02:12:01 INFO  : 'jtag frequency' command is executed.
02:12:01 INFO  : Sourcing of 'C:/Users/aniru/Desktop/ELD/lab9_64/lab9_64.sdk/design_1_wrapper_hw_platform_0/ps7_init.tcl' is done.
02:12:01 INFO  : Context for 'APU' is selected.
02:12:01 INFO  : System reset is completed.
02:12:04 INFO  : 'after 3000' command is executed.
02:12:05 INFO  : 'targets -set -filter {jtag_cable_name =~ "Digilent Zed 210248A39C93" && level==0} -index 1' command is executed.
02:12:08 INFO  : FPGA configured successfully with bitstream "C:/Users/aniru/Desktop/ELD/lab9_64/lab9_64.sdk/design_1_wrapper_hw_platform_0/design_1_wrapper.bit"
02:12:08 INFO  : Context for 'APU' is selected.
02:12:11 INFO  : Hardware design information is loaded from 'C:/Users/aniru/Desktop/ELD/lab9_64/lab9_64.sdk/design_1_wrapper_hw_platform_0/system.hdf'.
02:12:11 INFO  : 'configparams force-mem-access 1' command is executed.
02:12:11 INFO  : Context for 'APU' is selected.
02:12:13 INFO  : 'ps7_init' command is executed.
02:12:13 INFO  : 'ps7_post_config' command is executed.
02:12:13 INFO  : Context for processor 'ps7_cortexa9_0' is selected.
02:12:14 INFO  : The application 'C:/Users/aniru/Desktop/ELD/lab9_64/lab9_64.sdk/lab9_64point/Debug/lab9_64point.elf' is downloaded to processor 'ps7_cortexa9_0'.
02:12:14 INFO  : 'configparams force-mem-access 0' command is executed.
02:12:14 INFO  : ----------------XSDB Script----------------
connect -path [list tcp::1541 tcp:192.168.226.142:51905]
source C:/Users/aniru/Desktop/ELD/lab9_64/lab9_64.sdk/design_1_wrapper_hw_platform_0/ps7_init.tcl
targets -set -nocase -filter {name =~"APU*" && jtag_cable_name =~ "Digilent Zed 210248A39C93"} -index 0
rst -system
after 3000
targets -set -filter {jtag_cable_name =~ "Digilent Zed 210248A39C93" && level==0} -index 1
fpga -file C:/Users/aniru/Desktop/ELD/lab9_64/lab9_64.sdk/design_1_wrapper_hw_platform_0/design_1_wrapper.bit
targets -set -nocase -filter {name =~"APU*" && jtag_cable_name =~ "Digilent Zed 210248A39C93"} -index 0
loadhw -hw C:/Users/aniru/Desktop/ELD/lab9_64/lab9_64.sdk/design_1_wrapper_hw_platform_0/system.hdf -mem-ranges [list {0x40000000 0xbfffffff}]
configparams force-mem-access 1
targets -set -nocase -filter {name =~"APU*" && jtag_cable_name =~ "Digilent Zed 210248A39C93"} -index 0
ps7_init
ps7_post_config
targets -set -nocase -filter {name =~ "ARM*#0" && jtag_cable_name =~ "Digilent Zed 210248A39C93"} -index 0
dow C:/Users/aniru/Desktop/ELD/lab9_64/lab9_64.sdk/lab9_64point/Debug/lab9_64point.elf
configparams force-mem-access 0
----------------End of Script----------------

02:12:14 INFO  : Memory regions updated for context APU
02:12:14 INFO  : Context for processor 'ps7_cortexa9_0' is selected.
02:12:14 INFO  : 'con' command is executed.
02:12:14 INFO  : ----------------XSDB Script (After Launch)----------------
targets -set -nocase -filter {name =~ "ARM*#0" && jtag_cable_name =~ "Digilent Zed 210248A39C93"} -index 0
con
----------------End of Script----------------

02:12:14 INFO  : Launch script is exported to file 'C:\Users\aniru\Desktop\ELD\lab9_64\lab9_64.sdk\.sdk\launch_scripts\xilinx_c-c++_application_(system_debugger)\system_debugger_using_debug_lab9_64point.elf_on_remote.tcl'
02:13:39 INFO  : Disconnected from the channel tcfchan#2.
02:21:26 INFO  : Registering command handlers for SDK TCF services
02:21:26 INFO  : Launching XSCT server: xsct.bat -interactive C:\Users\aniru\Desktop\ELD\lab9_64\lab9_64.sdk\temp_xsdb_launch_script.tcl
02:21:40 INFO  : XSCT server has started successfully.
02:21:43 ERROR : Unexpected error while writing to XSCT Console View.
java.io.IOException: Output Stream is closed
	at org.eclipse.ui.console.IOConsoleOutputStream.encodedWrite(IOConsoleOutputStream.java:231)
	at org.eclipse.ui.console.IOConsoleOutputStream.write(IOConsoleOutputStream.java:226)
	at com.xilinx.sdk.targetmanager.ui.xsdb.XSDBConsolePresenter.appendToConsole(XSDBConsolePresenter.java:270)
	at com.xilinx.sdk.targetmanager.ui.xsdb.XSDBConsolePresenter.printOut(XSDBConsolePresenter.java:239)
	at com.xilinx.sdk.targetmanager.ui.xsdb.XSDBConsolePresenter.access$4(XSDBConsolePresenter.java:238)
	at com.xilinx.sdk.targetmanager.ui.xsdb.XSDBConsolePresenter$2.run(XSDBConsolePresenter.java:178)
	at org.eclipse.core.internal.jobs.Worker.run(Worker.java:55)
02:21:43 INFO  : Processing command line option -hwspec C:/Users/aniru/Desktop/ELD/lab9_64/lab9_64.sdk/design_1_wrapper.hdf.
02:21:43 INFO  : Successfully done setting XSCT server connection channel  
02:21:44 INFO  : Successfully done setting SDK workspace  
02:21:44 INFO  : Checking for hwspec changes in the project design_1_wrapper_hw_platform_1.
02:31:52 INFO  : Connected through redirection to target on host '192.168.226.142' and port '58518'.
02:31:53 WARN  : SDK version '2019.1' doesn't match hw_server version '2024.1.0'. Some debug features may not work.
02:31:55 INFO  : Jtag cable 'Digilent Zed 210248A39C93' is selected.
02:31:55 INFO  : 'jtag frequency' command is executed.
02:31:55 INFO  : Sourcing of 'C:/Users/aniru/Desktop/ELD/lab9_64/lab9_64.sdk/design_1_wrapper_hw_platform_0/ps7_init.tcl' is done.
02:31:56 INFO  : Context for 'APU' is selected.
02:31:56 INFO  : System reset is completed.
02:31:59 INFO  : 'after 3000' command is executed.
02:32:00 INFO  : 'targets -set -filter {jtag_cable_name =~ "Digilent Zed 210248A39C93" && level==0} -index 1' command is executed.
02:32:03 INFO  : FPGA configured successfully with bitstream "C:/Users/aniru/Desktop/ELD/lab9_64/lab9_64.sdk/design_1_wrapper_hw_platform_0/design_1_wrapper.bit"
02:32:03 INFO  : Context for 'APU' is selected.
02:32:03 INFO  : Hardware design information is loaded from 'C:/Users/aniru/Desktop/ELD/lab9_64/lab9_64.sdk/design_1_wrapper_hw_platform_0/system.hdf'.
02:32:03 INFO  : 'configparams force-mem-access 1' command is executed.
02:32:03 INFO  : Context for 'APU' is selected.
02:32:06 INFO  : 'ps7_init' command is executed.
02:32:06 INFO  : 'ps7_post_config' command is executed.
02:32:06 INFO  : Context for processor 'ps7_cortexa9_0' is selected.
02:32:06 INFO  : The application 'C:/Users/aniru/Desktop/ELD/lab9_64/lab9_64.sdk/lab9_64point/Debug/lab9_64point.elf' is downloaded to processor 'ps7_cortexa9_0'.
02:32:06 INFO  : 'configparams force-mem-access 0' command is executed.
02:32:06 INFO  : ----------------XSDB Script----------------
connect -path [list tcp::1534 tcp:192.168.226.142:58518]
source C:/Users/aniru/Desktop/ELD/lab9_64/lab9_64.sdk/design_1_wrapper_hw_platform_0/ps7_init.tcl
targets -set -nocase -filter {name =~"APU*" && jtag_cable_name =~ "Digilent Zed 210248A39C93"} -index 0
rst -system
after 3000
targets -set -filter {jtag_cable_name =~ "Digilent Zed 210248A39C93" && level==0} -index 1
fpga -file C:/Users/aniru/Desktop/ELD/lab9_64/lab9_64.sdk/design_1_wrapper_hw_platform_0/design_1_wrapper.bit
targets -set -nocase -filter {name =~"APU*" && jtag_cable_name =~ "Digilent Zed 210248A39C93"} -index 0
loadhw -hw C:/Users/aniru/Desktop/ELD/lab9_64/lab9_64.sdk/design_1_wrapper_hw_platform_0/system.hdf -mem-ranges [list {0x40000000 0xbfffffff}]
configparams force-mem-access 1
targets -set -nocase -filter {name =~"APU*" && jtag_cable_name =~ "Digilent Zed 210248A39C93"} -index 0
ps7_init
ps7_post_config
targets -set -nocase -filter {name =~ "ARM*#0" && jtag_cable_name =~ "Digilent Zed 210248A39C93"} -index 0
dow C:/Users/aniru/Desktop/ELD/lab9_64/lab9_64.sdk/lab9_64point/Debug/lab9_64point.elf
configparams force-mem-access 0
----------------End of Script----------------

02:32:07 INFO  : Memory regions updated for context APU
02:32:07 INFO  : Context for processor 'ps7_cortexa9_0' is selected.
02:32:07 INFO  : 'con' command is executed.
02:32:07 INFO  : ----------------XSDB Script (After Launch)----------------
targets -set -nocase -filter {name =~ "ARM*#0" && jtag_cable_name =~ "Digilent Zed 210248A39C93"} -index 0
con
----------------End of Script----------------

02:32:07 INFO  : Launch script is exported to file 'C:\Users\aniru\Desktop\ELD\lab9_64\lab9_64.sdk\.sdk\launch_scripts\xilinx_c-c++_application_(system_debugger)\system_debugger_using_debug_lab9_64point.elf_on_remote.tcl'
02:34:59 INFO  : Disconnected from the channel tcfchan#1.
02:35:00 INFO  : Connected through redirection to target on host '192.168.226.142' and port '58518'.
02:35:00 WARN  : SDK version '2019.1' doesn't match hw_server version '2024.1.0'. Some debug features may not work.
02:35:11 INFO  : ----------------XSDB Script----------------
connect -path [list tcp::1534 tcp:192.168.226.142:58518]
----------------End of Script----------------

02:35:59 INFO  : Connected through redirection to target on host '192.168.226.142' and port '58518'.
02:35:59 WARN  : SDK version '2019.1' doesn't match hw_server version '2024.1.0'. Some debug features may not work.
02:36:02 INFO  : Jtag cable 'Digilent Zed 210248A39C93' is selected.
02:36:02 INFO  : 'jtag frequency' command is executed.
02:36:02 INFO  : Sourcing of 'C:/Users/aniru/Desktop/ELD/lab9_64/lab9_64.sdk/design_1_wrapper_hw_platform_0/ps7_init.tcl' is done.
02:36:02 INFO  : Context for 'APU' is selected.
02:36:03 INFO  : System reset is completed.
02:36:06 INFO  : 'after 3000' command is executed.
02:36:06 INFO  : 'targets -set -filter {jtag_cable_name =~ "Digilent Zed 210248A39C93" && level==0} -index 1' command is executed.
02:36:08 INFO  : FPGA configured successfully with bitstream "C:/Users/aniru/Desktop/ELD/lab9_64/lab9_64.sdk/design_1_wrapper_hw_platform_0/design_1_wrapper.bit"
02:36:08 INFO  : Context for 'APU' is selected.
02:36:08 INFO  : Hardware design information is loaded from 'C:/Users/aniru/Desktop/ELD/lab9_64/lab9_64.sdk/design_1_wrapper_hw_platform_0/system.hdf'.
02:36:08 INFO  : 'configparams force-mem-access 1' command is executed.
02:36:08 INFO  : Context for 'APU' is selected.
02:36:11 INFO  : 'ps7_init' command is executed.
02:36:11 INFO  : 'ps7_post_config' command is executed.
02:36:11 INFO  : Context for processor 'ps7_cortexa9_0' is selected.
02:36:11 INFO  : The application 'C:/Users/aniru/Desktop/ELD/lab9_64/lab9_64.sdk/lab9_64point/Debug/lab9_64point.elf' is downloaded to processor 'ps7_cortexa9_0'.
02:36:11 INFO  : 'configparams force-mem-access 0' command is executed.
02:36:11 INFO  : ----------------XSDB Script----------------
connect -path [list tcp::1534 tcp:192.168.226.142:58518]
source C:/Users/aniru/Desktop/ELD/lab9_64/lab9_64.sdk/design_1_wrapper_hw_platform_0/ps7_init.tcl
targets -set -nocase -filter {name =~"APU*" && jtag_cable_name =~ "Digilent Zed 210248A39C93"} -index 0
rst -system
after 3000
targets -set -filter {jtag_cable_name =~ "Digilent Zed 210248A39C93" && level==0} -index 1
fpga -file C:/Users/aniru/Desktop/ELD/lab9_64/lab9_64.sdk/design_1_wrapper_hw_platform_0/design_1_wrapper.bit
targets -set -nocase -filter {name =~"APU*" && jtag_cable_name =~ "Digilent Zed 210248A39C93"} -index 0
loadhw -hw C:/Users/aniru/Desktop/ELD/lab9_64/lab9_64.sdk/design_1_wrapper_hw_platform_0/system.hdf -mem-ranges [list {0x40000000 0xbfffffff}]
configparams force-mem-access 1
targets -set -nocase -filter {name =~"APU*" && jtag_cable_name =~ "Digilent Zed 210248A39C93"} -index 0
ps7_init
ps7_post_config
targets -set -nocase -filter {name =~ "ARM*#0" && jtag_cable_name =~ "Digilent Zed 210248A39C93"} -index 0
dow C:/Users/aniru/Desktop/ELD/lab9_64/lab9_64.sdk/lab9_64point/Debug/lab9_64point.elf
configparams force-mem-access 0
----------------End of Script----------------

02:36:11 INFO  : Memory regions updated for context APU
02:36:12 INFO  : Context for processor 'ps7_cortexa9_0' is selected.
02:36:12 INFO  : 'con' command is executed.
02:36:12 INFO  : ----------------XSDB Script (After Launch)----------------
targets -set -nocase -filter {name =~ "ARM*#0" && jtag_cable_name =~ "Digilent Zed 210248A39C93"} -index 0
con
----------------End of Script----------------

02:36:12 INFO  : Launch script is exported to file 'C:\Users\aniru\Desktop\ELD\lab9_64\lab9_64.sdk\.sdk\launch_scripts\xilinx_c-c++_application_(system_debugger)\system_debugger_using_debug_lab9_64point.elf_on_remote.tcl'
02:37:20 INFO  : No changes in MSS file content so not generating sources.
02:38:26 INFO  : Disconnected from the channel tcfchan#2.
02:38:27 INFO  : Connected through redirection to target on host '192.168.226.142' and port '58518'.
02:38:27 WARN  : SDK version '2019.1' doesn't match hw_server version '2024.1.0'. Some debug features may not work.
02:38:31 INFO  : Jtag cable 'Digilent Zed 210248A39C93' is selected.
02:38:31 INFO  : 'jtag frequency' command is executed.
02:38:31 INFO  : Sourcing of 'C:/Users/aniru/Desktop/ELD/lab9_64/lab9_64.sdk/design_1_wrapper_hw_platform_0/ps7_init.tcl' is done.
02:38:31 INFO  : Context for 'APU' is selected.
02:38:31 INFO  : System reset is completed.
02:38:34 INFO  : 'after 3000' command is executed.
02:38:34 INFO  : 'targets -set -filter {jtag_cable_name =~ "Digilent Zed 210248A39C93" && level==0} -index 1' command is executed.
02:38:37 INFO  : FPGA configured successfully with bitstream "C:/Users/aniru/Desktop/ELD/lab9_64/lab9_64.sdk/design_1_wrapper_hw_platform_0/design_1_wrapper.bit"
02:38:37 INFO  : Context for 'APU' is selected.
02:38:37 INFO  : Hardware design information is loaded from 'C:/Users/aniru/Desktop/ELD/lab9_64/lab9_64.sdk/design_1_wrapper_hw_platform_0/system.hdf'.
02:38:37 INFO  : 'configparams force-mem-access 1' command is executed.
02:38:37 INFO  : Context for 'APU' is selected.
02:38:40 INFO  : 'ps7_init' command is executed.
02:38:40 INFO  : 'ps7_post_config' command is executed.
02:38:40 INFO  : Context for processor 'ps7_cortexa9_0' is selected.
02:38:41 INFO  : The application 'C:/Users/aniru/Desktop/ELD/lab9_64/lab9_64.sdk/lab9_64point/Debug/lab9_64point.elf' is downloaded to processor 'ps7_cortexa9_0'.
02:38:41 INFO  : 'configparams force-mem-access 0' command is executed.
02:38:41 INFO  : ----------------XSDB Script----------------
connect -path [list tcp::1534 tcp:192.168.226.142:58518]
source C:/Users/aniru/Desktop/ELD/lab9_64/lab9_64.sdk/design_1_wrapper_hw_platform_0/ps7_init.tcl
targets -set -nocase -filter {name =~"APU*" && jtag_cable_name =~ "Digilent Zed 210248A39C93"} -index 0
rst -system
after 3000
targets -set -filter {jtag_cable_name =~ "Digilent Zed 210248A39C93" && level==0} -index 1
fpga -file C:/Users/aniru/Desktop/ELD/lab9_64/lab9_64.sdk/design_1_wrapper_hw_platform_0/design_1_wrapper.bit
targets -set -nocase -filter {name =~"APU*" && jtag_cable_name =~ "Digilent Zed 210248A39C93"} -index 0
loadhw -hw C:/Users/aniru/Desktop/ELD/lab9_64/lab9_64.sdk/design_1_wrapper_hw_platform_0/system.hdf -mem-ranges [list {0x40000000 0xbfffffff}]
configparams force-mem-access 1
targets -set -nocase -filter {name =~"APU*" && jtag_cable_name =~ "Digilent Zed 210248A39C93"} -index 0
ps7_init
ps7_post_config
targets -set -nocase -filter {name =~ "ARM*#0" && jtag_cable_name =~ "Digilent Zed 210248A39C93"} -index 0
dow C:/Users/aniru/Desktop/ELD/lab9_64/lab9_64.sdk/lab9_64point/Debug/lab9_64point.elf
configparams force-mem-access 0
----------------End of Script----------------

02:38:41 INFO  : Memory regions updated for context APU
02:38:41 INFO  : Context for processor 'ps7_cortexa9_0' is selected.
02:38:41 INFO  : 'con' command is executed.
02:38:41 INFO  : ----------------XSDB Script (After Launch)----------------
targets -set -nocase -filter {name =~ "ARM*#0" && jtag_cable_name =~ "Digilent Zed 210248A39C93"} -index 0
con
----------------End of Script----------------

02:38:41 INFO  : Launch script is exported to file 'C:\Users\aniru\Desktop\ELD\lab9_64\lab9_64.sdk\.sdk\launch_scripts\xilinx_c-c++_application_(system_debugger)\system_debugger_using_debug_lab9_64point.elf_on_remote.tcl'
02:40:38 INFO  : Disconnected from the channel tcfchan#3.
02:40:39 INFO  : Connected through redirection to target on host '192.168.226.142' and port '58518'.
02:40:39 WARN  : SDK version '2019.1' doesn't match hw_server version '2024.1.0'. Some debug features may not work.
02:40:42 INFO  : Jtag cable 'Digilent Zed 210248A39C93' is selected.
02:40:42 INFO  : 'jtag frequency' command is executed.
02:40:42 INFO  : Sourcing of 'C:/Users/aniru/Desktop/ELD/lab9_64/lab9_64.sdk/design_1_wrapper_hw_platform_0/ps7_init.tcl' is done.
02:40:42 INFO  : Context for 'APU' is selected.
02:40:42 INFO  : System reset is completed.
02:40:45 INFO  : 'after 3000' command is executed.
02:40:45 INFO  : 'targets -set -filter {jtag_cable_name =~ "Digilent Zed 210248A39C93" && level==0} -index 1' command is executed.
02:40:48 INFO  : FPGA configured successfully with bitstream "C:/Users/aniru/Desktop/ELD/lab9_64/lab9_64.sdk/design_1_wrapper_hw_platform_0/design_1_wrapper.bit"
02:40:48 INFO  : Context for 'APU' is selected.
02:40:48 INFO  : Hardware design information is loaded from 'C:/Users/aniru/Desktop/ELD/lab9_64/lab9_64.sdk/design_1_wrapper_hw_platform_0/system.hdf'.
02:40:48 INFO  : 'configparams force-mem-access 1' command is executed.
02:40:48 INFO  : Context for 'APU' is selected.
02:40:50 INFO  : 'ps7_init' command is executed.
02:40:51 INFO  : 'ps7_post_config' command is executed.
02:40:51 INFO  : Context for processor 'ps7_cortexa9_0' is selected.
02:40:51 INFO  : The application 'C:/Users/aniru/Desktop/ELD/lab9_64/lab9_64.sdk/lab9_64point/Debug/lab9_64point.elf' is downloaded to processor 'ps7_cortexa9_0'.
02:40:51 INFO  : 'configparams force-mem-access 0' command is executed.
02:40:51 INFO  : ----------------XSDB Script----------------
connect -path [list tcp::1534 tcp:192.168.226.142:58518]
source C:/Users/aniru/Desktop/ELD/lab9_64/lab9_64.sdk/design_1_wrapper_hw_platform_0/ps7_init.tcl
targets -set -nocase -filter {name =~"APU*" && jtag_cable_name =~ "Digilent Zed 210248A39C93"} -index 0
rst -system
after 3000
targets -set -filter {jtag_cable_name =~ "Digilent Zed 210248A39C93" && level==0} -index 1
fpga -file C:/Users/aniru/Desktop/ELD/lab9_64/lab9_64.sdk/design_1_wrapper_hw_platform_0/design_1_wrapper.bit
targets -set -nocase -filter {name =~"APU*" && jtag_cable_name =~ "Digilent Zed 210248A39C93"} -index 0
loadhw -hw C:/Users/aniru/Desktop/ELD/lab9_64/lab9_64.sdk/design_1_wrapper_hw_platform_0/system.hdf -mem-ranges [list {0x40000000 0xbfffffff}]
configparams force-mem-access 1
targets -set -nocase -filter {name =~"APU*" && jtag_cable_name =~ "Digilent Zed 210248A39C93"} -index 0
ps7_init
ps7_post_config
targets -set -nocase -filter {name =~ "ARM*#0" && jtag_cable_name =~ "Digilent Zed 210248A39C93"} -index 0
dow C:/Users/aniru/Desktop/ELD/lab9_64/lab9_64.sdk/lab9_64point/Debug/lab9_64point.elf
configparams force-mem-access 0
----------------End of Script----------------

02:40:51 INFO  : Memory regions updated for context APU
02:40:51 INFO  : Context for processor 'ps7_cortexa9_0' is selected.
02:40:51 INFO  : 'con' command is executed.
02:40:51 INFO  : ----------------XSDB Script (After Launch)----------------
targets -set -nocase -filter {name =~ "ARM*#0" && jtag_cable_name =~ "Digilent Zed 210248A39C93"} -index 0
con
----------------End of Script----------------

02:40:51 INFO  : Launch script is exported to file 'C:\Users\aniru\Desktop\ELD\lab9_64\lab9_64.sdk\.sdk\launch_scripts\xilinx_c-c++_application_(system_debugger)\system_debugger_using_debug_lab9_64point.elf_on_remote.tcl'
02:43:39 INFO  : Disconnected from the channel tcfchan#4.
02:44:09 INFO  : Registering command handlers for SDK TCF services
02:44:11 INFO  : Launching XSCT server: xsct.bat -interactive C:\Users\aniru\Desktop\ELD\lab9_64\lab9_64.sdk\temp_xsdb_launch_script.tcl
02:44:15 INFO  : XSCT server has started successfully.
02:44:16 INFO  : Processing command line option -hwspec C:/Users/aniru/Desktop/ELD/lab9_64/lab9_64.sdk/design_1_wrapper.hdf.
02:44:21 INFO  : Successfully done setting XSCT server connection channel  
02:44:22 INFO  : Successfully done setting SDK workspace  
02:44:22 INFO  : Checking for hwspec changes in the project design_1_wrapper_hw_platform_1.
02:44:49 INFO  : Connected through redirection to target on host '192.168.226.142' and port '58518'.
02:44:51 WARN  : SDK version '2019.1' doesn't match hw_server version '2024.1.0'. Some debug features may not work.
02:44:52 INFO  : Jtag cable 'Digilent Zed 210248A39C93' is selected.
02:44:52 INFO  : 'jtag frequency' command is executed.
02:44:52 INFO  : Sourcing of 'C:/Users/aniru/Desktop/ELD/lab9_64/lab9_64.sdk/design_1_wrapper_hw_platform_0/ps7_init.tcl' is done.
02:44:52 INFO  : Context for 'APU' is selected.
02:44:52 INFO  : System reset is completed.
02:44:55 INFO  : 'after 3000' command is executed.
02:44:55 INFO  : 'targets -set -filter {jtag_cable_name =~ "Digilent Zed 210248A39C93" && level==0} -index 1' command is executed.
02:44:58 INFO  : FPGA configured successfully with bitstream "C:/Users/aniru/Desktop/ELD/lab9_64/lab9_64.sdk/design_1_wrapper_hw_platform_0/design_1_wrapper.bit"
02:44:58 INFO  : Context for 'APU' is selected.
02:44:58 INFO  : Hardware design information is loaded from 'C:/Users/aniru/Desktop/ELD/lab9_64/lab9_64.sdk/design_1_wrapper_hw_platform_0/system.hdf'.
02:44:58 INFO  : 'configparams force-mem-access 1' command is executed.
02:44:58 INFO  : Context for 'APU' is selected.
02:45:00 INFO  : 'ps7_init' command is executed.
02:45:00 INFO  : 'ps7_post_config' command is executed.
02:45:00 INFO  : Context for processor 'ps7_cortexa9_0' is selected.
02:45:01 INFO  : The application 'C:/Users/aniru/Desktop/ELD/lab9_64/lab9_64.sdk/lab9_64point/Debug/lab9_64point.elf' is downloaded to processor 'ps7_cortexa9_0'.
02:45:01 INFO  : 'configparams force-mem-access 0' command is executed.
02:45:01 INFO  : ----------------XSDB Script----------------
connect -path [list tcp::1534 tcp:192.168.226.142:58518]
source C:/Users/aniru/Desktop/ELD/lab9_64/lab9_64.sdk/design_1_wrapper_hw_platform_0/ps7_init.tcl
targets -set -nocase -filter {name =~"APU*" && jtag_cable_name =~ "Digilent Zed 210248A39C93"} -index 0
rst -system
after 3000
targets -set -filter {jtag_cable_name =~ "Digilent Zed 210248A39C93" && level==0} -index 1
fpga -file C:/Users/aniru/Desktop/ELD/lab9_64/lab9_64.sdk/design_1_wrapper_hw_platform_0/design_1_wrapper.bit
targets -set -nocase -filter {name =~"APU*" && jtag_cable_name =~ "Digilent Zed 210248A39C93"} -index 0
loadhw -hw C:/Users/aniru/Desktop/ELD/lab9_64/lab9_64.sdk/design_1_wrapper_hw_platform_0/system.hdf -mem-ranges [list {0x40000000 0xbfffffff}]
configparams force-mem-access 1
targets -set -nocase -filter {name =~"APU*" && jtag_cable_name =~ "Digilent Zed 210248A39C93"} -index 0
ps7_init
ps7_post_config
targets -set -nocase -filter {name =~ "ARM*#0" && jtag_cable_name =~ "Digilent Zed 210248A39C93"} -index 0
dow C:/Users/aniru/Desktop/ELD/lab9_64/lab9_64.sdk/lab9_64point/Debug/lab9_64point.elf
configparams force-mem-access 0
----------------End of Script----------------

02:45:01 INFO  : Memory regions updated for context APU
02:45:01 INFO  : Context for processor 'ps7_cortexa9_0' is selected.
02:45:01 INFO  : 'con' command is executed.
02:45:01 INFO  : ----------------XSDB Script (After Launch)----------------
targets -set -nocase -filter {name =~ "ARM*#0" && jtag_cable_name =~ "Digilent Zed 210248A39C93"} -index 0
con
----------------End of Script----------------

02:45:01 INFO  : Launch script is exported to file 'C:\Users\aniru\Desktop\ELD\lab9_64\lab9_64.sdk\.sdk\launch_scripts\xilinx_c-c++_application_(system_debugger)\system_debugger_using_debug_lab9_64point.elf_on_remote.tcl'
02:45:03 WARN  : channel "tcfchan#1" closed
02:45:05 ERROR : (XSDB Server)channel "tcfchan#1" closed

21:57:49 INFO  : Launching XSCT server: xsct.bat -interactive C:\Users\aniru\Desktop\ELD\lab9_64\lab9_64.sdk\temp_xsdb_launch_script.tcl
21:57:49 INFO  : Registering command handlers for SDK TCF services
21:57:54 INFO  : XSCT server has started successfully.
21:58:02 INFO  : Successfully done setting XSCT server connection channel  
21:58:02 INFO  : Processing command line option -hwspec C:/Users/aniru/Desktop/ELD/lab9_64/lab9_64.sdk/design_1_wrapper.hdf.
21:58:02 INFO  : Checking for hwspec changes in the project design_1_wrapper_hw_platform_1.
21:58:11 INFO  : Successfully done setting SDK workspace  
22:25:36 INFO  : Registering command handlers for SDK TCF services
22:25:37 INFO  : Launching XSCT server: xsct.bat -interactive C:\Users\aniru\Desktop\ELD\lab9_64\lab9_64.sdk\temp_xsdb_launch_script.tcl
22:25:42 INFO  : XSCT server has started successfully.
22:25:42 INFO  : Successfully done setting XSCT server connection channel  
22:25:42 INFO  : Successfully done setting SDK workspace  
22:25:42 INFO  : Processing command line option -hwspec C:/Users/aniru/Desktop/ELD/lab9_64/lab9_64.sdk/design_1_wrapper.hdf.
22:25:42 INFO  : Checking for hwspec changes in the project design_1_wrapper_hw_platform_1.
13:51:48 INFO  : Registering command handlers for SDK TCF services
13:51:50 INFO  : Launching XSCT server: xsct.bat -interactive C:\Users\aniru\Desktop\ELD\lab9_64\lab9_64.sdk\temp_xsdb_launch_script.tcl
13:52:02 INFO  : XSCT server has started successfully.
13:52:14 INFO  : Successfully done setting XSCT server connection channel  
13:52:14 INFO  : Processing command line option -hwspec C:/Users/aniru/Desktop/ELD/lab9_64/lab9_64.sdk/design_1_wrapper.hdf.
13:52:14 INFO  : Checking for hwspec changes in the project design_1_wrapper_hw_platform_1.
13:52:31 INFO  : Successfully done setting SDK workspace  
16:12:02 INFO  : Registering command handlers for SDK TCF services
16:12:04 INFO  : Launching XSCT server: xsct.bat -interactive C:\Users\aniru\Desktop\ELD\lab9_64\lab9_64.sdk\temp_xsdb_launch_script.tcl
16:12:08 INFO  : XSCT server has started successfully.
16:12:08 INFO  : Successfully done setting XSCT server connection channel  
16:12:08 INFO  : Processing command line option -hwspec C:/Users/aniru/Desktop/ELD/lab9_64/lab9_64.sdk/design_1_wrapper.hdf.
16:12:08 INFO  : Successfully done setting SDK workspace  
16:12:08 INFO  : Checking for hwspec changes in the project design_1_wrapper_hw_platform_1.
