17:04:36 INFO  : Registering command handlers for SDK TCF services
17:04:37 INFO  : Launching XSCT server: xsct.bat -interactive C:\Users\aniru\Desktop\ELD\lab10_256\lab10_256.sdk\temp_xsdb_launch_script.tcl
17:04:42 INFO  : XSCT server has started successfully.
17:04:42 INFO  : Successfully done setting XSCT server connection channel  
17:04:42 INFO  : Successfully done setting SDK workspace  
17:04:42 INFO  : Processing command line option -hwspec C:/Users/aniru/Desktop/ELD/lab10_256/lab10_256.sdk/design_1_wrapper.hdf.
17:07:42 INFO  : Refreshed build settings on project lab10_256
17:46:03 INFO  : Connected through redirection to target on host '192.168.226.142' and port '52531'.
17:46:05 WARN  : SDK version '2019.1' doesn't match hw_server version '2024.1.0'. Some debug features may not work.
17:46:07 INFO  : Jtag cable 'Digilent Zed 210248A39C93' is selected.
17:46:07 INFO  : 'jtag frequency' command is executed.
17:46:07 INFO  : Sourcing of 'C:/Users/aniru/Desktop/ELD/lab10_256/lab10_256.sdk/design_1_wrapper_hw_platform_0/ps7_init.tcl' is done.
17:46:07 INFO  : Context for 'APU' is selected.
17:46:08 INFO  : System reset is completed.
17:46:11 INFO  : 'after 3000' command is executed.
17:46:11 INFO  : 'targets -set -filter {jtag_cable_name =~ "Digilent Zed 210248A39C93" && level==0} -index 1' command is executed.
17:46:16 INFO  : FPGA configured successfully with bitstream "C:/Users/aniru/Desktop/ELD/lab10_256/lab10_256.sdk/design_1_wrapper_hw_platform_0/design_1_wrapper.bit"
17:46:17 INFO  : Context for 'APU' is selected.
17:46:17 INFO  : Hardware design information is loaded from 'C:/Users/aniru/Desktop/ELD/lab10_256/lab10_256.sdk/design_1_wrapper_hw_platform_0/system.hdf'.
17:46:17 INFO  : 'configparams force-mem-access 1' command is executed.
17:46:17 INFO  : Context for 'APU' is selected.
17:46:42 INFO  : 'ps7_init' command is executed.
17:46:43 INFO  : 'ps7_post_config' command is executed.
17:46:43 INFO  : Context for processor 'ps7_cortexa9_0' is selected.
17:46:44 INFO  : The application 'C:/Users/aniru/Desktop/ELD/lab10_256/lab10_256.sdk/lab10_256/Debug/lab10_256.elf' is downloaded to processor 'ps7_cortexa9_0'.
17:46:44 INFO  : 'configparams force-mem-access 0' command is executed.
17:46:44 INFO  : ----------------XSDB Script----------------
connect -path [list tcp::1534 tcp:192.168.226.142:52531]
source C:/Users/aniru/Desktop/ELD/lab10_256/lab10_256.sdk/design_1_wrapper_hw_platform_0/ps7_init.tcl
targets -set -nocase -filter {name =~"APU*" && jtag_cable_name =~ "Digilent Zed 210248A39C93"} -index 0
rst -system
after 3000
targets -set -filter {jtag_cable_name =~ "Digilent Zed 210248A39C93" && level==0} -index 1
fpga -file C:/Users/aniru/Desktop/ELD/lab10_256/lab10_256.sdk/design_1_wrapper_hw_platform_0/design_1_wrapper.bit
targets -set -nocase -filter {name =~"APU*" && jtag_cable_name =~ "Digilent Zed 210248A39C93"} -index 0
loadhw -hw C:/Users/aniru/Desktop/ELD/lab10_256/lab10_256.sdk/design_1_wrapper_hw_platform_0/system.hdf -mem-ranges [list {0x40000000 0xbfffffff}]
configparams force-mem-access 1
targets -set -nocase -filter {name =~"APU*" && jtag_cable_name =~ "Digilent Zed 210248A39C93"} -index 0
ps7_init
ps7_post_config
targets -set -nocase -filter {name =~ "ARM*#0" && jtag_cable_name =~ "Digilent Zed 210248A39C93"} -index 0
dow C:/Users/aniru/Desktop/ELD/lab10_256/lab10_256.sdk/lab10_256/Debug/lab10_256.elf
configparams force-mem-access 0
----------------End of Script----------------

17:46:45 INFO  : Memory regions updated for context APU
17:46:45 INFO  : Context for processor 'ps7_cortexa9_0' is selected.
17:46:45 INFO  : 'con' command is executed.
17:46:45 INFO  : ----------------XSDB Script (After Launch)----------------
targets -set -nocase -filter {name =~ "ARM*#0" && jtag_cable_name =~ "Digilent Zed 210248A39C93"} -index 0
con
----------------End of Script----------------

17:46:45 INFO  : Launch script is exported to file 'C:\Users\aniru\Desktop\ELD\lab10_256\lab10_256.sdk\.sdk\launch_scripts\xilinx_c-c++_application_(system_debugger)\system_debugger_using_debug_lab10_256.elf_on_remotebd.tcl'
17:47:45 INFO  : Disconnected from the channel tcfchan#1.
17:47:46 INFO  : Connected through redirection to target on host '192.168.226.142' and port '52531'.
17:47:47 WARN  : SDK version '2019.1' doesn't match hw_server version '2024.1.0'. Some debug features may not work.
17:47:57 INFO  : ----------------XSDB Script----------------
connect -path [list tcp::1534 tcp:192.168.226.142:52531]
----------------End of Script----------------

17:48:40 INFO  : Connected through redirection to target on host '192.168.226.142' and port '52531'.
17:48:40 WARN  : SDK version '2019.1' doesn't match hw_server version '2024.1.0'. Some debug features may not work.
17:48:42 INFO  : Jtag cable 'Digilent Zed 210248A39C93' is selected.
17:48:42 INFO  : 'jtag frequency' command is executed.
17:48:42 INFO  : Sourcing of 'C:/Users/aniru/Desktop/ELD/lab10_256/lab10_256.sdk/design_1_wrapper_hw_platform_0/ps7_init.tcl' is done.
17:48:42 INFO  : Context for 'APU' is selected.
17:48:43 INFO  : System reset is completed.
17:48:46 INFO  : 'after 3000' command is executed.
17:48:47 INFO  : 'targets -set -filter {jtag_cable_name =~ "Digilent Zed 210248A39C93" && level==0} -index 1' command is executed.
17:48:51 INFO  : FPGA configured successfully with bitstream "C:/Users/aniru/Desktop/ELD/lab10_256/lab10_256.sdk/design_1_wrapper_hw_platform_0/design_1_wrapper.bit"
17:48:52 INFO  : Context for 'APU' is selected.
17:48:52 INFO  : Hardware design information is loaded from 'C:/Users/aniru/Desktop/ELD/lab10_256/lab10_256.sdk/design_1_wrapper_hw_platform_0/system.hdf'.
17:48:52 INFO  : 'configparams force-mem-access 1' command is executed.
17:48:52 INFO  : Context for 'APU' is selected.
17:49:18 INFO  : 'ps7_init' command is executed.
17:49:18 INFO  : 'ps7_post_config' command is executed.
17:49:18 INFO  : Context for processor 'ps7_cortexa9_0' is selected.
17:49:19 INFO  : The application 'C:/Users/aniru/Desktop/ELD/lab10_256/lab10_256.sdk/lab10_256/Debug/lab10_256.elf' is downloaded to processor 'ps7_cortexa9_0'.
17:49:19 INFO  : 'configparams force-mem-access 0' command is executed.
17:49:19 INFO  : ----------------XSDB Script----------------
connect -path [list tcp::1534 tcp:192.168.226.142:52531]
source C:/Users/aniru/Desktop/ELD/lab10_256/lab10_256.sdk/design_1_wrapper_hw_platform_0/ps7_init.tcl
targets -set -nocase -filter {name =~"APU*" && jtag_cable_name =~ "Digilent Zed 210248A39C93"} -index 0
rst -system
after 3000
targets -set -filter {jtag_cable_name =~ "Digilent Zed 210248A39C93" && level==0} -index 1
fpga -file C:/Users/aniru/Desktop/ELD/lab10_256/lab10_256.sdk/design_1_wrapper_hw_platform_0/design_1_wrapper.bit
targets -set -nocase -filter {name =~"APU*" && jtag_cable_name =~ "Digilent Zed 210248A39C93"} -index 0
loadhw -hw C:/Users/aniru/Desktop/ELD/lab10_256/lab10_256.sdk/design_1_wrapper_hw_platform_0/system.hdf -mem-ranges [list {0x40000000 0xbfffffff}]
configparams force-mem-access 1
targets -set -nocase -filter {name =~"APU*" && jtag_cable_name =~ "Digilent Zed 210248A39C93"} -index 0
ps7_init
ps7_post_config
targets -set -nocase -filter {name =~ "ARM*#0" && jtag_cable_name =~ "Digilent Zed 210248A39C93"} -index 0
dow C:/Users/aniru/Desktop/ELD/lab10_256/lab10_256.sdk/lab10_256/Debug/lab10_256.elf
configparams force-mem-access 0
----------------End of Script----------------

17:49:20 INFO  : Memory regions updated for context APU
17:49:20 INFO  : Context for processor 'ps7_cortexa9_0' is selected.
17:49:20 INFO  : 'con' command is executed.
17:49:20 INFO  : ----------------XSDB Script (After Launch)----------------
targets -set -nocase -filter {name =~ "ARM*#0" && jtag_cable_name =~ "Digilent Zed 210248A39C93"} -index 0
con
----------------End of Script----------------

17:49:20 INFO  : Launch script is exported to file 'C:\Users\aniru\Desktop\ELD\lab10_256\lab10_256.sdk\.sdk\launch_scripts\xilinx_c-c++_application_(system_debugger)\system_debugger_using_debug_lab10_256.elf_on_remotebd.tcl'
18:00:02 WARN  : channel "tcfchan#2" closed
18:06:43 INFO  : Connected through redirection to target on host '192.168.226.142' and port '50214'.
18:06:44 WARN  : SDK version '2019.1' doesn't match hw_server version '2024.1.0'. Some debug features may not work.
18:06:46 INFO  : Jtag cable 'Digilent Zed 210248A39C93' is selected.
18:06:46 INFO  : 'jtag frequency' command is executed.
18:06:46 INFO  : Sourcing of 'C:/Users/aniru/Desktop/ELD/lab10_256/lab10_256.sdk/design_1_wrapper_hw_platform_0/ps7_init.tcl' is done.
18:06:47 INFO  : Context for 'APU' is selected.
18:06:48 INFO  : System reset is completed.
18:06:51 INFO  : 'after 3000' command is executed.
18:06:51 INFO  : 'targets -set -filter {jtag_cable_name =~ "Digilent Zed 210248A39C93" && level==0} -index 1' command is executed.
18:06:57 INFO  : FPGA configured successfully with bitstream "C:/Users/aniru/Desktop/ELD/lab10_256/lab10_256.sdk/design_1_wrapper_hw_platform_0/design_1_wrapper.bit"
18:06:57 INFO  : Context for 'APU' is selected.
18:06:58 INFO  : Hardware design information is loaded from 'C:/Users/aniru/Desktop/ELD/lab10_256/lab10_256.sdk/design_1_wrapper_hw_platform_0/system.hdf'.
18:06:58 INFO  : 'configparams force-mem-access 1' command is executed.
18:06:58 INFO  : Context for 'APU' is selected.
18:07:25 INFO  : 'ps7_init' command is executed.
18:07:26 INFO  : 'ps7_post_config' command is executed.
18:07:26 INFO  : Context for processor 'ps7_cortexa9_0' is selected.
18:07:26 INFO  : The application 'C:/Users/aniru/Desktop/ELD/lab10_256/lab10_256.sdk/lab10_256/Debug/lab10_256.elf' is downloaded to processor 'ps7_cortexa9_0'.
18:07:27 INFO  : 'configparams force-mem-access 0' command is executed.
18:07:27 INFO  : ----------------XSDB Script----------------
connect -path [list tcp::1534 tcp:192.168.226.142:50214]
source C:/Users/aniru/Desktop/ELD/lab10_256/lab10_256.sdk/design_1_wrapper_hw_platform_0/ps7_init.tcl
targets -set -nocase -filter {name =~"APU*" && jtag_cable_name =~ "Digilent Zed 210248A39C93"} -index 0
rst -system
after 3000
targets -set -filter {jtag_cable_name =~ "Digilent Zed 210248A39C93" && level==0} -index 1
fpga -file C:/Users/aniru/Desktop/ELD/lab10_256/lab10_256.sdk/design_1_wrapper_hw_platform_0/design_1_wrapper.bit
targets -set -nocase -filter {name =~"APU*" && jtag_cable_name =~ "Digilent Zed 210248A39C93"} -index 0
loadhw -hw C:/Users/aniru/Desktop/ELD/lab10_256/lab10_256.sdk/design_1_wrapper_hw_platform_0/system.hdf -mem-ranges [list {0x40000000 0xbfffffff}]
configparams force-mem-access 1
targets -set -nocase -filter {name =~"APU*" && jtag_cable_name =~ "Digilent Zed 210248A39C93"} -index 0
ps7_init
ps7_post_config
targets -set -nocase -filter {name =~ "ARM*#0" && jtag_cable_name =~ "Digilent Zed 210248A39C93"} -index 0
dow C:/Users/aniru/Desktop/ELD/lab10_256/lab10_256.sdk/lab10_256/Debug/lab10_256.elf
configparams force-mem-access 0
----------------End of Script----------------

18:07:28 INFO  : Memory regions updated for context APU
18:07:28 INFO  : Context for processor 'ps7_cortexa9_0' is selected.
18:07:28 INFO  : 'con' command is executed.
18:07:28 INFO  : ----------------XSDB Script (After Launch)----------------
targets -set -nocase -filter {name =~ "ARM*#0" && jtag_cable_name =~ "Digilent Zed 210248A39C93"} -index 0
con
----------------End of Script----------------

18:07:28 INFO  : Launch script is exported to file 'C:\Users\aniru\Desktop\ELD\lab10_256\lab10_256.sdk\.sdk\launch_scripts\xilinx_c-c++_application_(system_debugger)\system_debugger_using_debug_lab10_256.elf_on_remotebd.tcl'
18:12:54 INFO  : Disconnected from the channel tcfchan#3.
18:12:56 INFO  : Connected through redirection to target on host '192.168.226.142' and port '50214'.
18:12:56 WARN  : SDK version '2019.1' doesn't match hw_server version '2024.1.0'. Some debug features may not work.
18:13:00 INFO  : Jtag cable 'Digilent Zed 210248A39C93' is selected.
18:13:00 INFO  : 'jtag frequency' command is executed.
18:13:00 INFO  : Sourcing of 'C:/Users/aniru/Desktop/ELD/lab10_256/lab10_256.sdk/design_1_wrapper_hw_platform_0/ps7_init.tcl' is done.
18:13:00 INFO  : Context for 'APU' is selected.
18:13:02 INFO  : System reset is completed.
18:13:05 INFO  : 'after 3000' command is executed.
18:13:05 INFO  : 'targets -set -filter {jtag_cable_name =~ "Digilent Zed 210248A39C93" && level==0} -index 1' command is executed.
18:13:09 INFO  : FPGA configured successfully with bitstream "C:/Users/aniru/Desktop/ELD/lab10_256/lab10_256.sdk/design_1_wrapper_hw_platform_0/design_1_wrapper.bit"
18:13:10 INFO  : Context for 'APU' is selected.
18:13:15 INFO  : Hardware design information is loaded from 'C:/Users/aniru/Desktop/ELD/lab10_256/lab10_256.sdk/design_1_wrapper_hw_platform_0/system.hdf'.
18:13:15 INFO  : 'configparams force-mem-access 1' command is executed.
18:13:15 INFO  : Context for 'APU' is selected.
18:13:43 INFO  : 'ps7_init' command is executed.
18:13:44 INFO  : 'ps7_post_config' command is executed.
18:13:44 INFO  : Context for processor 'ps7_cortexa9_0' is selected.
18:13:44 INFO  : The application 'C:/Users/aniru/Desktop/ELD/lab10_256/lab10_256.sdk/lab10_256/Debug/lab10_256.elf' is downloaded to processor 'ps7_cortexa9_0'.
18:13:44 INFO  : 'configparams force-mem-access 0' command is executed.
18:13:44 INFO  : ----------------XSDB Script----------------
connect -path [list tcp::1534 tcp:192.168.226.142:50214]
source C:/Users/aniru/Desktop/ELD/lab10_256/lab10_256.sdk/design_1_wrapper_hw_platform_0/ps7_init.tcl
targets -set -nocase -filter {name =~"APU*" && jtag_cable_name =~ "Digilent Zed 210248A39C93"} -index 0
rst -system
after 3000
targets -set -filter {jtag_cable_name =~ "Digilent Zed 210248A39C93" && level==0} -index 1
fpga -file C:/Users/aniru/Desktop/ELD/lab10_256/lab10_256.sdk/design_1_wrapper_hw_platform_0/design_1_wrapper.bit
targets -set -nocase -filter {name =~"APU*" && jtag_cable_name =~ "Digilent Zed 210248A39C93"} -index 0
loadhw -hw C:/Users/aniru/Desktop/ELD/lab10_256/lab10_256.sdk/design_1_wrapper_hw_platform_0/system.hdf -mem-ranges [list {0x40000000 0xbfffffff}]
configparams force-mem-access 1
targets -set -nocase -filter {name =~"APU*" && jtag_cable_name =~ "Digilent Zed 210248A39C93"} -index 0
ps7_init
ps7_post_config
targets -set -nocase -filter {name =~ "ARM*#0" && jtag_cable_name =~ "Digilent Zed 210248A39C93"} -index 0
dow C:/Users/aniru/Desktop/ELD/lab10_256/lab10_256.sdk/lab10_256/Debug/lab10_256.elf
configparams force-mem-access 0
----------------End of Script----------------

18:13:45 INFO  : Memory regions updated for context APU
18:13:46 INFO  : Context for processor 'ps7_cortexa9_0' is selected.
18:13:46 INFO  : 'con' command is executed.
18:13:46 INFO  : ----------------XSDB Script (After Launch)----------------
targets -set -nocase -filter {name =~ "ARM*#0" && jtag_cable_name =~ "Digilent Zed 210248A39C93"} -index 0
con
----------------End of Script----------------

18:13:46 INFO  : Launch script is exported to file 'C:\Users\aniru\Desktop\ELD\lab10_256\lab10_256.sdk\.sdk\launch_scripts\xilinx_c-c++_application_(system_debugger)\system_debugger_using_debug_lab10_256.elf_on_remotebd.tcl'
18:15:07 WARN  : channel "tcfchan#4" closed
