12:21:39 INFO  : Registering command handlers for SDK TCF services
12:21:41 INFO  : Launching XSCT server: xsct.bat -interactive C:\Users\aniru\Downloads\ELD_Labs-master\ELD_Labs-master\lab10_64\lab10_64.sdk\temp_xsdb_launch_script.tcl
12:21:46 INFO  : XSCT server has started successfully.
12:21:53 INFO  : Successfully done setting XSCT server connection channel  
12:21:53 INFO  : Processing command line option -hwspec C:/Users/aniru/Downloads/ELD_Labs-master/ELD_Labs-master/lab10_64/lab10_64.sdk/design_1_wrapper.hdf.
12:21:53 INFO  : Successfully done setting SDK workspace  
12:30:20 INFO  : Refreshed build settings on project lab10_64
12:32:41 INFO  : Connected through redirection to target on host '192.168.226.142' and port '52341'.
12:32:42 WARN  : SDK version '2019.1' doesn't match hw_server version '2024.1.0'. Some debug features may not work.
12:32:47 INFO  : Jtag cable 'Digilent Zed 210248A39C93' is selected.
12:32:47 INFO  : 'jtag frequency' command is executed.
12:32:47 INFO  : Sourcing of 'C:/Users/aniru/Downloads/ELD_Labs-master/ELD_Labs-master/lab10_64/lab10_64.sdk/design_1_wrapper_hw_platform_0/ps7_init.tcl' is done.
12:32:47 INFO  : Context for 'APU' is selected.
12:32:48 INFO  : System reset is completed.
12:32:51 INFO  : 'after 3000' command is executed.
12:32:51 INFO  : 'targets -set -filter {jtag_cable_name =~ "Digilent Zed 210248A39C93" && level==0} -index 1' command is executed.
12:32:59 INFO  : FPGA configured successfully with bitstream "C:/Users/aniru/Downloads/ELD_Labs-master/ELD_Labs-master/lab10_64/lab10_64.sdk/design_1_wrapper_hw_platform_0/design_1_wrapper.bit"
12:32:59 INFO  : Context for 'APU' is selected.
12:32:59 INFO  : Hardware design information is loaded from 'C:/Users/aniru/Downloads/ELD_Labs-master/ELD_Labs-master/lab10_64/lab10_64.sdk/design_1_wrapper_hw_platform_0/system.hdf'.
12:33:00 INFO  : 'configparams force-mem-access 1' command is executed.
12:33:00 INFO  : Context for 'APU' is selected.
12:33:28 INFO  : 'ps7_init' command is executed.
12:33:28 INFO  : 'ps7_post_config' command is executed.
12:33:29 INFO  : Context for processor 'ps7_cortexa9_0' is selected.
12:33:29 INFO  : The application 'C:/Users/aniru/Downloads/ELD_Labs-master/ELD_Labs-master/lab10_64/lab10_64.sdk/lab10_64/Debug/lab10_64.elf' is downloaded to processor 'ps7_cortexa9_0'.
12:33:29 INFO  : 'configparams force-mem-access 0' command is executed.
12:33:29 INFO  : ----------------XSDB Script----------------
connect -path [list tcp::1534 tcp:192.168.226.142:52341]
source C:/Users/aniru/Downloads/ELD_Labs-master/ELD_Labs-master/lab10_64/lab10_64.sdk/design_1_wrapper_hw_platform_0/ps7_init.tcl
targets -set -nocase -filter {name =~"APU*" && jtag_cable_name =~ "Digilent Zed 210248A39C93"} -index 0
rst -system
after 3000
targets -set -filter {jtag_cable_name =~ "Digilent Zed 210248A39C93" && level==0} -index 1
fpga -file C:/Users/aniru/Downloads/ELD_Labs-master/ELD_Labs-master/lab10_64/lab10_64.sdk/design_1_wrapper_hw_platform_0/design_1_wrapper.bit
targets -set -nocase -filter {name =~"APU*" && jtag_cable_name =~ "Digilent Zed 210248A39C93"} -index 0
loadhw -hw C:/Users/aniru/Downloads/ELD_Labs-master/ELD_Labs-master/lab10_64/lab10_64.sdk/design_1_wrapper_hw_platform_0/system.hdf -mem-ranges [list {0x40000000 0xbfffffff}]
configparams force-mem-access 1
targets -set -nocase -filter {name =~"APU*" && jtag_cable_name =~ "Digilent Zed 210248A39C93"} -index 0
ps7_init
ps7_post_config
targets -set -nocase -filter {name =~ "ARM*#0" && jtag_cable_name =~ "Digilent Zed 210248A39C93"} -index 0
dow C:/Users/aniru/Downloads/ELD_Labs-master/ELD_Labs-master/lab10_64/lab10_64.sdk/lab10_64/Debug/lab10_64.elf
configparams force-mem-access 0
----------------End of Script----------------

12:33:30 INFO  : Memory regions updated for context APU
12:33:31 INFO  : Context for processor 'ps7_cortexa9_0' is selected.
12:33:31 INFO  : 'con' command is executed.
12:33:31 INFO  : ----------------XSDB Script (After Launch)----------------
targets -set -nocase -filter {name =~ "ARM*#0" && jtag_cable_name =~ "Digilent Zed 210248A39C93"} -index 0
con
----------------End of Script----------------

12:33:31 INFO  : Launch script is exported to file 'C:\Users\aniru\Downloads\ELD_Labs-master\ELD_Labs-master\lab10_64\lab10_64.sdk\.sdk\launch_scripts\xilinx_c-c++_application_(system_debugger)\system_debugger_using_debug_lab10_64.elf_on_remotebd.tcl'
12:34:30 INFO  : Disconnected from the channel tcfchan#1.
15:15:59 INFO  : Registering command handlers for SDK TCF services
15:16:02 INFO  : Launching XSCT server: xsct.bat -interactive C:\Users\aniru\Desktop\ELD\lab10_64\lab10_64.sdk\temp_xsdb_launch_script.tcl
15:16:09 INFO  : XSCT server has started successfully.
15:16:10 INFO  : Successfully done setting XSCT server connection channel  
15:16:10 INFO  : Successfully done setting SDK workspace  
15:16:10 INFO  : Processing command line option -hwspec C:/Users/aniru/Desktop/ELD/lab10_64/lab10_64.sdk/design_1_wrapper.hdf.
