04:35:06 INFO  : Registering command handlers for SDK TCF services
04:35:08 INFO  : Launching XSCT server: xsct.bat -interactive C:\Users\aniru\Desktop\ELD\mock2\mock2.sdk\temp_xsdb_launch_script.tcl
04:35:13 INFO  : XSCT server has started successfully.
04:35:13 INFO  : Successfully done setting XSCT server connection channel  
04:35:13 INFO  : Processing command line option -hwspec C:/Users/aniru/Desktop/ELD/mock2/mock2.sdk/design_1_wrapper.hdf.
04:35:13 INFO  : Successfully done setting SDK workspace  
04:37:15 INFO  : Refreshed build settings on project mock2
04:38:20 INFO  : Connected to target on host '127.0.0.1' and port '3121'.
04:38:21 INFO  : Jtag cable 'Digilent Zybo Z7 210351A7817FA' is selected.
04:38:21 INFO  : 'jtag frequency' command is executed.
04:38:21 INFO  : Sourcing of 'C:/Users/aniru/Desktop/ELD/mock2/mock2.sdk/design_1_wrapper_hw_platform_0/ps7_init.tcl' is done.
04:38:21 INFO  : Context for 'APU' is selected.
04:38:22 INFO  : System reset is completed.
04:38:25 INFO  : 'after 3000' command is executed.
04:38:25 INFO  : 'targets -set -filter {jtag_cable_name =~ "Digilent Zybo Z7 210351A7817FA" && level==0} -index 1' command is executed.
04:38:26 INFO  : FPGA configured successfully with bitstream "C:/Users/aniru/Desktop/ELD/mock2/mock2.sdk/design_1_wrapper_hw_platform_0/design_1_wrapper.bit"
04:38:27 INFO  : Context for 'APU' is selected.
04:38:27 INFO  : Hardware design information is loaded from 'C:/Users/aniru/Desktop/ELD/mock2/mock2.sdk/design_1_wrapper_hw_platform_0/system.hdf'.
04:38:27 INFO  : 'configparams force-mem-access 1' command is executed.
04:38:27 INFO  : Context for 'APU' is selected.
04:38:28 INFO  : 'ps7_init' command is executed.
04:38:28 INFO  : 'ps7_post_config' command is executed.
04:38:28 INFO  : Context for processor 'ps7_cortexa9_0' is selected.
04:38:28 INFO  : The application 'C:/Users/aniru/Desktop/ELD/mock2/mock2.sdk/mock2/Debug/mock2.elf' is downloaded to processor 'ps7_cortexa9_0'.
04:38:28 INFO  : 'configparams force-mem-access 0' command is executed.
04:38:28 INFO  : ----------------XSDB Script----------------
connect -url tcp:127.0.0.1:3121
source C:/Users/aniru/Desktop/ELD/mock2/mock2.sdk/design_1_wrapper_hw_platform_0/ps7_init.tcl
targets -set -nocase -filter {name =~"APU*" && jtag_cable_name =~ "Digilent Zybo Z7 210351A7817FA"} -index 0
rst -system
after 3000
targets -set -filter {jtag_cable_name =~ "Digilent Zybo Z7 210351A7817FA" && level==0} -index 1
fpga -file C:/Users/aniru/Desktop/ELD/mock2/mock2.sdk/design_1_wrapper_hw_platform_0/design_1_wrapper.bit
targets -set -nocase -filter {name =~"APU*" && jtag_cable_name =~ "Digilent Zybo Z7 210351A7817FA"} -index 0
loadhw -hw C:/Users/aniru/Desktop/ELD/mock2/mock2.sdk/design_1_wrapper_hw_platform_0/system.hdf -mem-ranges [list {0x40000000 0xbfffffff}]
configparams force-mem-access 1
targets -set -nocase -filter {name =~"APU*" && jtag_cable_name =~ "Digilent Zybo Z7 210351A7817FA"} -index 0
ps7_init
ps7_post_config
targets -set -nocase -filter {name =~ "ARM*#0" && jtag_cable_name =~ "Digilent Zybo Z7 210351A7817FA"} -index 0
dow C:/Users/aniru/Desktop/ELD/mock2/mock2.sdk/mock2/Debug/mock2.elf
configparams force-mem-access 0
----------------End of Script----------------

04:38:29 INFO  : Memory regions updated for context APU
04:38:29 INFO  : Context for processor 'ps7_cortexa9_0' is selected.
04:38:29 INFO  : 'con' command is executed.
04:38:29 INFO  : ----------------XSDB Script (After Launch)----------------
targets -set -nocase -filter {name =~ "ARM*#0" && jtag_cable_name =~ "Digilent Zybo Z7 210351A7817FA"} -index 0
con
----------------End of Script----------------

04:38:29 INFO  : Launch script is exported to file 'C:\Users\aniru\Desktop\ELD\mock2\mock2.sdk\.sdk\launch_scripts\xilinx_c-c++_application_(system_debugger)\system_debugger_using_debug_mock2.elf_on_local.tcl'
04:57:09 INFO  : Disconnected from the channel tcfchan#1.
05:24:14 INFO  : Registering command handlers for SDK TCF services
05:24:15 INFO  : Launching XSCT server: xsct.bat -interactive C:\Users\aniru\Desktop\ELD\mock2\mock2.sdk\temp_xsdb_launch_script.tcl
05:24:19 INFO  : XSCT server has started successfully.
05:24:20 INFO  : Successfully done setting XSCT server connection channel  
05:24:20 INFO  : Successfully done setting SDK workspace  
05:24:20 INFO  : Processing command line option -hwspec C:/Users/aniru/Desktop/ELD/mock2/mock2.sdk/design_1_wrapper.hdf.
05:24:20 INFO  : Checking for hwspec changes in the project design_1_wrapper_hw_platform_0.
05:24:27 INFO  : SDK has detected change in the last modified timestamps for source hardware specification file Source:1733529153050,  Project:1733526258770
05:24:27 INFO  : The hardware specification for project 'design_1_wrapper_hw_platform_0' is different from C:/Users/aniru/Desktop/ELD/mock2/mock2.sdk/design_1_wrapper.hdf.
05:24:27 INFO  : Copied contents of C:/Users/aniru/Desktop/ELD/mock2/mock2.sdk/design_1_wrapper.hdf into \design_1_wrapper_hw_platform_0\system.hdf.
05:24:35 INFO  : Synchronizing projects in the workspace with the hardware platform specification changes.
05:24:39 INFO  : 
05:24:40 INFO  : Updating hardware inferred compiler options for mock2.
05:24:40 INFO  : Clearing existing target manager status.
05:25:27 INFO  : No changes in MSS file content so not generating sources.
05:32:50 INFO  : Connected to target on host '127.0.0.1' and port '3121'.
05:33:08 INFO  : ----------------XSDB Script----------------
connect -url tcp:127.0.0.1:3121
----------------End of Script----------------

05:33:59 INFO  : Connected to target on host '127.0.0.1' and port '3121'.
05:34:17 INFO  : ----------------XSDB Script----------------
connect -url tcp:127.0.0.1:3121
----------------End of Script----------------

16:32:04 INFO  : Launching XSCT server: xsct.bat -interactive C:\Users\aniru\Desktop\ELD\mock2\mock2.sdk\temp_xsdb_launch_script.tcl
16:32:08 INFO  : XSCT server has started successfully.
16:32:09 INFO  : Successfully done setting XSCT server connection channel  
16:32:09 INFO  : Successfully done setting SDK workspace  
16:32:29 INFO  : Registering command handlers for SDK TCF services
16:32:29 INFO  : Processing command line option -hwspec C:/Users/aniru/Desktop/ELD/mock2/mock2.sdk/design_1_wrapper.hdf.
16:32:32 INFO  : Checking for hwspec changes in the project design_1_wrapper_hw_platform_0.
