10:15:12 INFO  : Registering command handlers for SDK TCF services
10:15:14 INFO  : Launching XSCT server: xsct.bat -interactive C:\Users\aniru\Desktop\ELD\lab12\lab12.sdk\temp_xsdb_launch_script.tcl
10:15:21 INFO  : XSCT server has started successfully.
10:15:30 INFO  : Successfully done setting XSCT server connection channel  
10:15:30 INFO  : Successfully done setting SDK workspace  
10:15:30 INFO  : Processing command line option -hwspec C:/Users/aniru/Desktop/ELD/lab12/lab12.sdk/design_1_wrapper.hdf.
10:21:52 INFO  : Refreshed build settings on project lab12
11:01:08 INFO  : Connected through redirection to target on host '192.168.226.142' and port '62239'.
11:01:10 WARN  : SDK version '2019.1' doesn't match hw_server version '2024.1.0'. Some debug features may not work.
11:01:12 INFO  : Jtag cable 'Digilent Zed 210248A39C93' is selected.
11:01:12 INFO  : 'jtag frequency' command is executed.
11:01:12 INFO  : Sourcing of 'C:/Users/aniru/Desktop/ELD/lab12/lab12.sdk/design_1_wrapper_hw_platform_0/ps7_init.tcl' is done.
11:01:12 INFO  : Context for 'APU' is selected.
11:01:13 INFO  : System reset is completed.
11:01:16 INFO  : 'after 3000' command is executed.
11:01:16 INFO  : 'targets -set -filter {jtag_cable_name =~ "Digilent Zed 210248A39C93" && level==0} -index 1' command is executed.
11:01:23 INFO  : FPGA configured successfully with bitstream "C:/Users/aniru/Desktop/ELD/lab12/lab12.sdk/design_1_wrapper_hw_platform_0/design_1_wrapper.bit"
11:01:23 INFO  : Context for 'APU' is selected.
11:01:24 INFO  : Hardware design information is loaded from 'C:/Users/aniru/Desktop/ELD/lab12/lab12.sdk/design_1_wrapper_hw_platform_0/system.hdf'.
11:01:24 INFO  : 'configparams force-mem-access 1' command is executed.
11:01:24 INFO  : Context for 'APU' is selected.
11:01:47 INFO  : 'ps7_init' command is executed.
11:01:48 INFO  : 'ps7_post_config' command is executed.
11:01:48 INFO  : Context for processor 'ps7_cortexa9_0' is selected.
11:01:48 INFO  : The application 'C:/Users/aniru/Desktop/ELD/lab12/lab12.sdk/lab12/Debug/lab12.elf' is downloaded to processor 'ps7_cortexa9_0'.
11:01:48 INFO  : 'configparams force-mem-access 0' command is executed.
11:01:48 INFO  : ----------------XSDB Script----------------
connect -path [list tcp::1534 tcp:192.168.226.142:62239]
source C:/Users/aniru/Desktop/ELD/lab12/lab12.sdk/design_1_wrapper_hw_platform_0/ps7_init.tcl
targets -set -nocase -filter {name =~"APU*" && jtag_cable_name =~ "Digilent Zed 210248A39C93"} -index 0
rst -system
after 3000
targets -set -filter {jtag_cable_name =~ "Digilent Zed 210248A39C93" && level==0} -index 1
fpga -file C:/Users/aniru/Desktop/ELD/lab12/lab12.sdk/design_1_wrapper_hw_platform_0/design_1_wrapper.bit
targets -set -nocase -filter {name =~"APU*" && jtag_cable_name =~ "Digilent Zed 210248A39C93"} -index 0
loadhw -hw C:/Users/aniru/Desktop/ELD/lab12/lab12.sdk/design_1_wrapper_hw_platform_0/system.hdf -mem-ranges [list {0x40000000 0xbfffffff}]
configparams force-mem-access 1
targets -set -nocase -filter {name =~"APU*" && jtag_cable_name =~ "Digilent Zed 210248A39C93"} -index 0
ps7_init
ps7_post_config
targets -set -nocase -filter {name =~ "ARM*#0" && jtag_cable_name =~ "Digilent Zed 210248A39C93"} -index 0
dow C:/Users/aniru/Desktop/ELD/lab12/lab12.sdk/lab12/Debug/lab12.elf
configparams force-mem-access 0
----------------End of Script----------------

11:01:49 INFO  : Memory regions updated for context APU
11:01:49 INFO  : Context for processor 'ps7_cortexa9_0' is selected.
11:01:50 INFO  : 'con' command is executed.
11:01:50 INFO  : ----------------XSDB Script (After Launch)----------------
targets -set -nocase -filter {name =~ "ARM*#0" && jtag_cable_name =~ "Digilent Zed 210248A39C93"} -index 0
con
----------------End of Script----------------

11:01:50 INFO  : Launch script is exported to file 'C:\Users\aniru\Desktop\ELD\lab12\lab12.sdk\.sdk\launch_scripts\xilinx_c-c++_application_(system_debugger)\system_debugger_using_debug_lab12.elf_on_remotebd.tcl'
11:13:31 WARN  : channel "tcfchan#1" closed
11:47:48 INFO  : Registering command handlers for SDK TCF services
11:47:49 INFO  : Launching XSCT server: xsct.bat -interactive C:\Users\aniru\Desktop\ELD\lab12\lab12.sdk\temp_xsdb_launch_script.tcl
11:47:54 INFO  : XSCT server has started successfully.
11:47:54 INFO  : Successfully done setting XSCT server connection channel  
11:47:54 INFO  : Successfully done setting SDK workspace  
11:47:54 INFO  : Processing command line option -hwspec C:/Users/aniru/Desktop/ELD/lab12/lab12.sdk/design_1_wrapper.hdf.
11:47:54 INFO  : Checking for hwspec changes in the project design_1_wrapper_hw_platform_0.
12:01:15 INFO  : Connected through redirection to target on host '192.168.226.142' and port '63418'.
12:01:18 WARN  : SDK version '2019.1' doesn't match hw_server version '2024.1.0'. Some debug features may not work.
12:01:21 INFO  : Jtag cable 'Digilent Zed 210248A39C93' is selected.
12:01:22 INFO  : 'jtag frequency' command is executed.
12:01:22 INFO  : Sourcing of 'C:/Users/aniru/Desktop/ELD/lab12/lab12.sdk/design_1_wrapper_hw_platform_0/ps7_init.tcl' is done.
12:01:22 INFO  : Context for 'APU' is selected.
12:01:24 INFO  : System reset is completed.
12:01:27 INFO  : 'after 3000' command is executed.
12:01:27 INFO  : 'targets -set -filter {jtag_cable_name =~ "Digilent Zed 210248A39C93" && level==0} -index 1' command is executed.
12:01:31 INFO  : FPGA configured successfully with bitstream "C:/Users/aniru/Desktop/ELD/lab12/lab12.sdk/design_1_wrapper_hw_platform_0/design_1_wrapper.bit"
12:01:31 INFO  : Context for 'APU' is selected.
12:01:32 INFO  : Hardware design information is loaded from 'C:/Users/aniru/Desktop/ELD/lab12/lab12.sdk/design_1_wrapper_hw_platform_0/system.hdf'.
12:01:32 INFO  : 'configparams force-mem-access 1' command is executed.
12:01:32 INFO  : Context for 'APU' is selected.
12:01:53 INFO  : 'ps7_init' command is executed.
12:01:53 INFO  : 'ps7_post_config' command is executed.
12:01:54 INFO  : Context for processor 'ps7_cortexa9_0' is selected.
12:01:54 INFO  : The application 'C:/Users/aniru/Desktop/ELD/lab12/lab12.sdk/lab12/Debug/lab12.elf' is downloaded to processor 'ps7_cortexa9_0'.
12:01:54 INFO  : 'configparams force-mem-access 0' command is executed.
12:01:54 INFO  : ----------------XSDB Script----------------
connect -path [list tcp::1534 tcp:192.168.226.142:63418]
source C:/Users/aniru/Desktop/ELD/lab12/lab12.sdk/design_1_wrapper_hw_platform_0/ps7_init.tcl
targets -set -nocase -filter {name =~"APU*" && jtag_cable_name =~ "Digilent Zed 210248A39C93"} -index 0
rst -system
after 3000
targets -set -filter {jtag_cable_name =~ "Digilent Zed 210248A39C93" && level==0} -index 1
fpga -file C:/Users/aniru/Desktop/ELD/lab12/lab12.sdk/design_1_wrapper_hw_platform_0/design_1_wrapper.bit
targets -set -nocase -filter {name =~"APU*" && jtag_cable_name =~ "Digilent Zed 210248A39C93"} -index 0
loadhw -hw C:/Users/aniru/Desktop/ELD/lab12/lab12.sdk/design_1_wrapper_hw_platform_0/system.hdf -mem-ranges [list {0x40000000 0xbfffffff}]
configparams force-mem-access 1
targets -set -nocase -filter {name =~"APU*" && jtag_cable_name =~ "Digilent Zed 210248A39C93"} -index 0
ps7_init
ps7_post_config
targets -set -nocase -filter {name =~ "ARM*#0" && jtag_cable_name =~ "Digilent Zed 210248A39C93"} -index 0
dow C:/Users/aniru/Desktop/ELD/lab12/lab12.sdk/lab12/Debug/lab12.elf
configparams force-mem-access 0
----------------End of Script----------------

12:01:55 INFO  : Memory regions updated for context APU
12:01:56 INFO  : Context for processor 'ps7_cortexa9_0' is selected.
12:01:56 INFO  : 'con' command is executed.
12:01:56 INFO  : ----------------XSDB Script (After Launch)----------------
targets -set -nocase -filter {name =~ "ARM*#0" && jtag_cable_name =~ "Digilent Zed 210248A39C93"} -index 0
con
----------------End of Script----------------

12:01:56 INFO  : Launch script is exported to file 'C:\Users\aniru\Desktop\ELD\lab12\lab12.sdk\.sdk\launch_scripts\xilinx_c-c++_application_(system_debugger)\system_debugger_using_debug_lab12.elf_on_remotebd.tcl'
12:10:14 INFO  : Disconnected from the channel tcfchan#1.
12:10:15 INFO  : Connected through redirection to target on host '192.168.226.142' and port '63418'.
12:10:16 WARN  : SDK version '2019.1' doesn't match hw_server version '2024.1.0'. Some debug features may not work.
12:10:19 INFO  : Jtag cable 'Digilent Zed 210248A39C93' is selected.
12:10:19 INFO  : 'jtag frequency' command is executed.
12:10:19 INFO  : Sourcing of 'C:/Users/aniru/Desktop/ELD/lab12/lab12.sdk/design_1_wrapper_hw_platform_0/ps7_init.tcl' is done.
12:10:19 INFO  : Context for 'APU' is selected.
12:10:20 INFO  : System reset is completed.
12:10:23 INFO  : 'after 3000' command is executed.
12:10:24 INFO  : 'targets -set -filter {jtag_cable_name =~ "Digilent Zed 210248A39C93" && level==0} -index 1' command is executed.
12:10:28 INFO  : FPGA configured successfully with bitstream "C:/Users/aniru/Desktop/ELD/lab12/lab12.sdk/design_1_wrapper_hw_platform_0/design_1_wrapper.bit"
12:10:28 INFO  : Context for 'APU' is selected.
12:10:33 INFO  : Hardware design information is loaded from 'C:/Users/aniru/Desktop/ELD/lab12/lab12.sdk/design_1_wrapper_hw_platform_0/system.hdf'.
12:10:33 INFO  : 'configparams force-mem-access 1' command is executed.
12:10:33 INFO  : Context for 'APU' is selected.
12:10:55 INFO  : 'ps7_init' command is executed.
12:10:55 INFO  : 'ps7_post_config' command is executed.
12:10:55 INFO  : Context for processor 'ps7_cortexa9_0' is selected.
12:10:56 INFO  : The application 'C:/Users/aniru/Desktop/ELD/lab12/lab12.sdk/lab12/Debug/lab12.elf' is downloaded to processor 'ps7_cortexa9_0'.
12:10:56 INFO  : 'configparams force-mem-access 0' command is executed.
12:10:56 INFO  : ----------------XSDB Script----------------
connect -path [list tcp::1534 tcp:192.168.226.142:63418]
source C:/Users/aniru/Desktop/ELD/lab12/lab12.sdk/design_1_wrapper_hw_platform_0/ps7_init.tcl
targets -set -nocase -filter {name =~"APU*" && jtag_cable_name =~ "Digilent Zed 210248A39C93"} -index 0
rst -system
after 3000
targets -set -filter {jtag_cable_name =~ "Digilent Zed 210248A39C93" && level==0} -index 1
fpga -file C:/Users/aniru/Desktop/ELD/lab12/lab12.sdk/design_1_wrapper_hw_platform_0/design_1_wrapper.bit
targets -set -nocase -filter {name =~"APU*" && jtag_cable_name =~ "Digilent Zed 210248A39C93"} -index 0
loadhw -hw C:/Users/aniru/Desktop/ELD/lab12/lab12.sdk/design_1_wrapper_hw_platform_0/system.hdf -mem-ranges [list {0x40000000 0xbfffffff}]
configparams force-mem-access 1
targets -set -nocase -filter {name =~"APU*" && jtag_cable_name =~ "Digilent Zed 210248A39C93"} -index 0
ps7_init
ps7_post_config
targets -set -nocase -filter {name =~ "ARM*#0" && jtag_cable_name =~ "Digilent Zed 210248A39C93"} -index 0
dow C:/Users/aniru/Desktop/ELD/lab12/lab12.sdk/lab12/Debug/lab12.elf
configparams force-mem-access 0
----------------End of Script----------------

12:10:57 INFO  : Memory regions updated for context APU
12:10:57 INFO  : Context for processor 'ps7_cortexa9_0' is selected.
12:10:57 INFO  : 'con' command is executed.
12:10:57 INFO  : ----------------XSDB Script (After Launch)----------------
targets -set -nocase -filter {name =~ "ARM*#0" && jtag_cable_name =~ "Digilent Zed 210248A39C93"} -index 0
con
----------------End of Script----------------

12:10:57 INFO  : Launch script is exported to file 'C:\Users\aniru\Desktop\ELD\lab12\lab12.sdk\.sdk\launch_scripts\xilinx_c-c++_application_(system_debugger)\system_debugger_using_debug_lab12.elf_on_remotebd.tcl'
12:15:15 WARN  : channel "tcfchan#2" closed
12:16:59 INFO  : Connected through redirection to target on host '192.168.226.142' and port '61126'.
12:17:01 WARN  : SDK version '2019.1' doesn't match hw_server version '2024.1.0'. Some debug features may not work.
12:17:03 INFO  : Jtag cable 'Digilent Zed 210248A39C93' is selected.
12:17:03 INFO  : 'jtag frequency' command is executed.
12:17:03 INFO  : Sourcing of 'C:/Users/aniru/Desktop/ELD/lab12/lab12.sdk/design_1_wrapper_hw_platform_0/ps7_init.tcl' is done.
12:17:03 INFO  : Context for 'APU' is selected.
12:17:04 INFO  : System reset is completed.
12:17:07 INFO  : 'after 3000' command is executed.
12:17:07 INFO  : 'targets -set -filter {jtag_cable_name =~ "Digilent Zed 210248A39C93" && level==0} -index 1' command is executed.
12:17:14 INFO  : FPGA configured successfully with bitstream "C:/Users/aniru/Desktop/ELD/lab12/lab12.sdk/design_1_wrapper_hw_platform_0/design_1_wrapper.bit"
12:17:14 INFO  : Context for 'APU' is selected.
12:17:15 INFO  : Hardware design information is loaded from 'C:/Users/aniru/Desktop/ELD/lab12/lab12.sdk/design_1_wrapper_hw_platform_0/system.hdf'.
12:17:15 INFO  : 'configparams force-mem-access 1' command is executed.
12:17:15 INFO  : Context for 'APU' is selected.
12:17:35 INFO  : 'ps7_init' command is executed.
12:17:35 INFO  : 'ps7_post_config' command is executed.
12:17:35 INFO  : Context for processor 'ps7_cortexa9_0' is selected.
12:17:36 INFO  : The application 'C:/Users/aniru/Desktop/ELD/lab12/lab12.sdk/lab12/Debug/lab12.elf' is downloaded to processor 'ps7_cortexa9_0'.
12:17:36 INFO  : 'configparams force-mem-access 0' command is executed.
12:17:36 INFO  : ----------------XSDB Script----------------
connect -path [list tcp::1534 tcp:192.168.226.142:61126]
source C:/Users/aniru/Desktop/ELD/lab12/lab12.sdk/design_1_wrapper_hw_platform_0/ps7_init.tcl
targets -set -nocase -filter {name =~"APU*" && jtag_cable_name =~ "Digilent Zed 210248A39C93"} -index 0
rst -system
after 3000
targets -set -filter {jtag_cable_name =~ "Digilent Zed 210248A39C93" && level==0} -index 1
fpga -file C:/Users/aniru/Desktop/ELD/lab12/lab12.sdk/design_1_wrapper_hw_platform_0/design_1_wrapper.bit
targets -set -nocase -filter {name =~"APU*" && jtag_cable_name =~ "Digilent Zed 210248A39C93"} -index 0
loadhw -hw C:/Users/aniru/Desktop/ELD/lab12/lab12.sdk/design_1_wrapper_hw_platform_0/system.hdf -mem-ranges [list {0x40000000 0xbfffffff}]
configparams force-mem-access 1
targets -set -nocase -filter {name =~"APU*" && jtag_cable_name =~ "Digilent Zed 210248A39C93"} -index 0
ps7_init
ps7_post_config
targets -set -nocase -filter {name =~ "ARM*#0" && jtag_cable_name =~ "Digilent Zed 210248A39C93"} -index 0
dow C:/Users/aniru/Desktop/ELD/lab12/lab12.sdk/lab12/Debug/lab12.elf
configparams force-mem-access 0
----------------End of Script----------------

12:17:37 INFO  : Memory regions updated for context APU
12:17:37 INFO  : Context for processor 'ps7_cortexa9_0' is selected.
12:17:37 INFO  : 'con' command is executed.
12:17:37 INFO  : ----------------XSDB Script (After Launch)----------------
targets -set -nocase -filter {name =~ "ARM*#0" && jtag_cable_name =~ "Digilent Zed 210248A39C93"} -index 0
con
----------------End of Script----------------

12:17:37 INFO  : Launch script is exported to file 'C:\Users\aniru\Desktop\ELD\lab12\lab12.sdk\.sdk\launch_scripts\xilinx_c-c++_application_(system_debugger)\system_debugger_using_debug_lab12.elf_on_remotebd.tcl'
12:26:34 INFO  : Disconnected from the channel tcfchan#3.
11:42:14 INFO  : Launching XSCT server: xsct.bat -interactive C:\Users\aniru\Desktop\ELD\lab12\lab12.sdk\temp_xsdb_launch_script.tcl
11:42:14 INFO  : Registering command handlers for SDK TCF services
11:42:22 INFO  : XSCT server has started successfully.
11:42:22 ERROR : Unexpected error while writing to XSCT Console View.
java.io.IOException: Output Stream is closed
	at org.eclipse.ui.console.IOConsoleOutputStream.encodedWrite(IOConsoleOutputStream.java:231)
	at org.eclipse.ui.console.IOConsoleOutputStream.write(IOConsoleOutputStream.java:226)
	at com.xilinx.sdk.targetmanager.ui.xsdb.XSDBConsolePresenter.appendToConsole(XSDBConsolePresenter.java:270)
	at com.xilinx.sdk.targetmanager.ui.xsdb.XSDBConsolePresenter.printOut(XSDBConsolePresenter.java:239)
	at com.xilinx.sdk.targetmanager.ui.xsdb.XSDBConsolePresenter.access$4(XSDBConsolePresenter.java:238)
	at com.xilinx.sdk.targetmanager.ui.xsdb.XSDBConsolePresenter$2.run(XSDBConsolePresenter.java:178)
	at org.eclipse.core.internal.jobs.Worker.run(Worker.java:55)
11:42:34 INFO  : Successfully done setting XSCT server connection channel  
11:42:34 INFO  : Processing command line option -hwspec C:/Users/aniru/Desktop/ELD/lab12/lab12.sdk/design_1_wrapper.hdf.
11:42:34 INFO  : Successfully done setting SDK workspace  
11:42:34 INFO  : Checking for hwspec changes in the project design_1_wrapper_hw_platform_0.
