20:28:38 INFO  : Registering command handlers for SDK TCF services
20:28:39 INFO  : Launching XSCT server: xsct.bat -interactive C:\Users\aniru\Desktop\ELD\lab11_16\lab11_16.sdk\temp_xsdb_launch_script.tcl
20:28:43 INFO  : XSCT server has started successfully.
20:28:43 INFO  : Successfully done setting XSCT server connection channel  
20:28:43 INFO  : Successfully done setting SDK workspace  
20:28:43 INFO  : Processing command line option -hwspec C:/Users/aniru/Desktop/ELD/lab11_16/lab11_16.sdk/design_1_wrapper.hdf.
20:55:24 INFO  : Refreshed build settings on project lab11_16
21:01:54 INFO  : Connected through redirection to target on host '192.168.226.142' and port '65430'.
21:01:56 WARN  : SDK version '2019.1' doesn't match hw_server version '2024.1.0'. Some debug features may not work.
21:01:58 INFO  : Jtag cable 'Digilent Zed 210248A39791' is selected.
21:01:58 INFO  : 'jtag frequency' command is executed.
21:01:58 INFO  : Sourcing of 'C:/Users/aniru/Desktop/ELD/lab11_16/lab11_16.sdk/design_1_wrapper_hw_platform_0/ps7_init.tcl' is done.
21:01:58 INFO  : Context for 'APU' is selected.
21:01:59 INFO  : System reset is completed.
21:02:02 INFO  : 'after 3000' command is executed.
21:02:03 INFO  : 'targets -set -filter {jtag_cable_name =~ "Digilent Zed 210248A39791" && level==0} -index 1' command is executed.
21:02:08 INFO  : FPGA configured successfully with bitstream "C:/Users/aniru/Desktop/ELD/lab11_16/lab11_16.sdk/design_1_wrapper_hw_platform_0/design_1_wrapper.bit"
21:02:09 INFO  : Context for 'APU' is selected.
21:02:09 INFO  : Hardware design information is loaded from 'C:/Users/aniru/Desktop/ELD/lab11_16/lab11_16.sdk/design_1_wrapper_hw_platform_0/system.hdf'.
21:02:09 INFO  : 'configparams force-mem-access 1' command is executed.
21:02:09 INFO  : Context for 'APU' is selected.
21:02:35 INFO  : 'ps7_init' command is executed.
21:02:35 INFO  : 'ps7_post_config' command is executed.
21:02:36 INFO  : Context for processor 'ps7_cortexa9_0' is selected.
21:02:37 INFO  : The application 'C:/Users/aniru/Desktop/ELD/lab11_16/lab11_16.sdk/lab11_16/Debug/lab11_16.elf' is downloaded to processor 'ps7_cortexa9_0'.
21:02:37 INFO  : 'configparams force-mem-access 0' command is executed.
21:02:37 INFO  : ----------------XSDB Script----------------
connect -path [list tcp::1534 tcp:192.168.226.142:65430]
source C:/Users/aniru/Desktop/ELD/lab11_16/lab11_16.sdk/design_1_wrapper_hw_platform_0/ps7_init.tcl
targets -set -nocase -filter {name =~"APU*" && jtag_cable_name =~ "Digilent Zed 210248A39791"} -index 0
rst -system
after 3000
targets -set -filter {jtag_cable_name =~ "Digilent Zed 210248A39791" && level==0} -index 1
fpga -file C:/Users/aniru/Desktop/ELD/lab11_16/lab11_16.sdk/design_1_wrapper_hw_platform_0/design_1_wrapper.bit
targets -set -nocase -filter {name =~"APU*" && jtag_cable_name =~ "Digilent Zed 210248A39791"} -index 0
loadhw -hw C:/Users/aniru/Desktop/ELD/lab11_16/lab11_16.sdk/design_1_wrapper_hw_platform_0/system.hdf -mem-ranges [list {0x40000000 0xbfffffff}]
configparams force-mem-access 1
targets -set -nocase -filter {name =~"APU*" && jtag_cable_name =~ "Digilent Zed 210248A39791"} -index 0
ps7_init
ps7_post_config
targets -set -nocase -filter {name =~ "ARM*#0" && jtag_cable_name =~ "Digilent Zed 210248A39791"} -index 0
dow C:/Users/aniru/Desktop/ELD/lab11_16/lab11_16.sdk/lab11_16/Debug/lab11_16.elf
configparams force-mem-access 0
----------------End of Script----------------

21:02:38 INFO  : Memory regions updated for context APU
21:02:38 INFO  : Context for processor 'ps7_cortexa9_0' is selected.
21:02:38 INFO  : 'con' command is executed.
21:02:38 INFO  : ----------------XSDB Script (After Launch)----------------
targets -set -nocase -filter {name =~ "ARM*#0" && jtag_cable_name =~ "Digilent Zed 210248A39791"} -index 0
con
----------------End of Script----------------

21:02:38 INFO  : Launch script is exported to file 'C:\Users\aniru\Desktop\ELD\lab11_16\lab11_16.sdk\.sdk\launch_scripts\xilinx_c-c++_application_(system_debugger)\system_debugger_using_debug_lab11_16.elf_on_remotebd.tcl'
21:08:29 INFO  : Disconnected from the channel tcfchan#1.
21:08:30 INFO  : Connected through redirection to target on host '192.168.226.142' and port '65430'.
21:08:30 WARN  : SDK version '2019.1' doesn't match hw_server version '2024.1.0'. Some debug features may not work.
21:08:36 INFO  : Jtag cable 'Digilent Zed 210248A39791' is selected.
21:08:36 INFO  : 'jtag frequency' command is executed.
21:08:36 INFO  : Sourcing of 'C:/Users/aniru/Desktop/ELD/lab11_16/lab11_16.sdk/design_1_wrapper_hw_platform_0/ps7_init.tcl' is done.
21:08:37 INFO  : Context for 'APU' is selected.
21:08:38 INFO  : System reset is completed.
21:08:41 INFO  : 'after 3000' command is executed.
21:08:42 INFO  : 'targets -set -filter {jtag_cable_name =~ "Digilent Zed 210248A39791" && level==0} -index 1' command is executed.
21:08:46 INFO  : FPGA configured successfully with bitstream "C:/Users/aniru/Desktop/ELD/lab11_16/lab11_16.sdk/design_1_wrapper_hw_platform_0/design_1_wrapper.bit"
21:08:47 INFO  : Context for 'APU' is selected.
21:08:52 INFO  : Hardware design information is loaded from 'C:/Users/aniru/Desktop/ELD/lab11_16/lab11_16.sdk/design_1_wrapper_hw_platform_0/system.hdf'.
21:08:52 INFO  : 'configparams force-mem-access 1' command is executed.
21:08:53 INFO  : Context for 'APU' is selected.
21:09:11 INFO  : 'ps7_init' command is executed.
21:09:12 INFO  : 'ps7_post_config' command is executed.
21:09:12 INFO  : Context for processor 'ps7_cortexa9_0' is selected.
21:09:13 INFO  : The application 'C:/Users/aniru/Desktop/ELD/lab11_16/lab11_16.sdk/lab11_16/Debug/lab11_16.elf' is downloaded to processor 'ps7_cortexa9_0'.
21:09:13 INFO  : 'configparams force-mem-access 0' command is executed.
21:09:13 INFO  : ----------------XSDB Script----------------
connect -path [list tcp::1534 tcp:192.168.226.142:65430]
source C:/Users/aniru/Desktop/ELD/lab11_16/lab11_16.sdk/design_1_wrapper_hw_platform_0/ps7_init.tcl
targets -set -nocase -filter {name =~"APU*" && jtag_cable_name =~ "Digilent Zed 210248A39791"} -index 0
rst -system
after 3000
targets -set -filter {jtag_cable_name =~ "Digilent Zed 210248A39791" && level==0} -index 1
fpga -file C:/Users/aniru/Desktop/ELD/lab11_16/lab11_16.sdk/design_1_wrapper_hw_platform_0/design_1_wrapper.bit
targets -set -nocase -filter {name =~"APU*" && jtag_cable_name =~ "Digilent Zed 210248A39791"} -index 0
loadhw -hw C:/Users/aniru/Desktop/ELD/lab11_16/lab11_16.sdk/design_1_wrapper_hw_platform_0/system.hdf -mem-ranges [list {0x40000000 0xbfffffff}]
configparams force-mem-access 1
targets -set -nocase -filter {name =~"APU*" && jtag_cable_name =~ "Digilent Zed 210248A39791"} -index 0
ps7_init
ps7_post_config
targets -set -nocase -filter {name =~ "ARM*#0" && jtag_cable_name =~ "Digilent Zed 210248A39791"} -index 0
dow C:/Users/aniru/Desktop/ELD/lab11_16/lab11_16.sdk/lab11_16/Debug/lab11_16.elf
configparams force-mem-access 0
----------------End of Script----------------

21:09:14 INFO  : Memory regions updated for context APU
21:09:14 INFO  : Context for processor 'ps7_cortexa9_0' is selected.
21:09:14 INFO  : 'con' command is executed.
21:09:14 INFO  : ----------------XSDB Script (After Launch)----------------
targets -set -nocase -filter {name =~ "ARM*#0" && jtag_cable_name =~ "Digilent Zed 210248A39791"} -index 0
con
----------------End of Script----------------

21:09:14 INFO  : Launch script is exported to file 'C:\Users\aniru\Desktop\ELD\lab11_16\lab11_16.sdk\.sdk\launch_scripts\xilinx_c-c++_application_(system_debugger)\system_debugger_using_debug_lab11_16.elf_on_remotebd.tcl'
21:15:10 WARN  : channel "tcfchan#2" closed
22:32:59 INFO  : Connected through redirection to target on host '192.168.226.142' and port '50123'.
22:33:02 WARN  : SDK version '2019.1' doesn't match hw_server version '2024.1.0'. Some debug features may not work.
22:33:08 INFO  : Jtag cable 'Digilent Zed 210248685247' is selected.
22:33:08 INFO  : 'jtag frequency' command is executed.
22:33:08 INFO  : Sourcing of 'C:/Users/aniru/Desktop/ELD/lab11_16/lab11_16.sdk/design_1_wrapper_hw_platform_0/ps7_init.tcl' is done.
22:33:09 INFO  : Context for 'APU' is selected.
22:33:12 INFO  : System reset is completed.
22:33:15 INFO  : 'after 3000' command is executed.
22:33:15 INFO  : 'targets -set -filter {jtag_cable_name =~ "Digilent Zed 210248685247" && level==0} -index 1' command is executed.
22:33:27 INFO  : FPGA configured successfully with bitstream "C:/Users/aniru/Desktop/ELD/lab11_16/lab11_16.sdk/design_1_wrapper_hw_platform_0/design_1_wrapper.bit"
22:33:29 INFO  : Context for 'APU' is selected.
22:33:30 INFO  : Hardware design information is loaded from 'C:/Users/aniru/Desktop/ELD/lab11_16/lab11_16.sdk/design_1_wrapper_hw_platform_0/system.hdf'.
22:33:30 INFO  : 'configparams force-mem-access 1' command is executed.
22:33:33 INFO  : Context for 'APU' is selected.
22:33:56 INFO  : 'ps7_init' command is executed.
22:33:57 INFO  : 'ps7_post_config' command is executed.
22:33:57 INFO  : Context for processor 'ps7_cortexa9_0' is selected.
22:33:58 INFO  : The application 'C:/Users/aniru/Desktop/ELD/lab11_16/lab11_16.sdk/lab11_16/Debug/lab11_16.elf' is downloaded to processor 'ps7_cortexa9_0'.
22:33:58 INFO  : 'configparams force-mem-access 0' command is executed.
22:33:58 INFO  : ----------------XSDB Script----------------
connect -path [list tcp::1534 tcp:192.168.226.142:50123]
source C:/Users/aniru/Desktop/ELD/lab11_16/lab11_16.sdk/design_1_wrapper_hw_platform_0/ps7_init.tcl
targets -set -nocase -filter {name =~"APU*" && jtag_cable_name =~ "Digilent Zed 210248685247"} -index 0
rst -system
after 3000
targets -set -filter {jtag_cable_name =~ "Digilent Zed 210248685247" && level==0} -index 1
fpga -file C:/Users/aniru/Desktop/ELD/lab11_16/lab11_16.sdk/design_1_wrapper_hw_platform_0/design_1_wrapper.bit
targets -set -nocase -filter {name =~"APU*" && jtag_cable_name =~ "Digilent Zed 210248685247"} -index 0
loadhw -hw C:/Users/aniru/Desktop/ELD/lab11_16/lab11_16.sdk/design_1_wrapper_hw_platform_0/system.hdf -mem-ranges [list {0x40000000 0xbfffffff}]
configparams force-mem-access 1
targets -set -nocase -filter {name =~"APU*" && jtag_cable_name =~ "Digilent Zed 210248685247"} -index 0
ps7_init
ps7_post_config
targets -set -nocase -filter {name =~ "ARM*#0" && jtag_cable_name =~ "Digilent Zed 210248685247"} -index 0
dow C:/Users/aniru/Desktop/ELD/lab11_16/lab11_16.sdk/lab11_16/Debug/lab11_16.elf
configparams force-mem-access 0
----------------End of Script----------------

22:33:59 INFO  : Memory regions updated for context APU
22:33:59 INFO  : Context for processor 'ps7_cortexa9_0' is selected.
22:34:00 INFO  : 'con' command is executed.
22:34:00 INFO  : ----------------XSDB Script (After Launch)----------------
targets -set -nocase -filter {name =~ "ARM*#0" && jtag_cable_name =~ "Digilent Zed 210248685247"} -index 0
con
----------------End of Script----------------

22:34:00 INFO  : Launch script is exported to file 'C:\Users\aniru\Desktop\ELD\lab11_16\lab11_16.sdk\.sdk\launch_scripts\xilinx_c-c++_application_(system_debugger)\system_debugger_using_debug_lab11_16.elf_on_remotebd.tcl'
22:42:01 INFO  : Disconnected from the channel tcfchan#3.
22:42:02 INFO  : Connected through redirection to target on host '192.168.226.142' and port '50123'.
22:42:03 WARN  : SDK version '2019.1' doesn't match hw_server version '2024.1.0'. Some debug features may not work.
22:42:05 INFO  : Jtag cable 'Digilent Zed 210248685247' is selected.
22:42:05 INFO  : 'jtag frequency' command is executed.
22:42:05 INFO  : Sourcing of 'C:/Users/aniru/Desktop/ELD/lab11_16/lab11_16.sdk/design_1_wrapper_hw_platform_0/ps7_init.tcl' is done.
22:42:06 INFO  : Context for 'APU' is selected.
22:42:07 INFO  : System reset is completed.
22:42:10 INFO  : 'after 3000' command is executed.
22:42:11 INFO  : 'targets -set -filter {jtag_cable_name =~ "Digilent Zed 210248685247" && level==0} -index 1' command is executed.
22:42:17 INFO  : FPGA configured successfully with bitstream "C:/Users/aniru/Desktop/ELD/lab11_16/lab11_16.sdk/design_1_wrapper_hw_platform_0/design_1_wrapper.bit"
22:42:17 INFO  : Context for 'APU' is selected.
22:42:25 INFO  : Hardware design information is loaded from 'C:/Users/aniru/Desktop/ELD/lab11_16/lab11_16.sdk/design_1_wrapper_hw_platform_0/system.hdf'.
22:42:25 INFO  : 'configparams force-mem-access 1' command is executed.
22:42:25 INFO  : Context for 'APU' is selected.
22:42:45 INFO  : 'ps7_init' command is executed.
22:42:46 INFO  : 'ps7_post_config' command is executed.
22:42:46 INFO  : Context for processor 'ps7_cortexa9_0' is selected.
22:42:47 INFO  : The application 'C:/Users/aniru/Desktop/ELD/lab11_16/lab11_16.sdk/lab11_16/Debug/lab11_16.elf' is downloaded to processor 'ps7_cortexa9_0'.
22:42:47 INFO  : 'configparams force-mem-access 0' command is executed.
22:42:47 INFO  : ----------------XSDB Script----------------
connect -path [list tcp::1534 tcp:192.168.226.142:50123]
source C:/Users/aniru/Desktop/ELD/lab11_16/lab11_16.sdk/design_1_wrapper_hw_platform_0/ps7_init.tcl
targets -set -nocase -filter {name =~"APU*" && jtag_cable_name =~ "Digilent Zed 210248685247"} -index 0
rst -system
after 3000
targets -set -filter {jtag_cable_name =~ "Digilent Zed 210248685247" && level==0} -index 1
fpga -file C:/Users/aniru/Desktop/ELD/lab11_16/lab11_16.sdk/design_1_wrapper_hw_platform_0/design_1_wrapper.bit
targets -set -nocase -filter {name =~"APU*" && jtag_cable_name =~ "Digilent Zed 210248685247"} -index 0
loadhw -hw C:/Users/aniru/Desktop/ELD/lab11_16/lab11_16.sdk/design_1_wrapper_hw_platform_0/system.hdf -mem-ranges [list {0x40000000 0xbfffffff}]
configparams force-mem-access 1
targets -set -nocase -filter {name =~"APU*" && jtag_cable_name =~ "Digilent Zed 210248685247"} -index 0
ps7_init
ps7_post_config
targets -set -nocase -filter {name =~ "ARM*#0" && jtag_cable_name =~ "Digilent Zed 210248685247"} -index 0
dow C:/Users/aniru/Desktop/ELD/lab11_16/lab11_16.sdk/lab11_16/Debug/lab11_16.elf
configparams force-mem-access 0
----------------End of Script----------------

22:42:48 INFO  : Memory regions updated for context APU
22:42:48 INFO  : Context for processor 'ps7_cortexa9_0' is selected.
22:42:48 INFO  : 'con' command is executed.
22:42:48 INFO  : ----------------XSDB Script (After Launch)----------------
targets -set -nocase -filter {name =~ "ARM*#0" && jtag_cable_name =~ "Digilent Zed 210248685247"} -index 0
con
----------------End of Script----------------

22:42:48 INFO  : Launch script is exported to file 'C:\Users\aniru\Desktop\ELD\lab11_16\lab11_16.sdk\.sdk\launch_scripts\xilinx_c-c++_application_(system_debugger)\system_debugger_using_debug_lab11_16.elf_on_remotebd.tcl'
22:45:16 WARN  : channel "tcfchan#4" closed
23:16:11 INFO  : Connected through redirection to target on host '192.168.226.142' and port '51830'.
23:16:13 WARN  : SDK version '2019.1' doesn't match hw_server version '2024.1.0'. Some debug features may not work.
23:16:15 INFO  : Jtag cable 'Digilent Zed 210248722230' is selected.
23:16:15 INFO  : 'jtag frequency' command is executed.
23:16:15 INFO  : Sourcing of 'C:/Users/aniru/Desktop/ELD/lab11_16/lab11_16.sdk/design_1_wrapper_hw_platform_0/ps7_init.tcl' is done.
23:16:16 INFO  : Context for 'APU' is selected.
23:16:17 INFO  : System reset is completed.
23:16:20 INFO  : 'after 3000' command is executed.
23:16:20 INFO  : 'targets -set -filter {jtag_cable_name =~ "Digilent Zed 210248722230" && level==0} -index 1' command is executed.
23:16:26 INFO  : FPGA configured successfully with bitstream "C:/Users/aniru/Desktop/ELD/lab11_16/lab11_16.sdk/design_1_wrapper_hw_platform_0/design_1_wrapper.bit"
23:16:27 INFO  : Context for 'APU' is selected.
23:16:27 INFO  : Hardware design information is loaded from 'C:/Users/aniru/Desktop/ELD/lab11_16/lab11_16.sdk/design_1_wrapper_hw_platform_0/system.hdf'.
23:16:27 INFO  : 'configparams force-mem-access 1' command is executed.
23:16:28 INFO  : Context for 'APU' is selected.
23:16:47 INFO  : 'ps7_init' command is executed.
23:16:48 INFO  : 'ps7_post_config' command is executed.
23:16:48 INFO  : Context for processor 'ps7_cortexa9_0' is selected.
23:16:49 INFO  : The application 'C:/Users/aniru/Desktop/ELD/lab11_16/lab11_16.sdk/lab11_16/Debug/lab11_16.elf' is downloaded to processor 'ps7_cortexa9_0'.
23:16:49 INFO  : 'configparams force-mem-access 0' command is executed.
23:16:49 INFO  : ----------------XSDB Script----------------
connect -path [list tcp::1534 tcp:192.168.226.142:51830]
source C:/Users/aniru/Desktop/ELD/lab11_16/lab11_16.sdk/design_1_wrapper_hw_platform_0/ps7_init.tcl
targets -set -nocase -filter {name =~"APU*" && jtag_cable_name =~ "Digilent Zed 210248722230"} -index 0
rst -system
after 3000
targets -set -filter {jtag_cable_name =~ "Digilent Zed 210248722230" && level==0} -index 1
fpga -file C:/Users/aniru/Desktop/ELD/lab11_16/lab11_16.sdk/design_1_wrapper_hw_platform_0/design_1_wrapper.bit
targets -set -nocase -filter {name =~"APU*" && jtag_cable_name =~ "Digilent Zed 210248722230"} -index 0
loadhw -hw C:/Users/aniru/Desktop/ELD/lab11_16/lab11_16.sdk/design_1_wrapper_hw_platform_0/system.hdf -mem-ranges [list {0x40000000 0xbfffffff}]
configparams force-mem-access 1
targets -set -nocase -filter {name =~"APU*" && jtag_cable_name =~ "Digilent Zed 210248722230"} -index 0
ps7_init
ps7_post_config
targets -set -nocase -filter {name =~ "ARM*#0" && jtag_cable_name =~ "Digilent Zed 210248722230"} -index 0
dow C:/Users/aniru/Desktop/ELD/lab11_16/lab11_16.sdk/lab11_16/Debug/lab11_16.elf
configparams force-mem-access 0
----------------End of Script----------------

23:16:50 INFO  : Memory regions updated for context APU
23:16:50 INFO  : Context for processor 'ps7_cortexa9_0' is selected.
23:16:50 INFO  : 'con' command is executed.
23:16:50 INFO  : ----------------XSDB Script (After Launch)----------------
targets -set -nocase -filter {name =~ "ARM*#0" && jtag_cable_name =~ "Digilent Zed 210248722230"} -index 0
con
----------------End of Script----------------

23:16:50 INFO  : Launch script is exported to file 'C:\Users\aniru\Desktop\ELD\lab11_16\lab11_16.sdk\.sdk\launch_scripts\xilinx_c-c++_application_(system_debugger)\system_debugger_using_debug_lab11_16.elf_on_remotebd.tcl'
23:30:11 WARN  : channel "tcfchan#5" closed
23:51:23 INFO  : Connected through redirection to target on host '192.168.226.142' and port '60960'.
23:51:25 WARN  : SDK version '2019.1' doesn't match hw_server version '2024.1.0'. Some debug features may not work.
23:51:28 INFO  : Jtag cable 'Digilent Zed 210248A39844' is selected.
23:51:28 INFO  : 'jtag frequency' command is executed.
23:51:28 INFO  : Sourcing of 'C:/Users/aniru/Desktop/ELD/lab11_16/lab11_16.sdk/design_1_wrapper_hw_platform_0/ps7_init.tcl' is done.
23:51:28 INFO  : Context for 'APU' is selected.
23:51:29 INFO  : System reset is completed.
23:51:32 INFO  : 'after 3000' command is executed.
23:51:32 INFO  : 'targets -set -filter {jtag_cable_name =~ "Digilent Zed 210248A39844" && level==0} -index 1' command is executed.
23:51:37 INFO  : FPGA configured successfully with bitstream "C:/Users/aniru/Desktop/ELD/lab11_16/lab11_16.sdk/design_1_wrapper_hw_platform_0/design_1_wrapper.bit"
23:51:37 INFO  : Context for 'APU' is selected.
23:51:37 INFO  : Hardware design information is loaded from 'C:/Users/aniru/Desktop/ELD/lab11_16/lab11_16.sdk/design_1_wrapper_hw_platform_0/system.hdf'.
23:51:38 INFO  : 'configparams force-mem-access 1' command is executed.
23:51:38 INFO  : Context for 'APU' is selected.
23:51:54 INFO  : 'ps7_init' command is executed.
23:51:55 INFO  : 'ps7_post_config' command is executed.
23:51:55 INFO  : Context for processor 'ps7_cortexa9_0' is selected.
23:51:56 INFO  : The application 'C:/Users/aniru/Desktop/ELD/lab11_16/lab11_16.sdk/lab11_16/Debug/lab11_16.elf' is downloaded to processor 'ps7_cortexa9_0'.
23:51:56 INFO  : 'configparams force-mem-access 0' command is executed.
23:51:56 INFO  : ----------------XSDB Script----------------
connect -path [list tcp::1534 tcp:192.168.226.142:60960]
source C:/Users/aniru/Desktop/ELD/lab11_16/lab11_16.sdk/design_1_wrapper_hw_platform_0/ps7_init.tcl
targets -set -nocase -filter {name =~"APU*" && jtag_cable_name =~ "Digilent Zed 210248A39844"} -index 0
rst -system
after 3000
targets -set -filter {jtag_cable_name =~ "Digilent Zed 210248A39844" && level==0} -index 1
fpga -file C:/Users/aniru/Desktop/ELD/lab11_16/lab11_16.sdk/design_1_wrapper_hw_platform_0/design_1_wrapper.bit
targets -set -nocase -filter {name =~"APU*" && jtag_cable_name =~ "Digilent Zed 210248A39844"} -index 0
loadhw -hw C:/Users/aniru/Desktop/ELD/lab11_16/lab11_16.sdk/design_1_wrapper_hw_platform_0/system.hdf -mem-ranges [list {0x40000000 0xbfffffff}]
configparams force-mem-access 1
targets -set -nocase -filter {name =~"APU*" && jtag_cable_name =~ "Digilent Zed 210248A39844"} -index 0
ps7_init
ps7_post_config
targets -set -nocase -filter {name =~ "ARM*#0" && jtag_cable_name =~ "Digilent Zed 210248A39844"} -index 0
dow C:/Users/aniru/Desktop/ELD/lab11_16/lab11_16.sdk/lab11_16/Debug/lab11_16.elf
configparams force-mem-access 0
----------------End of Script----------------

23:51:57 INFO  : Memory regions updated for context APU
23:51:57 INFO  : Context for processor 'ps7_cortexa9_0' is selected.
23:51:57 INFO  : 'con' command is executed.
23:51:57 INFO  : ----------------XSDB Script (After Launch)----------------
targets -set -nocase -filter {name =~ "ARM*#0" && jtag_cable_name =~ "Digilent Zed 210248A39844"} -index 0
con
----------------End of Script----------------

23:51:57 INFO  : Launch script is exported to file 'C:\Users\aniru\Desktop\ELD\lab11_16\lab11_16.sdk\.sdk\launch_scripts\xilinx_c-c++_application_(system_debugger)\system_debugger_using_debug_lab11_16.elf_on_remotebd.tcl'
23:59:07 WARN  : channel "tcfchan#6" closed
00:05:04 INFO  : Connected through redirection to target on host '192.168.226.142' and port '60455'.
00:05:07 WARN  : SDK version '2019.1' doesn't match hw_server version '2024.1.0'. Some debug features may not work.
00:05:10 INFO  : Jtag cable 'Digilent Zed 210248A39C93' is selected.
00:05:10 INFO  : 'jtag frequency' command is executed.
00:05:10 INFO  : Sourcing of 'C:/Users/aniru/Desktop/ELD/lab11_16/lab11_16.sdk/design_1_wrapper_hw_platform_0/ps7_init.tcl' is done.
00:05:10 INFO  : Context for 'APU' is selected.
00:05:11 INFO  : System reset is completed.
00:05:14 INFO  : 'after 3000' command is executed.
00:05:14 INFO  : 'targets -set -filter {jtag_cable_name =~ "Digilent Zed 210248A39C93" && level==0} -index 1' command is executed.
00:05:18 INFO  : FPGA configured successfully with bitstream "C:/Users/aniru/Desktop/ELD/lab11_16/lab11_16.sdk/design_1_wrapper_hw_platform_0/design_1_wrapper.bit"
00:05:19 INFO  : Context for 'APU' is selected.
00:05:19 INFO  : Hardware design information is loaded from 'C:/Users/aniru/Desktop/ELD/lab11_16/lab11_16.sdk/design_1_wrapper_hw_platform_0/system.hdf'.
00:05:19 INFO  : 'configparams force-mem-access 1' command is executed.
00:05:19 INFO  : Context for 'APU' is selected.
00:05:36 INFO  : 'ps7_init' command is executed.
00:05:37 INFO  : 'ps7_post_config' command is executed.
00:05:37 INFO  : Context for processor 'ps7_cortexa9_0' is selected.
00:05:38 INFO  : The application 'C:/Users/aniru/Desktop/ELD/lab11_16/lab11_16.sdk/lab11_16/Debug/lab11_16.elf' is downloaded to processor 'ps7_cortexa9_0'.
00:05:38 INFO  : 'configparams force-mem-access 0' command is executed.
00:05:38 INFO  : ----------------XSDB Script----------------
connect -path [list tcp::1534 tcp:192.168.226.142:60455]
source C:/Users/aniru/Desktop/ELD/lab11_16/lab11_16.sdk/design_1_wrapper_hw_platform_0/ps7_init.tcl
targets -set -nocase -filter {name =~"APU*" && jtag_cable_name =~ "Digilent Zed 210248A39C93"} -index 0
rst -system
after 3000
targets -set -filter {jtag_cable_name =~ "Digilent Zed 210248A39C93" && level==0} -index 1
fpga -file C:/Users/aniru/Desktop/ELD/lab11_16/lab11_16.sdk/design_1_wrapper_hw_platform_0/design_1_wrapper.bit
targets -set -nocase -filter {name =~"APU*" && jtag_cable_name =~ "Digilent Zed 210248A39C93"} -index 0
loadhw -hw C:/Users/aniru/Desktop/ELD/lab11_16/lab11_16.sdk/design_1_wrapper_hw_platform_0/system.hdf -mem-ranges [list {0x40000000 0xbfffffff}]
configparams force-mem-access 1
targets -set -nocase -filter {name =~"APU*" && jtag_cable_name =~ "Digilent Zed 210248A39C93"} -index 0
ps7_init
ps7_post_config
targets -set -nocase -filter {name =~ "ARM*#0" && jtag_cable_name =~ "Digilent Zed 210248A39C93"} -index 0
dow C:/Users/aniru/Desktop/ELD/lab11_16/lab11_16.sdk/lab11_16/Debug/lab11_16.elf
configparams force-mem-access 0
----------------End of Script----------------

00:05:39 INFO  : Memory regions updated for context APU
00:05:39 INFO  : Context for processor 'ps7_cortexa9_0' is selected.
00:05:39 INFO  : 'con' command is executed.
00:05:39 INFO  : ----------------XSDB Script (After Launch)----------------
targets -set -nocase -filter {name =~ "ARM*#0" && jtag_cable_name =~ "Digilent Zed 210248A39C93"} -index 0
con
----------------End of Script----------------

00:05:39 INFO  : Launch script is exported to file 'C:\Users\aniru\Desktop\ELD\lab11_16\lab11_16.sdk\.sdk\launch_scripts\xilinx_c-c++_application_(system_debugger)\system_debugger_using_debug_lab11_16.elf_on_remotebd.tcl'
00:07:43 INFO  : Disconnected from the channel tcfchan#7.
00:07:44 INFO  : Connected through redirection to target on host '192.168.226.142' and port '60455'.
00:07:47 WARN  : SDK version '2019.1' doesn't match hw_server version '2024.1.0'. Some debug features may not work.
00:07:49 INFO  : Jtag cable 'Digilent Zed 210248A39C93' is selected.
00:07:49 INFO  : 'jtag frequency' command is executed.
00:07:49 INFO  : Sourcing of 'C:/Users/aniru/Desktop/ELD/lab11_16/lab11_16.sdk/design_1_wrapper_hw_platform_0/ps7_init.tcl' is done.
00:07:49 INFO  : Context for 'APU' is selected.
00:07:51 INFO  : System reset is completed.
00:07:54 INFO  : 'after 3000' command is executed.
00:07:54 INFO  : 'targets -set -filter {jtag_cable_name =~ "Digilent Zed 210248A39C93" && level==0} -index 1' command is executed.
00:08:00 INFO  : FPGA configured successfully with bitstream "C:/Users/aniru/Desktop/ELD/lab11_16/lab11_16.sdk/design_1_wrapper_hw_platform_0/design_1_wrapper.bit"
00:08:01 INFO  : Context for 'APU' is selected.
00:08:10 INFO  : Hardware design information is loaded from 'C:/Users/aniru/Desktop/ELD/lab11_16/lab11_16.sdk/design_1_wrapper_hw_platform_0/system.hdf'.
00:08:10 INFO  : 'configparams force-mem-access 1' command is executed.
00:08:10 INFO  : Context for 'APU' is selected.
00:08:29 INFO  : 'ps7_init' command is executed.
00:08:30 INFO  : 'ps7_post_config' command is executed.
00:08:30 INFO  : Context for processor 'ps7_cortexa9_0' is selected.
00:08:31 INFO  : The application 'C:/Users/aniru/Desktop/ELD/lab11_16/lab11_16.sdk/lab11_16/Debug/lab11_16.elf' is downloaded to processor 'ps7_cortexa9_0'.
00:08:31 INFO  : 'configparams force-mem-access 0' command is executed.
00:08:31 INFO  : ----------------XSDB Script----------------
connect -path [list tcp::1534 tcp:192.168.226.142:60455]
source C:/Users/aniru/Desktop/ELD/lab11_16/lab11_16.sdk/design_1_wrapper_hw_platform_0/ps7_init.tcl
targets -set -nocase -filter {name =~"APU*" && jtag_cable_name =~ "Digilent Zed 210248A39C93"} -index 0
rst -system
after 3000
targets -set -filter {jtag_cable_name =~ "Digilent Zed 210248A39C93" && level==0} -index 1
fpga -file C:/Users/aniru/Desktop/ELD/lab11_16/lab11_16.sdk/design_1_wrapper_hw_platform_0/design_1_wrapper.bit
targets -set -nocase -filter {name =~"APU*" && jtag_cable_name =~ "Digilent Zed 210248A39C93"} -index 0
loadhw -hw C:/Users/aniru/Desktop/ELD/lab11_16/lab11_16.sdk/design_1_wrapper_hw_platform_0/system.hdf -mem-ranges [list {0x40000000 0xbfffffff}]
configparams force-mem-access 1
targets -set -nocase -filter {name =~"APU*" && jtag_cable_name =~ "Digilent Zed 210248A39C93"} -index 0
ps7_init
ps7_post_config
targets -set -nocase -filter {name =~ "ARM*#0" && jtag_cable_name =~ "Digilent Zed 210248A39C93"} -index 0
dow C:/Users/aniru/Desktop/ELD/lab11_16/lab11_16.sdk/lab11_16/Debug/lab11_16.elf
configparams force-mem-access 0
----------------End of Script----------------

00:08:32 INFO  : Memory regions updated for context APU
00:08:32 INFO  : Context for processor 'ps7_cortexa9_0' is selected.
00:08:32 INFO  : 'con' command is executed.
00:08:32 INFO  : ----------------XSDB Script (After Launch)----------------
targets -set -nocase -filter {name =~ "ARM*#0" && jtag_cable_name =~ "Digilent Zed 210248A39C93"} -index 0
con
----------------End of Script----------------

00:08:32 INFO  : Launch script is exported to file 'C:\Users\aniru\Desktop\ELD\lab11_16\lab11_16.sdk\.sdk\launch_scripts\xilinx_c-c++_application_(system_debugger)\system_debugger_using_debug_lab11_16.elf_on_remotebd.tcl'
00:15:07 WARN  : channel "tcfchan#8" closed
01:04:58 INFO  : Connected through redirection to target on host '192.168.226.142' and port '54793'.
01:04:59 WARN  : SDK version '2019.1' doesn't match hw_server version '2024.1.0'. Some debug features may not work.
01:05:01 INFO  : Jtag cable 'Digilent Zed 210248A39C93' is selected.
01:05:01 INFO  : 'jtag frequency' command is executed.
01:05:01 INFO  : Sourcing of 'C:/Users/aniru/Desktop/ELD/lab11_16/lab11_16.sdk/design_1_wrapper_hw_platform_0/ps7_init.tcl' is done.
01:05:02 INFO  : Context for 'APU' is selected.
01:05:03 INFO  : System reset is completed.
01:05:06 INFO  : 'after 3000' command is executed.
01:05:06 INFO  : 'targets -set -filter {jtag_cable_name =~ "Digilent Zed 210248A39C93" && level==0} -index 1' command is executed.
01:05:10 INFO  : FPGA configured successfully with bitstream "C:/Users/aniru/Desktop/ELD/lab11_16/lab11_16.sdk/design_1_wrapper_hw_platform_0/design_1_wrapper.bit"
01:05:10 INFO  : Context for 'APU' is selected.
01:05:11 INFO  : Hardware design information is loaded from 'C:/Users/aniru/Desktop/ELD/lab11_16/lab11_16.sdk/design_1_wrapper_hw_platform_0/system.hdf'.
01:05:11 INFO  : 'configparams force-mem-access 1' command is executed.
01:05:11 INFO  : Context for 'APU' is selected.
01:05:30 INFO  : 'ps7_init' command is executed.
01:05:30 INFO  : 'ps7_post_config' command is executed.
01:05:30 INFO  : Context for processor 'ps7_cortexa9_0' is selected.
01:05:31 INFO  : The application 'C:/Users/aniru/Desktop/ELD/lab11_16/lab11_16.sdk/lab11_16/Debug/lab11_16.elf' is downloaded to processor 'ps7_cortexa9_0'.
01:05:31 INFO  : 'configparams force-mem-access 0' command is executed.
01:05:31 INFO  : ----------------XSDB Script----------------
connect -path [list tcp::1534 tcp:192.168.226.142:54793]
source C:/Users/aniru/Desktop/ELD/lab11_16/lab11_16.sdk/design_1_wrapper_hw_platform_0/ps7_init.tcl
targets -set -nocase -filter {name =~"APU*" && jtag_cable_name =~ "Digilent Zed 210248A39C93"} -index 0
rst -system
after 3000
targets -set -filter {jtag_cable_name =~ "Digilent Zed 210248A39C93" && level==0} -index 1
fpga -file C:/Users/aniru/Desktop/ELD/lab11_16/lab11_16.sdk/design_1_wrapper_hw_platform_0/design_1_wrapper.bit
targets -set -nocase -filter {name =~"APU*" && jtag_cable_name =~ "Digilent Zed 210248A39C93"} -index 0
loadhw -hw C:/Users/aniru/Desktop/ELD/lab11_16/lab11_16.sdk/design_1_wrapper_hw_platform_0/system.hdf -mem-ranges [list {0x40000000 0xbfffffff}]
configparams force-mem-access 1
targets -set -nocase -filter {name =~"APU*" && jtag_cable_name =~ "Digilent Zed 210248A39C93"} -index 0
ps7_init
ps7_post_config
targets -set -nocase -filter {name =~ "ARM*#0" && jtag_cable_name =~ "Digilent Zed 210248A39C93"} -index 0
dow C:/Users/aniru/Desktop/ELD/lab11_16/lab11_16.sdk/lab11_16/Debug/lab11_16.elf
configparams force-mem-access 0
----------------End of Script----------------

01:05:32 INFO  : Memory regions updated for context APU
01:05:32 INFO  : Context for processor 'ps7_cortexa9_0' is selected.
01:05:32 INFO  : 'con' command is executed.
01:05:32 INFO  : ----------------XSDB Script (After Launch)----------------
targets -set -nocase -filter {name =~ "ARM*#0" && jtag_cable_name =~ "Digilent Zed 210248A39C93"} -index 0
con
----------------End of Script----------------

01:05:32 INFO  : Launch script is exported to file 'C:\Users\aniru\Desktop\ELD\lab11_16\lab11_16.sdk\.sdk\launch_scripts\xilinx_c-c++_application_(system_debugger)\system_debugger_using_debug_lab11_16.elf_on_remotebd.tcl'
01:09:09 INFO  : Disconnected from the channel tcfchan#9.
01:09:10 INFO  : Connected through redirection to target on host '192.168.226.142' and port '54793'.
01:09:11 WARN  : SDK version '2019.1' doesn't match hw_server version '2024.1.0'. Some debug features may not work.
01:09:15 INFO  : Jtag cable 'Digilent Zed 210248A39C93' is selected.
01:09:15 INFO  : 'jtag frequency' command is executed.
01:09:15 INFO  : Sourcing of 'C:/Users/aniru/Desktop/ELD/lab11_16/lab11_16.sdk/design_1_wrapper_hw_platform_0/ps7_init.tcl' is done.
01:09:15 INFO  : Context for 'APU' is selected.
01:09:17 INFO  : System reset is completed.
01:09:20 INFO  : 'after 3000' command is executed.
01:09:20 INFO  : 'targets -set -filter {jtag_cable_name =~ "Digilent Zed 210248A39C93" && level==0} -index 1' command is executed.
01:09:24 INFO  : FPGA configured successfully with bitstream "C:/Users/aniru/Desktop/ELD/lab11_16/lab11_16.sdk/design_1_wrapper_hw_platform_0/design_1_wrapper.bit"
01:09:24 INFO  : Context for 'APU' is selected.
01:09:30 INFO  : Hardware design information is loaded from 'C:/Users/aniru/Desktop/ELD/lab11_16/lab11_16.sdk/design_1_wrapper_hw_platform_0/system.hdf'.
01:09:30 INFO  : 'configparams force-mem-access 1' command is executed.
01:09:30 INFO  : Context for 'APU' is selected.
01:09:48 INFO  : 'ps7_init' command is executed.
01:09:48 INFO  : 'ps7_post_config' command is executed.
01:09:49 INFO  : Context for processor 'ps7_cortexa9_0' is selected.
01:09:49 INFO  : The application 'C:/Users/aniru/Desktop/ELD/lab11_16/lab11_16.sdk/lab11_16/Debug/lab11_16.elf' is downloaded to processor 'ps7_cortexa9_0'.
01:09:49 INFO  : 'configparams force-mem-access 0' command is executed.
01:09:49 INFO  : ----------------XSDB Script----------------
connect -path [list tcp::1534 tcp:192.168.226.142:54793]
source C:/Users/aniru/Desktop/ELD/lab11_16/lab11_16.sdk/design_1_wrapper_hw_platform_0/ps7_init.tcl
targets -set -nocase -filter {name =~"APU*" && jtag_cable_name =~ "Digilent Zed 210248A39C93"} -index 0
rst -system
after 3000
targets -set -filter {jtag_cable_name =~ "Digilent Zed 210248A39C93" && level==0} -index 1
fpga -file C:/Users/aniru/Desktop/ELD/lab11_16/lab11_16.sdk/design_1_wrapper_hw_platform_0/design_1_wrapper.bit
targets -set -nocase -filter {name =~"APU*" && jtag_cable_name =~ "Digilent Zed 210248A39C93"} -index 0
loadhw -hw C:/Users/aniru/Desktop/ELD/lab11_16/lab11_16.sdk/design_1_wrapper_hw_platform_0/system.hdf -mem-ranges [list {0x40000000 0xbfffffff}]
configparams force-mem-access 1
targets -set -nocase -filter {name =~"APU*" && jtag_cable_name =~ "Digilent Zed 210248A39C93"} -index 0
ps7_init
ps7_post_config
targets -set -nocase -filter {name =~ "ARM*#0" && jtag_cable_name =~ "Digilent Zed 210248A39C93"} -index 0
dow C:/Users/aniru/Desktop/ELD/lab11_16/lab11_16.sdk/lab11_16/Debug/lab11_16.elf
configparams force-mem-access 0
----------------End of Script----------------

01:09:50 INFO  : Memory regions updated for context APU
01:09:50 INFO  : Context for processor 'ps7_cortexa9_0' is selected.
01:09:50 INFO  : 'con' command is executed.
01:09:50 INFO  : ----------------XSDB Script (After Launch)----------------
targets -set -nocase -filter {name =~ "ARM*#0" && jtag_cable_name =~ "Digilent Zed 210248A39C93"} -index 0
con
----------------End of Script----------------

01:09:50 INFO  : Launch script is exported to file 'C:\Users\aniru\Desktop\ELD\lab11_16\lab11_16.sdk\.sdk\launch_scripts\xilinx_c-c++_application_(system_debugger)\system_debugger_using_debug_lab11_16.elf_on_remotebd.tcl'
01:13:07 INFO  : Disconnected from the channel tcfchan#10.
01:13:08 INFO  : Connected through redirection to target on host '192.168.226.142' and port '54793'.
01:13:09 WARN  : SDK version '2019.1' doesn't match hw_server version '2024.1.0'. Some debug features may not work.
01:13:14 INFO  : Jtag cable 'Digilent Zed 210248A39C93' is selected.
01:13:14 INFO  : 'jtag frequency' command is executed.
01:13:14 INFO  : Sourcing of 'C:/Users/aniru/Desktop/ELD/lab11_16/lab11_16.sdk/design_1_wrapper_hw_platform_0/ps7_init.tcl' is done.
01:13:14 INFO  : Context for 'APU' is selected.
01:13:15 INFO  : System reset is completed.
01:13:18 INFO  : 'after 3000' command is executed.
01:13:19 INFO  : 'targets -set -filter {jtag_cable_name =~ "Digilent Zed 210248A39C93" && level==0} -index 1' command is executed.
01:13:23 INFO  : FPGA configured successfully with bitstream "C:/Users/aniru/Desktop/ELD/lab11_16/lab11_16.sdk/design_1_wrapper_hw_platform_0/design_1_wrapper.bit"
01:13:24 INFO  : Context for 'APU' is selected.
01:13:28 INFO  : Hardware design information is loaded from 'C:/Users/aniru/Desktop/ELD/lab11_16/lab11_16.sdk/design_1_wrapper_hw_platform_0/system.hdf'.
01:13:28 INFO  : 'configparams force-mem-access 1' command is executed.
01:13:28 INFO  : Context for 'APU' is selected.
01:13:46 INFO  : 'ps7_init' command is executed.
01:13:46 INFO  : 'ps7_post_config' command is executed.
01:13:47 INFO  : Context for processor 'ps7_cortexa9_0' is selected.
01:13:47 INFO  : The application 'C:/Users/aniru/Desktop/ELD/lab11_16/lab11_16.sdk/lab11_16/Debug/lab11_16.elf' is downloaded to processor 'ps7_cortexa9_0'.
01:13:47 INFO  : 'configparams force-mem-access 0' command is executed.
01:13:47 INFO  : ----------------XSDB Script----------------
connect -path [list tcp::1534 tcp:192.168.226.142:54793]
source C:/Users/aniru/Desktop/ELD/lab11_16/lab11_16.sdk/design_1_wrapper_hw_platform_0/ps7_init.tcl
targets -set -nocase -filter {name =~"APU*" && jtag_cable_name =~ "Digilent Zed 210248A39C93"} -index 0
rst -system
after 3000
targets -set -filter {jtag_cable_name =~ "Digilent Zed 210248A39C93" && level==0} -index 1
fpga -file C:/Users/aniru/Desktop/ELD/lab11_16/lab11_16.sdk/design_1_wrapper_hw_platform_0/design_1_wrapper.bit
targets -set -nocase -filter {name =~"APU*" && jtag_cable_name =~ "Digilent Zed 210248A39C93"} -index 0
loadhw -hw C:/Users/aniru/Desktop/ELD/lab11_16/lab11_16.sdk/design_1_wrapper_hw_platform_0/system.hdf -mem-ranges [list {0x40000000 0xbfffffff}]
configparams force-mem-access 1
targets -set -nocase -filter {name =~"APU*" && jtag_cable_name =~ "Digilent Zed 210248A39C93"} -index 0
ps7_init
ps7_post_config
targets -set -nocase -filter {name =~ "ARM*#0" && jtag_cable_name =~ "Digilent Zed 210248A39C93"} -index 0
dow C:/Users/aniru/Desktop/ELD/lab11_16/lab11_16.sdk/lab11_16/Debug/lab11_16.elf
configparams force-mem-access 0
----------------End of Script----------------

01:13:48 INFO  : Memory regions updated for context APU
01:13:48 INFO  : Context for processor 'ps7_cortexa9_0' is selected.
01:13:49 INFO  : 'con' command is executed.
01:13:49 INFO  : ----------------XSDB Script (After Launch)----------------
targets -set -nocase -filter {name =~ "ARM*#0" && jtag_cable_name =~ "Digilent Zed 210248A39C93"} -index 0
con
----------------End of Script----------------

01:13:49 INFO  : Launch script is exported to file 'C:\Users\aniru\Desktop\ELD\lab11_16\lab11_16.sdk\.sdk\launch_scripts\xilinx_c-c++_application_(system_debugger)\system_debugger_using_debug_lab11_16.elf_on_remotebd.tcl'
01:15:02 WARN  : channel "tcfchan#11" closed
01:22:22 INFO  : Connected through redirection to target on host '192.168.226.142' and port '58637'.
01:22:24 WARN  : SDK version '2019.1' doesn't match hw_server version '2024.1.0'. Some debug features may not work.
01:22:27 INFO  : Jtag cable 'Digilent Zed 210248A39C93' is selected.
01:22:27 INFO  : 'jtag frequency' command is executed.
01:22:27 INFO  : Sourcing of 'C:/Users/aniru/Desktop/ELD/lab11_16/lab11_16.sdk/design_1_wrapper_hw_platform_0/ps7_init.tcl' is done.
01:22:27 INFO  : Context for 'APU' is selected.
01:22:28 INFO  : System reset is completed.
01:22:31 INFO  : 'after 3000' command is executed.
01:22:31 INFO  : 'targets -set -filter {jtag_cable_name =~ "Digilent Zed 210248A39C93" && level==0} -index 1' command is executed.
01:22:36 INFO  : FPGA configured successfully with bitstream "C:/Users/aniru/Desktop/ELD/lab11_16/lab11_16.sdk/design_1_wrapper_hw_platform_0/design_1_wrapper.bit"
01:22:36 INFO  : Context for 'APU' is selected.
01:22:36 INFO  : Hardware design information is loaded from 'C:/Users/aniru/Desktop/ELD/lab11_16/lab11_16.sdk/design_1_wrapper_hw_platform_0/system.hdf'.
01:22:36 INFO  : 'configparams force-mem-access 1' command is executed.
01:22:36 INFO  : Context for 'APU' is selected.
01:22:53 INFO  : 'ps7_init' command is executed.
01:22:53 INFO  : 'ps7_post_config' command is executed.
01:22:54 INFO  : Context for processor 'ps7_cortexa9_0' is selected.
01:22:54 INFO  : The application 'C:/Users/aniru/Desktop/ELD/lab11_16/lab11_16.sdk/lab11_16/Debug/lab11_16.elf' is downloaded to processor 'ps7_cortexa9_0'.
01:22:54 INFO  : 'configparams force-mem-access 0' command is executed.
01:22:54 INFO  : ----------------XSDB Script----------------
connect -path [list tcp::1534 tcp:192.168.226.142:58637]
source C:/Users/aniru/Desktop/ELD/lab11_16/lab11_16.sdk/design_1_wrapper_hw_platform_0/ps7_init.tcl
targets -set -nocase -filter {name =~"APU*" && jtag_cable_name =~ "Digilent Zed 210248A39C93"} -index 0
rst -system
after 3000
targets -set -filter {jtag_cable_name =~ "Digilent Zed 210248A39C93" && level==0} -index 1
fpga -file C:/Users/aniru/Desktop/ELD/lab11_16/lab11_16.sdk/design_1_wrapper_hw_platform_0/design_1_wrapper.bit
targets -set -nocase -filter {name =~"APU*" && jtag_cable_name =~ "Digilent Zed 210248A39C93"} -index 0
loadhw -hw C:/Users/aniru/Desktop/ELD/lab11_16/lab11_16.sdk/design_1_wrapper_hw_platform_0/system.hdf -mem-ranges [list {0x40000000 0xbfffffff}]
configparams force-mem-access 1
targets -set -nocase -filter {name =~"APU*" && jtag_cable_name =~ "Digilent Zed 210248A39C93"} -index 0
ps7_init
ps7_post_config
targets -set -nocase -filter {name =~ "ARM*#0" && jtag_cable_name =~ "Digilent Zed 210248A39C93"} -index 0
dow C:/Users/aniru/Desktop/ELD/lab11_16/lab11_16.sdk/lab11_16/Debug/lab11_16.elf
configparams force-mem-access 0
----------------End of Script----------------

01:22:55 INFO  : Memory regions updated for context APU
01:22:55 INFO  : Context for processor 'ps7_cortexa9_0' is selected.
01:22:55 INFO  : 'con' command is executed.
01:22:55 INFO  : ----------------XSDB Script (After Launch)----------------
targets -set -nocase -filter {name =~ "ARM*#0" && jtag_cable_name =~ "Digilent Zed 210248A39C93"} -index 0
con
----------------End of Script----------------

01:22:55 INFO  : Launch script is exported to file 'C:\Users\aniru\Desktop\ELD\lab11_16\lab11_16.sdk\.sdk\launch_scripts\xilinx_c-c++_application_(system_debugger)\system_debugger_using_debug_lab11_16.elf_on_remotebd.tcl'
01:23:36 INFO  : Disconnected from the channel tcfchan#12.
14:12:36 INFO  : Launching XSCT server: xsct.bat -interactive C:\Users\aniru\Desktop\ELD\lab11_16\lab11_16.sdk\temp_xsdb_launch_script.tcl
14:12:36 INFO  : Registering command handlers for SDK TCF services
14:12:41 INFO  : XSCT server has started successfully.
14:12:48 INFO  : Successfully done setting XSCT server connection channel  
14:12:48 INFO  : Successfully done setting SDK workspace  
14:12:48 INFO  : Processing command line option -hwspec C:/Users/aniru/Desktop/ELD/lab11_16/lab11_16.sdk/design_1_wrapper.hdf.
14:12:48 INFO  : Checking for hwspec changes in the project design_1_wrapper_hw_platform_0.
12:21:22 INFO  : Registering command handlers for SDK TCF services
12:21:23 INFO  : Launching XSCT server: xsct.bat -interactive C:\Users\aniru\Desktop\ELD\lab11_16\lab11_16.sdk\temp_xsdb_launch_script.tcl
12:21:30 INFO  : XSCT server has started successfully.
12:21:36 INFO  : Successfully done setting XSCT server connection channel  
12:21:36 INFO  : Successfully done setting SDK workspace  
12:21:36 INFO  : Processing command line option -hwspec C:/Users/aniru/Desktop/ELD/lab11_16/lab11_16.sdk/design_1_wrapper.hdf.
12:21:36 INFO  : Checking for hwspec changes in the project design_1_wrapper_hw_platform_0.
