#-----------------------------------------------------------
# Vivado v2019.1 (64-bit)
# SW Build 2552052 on Fri May 24 14:49:42 MDT 2019
# IP Build 2548770 on Fri May 24 18:01:18 MDT 2019
# Start of session at: Tue Nov 12 10:27:11 2024
# Process ID: 7224
# Current directory: C:/Users/aniru/Desktop/ELD/lab9
# Command line: vivado.exe -gui_launcher_event rodinguilauncherevent14820 C:\Users\aniru\Desktop\ELD\lab9\lab9.xpr
# Log file: C:/Users/aniru/Desktop/ELD/lab9/vivado.log
# Journal file: C:/Users/aniru/Desktop/ELD/lab9\vivado.jou
#-----------------------------------------------------------
start_gui
open_project C:/Users/aniru/Desktop/ELD/lab9/lab9.xpr
Scanning sources...
Finished scanning sources
INFO: [IP_Flow 19-234] Refreshing IP repositories
INFO: [IP_Flow 19-1704] No user IP repositories specified
INFO: [IP_Flow 19-2313] Loaded Vivado IP repository 'C:/Xilinx/Vivado/2019.1/data/ip'.
open_project: Time (s): cpu = 00:00:49 ; elapsed = 00:00:29 . Memory (MB): peak = 849.660 ; gain = 205.168
update_compile_order -fileset sources_1
open_bd_design {C:/Users/aniru/Desktop/ELD/lab9/lab9.srcs/sources_1/bd/design_1/design_1.bd}
Adding component instance block -- xilinx.com:ip:processing_system7:5.5 - processing_system7_0
Adding component instance block -- xilinx.com:ip:xfft:9.1 - xfft_0
Adding component instance block -- xilinx.com:ip:axi_dma:7.1 - axi_dma_0
Adding component instance block -- xilinx.com:ip:smartconnect:1.0 - axi_smc
Adding component instance block -- xilinx.com:ip:proc_sys_reset:5.0 - rst_ps7_0_100M
Adding component instance block -- xilinx.com:ip:axi_interconnect:2.1 - ps7_0_axi_periph
Adding component instance block -- xilinx.com:ip:axi_protocol_converter:2.1 - auto_pc
Adding component instance block -- xilinx.com:ip:xlconstant:1.1 - xlconstant_0
Adding component instance block -- xilinx.com:ip:xlconstant:1.1 - xlconstant_1
Excluding </processing_system7_0/S_AXI_ACP/ACP_IOP> from </axi_dma_0/Data_MM2S>
Excluding </processing_system7_0/S_AXI_ACP/ACP_M_AXI_GP0> from </axi_dma_0/Data_MM2S>
Excluding </processing_system7_0/S_AXI_ACP/ACP_IOP> from </axi_dma_0/Data_S2MM>
Excluding </processing_system7_0/S_AXI_ACP/ACP_M_AXI_GP0> from </axi_dma_0/Data_S2MM>
Successfully read diagram <design_1> from BD file <C:/Users/aniru/Desktop/ELD/lab9/lab9.srcs/sources_1/bd/design_1/design_1.bd>
open_bd_design: Time (s): cpu = 00:00:33 ; elapsed = 00:00:24 . Memory (MB): peak = 1091.047 ; gain = 0.000
save_project_as lab9_64 C:/Users/aniru/Desktop/ELD/lab9_64 -force
Wrote  : <C:/Users/aniru/Desktop/ELD/lab9_64/lab9_64.srcs/sources_1/bd/design_1/ui/bd_1f5defd0.ui> 
save_project_as: Time (s): cpu = 00:00:19 ; elapsed = 00:00:17 . Memory (MB): peak = 1091.047 ; gain = 0.000
import_files
INFO: [filemgmt 20-334] All file(s) are already imported in fileset: 'design_1_auto_pc_0'
INFO: [filemgmt 20-348] Importing the appropriate files for fileset: 'design_1_auto_pc_0'
INFO: [filemgmt 20-334] All file(s) are already imported in fileset: 'design_1_axi_dma_0_0'
INFO: [filemgmt 20-348] Importing the appropriate files for fileset: 'design_1_axi_dma_0_0'
INFO: [filemgmt 20-334] All file(s) are already imported in fileset: 'design_1_axi_smc_0'
INFO: [filemgmt 20-348] Importing the appropriate files for fileset: 'design_1_axi_smc_0'
INFO: [filemgmt 20-334] All file(s) are already imported in fileset: 'design_1_processing_system7_0_0'
INFO: [filemgmt 20-348] Importing the appropriate files for fileset: 'design_1_processing_system7_0_0'
INFO: [filemgmt 20-334] All file(s) are already imported in fileset: 'design_1_rst_ps7_0_100M_0'
INFO: [filemgmt 20-348] Importing the appropriate files for fileset: 'design_1_rst_ps7_0_100M_0'
INFO: [filemgmt 20-334] All file(s) are already imported in fileset: 'design_1_xfft_0_0'
INFO: [filemgmt 20-348] Importing the appropriate files for fileset: 'design_1_xfft_0_0'
INFO: [filemgmt 20-334] All file(s) are already imported in fileset: 'sources_1'
INFO: [filemgmt 20-348] Importing the appropriate files for fileset: 'sources_1'
startgroup
set_property -dict [list CONFIG.transform_length {64} CONFIG.implementation_options {automatically_select} CONFIG.number_of_stages_using_block_ram_for_data_and_phase_factors {0}] [get_bd_cells xfft_0]
endgroup
export_ip_user_files -of_objects  [get_files C:/Users/aniru/Desktop/ELD/lab9_64/lab9_64.srcs/sources_1/bd/design_1/hdl/design_1_wrapper.v] -no_script -reset -force -quiet
remove_files  C:/Users/aniru/Desktop/ELD/lab9_64/lab9_64.srcs/sources_1/bd/design_1/hdl/design_1_wrapper.v
set_property HDL_ATTRIBUTE.DEBUG true [get_bd_intf_nets {xfft_0_M_AXIS_DATA}]
true
set_property HDL_ATTRIBUTE.DEBUG true [get_bd_intf_nets {axi_dma_0_M_AXIS_MM2S}]
true
set_property HDL_ATTRIBUTE.DEBUG true [get_bd_nets {xlconstant_0_dout }]
true
set_property HDL_ATTRIBUTE.DEBUG true [get_bd_nets {xlconstant_1_dout }]
true
startgroup
apply_bd_automation -rule xilinx.com:bd_rule:debug -dict [list \
                                                          [get_bd_intf_nets axi_dma_0_M_AXIS_MM2S] {AXIS_SIGNALS "Data and Trigger" CLK_SRC "/processing_system7_0/FCLK_CLK0" SYSTEM_ILA "Auto" APC_EN "0" } \
                                                          [get_bd_intf_nets xfft_0_M_AXIS_DATA] {AXIS_SIGNALS "Data and Trigger" CLK_SRC "/processing_system7_0/FCLK_CLK0" SYSTEM_ILA "Auto" APC_EN "0" } \
                                                          [get_bd_nets xlconstant_0_dout] {PROBE_TYPE "Data and Trigger" CLK_SRC "None (Connect manually)" SYSTEM_ILA "Auto" } \
                                                          [get_bd_nets xlconstant_1_dout] {PROBE_TYPE "Data and Trigger" CLK_SRC "None (Connect manually)" SYSTEM_ILA "Auto" } \
                                                         ]
ipx::get_ipfiles: Time (s): cpu = 00:00:02 ; elapsed = 00:00:07 . Memory (MB): peak = 1193.641 ; gain = 21.648
Debug Automation : Instantiating new System ILA block '/system_ila_0' with mode INTERFACE, 2 slot interface pins and 0 probe pins. Also setting parameters on this block, corresponding to newly enabled interface pins and probe pins as specified via Debug Automation.
Debug Automation : Connecting source clock pin /processing_system7_0/FCLK_CLK0 to the following sink clock pins :
/system_ila_0/clk
Debug Automation : Connecting source reset pin /rst_ps7_0_100M/peripheral_aresetn to the following sink reset pins :
/system_ila_0/resetn
Debug Automation : Connecting interface connection /axi_dma_0_M_AXIS_MM2S, to System ILA slot interface pin /system_ila_0/SLOT_0_AXIS for debug.
Debug Automation : Connecting interface connection /xfft_0_M_AXIS_DATA, to System ILA slot interface pin /system_ila_0/SLOT_1_AXIS for debug.
Debug Automation : Instantiating new System ILA block '/system_ila_1' with mode NATIVE, 0 slot interface pins and 1 probe pins. Also setting parameters on this block, corresponding to newly enabled interface pins and probe pins as specified via Debug Automation.
Debug Automation : Connecting net /xlconstant_0_dout, to System ILA probe pin /system_ila_1/probe0 for debug.
Debug Automation : Instantiating new System ILA block '/system_ila_2' with mode NATIVE, 0 slot interface pins and 1 probe pins. Also setting parameters on this block, corresponding to newly enabled interface pins and probe pins as specified via Debug Automation.
Debug Automation : Connecting net /xlconstant_1_dout, to System ILA probe pin /system_ila_2/probe0 for debug.
apply_bd_automation: Time (s): cpu = 00:00:13 ; elapsed = 00:00:17 . Memory (MB): peak = 1242.559 ; gain = 82.938
endgroup
startgroup
apply_bd_automation -rule xilinx.com:bd_rule:clkrst -config {Clk "/processing_system7_0/FCLK_CLK0 (100 MHz)" }  [get_bd_pins system_ila_1/clk]
apply_bd_automation -rule xilinx.com:bd_rule:clkrst -config {Clk "/processing_system7_0/FCLK_CLK0 (100 MHz)" }  [get_bd_pins system_ila_2/clk]
endgroup
regenerate_bd_layout
regenerate_bd_layout
delete_bd_objs [get_bd_cells system_ila_1]
delete_bd_objs [get_bd_cells system_ila_2]
regenerate_bd_layout
make_wrapper -files [get_files C:/Users/aniru/Desktop/ELD/lab9_64/lab9_64.srcs/sources_1/bd/design_1/design_1.bd] -top
WARNING: [BD 41-1781] Updates have been made to one or more nets/interface connections marked for debug.
Debug nets, which are already connected to System ILA IP core in the block-design, will be automatically available for debug in Hardware Manager.
For unconnected Debug nets, please open synthesized design and use 'Set Up Debug' wizard to insert, modify or delete Debug Cores. Failure to do so could result in critical warnings and errors in the implementation flow.
INFO: [Ipptcl 7-1463] No Compatible Board Interface found. Board Tab not created in customize GUI
WARNING: [BD 41-1629] Slave segment </processing_system7_0/S_AXI_ACP/ACP_IOP> is excluded from all addressing paths.
WARNING: [BD 41-1629] Slave segment </processing_system7_0/S_AXI_ACP/ACP_M_AXI_GP0> is excluded from all addressing paths.
INFO: [xilinx.com:ip:xfft:9.1-913] /xfft_0 data_format has been set to manual on the GUI. It will not be updated during validation with a propagated value.
INFO: [xilinx.com:ip:xfft:9.1-913] /xfft_0 data_format has been set to manual on the GUI. It will not be updated during validation with a propagated value.
WARNING: [BD 41-237] Bus Interface property AWUSER_WIDTH does not match between /processing_system7_0/S_AXI_ACP(5) and /axi_smc/M00_AXI(0)
WARNING: [BD 41-237] Bus Interface property ARUSER_WIDTH does not match between /processing_system7_0/S_AXI_ACP(5) and /axi_smc/M00_AXI(0)
Wrote  : <C:\Users\aniru\Desktop\ELD\lab9_64\lab9_64.srcs\sources_1\bd\design_1\design_1.bd> 
Wrote  : <C:/Users/aniru/Desktop/ELD/lab9_64/lab9_64.srcs/sources_1/bd/design_1/ui/bd_1f5defd0.ui> 
VHDL Output written to : C:/Users/aniru/Desktop/ELD/lab9_64/lab9_64.srcs/sources_1/bd/design_1/synth/design_1.v
VHDL Output written to : C:/Users/aniru/Desktop/ELD/lab9_64/lab9_64.srcs/sources_1/bd/design_1/sim/design_1.v
VHDL Output written to : C:/Users/aniru/Desktop/ELD/lab9_64/lab9_64.srcs/sources_1/bd/design_1/hdl/design_1_wrapper.v
make_wrapper: Time (s): cpu = 00:00:32 ; elapsed = 00:00:32 . Memory (MB): peak = 1510.289 ; gain = 257.996
add_files -norecurse C:/Users/aniru/Desktop/ELD/lab9_64/lab9_64.srcs/sources_1/bd/design_1/hdl/design_1_wrapper.v
generate_target all [get_files  C:/Users/aniru/Desktop/ELD/lab9_64/lab9_64.srcs/sources_1/bd/design_1/design_1.bd]
INFO: [BD 41-1662] The design 'design_1.bd' is already validated. Therefore parameter propagation will not be re-run.
WARNING: [BD 41-1629] Slave segment </processing_system7_0/S_AXI_ACP/ACP_IOP> is excluded from all addressing paths.
WARNING: [BD 41-1629] Slave segment </processing_system7_0/S_AXI_ACP/ACP_M_AXI_GP0> is excluded from all addressing paths.
Wrote  : <C:/Users/aniru/Desktop/ELD/lab9_64/lab9_64.srcs/sources_1/bd/design_1/ui/bd_1f5defd0.ui> 
VHDL Output written to : C:/Users/aniru/Desktop/ELD/lab9_64/lab9_64.srcs/sources_1/bd/design_1/synth/design_1.v
VHDL Output written to : C:/Users/aniru/Desktop/ELD/lab9_64/lab9_64.srcs/sources_1/bd/design_1/sim/design_1.v
VHDL Output written to : C:/Users/aniru/Desktop/ELD/lab9_64/lab9_64.srcs/sources_1/bd/design_1/hdl/design_1_wrapper.v
INFO: [BD 41-1029] Generation completed for the IP Integrator block processing_system7_0 .
INFO: [BD 41-1029] Generation completed for the IP Integrator block xfft_0 .
INFO: [BD 41-1029] Generation completed for the IP Integrator block axi_dma_0 .
Exporting to file c:/Users/aniru/Desktop/ELD/lab9_64/lab9_64.srcs/sources_1/bd/design_1/ip/design_1_axi_smc_0/bd_0/hw_handoff/design_1_axi_smc_0.hwh
Generated Block Design Tcl file c:/Users/aniru/Desktop/ELD/lab9_64/lab9_64.srcs/sources_1/bd/design_1/ip/design_1_axi_smc_0/bd_0/hw_handoff/design_1_axi_smc_0_bd.tcl
Generated Hardware Definition File c:/Users/aniru/Desktop/ELD/lab9_64/lab9_64.srcs/sources_1/bd/design_1/ip/design_1_axi_smc_0/bd_0/synth/design_1_axi_smc_0.hwdef
INFO: [BD 41-1029] Generation completed for the IP Integrator block axi_smc .
INFO: [BD 41-1029] Generation completed for the IP Integrator block rst_ps7_0_100M .
INFO: [BD 41-1029] Generation completed for the IP Integrator block xlconstant_0 .
INFO: [BD 41-1029] Generation completed for the IP Integrator block xlconstant_1 .
WARNING: [IP_Flow 19-4994] Overwriting existing constraint file 'c:/Users/aniru/Desktop/ELD/lab9_64/lab9_64.srcs/sources_1/bd/design_1/ip/design_1_auto_pc_0/design_1_auto_pc_0_ooc.xdc'
INFO: [BD 41-1029] Generation completed for the IP Integrator block ps7_0_axi_periph/s00_couplers/auto_pc .
Exporting to file c:/Users/aniru/Desktop/ELD/lab9_64/lab9_64.srcs/sources_1/bd/design_1/ip/design_1_system_ila_0_0/bd_0/hw_handoff/design_1_system_ila_0_0.hwh
Generated Block Design Tcl file c:/Users/aniru/Desktop/ELD/lab9_64/lab9_64.srcs/sources_1/bd/design_1/ip/design_1_system_ila_0_0/bd_0/hw_handoff/design_1_system_ila_0_0_bd.tcl
Generated Hardware Definition File c:/Users/aniru/Desktop/ELD/lab9_64/lab9_64.srcs/sources_1/bd/design_1/ip/design_1_system_ila_0_0/bd_0/synth/design_1_system_ila_0_0.hwdef
INFO: [BD 41-1029] Generation completed for the IP Integrator block system_ila_0 .
Exporting to file C:/Users/aniru/Desktop/ELD/lab9_64/lab9_64.srcs/sources_1/bd/design_1/hw_handoff/design_1.hwh
Generated Block Design Tcl file C:/Users/aniru/Desktop/ELD/lab9_64/lab9_64.srcs/sources_1/bd/design_1/hw_handoff/design_1_bd.tcl
Generated Hardware Definition File C:/Users/aniru/Desktop/ELD/lab9_64/lab9_64.srcs/sources_1/bd/design_1/synth/design_1.hwdef
generate_target: Time (s): cpu = 00:00:21 ; elapsed = 00:00:20 . Memory (MB): peak = 1678.254 ; gain = 147.102
catch { config_ip_cache -export [get_ips -all design_1_xfft_0_0] }
catch { config_ip_cache -export [get_ips -all design_1_auto_pc_0] }
catch { config_ip_cache -export [get_ips -all design_1_system_ila_0_0] }
export_ip_user_files -of_objects [get_files C:/Users/aniru/Desktop/ELD/lab9_64/lab9_64.srcs/sources_1/bd/design_1/design_1.bd] -no_script -sync -force -quiet
create_ip_run [get_files -of_objects [get_fileset sources_1] C:/Users/aniru/Desktop/ELD/lab9_64/lab9_64.srcs/sources_1/bd/design_1/design_1.bd]
launch_runs -jobs 2 {design_1_xfft_0_0_synth_1 design_1_auto_pc_0_synth_1 design_1_system_ila_0_0_synth_1}
[Tue Nov 12 10:44:45 2024] Launched design_1_xfft_0_0_synth_1, design_1_auto_pc_0_synth_1, design_1_system_ila_0_0_synth_1...
Run output will be captured here:
design_1_xfft_0_0_synth_1: C:/Users/aniru/Desktop/ELD/lab9_64/lab9_64.runs/design_1_xfft_0_0_synth_1/runme.log
design_1_auto_pc_0_synth_1: C:/Users/aniru/Desktop/ELD/lab9_64/lab9_64.runs/design_1_auto_pc_0_synth_1/runme.log
design_1_system_ila_0_0_synth_1: C:/Users/aniru/Desktop/ELD/lab9_64/lab9_64.runs/design_1_system_ila_0_0_synth_1/runme.log
launch_runs: Time (s): cpu = 00:00:03 ; elapsed = 00:00:05 . Memory (MB): peak = 1678.254 ; gain = 0.000
export_simulation -of_objects [get_files C:/Users/aniru/Desktop/ELD/lab9_64/lab9_64.srcs/sources_1/bd/design_1/design_1.bd] -directory C:/Users/aniru/Desktop/ELD/lab9_64/lab9_64.ip_user_files/sim_scripts -ip_user_files_dir C:/Users/aniru/Desktop/ELD/lab9_64/lab9_64.ip_user_files -ipstatic_source_dir C:/Users/aniru/Desktop/ELD/lab9_64/lab9_64.ip_user_files/ipstatic -lib_map_path [list {modelsim=C:/Users/aniru/Desktop/ELD/lab9_64/lab9_64.cache/compile_simlib/modelsim} {questa=C:/Users/aniru/Desktop/ELD/lab9_64/lab9_64.cache/compile_simlib/questa} {riviera=C:/Users/aniru/Desktop/ELD/lab9_64/lab9_64.cache/compile_simlib/riviera} {activehdl=C:/Users/aniru/Desktop/ELD/lab9_64/lab9_64.cache/compile_simlib/activehdl}] -use_ip_compiled_libs -force -quiet
reset_run synth_1
launch_runs impl_1 -to_step write_bitstream -jobs 2
[Tue Nov 12 10:56:05 2024] Launched synth_1...
Run output will be captured here: C:/Users/aniru/Desktop/ELD/lab9_64/lab9_64.runs/synth_1/runme.log
[Tue Nov 12 10:56:05 2024] Launched impl_1...
Run output will be captured here: C:/Users/aniru/Desktop/ELD/lab9_64/lab9_64.runs/impl_1/runme.log
open_run impl_1
INFO: [Device 21-403] Loading part xc7z020clg484-1
INFO: [Netlist 29-17] Analyzing 870 Unisim elements for replacement
INFO: [Netlist 29-28] Unisim Transformation completed in 1 CPU seconds
INFO: [Project 1-479] Netlist was created with Vivado 2019.1
INFO: [Project 1-570] Preparing netlist for logic optimization
INFO: [Timing 38-478] Restoring timing data from binary archive.
INFO: [Timing 38-479] Binary timing data restore complete.
INFO: [Project 1-856] Restoring constraints from binary archive.
INFO: [Project 1-853] Binary constraint restore complete.
Reading XDEF placement.
Reading placer database...
Reading XDEF routing.
Read XDEF File: Time (s): cpu = 00:00:04 ; elapsed = 00:00:04 . Memory (MB): peak = 2702.371 ; gain = 0.965
Restored from archive | CPU: 4.000000 secs | Memory: 0.000000 MB |
Finished XDEF File Restore: Time (s): cpu = 00:00:04 ; elapsed = 00:00:04 . Memory (MB): peak = 2702.371 ; gain = 0.965
Netlist sorting complete. Time (s): cpu = 00:00:00 ; elapsed = 00:00:00.036 . Memory (MB): peak = 2702.371 ; gain = 0.000
INFO: [Project 1-111] Unisim Transformation Summary:
  A total of 312 instances were transformed.
  CFGLUT5 => CFGLUT5 (SRLC32E, SRL16E): 124 instances
  RAM16X1D => RAM32X1D (RAMD32, RAMD32): 1 instances
  RAM32M => RAM32M (RAMD32, RAMD32, RAMD32, RAMD32, RAMD32, RAMD32, RAMS32, RAMS32): 113 instances
  RAM64X1D => RAM64X1D (RAMD64E, RAMD64E): 74 instances

open_run: Time (s): cpu = 00:01:05 ; elapsed = 00:00:58 . Memory (MB): peak = 2815.117 ; gain = 1104.840
open_report: Time (s): cpu = 00:00:54 ; elapsed = 00:00:38 . Memory (MB): peak = 2884.637 ; gain = 50.281
WARNING: [Timing 38-436] There are set_bus_skew constraint(s) in this design. Please run report_bus_skew to ensure that bus skew requirements are met.
exit
INFO: [Common 17-206] Exiting Vivado at Tue Nov 12 11:24:19 2024...
