18:22:39 INFO  : Registering command handlers for SDK TCF services
18:22:41 INFO  : Launching XSCT server: xsct.bat -interactive C:\Users\aniru\Desktop\ELD\lab9_16fft\lab9_16fft.sdk\temp_xsdb_launch_script.tcl
18:22:46 INFO  : XSCT server has started successfully.
18:22:47 INFO  : Successfully done setting XSCT server connection channel  
18:22:47 INFO  : Processing command line option -hwspec C:/Users/aniru/Desktop/ELD/lab9_16fft/lab9_16fft.sdk/design_1_wrapper.hdf.
18:22:47 INFO  : Successfully done setting SDK workspace  
18:24:09 ERROR : Failed to closesw "C:/Users/aniru/Desktop/ELD/lab9_16fft/lab9_16fft.sdk/lab9_16fft_bsp/system.mss"
Reason: Cannot close sw design 'C:/Users/aniru/Desktop/ELD/lab9_16fft/lab9_16fft.sdk/lab9_16fft_bsp/system.mss'.
Design is not opened in the current session.


18:30:49 INFO  : Connected to target on host '127.0.0.1' and port '3121'.
18:31:07 INFO  : ----------------XSDB Script----------------
connect -url tcp:127.0.0.1:3121
----------------End of Script----------------

18:31:21 INFO  : Connected to target on host '127.0.0.1' and port '3121'.
18:31:39 INFO  : ----------------XSDB Script----------------
connect -url tcp:127.0.0.1:3121
----------------End of Script----------------

18:32:32 INFO  : Connected to target on host '127.0.0.1' and port '3121'.
18:32:50 INFO  : ----------------XSDB Script----------------
connect -url tcp:127.0.0.1:3121
----------------End of Script----------------

18:33:44 INFO  : Connected to target on host '127.0.0.1' and port '3121'.
18:34:02 INFO  : ----------------XSDB Script----------------
connect -url tcp:127.0.0.1:3121
----------------End of Script----------------

18:34:39 INFO  : Connected to target on host '127.0.0.1' and port '3121'.
18:34:57 INFO  : ----------------XSDB Script----------------
connect -url tcp:127.0.0.1:3121
----------------End of Script----------------

18:36:05 INFO  : Connected to target on host '127.0.0.1' and port '3121'.
18:36:23 INFO  : ----------------XSDB Script----------------
connect -url tcp:127.0.0.1:3121
----------------End of Script----------------

18:38:40 INFO  : Connected to target on host '127.0.0.1' and port '3121'.
18:38:58 INFO  : ----------------XSDB Script----------------
connect -url tcp:127.0.0.1:3121
----------------End of Script----------------

18:41:11 INFO  : Connected to target on host '127.0.0.1' and port '3121'.
18:41:29 INFO  : ----------------XSDB Script----------------
connect -url tcp:127.0.0.1:3121
----------------End of Script----------------

18:45:54 INFO  : Connected to target on host '127.0.0.1' and port '3121'.
18:46:12 INFO  : ----------------XSDB Script----------------
connect -url tcp:127.0.0.1:3121
----------------End of Script----------------

18:47:56 INFO  : Connected to target on host '127.0.0.1' and port '3121'.
18:48:14 INFO  : ----------------XSDB Script----------------
connect -url tcp:127.0.0.1:3121
----------------End of Script----------------

18:53:56 INFO  : Connected to target on host '127.0.0.1' and port '3121'.
18:54:14 INFO  : ----------------XSDB Script----------------
connect -url tcp:127.0.0.1:3121
----------------End of Script----------------

19:03:06 INFO  : Connected to target on host '127.0.0.1' and port '3121'.
19:03:24 INFO  : ----------------XSDB Script----------------
connect -url tcp:127.0.0.1:3121
----------------End of Script----------------

19:04:33 INFO  : Connected to target on host '127.0.0.1' and port '3121'.
19:04:51 INFO  : ----------------XSDB Script----------------
connect -url tcp:127.0.0.1:3121
----------------End of Script----------------

00:03:01 INFO  : Connected to target on host '127.0.0.1' and port '3121'.
00:03:19 INFO  : ----------------XSDB Script----------------
connect -url tcp:127.0.0.1:3121
----------------End of Script----------------

00:04:08 INFO  : Connected to target on host '127.0.0.1' and port '3121'.
00:04:26 INFO  : ----------------XSDB Script----------------
connect -url tcp:127.0.0.1:3121
----------------End of Script----------------

00:06:43 INFO  : Registering command handlers for SDK TCF services
00:06:45 INFO  : Launching XSCT server: xsct.bat -interactive C:\Users\aniru\Desktop\ELD\lab9_16fft\lab9_16fft.sdk\temp_xsdb_launch_script.tcl
00:06:48 INFO  : XSCT server has started successfully.
00:06:49 INFO  : Successfully done setting XSCT server connection channel  
00:06:49 INFO  : Successfully done setting SDK workspace  
00:06:49 INFO  : Processing command line option -hwspec C:/Users/aniru/Desktop/ELD/lab9_16fft/lab9_16fft.sdk/design_1_wrapper.hdf.
00:06:49 INFO  : Checking for hwspec changes in the project design_1_wrapper_hw_platform_0.
00:08:00 INFO  : Connected to target on host '127.0.0.1' and port '3121'.
00:08:18 INFO  : ----------------XSDB Script----------------
connect -url tcp:127.0.0.1:3121
----------------End of Script----------------

00:09:49 INFO  : Connected to target on host '127.0.0.1' and port '3121'.
00:10:07 INFO  : ----------------XSDB Script----------------
connect -url tcp:127.0.0.1:3121
----------------End of Script----------------

00:11:34 INFO  : Connected to target on host '127.0.0.1' and port '3121'.
00:11:52 INFO  : ----------------XSDB Script----------------
connect -url tcp:127.0.0.1:3121
----------------End of Script----------------

00:12:25 INFO  : Connected to target on host '127.0.0.1' and port '3121'.
00:12:43 INFO  : ----------------XSDB Script----------------
connect -url tcp:127.0.0.1:3121
----------------End of Script----------------

01:21:12 INFO  : Registering command handlers for SDK TCF services
01:21:14 INFO  : Launching XSCT server: xsct.bat -interactive C:\Users\aniru\Desktop\ELD\lab9_16fft\lab9_16fft.sdk\temp_xsdb_launch_script.tcl
01:21:19 INFO  : XSCT server has started successfully.
01:21:19 INFO  : Successfully done setting XSCT server connection channel  
01:21:26 INFO  : Successfully done setting SDK workspace  
01:21:26 INFO  : Processing command line option -hwspec C:/Users/aniru/Desktop/ELD/lab9_16fft/lab9_16fft.sdk/design_1_wrapper.hdf.
01:21:26 INFO  : Checking for hwspec changes in the project design_1_wrapper_hw_platform_0.
01:31:54 INFO  : Connected to target on host '127.0.0.1' and port '3121'.
01:32:13 INFO  : ----------------XSDB Script----------------
connect -url tcp:127.0.0.1:3121
----------------End of Script----------------

01:32:47 INFO  : Connected through redirection to target on host '192.168.226.142' and port '58689'.
01:32:48 WARN  : SDK version '2019.1' doesn't match hw_server version '2024.1.0'. Some debug features may not work.
01:32:50 INFO  : Jtag cable 'Digilent Zed 210248A39C93' is selected.
01:32:50 INFO  : 'jtag frequency' command is executed.
01:32:50 INFO  : Sourcing of 'C:/Users/aniru/Desktop/ELD/lab9_16fft/lab9_16fft.sdk/design_1_wrapper_hw_platform_0/ps7_init.tcl' is done.
01:32:50 INFO  : Context for 'APU' is selected.
01:32:51 INFO  : System reset is completed.
01:32:54 INFO  : 'after 3000' command is executed.
01:32:55 INFO  : 'targets -set -filter {jtag_cable_name =~ "Digilent Zed 210248A39C93" && level==0} -index 1' command is executed.
01:32:59 INFO  : FPGA configured successfully with bitstream "C:/Users/aniru/Desktop/ELD/lab9_16fft/lab9_16fft.sdk/design_1_wrapper_hw_platform_0/design_1_wrapper.bit"
01:33:00 INFO  : Context for 'APU' is selected.
01:33:00 INFO  : Hardware design information is loaded from 'C:/Users/aniru/Desktop/ELD/lab9_16fft/lab9_16fft.sdk/design_1_wrapper_hw_platform_0/system.hdf'.
01:33:00 INFO  : 'configparams force-mem-access 1' command is executed.
01:33:00 INFO  : Context for 'APU' is selected.
01:33:21 INFO  : 'ps7_init' command is executed.
01:33:22 INFO  : 'ps7_post_config' command is executed.
01:33:22 INFO  : Context for processor 'ps7_cortexa9_0' is selected.
01:33:22 INFO  : The application 'C:/Users/aniru/Desktop/ELD/lab9_16fft/lab9_16fft.sdk/lab9_16fft/Debug/lab9_16fft.elf' is downloaded to processor 'ps7_cortexa9_0'.
01:33:23 INFO  : 'configparams force-mem-access 0' command is executed.
01:33:23 INFO  : ----------------XSDB Script----------------
connect -path [list tcp::1534 tcp:192.168.226.142:58689]
source C:/Users/aniru/Desktop/ELD/lab9_16fft/lab9_16fft.sdk/design_1_wrapper_hw_platform_0/ps7_init.tcl
targets -set -nocase -filter {name =~"APU*" && jtag_cable_name =~ "Digilent Zed 210248A39C93"} -index 0
rst -system
after 3000
targets -set -filter {jtag_cable_name =~ "Digilent Zed 210248A39C93" && level==0} -index 1
fpga -file C:/Users/aniru/Desktop/ELD/lab9_16fft/lab9_16fft.sdk/design_1_wrapper_hw_platform_0/design_1_wrapper.bit
targets -set -nocase -filter {name =~"APU*" && jtag_cable_name =~ "Digilent Zed 210248A39C93"} -index 0
loadhw -hw C:/Users/aniru/Desktop/ELD/lab9_16fft/lab9_16fft.sdk/design_1_wrapper_hw_platform_0/system.hdf -mem-ranges [list {0x40000000 0xbfffffff}]
configparams force-mem-access 1
targets -set -nocase -filter {name =~"APU*" && jtag_cable_name =~ "Digilent Zed 210248A39C93"} -index 0
ps7_init
ps7_post_config
targets -set -nocase -filter {name =~ "ARM*#0" && jtag_cable_name =~ "Digilent Zed 210248A39C93"} -index 0
dow C:/Users/aniru/Desktop/ELD/lab9_16fft/lab9_16fft.sdk/lab9_16fft/Debug/lab9_16fft.elf
configparams force-mem-access 0
----------------End of Script----------------

01:33:24 INFO  : Memory regions updated for context APU
01:33:24 INFO  : Context for processor 'ps7_cortexa9_0' is selected.
01:33:24 INFO  : 'con' command is executed.
01:33:24 INFO  : ----------------XSDB Script (After Launch)----------------
targets -set -nocase -filter {name =~ "ARM*#0" && jtag_cable_name =~ "Digilent Zed 210248A39C93"} -index 0
con
----------------End of Script----------------

01:33:24 INFO  : Launch script is exported to file 'C:\Users\aniru\Desktop\ELD\lab9_16fft\lab9_16fft.sdk\.sdk\launch_scripts\xilinx_c-c++_application_(system_debugger)\system_debugger_using_debug_lab9_16fft.elf_on_local.tcl'
01:38:47 INFO  : Disconnected from the channel tcfchan#2.
01:45:30 INFO  : Registering command handlers for SDK TCF services
01:45:32 INFO  : Launching XSCT server: xsct.bat -interactive C:\Users\aniru\Desktop\ELD\lab9_16fft\lab9_16fft.sdk\temp_xsdb_launch_script.tcl
01:45:35 INFO  : XSCT server has started successfully.
01:45:35 INFO  : Successfully done setting XSCT server connection channel  
01:45:35 INFO  : Successfully done setting SDK workspace  
01:45:35 INFO  : Processing command line option -hwspec C:/Users/aniru/Desktop/ELD/lab9_16fft/lab9_16fft.sdk/design_1_wrapper.hdf.
01:45:35 INFO  : Checking for hwspec changes in the project design_1_wrapper_hw_platform_0.
01:46:38 INFO  : Connected through redirection to target on host '192.168.226.142' and port '54566'.
01:46:39 WARN  : SDK version '2019.1' doesn't match hw_server version '2024.1.0'. Some debug features may not work.
01:46:42 INFO  : Jtag cable 'Digilent Zed 210248A39791' is selected.
01:46:42 INFO  : 'jtag frequency' command is executed.
01:46:42 INFO  : Sourcing of 'C:/Users/aniru/Desktop/ELD/lab9_16fft/lab9_16fft.sdk/design_1_wrapper_hw_platform_0/ps7_init.tcl' is done.
01:46:42 INFO  : Context for 'APU' is selected.
01:46:43 INFO  : System reset is completed.
01:46:46 INFO  : 'after 3000' command is executed.
01:46:47 INFO  : 'targets -set -filter {jtag_cable_name =~ "Digilent Zed 210248A39791" && level==0} -index 1' command is executed.
01:46:52 INFO  : FPGA configured successfully with bitstream "C:/Users/aniru/Desktop/ELD/lab9_16fft/lab9_16fft.sdk/design_1_wrapper_hw_platform_0/design_1_wrapper.bit"
01:46:52 INFO  : Context for 'APU' is selected.
01:46:52 INFO  : Hardware design information is loaded from 'C:/Users/aniru/Desktop/ELD/lab9_16fft/lab9_16fft.sdk/design_1_wrapper_hw_platform_0/system.hdf'.
01:46:52 INFO  : 'configparams force-mem-access 1' command is executed.
01:46:52 INFO  : Context for 'APU' is selected.
01:47:13 INFO  : 'ps7_init' command is executed.
01:47:13 INFO  : 'ps7_post_config' command is executed.
01:47:14 INFO  : Context for processor 'ps7_cortexa9_0' is selected.
01:47:14 INFO  : The application 'C:/Users/aniru/Desktop/ELD/lab9_16fft/lab9_16fft.sdk/lab9_16fft/Debug/lab9_16fft.elf' is downloaded to processor 'ps7_cortexa9_0'.
01:47:14 INFO  : 'configparams force-mem-access 0' command is executed.
01:47:14 INFO  : ----------------XSDB Script----------------
connect -path [list tcp::1534 tcp:192.168.226.142:54566]
source C:/Users/aniru/Desktop/ELD/lab9_16fft/lab9_16fft.sdk/design_1_wrapper_hw_platform_0/ps7_init.tcl
targets -set -nocase -filter {name =~"APU*" && jtag_cable_name =~ "Digilent Zed 210248A39791"} -index 0
rst -system
after 3000
targets -set -filter {jtag_cable_name =~ "Digilent Zed 210248A39791" && level==0} -index 1
fpga -file C:/Users/aniru/Desktop/ELD/lab9_16fft/lab9_16fft.sdk/design_1_wrapper_hw_platform_0/design_1_wrapper.bit
targets -set -nocase -filter {name =~"APU*" && jtag_cable_name =~ "Digilent Zed 210248A39791"} -index 0
loadhw -hw C:/Users/aniru/Desktop/ELD/lab9_16fft/lab9_16fft.sdk/design_1_wrapper_hw_platform_0/system.hdf -mem-ranges [list {0x40000000 0xbfffffff}]
configparams force-mem-access 1
targets -set -nocase -filter {name =~"APU*" && jtag_cable_name =~ "Digilent Zed 210248A39791"} -index 0
ps7_init
ps7_post_config
targets -set -nocase -filter {name =~ "ARM*#0" && jtag_cable_name =~ "Digilent Zed 210248A39791"} -index 0
dow C:/Users/aniru/Desktop/ELD/lab9_16fft/lab9_16fft.sdk/lab9_16fft/Debug/lab9_16fft.elf
configparams force-mem-access 0
----------------End of Script----------------

01:47:15 INFO  : Memory regions updated for context APU
01:47:15 INFO  : Context for processor 'ps7_cortexa9_0' is selected.
01:47:15 INFO  : 'con' command is executed.
01:47:15 INFO  : ----------------XSDB Script (After Launch)----------------
targets -set -nocase -filter {name =~ "ARM*#0" && jtag_cable_name =~ "Digilent Zed 210248A39791"} -index 0
con
----------------End of Script----------------

01:47:15 INFO  : Launch script is exported to file 'C:\Users\aniru\Desktop\ELD\lab9_16fft\lab9_16fft.sdk\.sdk\launch_scripts\xilinx_c-c++_application_(system_debugger)\system_debugger_using_debug_lab9_16fft.elf_on_local.tcl'
01:48:44 INFO  : Disconnected from the channel tcfchan#1.
