02:30:43 INFO  : Registering command handlers for SDK TCF services
02:30:45 INFO  : Launching XSCT server: xsct.bat -interactive C:\Users\aniru\Desktop\ELD\lab9\lab9.sdk\temp_xsdb_launch_script.tcl
02:30:50 INFO  : XSCT server has started successfully.
02:30:56 INFO  : Successfully done setting XSCT server connection channel  
02:30:56 INFO  : Successfully done setting SDK workspace  
02:30:56 INFO  : Processing command line option -hwspec C:/Users/aniru/Desktop/ELD/lab9/lab9.sdk/design_1_wrapper.hdf.
00:38:56 INFO  : Launching XSCT server: xsct.bat -interactive C:\Users\aniru\Desktop\ELD\lab9_16\lab9_16.sdk\temp_xsdb_launch_script.tcl
00:39:01 INFO  : XSCT server has started successfully.
00:39:15 INFO  : Successfully done setting XSCT server connection channel  
00:39:15 INFO  : Successfully done setting SDK workspace  
00:39:18 INFO  : Registering command handlers for SDK TCF services
00:39:20 INFO  : Processing command line option -hwspec C:/Users/aniru/Desktop/ELD/lab9_16/lab9_16.sdk/design_1_wrapper.hdf.
00:39:25 INFO  : SDK has detected change in the last modified timestamps for source hardware specification file Source:1731421016537,  Project:1731358361112
00:39:25 INFO  : Project design_1_wrapper_hw_platform_0's source hardware specification located at C:/Users/aniru/Desktop/ELD/lab9/lab9.sdk/design_1_wrapper.hdf is now different from the local copy.
		 The local copy will be replaced with the source specification and your workspace will be updated.
00:39:27 INFO  : Project design_1_wrapper_hw_platform_0's source hardware specification location will not be monitored anymore.
00:40:56 INFO  : Refreshed build settings on project lab9_16point
00:57:13 INFO  : Launching XSCT server: xsct.bat -interactive C:\Users\aniru\Desktop\ELD\lab9_16\lab9_16.sdk\temp_xsdb_launch_script.tcl
00:57:16 INFO  : XSCT server has started successfully.
00:57:17 INFO  : Successfully done setting XSCT server connection channel  
00:57:17 INFO  : Successfully done setting SDK workspace  
00:57:30 INFO  : Registering command handlers for SDK TCF services
00:57:30 INFO  : Processing command line option -hwspec C:/Users/aniru/Desktop/ELD/lab9_16/lab9_16.sdk/design_1_wrapper.hdf.
00:57:31 INFO  : Checking for hwspec changes in the project design_1_wrapper_hw_platform_1.
01:46:49 INFO  : Registering command handlers for SDK TCF services
01:46:51 INFO  : Launching XSCT server: xsct.bat -interactive C:\Users\aniru\Desktop\ELD\lab9_16\lab9_16.sdk\temp_xsdb_launch_script.tcl
01:46:57 INFO  : XSCT server has started successfully.
01:47:02 INFO  : Successfully done setting XSCT server connection channel  
01:47:02 INFO  : Successfully done setting SDK workspace  
01:47:02 INFO  : Processing command line option -hwspec C:/Users/aniru/Desktop/ELD/lab9_16/lab9_16.sdk/design_1_wrapper.hdf.
01:47:02 INFO  : Checking for hwspec changes in the project design_1_wrapper_hw_platform_1.
01:49:16 INFO  : Connected through redirection to target on host '192.168.226.142' and port '55473'.
01:49:17 WARN  : SDK version '2019.1' doesn't match hw_server version '2024.1.0'. Some debug features may not work.
01:49:19 INFO  : Jtag cable 'Digilent Zed 210248A39C93' is selected.
01:49:19 INFO  : 'jtag frequency' command is executed.
01:49:19 INFO  : Sourcing of 'C:/Users/aniru/Desktop/ELD/lab9_16/lab9_16.sdk/design_1_wrapper_hw_platform_0/ps7_init.tcl' is done.
01:49:19 INFO  : Context for 'APU' is selected.
01:49:19 INFO  : System reset is completed.
01:49:22 INFO  : 'after 3000' command is executed.
01:49:23 INFO  : 'targets -set -filter {jtag_cable_name =~ "Digilent Zed 210248A39C93" && level==0} -index 1' command is executed.
01:49:25 INFO  : FPGA configured successfully with bitstream "C:/Users/aniru/Desktop/ELD/lab9_16/lab9_16.sdk/design_1_wrapper_hw_platform_0/design_1_wrapper.bit"
01:49:25 INFO  : Context for 'APU' is selected.
01:49:25 INFO  : Hardware design information is loaded from 'C:/Users/aniru/Desktop/ELD/lab9_16/lab9_16.sdk/design_1_wrapper_hw_platform_0/system.hdf'.
01:49:25 INFO  : 'configparams force-mem-access 1' command is executed.
01:49:25 INFO  : Context for 'APU' is selected.
01:49:28 INFO  : 'ps7_init' command is executed.
01:49:28 INFO  : 'ps7_post_config' command is executed.
01:49:28 INFO  : Context for processor 'ps7_cortexa9_0' is selected.
01:49:28 INFO  : The application 'C:/Users/aniru/Desktop/ELD/lab9_16/lab9_16.sdk/lab9_16point/Debug/lab9_16point.elf' is downloaded to processor 'ps7_cortexa9_0'.
01:49:28 INFO  : 'configparams force-mem-access 0' command is executed.
01:49:28 INFO  : ----------------XSDB Script----------------
connect -path [list tcp::1534 tcp:192.168.226.142:55473]
source C:/Users/aniru/Desktop/ELD/lab9_16/lab9_16.sdk/design_1_wrapper_hw_platform_0/ps7_init.tcl
targets -set -nocase -filter {name =~"APU*" && jtag_cable_name =~ "Digilent Zed 210248A39C93"} -index 0
rst -system
after 3000
targets -set -filter {jtag_cable_name =~ "Digilent Zed 210248A39C93" && level==0} -index 1
fpga -file C:/Users/aniru/Desktop/ELD/lab9_16/lab9_16.sdk/design_1_wrapper_hw_platform_0/design_1_wrapper.bit
targets -set -nocase -filter {name =~"APU*" && jtag_cable_name =~ "Digilent Zed 210248A39C93"} -index 0
loadhw -hw C:/Users/aniru/Desktop/ELD/lab9_16/lab9_16.sdk/design_1_wrapper_hw_platform_0/system.hdf -mem-ranges [list {0x40000000 0xbfffffff}]
configparams force-mem-access 1
targets -set -nocase -filter {name =~"APU*" && jtag_cable_name =~ "Digilent Zed 210248A39C93"} -index 0
ps7_init
ps7_post_config
targets -set -nocase -filter {name =~ "ARM*#0" && jtag_cable_name =~ "Digilent Zed 210248A39C93"} -index 0
dow C:/Users/aniru/Desktop/ELD/lab9_16/lab9_16.sdk/lab9_16point/Debug/lab9_16point.elf
configparams force-mem-access 0
----------------End of Script----------------

01:49:28 INFO  : Memory regions updated for context APU
01:49:29 INFO  : Context for processor 'ps7_cortexa9_0' is selected.
01:49:29 INFO  : 'con' command is executed.
01:49:29 INFO  : ----------------XSDB Script (After Launch)----------------
targets -set -nocase -filter {name =~ "ARM*#0" && jtag_cable_name =~ "Digilent Zed 210248A39C93"} -index 0
con
----------------End of Script----------------

01:49:29 INFO  : Launch script is exported to file 'C:\Users\aniru\Desktop\ELD\lab9_16\lab9_16.sdk\.sdk\launch_scripts\xilinx_c-c++_application_(system_debugger)\system_debugger_using_debug_lab9_16point.elf_on_remote.tcl'
01:52:29 INFO  : Disconnected from the channel tcfchan#1.
01:52:30 INFO  : Connected through redirection to target on host '192.168.226.142' and port '55473'.
01:52:30 WARN  : SDK version '2019.1' doesn't match hw_server version '2024.1.0'. Some debug features may not work.
01:52:41 INFO  : ----------------XSDB Script----------------
connect -path [list tcp::1534 tcp:192.168.226.142:55473]
----------------End of Script----------------

01:54:01 INFO  : Connected through redirection to target on host '192.168.226.142' and port '55473'.
01:54:01 WARN  : SDK version '2019.1' doesn't match hw_server version '2024.1.0'. Some debug features may not work.
01:54:03 INFO  : Jtag cable 'Digilent Zed 210248A39C93' is selected.
01:54:03 INFO  : 'jtag frequency' command is executed.
01:54:03 INFO  : Sourcing of 'C:/Users/aniru/Desktop/ELD/lab9_16/lab9_16.sdk/design_1_wrapper_hw_platform_0/ps7_init.tcl' is done.
01:54:03 INFO  : Context for 'APU' is selected.
01:54:03 INFO  : System reset is completed.
01:54:06 INFO  : 'after 3000' command is executed.
01:54:06 INFO  : 'targets -set -filter {jtag_cable_name =~ "Digilent Zed 210248A39C93" && level==0} -index 1' command is executed.
01:54:09 INFO  : FPGA configured successfully with bitstream "C:/Users/aniru/Desktop/ELD/lab9_16/lab9_16.sdk/design_1_wrapper_hw_platform_0/design_1_wrapper.bit"
01:54:09 INFO  : Context for 'APU' is selected.
01:54:09 INFO  : Hardware design information is loaded from 'C:/Users/aniru/Desktop/ELD/lab9_16/lab9_16.sdk/design_1_wrapper_hw_platform_0/system.hdf'.
01:54:09 INFO  : 'configparams force-mem-access 1' command is executed.
01:54:09 INFO  : Context for 'APU' is selected.
01:54:11 INFO  : 'ps7_init' command is executed.
01:54:11 INFO  : 'ps7_post_config' command is executed.
01:54:11 INFO  : Context for processor 'ps7_cortexa9_0' is selected.
01:54:12 INFO  : The application 'C:/Users/aniru/Desktop/ELD/lab9_16/lab9_16.sdk/lab9_16point/Debug/lab9_16point.elf' is downloaded to processor 'ps7_cortexa9_0'.
01:54:12 INFO  : 'configparams force-mem-access 0' command is executed.
01:54:12 INFO  : ----------------XSDB Script----------------
connect -path [list tcp::1534 tcp:192.168.226.142:55473]
source C:/Users/aniru/Desktop/ELD/lab9_16/lab9_16.sdk/design_1_wrapper_hw_platform_0/ps7_init.tcl
targets -set -nocase -filter {name =~"APU*" && jtag_cable_name =~ "Digilent Zed 210248A39C93"} -index 0
rst -system
after 3000
targets -set -filter {jtag_cable_name =~ "Digilent Zed 210248A39C93" && level==0} -index 1
fpga -file C:/Users/aniru/Desktop/ELD/lab9_16/lab9_16.sdk/design_1_wrapper_hw_platform_0/design_1_wrapper.bit
targets -set -nocase -filter {name =~"APU*" && jtag_cable_name =~ "Digilent Zed 210248A39C93"} -index 0
loadhw -hw C:/Users/aniru/Desktop/ELD/lab9_16/lab9_16.sdk/design_1_wrapper_hw_platform_0/system.hdf -mem-ranges [list {0x40000000 0xbfffffff}]
configparams force-mem-access 1
targets -set -nocase -filter {name =~"APU*" && jtag_cable_name =~ "Digilent Zed 210248A39C93"} -index 0
ps7_init
ps7_post_config
targets -set -nocase -filter {name =~ "ARM*#0" && jtag_cable_name =~ "Digilent Zed 210248A39C93"} -index 0
dow C:/Users/aniru/Desktop/ELD/lab9_16/lab9_16.sdk/lab9_16point/Debug/lab9_16point.elf
configparams force-mem-access 0
----------------End of Script----------------

01:54:12 INFO  : Memory regions updated for context APU
01:54:12 INFO  : Context for processor 'ps7_cortexa9_0' is selected.
01:54:12 INFO  : 'con' command is executed.
01:54:12 INFO  : ----------------XSDB Script (After Launch)----------------
targets -set -nocase -filter {name =~ "ARM*#0" && jtag_cable_name =~ "Digilent Zed 210248A39C93"} -index 0
con
----------------End of Script----------------

01:54:12 INFO  : Launch script is exported to file 'C:\Users\aniru\Desktop\ELD\lab9_16\lab9_16.sdk\.sdk\launch_scripts\xilinx_c-c++_application_(system_debugger)\system_debugger_using_debug_lab9_16point.elf_on_remote.tcl'
01:55:10 INFO  : Disconnected from the channel tcfchan#2.
14:43:38 INFO  : Registering command handlers for SDK TCF services
14:43:40 INFO  : Launching XSCT server: xsct.bat -interactive C:\Users\aniru\Desktop\ELD\lab9_16\lab9_16.sdk\temp_xsdb_launch_script.tcl
14:43:43 INFO  : XSCT server has started successfully.
14:43:43 INFO  : Successfully done setting XSCT server connection channel  
14:43:43 INFO  : Processing command line option -hwspec C:/Users/aniru/Desktop/ELD/lab9_16/lab9_16.sdk/design_1_wrapper.hdf.
14:43:43 INFO  : Successfully done setting SDK workspace  
14:43:43 INFO  : Checking for hwspec changes in the project design_1_wrapper_hw_platform_1.
14:47:06 INFO  : Connected through redirection to target on host '192.168.226.142' and port '60586'.
14:47:08 WARN  : SDK version '2019.1' doesn't match hw_server version '2024.1.0'. Some debug features may not work.
14:47:10 INFO  : Jtag cable 'Digilent Zed 210248A39C93' is selected.
14:47:10 INFO  : 'jtag frequency' command is executed.
14:47:10 INFO  : Sourcing of 'C:/Users/aniru/Desktop/ELD/lab9_16/lab9_16.sdk/design_1_wrapper_hw_platform_0/ps7_init.tcl' is done.
14:47:10 INFO  : Context for 'APU' is selected.
14:47:11 INFO  : System reset is completed.
14:47:14 INFO  : 'after 3000' command is executed.
14:47:14 INFO  : 'targets -set -filter {jtag_cable_name =~ "Digilent Zed 210248A39C93" && level==0} -index 1' command is executed.
14:47:20 INFO  : FPGA configured successfully with bitstream "C:/Users/aniru/Desktop/ELD/lab9_16/lab9_16.sdk/design_1_wrapper_hw_platform_0/design_1_wrapper.bit"
14:47:20 INFO  : Context for 'APU' is selected.
14:47:21 INFO  : Hardware design information is loaded from 'C:/Users/aniru/Desktop/ELD/lab9_16/lab9_16.sdk/design_1_wrapper_hw_platform_0/system.hdf'.
14:47:21 INFO  : 'configparams force-mem-access 1' command is executed.
14:47:21 INFO  : Context for 'APU' is selected.
14:47:40 INFO  : 'ps7_init' command is executed.
14:47:40 INFO  : 'ps7_post_config' command is executed.
14:47:40 INFO  : Context for processor 'ps7_cortexa9_0' is selected.
14:47:41 INFO  : The application 'C:/Users/aniru/Desktop/ELD/lab9_16/lab9_16.sdk/lab9_16point/Debug/lab9_16point.elf' is downloaded to processor 'ps7_cortexa9_0'.
14:47:41 INFO  : 'configparams force-mem-access 0' command is executed.
14:47:41 INFO  : ----------------XSDB Script----------------
connect -path [list tcp::1534 tcp:192.168.226.142:60586]
source C:/Users/aniru/Desktop/ELD/lab9_16/lab9_16.sdk/design_1_wrapper_hw_platform_0/ps7_init.tcl
targets -set -nocase -filter {name =~"APU*" && jtag_cable_name =~ "Digilent Zed 210248A39C93"} -index 0
rst -system
after 3000
targets -set -filter {jtag_cable_name =~ "Digilent Zed 210248A39C93" && level==0} -index 1
fpga -file C:/Users/aniru/Desktop/ELD/lab9_16/lab9_16.sdk/design_1_wrapper_hw_platform_0/design_1_wrapper.bit
targets -set -nocase -filter {name =~"APU*" && jtag_cable_name =~ "Digilent Zed 210248A39C93"} -index 0
loadhw -hw C:/Users/aniru/Desktop/ELD/lab9_16/lab9_16.sdk/design_1_wrapper_hw_platform_0/system.hdf -mem-ranges [list {0x40000000 0xbfffffff}]
configparams force-mem-access 1
targets -set -nocase -filter {name =~"APU*" && jtag_cable_name =~ "Digilent Zed 210248A39C93"} -index 0
ps7_init
ps7_post_config
targets -set -nocase -filter {name =~ "ARM*#0" && jtag_cable_name =~ "Digilent Zed 210248A39C93"} -index 0
dow C:/Users/aniru/Desktop/ELD/lab9_16/lab9_16.sdk/lab9_16point/Debug/lab9_16point.elf
configparams force-mem-access 0
----------------End of Script----------------

14:47:42 INFO  : Memory regions updated for context APU
14:47:42 INFO  : Context for processor 'ps7_cortexa9_0' is selected.
14:47:42 INFO  : 'con' command is executed.
14:47:42 INFO  : ----------------XSDB Script (After Launch)----------------
targets -set -nocase -filter {name =~ "ARM*#0" && jtag_cable_name =~ "Digilent Zed 210248A39C93"} -index 0
con
----------------End of Script----------------

14:47:42 INFO  : Launch script is exported to file 'C:\Users\aniru\Desktop\ELD\lab9_16\lab9_16.sdk\.sdk\launch_scripts\xilinx_c-c++_application_(system_debugger)\system_debugger_using_debug_lab9_16point.elf_on_remote.tcl'
14:54:32 INFO  : Disconnected from the channel tcfchan#1.
14:54:34 INFO  : Connected through redirection to target on host '192.168.226.142' and port '60586'.
14:54:34 WARN  : SDK version '2019.1' doesn't match hw_server version '2024.1.0'. Some debug features may not work.
14:54:50 INFO  : Jtag cable 'Digilent Zed 210248A39C93' is selected.
14:54:50 INFO  : 'jtag frequency' command is executed.
14:54:50 INFO  : Sourcing of 'C:/Users/aniru/Desktop/ELD/lab9_16/lab9_16.sdk/design_1_wrapper_hw_platform_0/ps7_init.tcl' is done.
14:54:50 INFO  : Context for 'APU' is selected.
14:54:51 INFO  : System reset is completed.
14:54:54 INFO  : 'after 3000' command is executed.
14:54:54 INFO  : 'targets -set -filter {jtag_cable_name =~ "Digilent Zed 210248A39C93" && level==0} -index 1' command is executed.
14:54:59 INFO  : FPGA configured successfully with bitstream "C:/Users/aniru/Desktop/ELD/lab9_16/lab9_16.sdk/design_1_wrapper_hw_platform_0/design_1_wrapper.bit"
14:54:59 INFO  : Context for 'APU' is selected.
14:55:02 INFO  : Hardware design information is loaded from 'C:/Users/aniru/Desktop/ELD/lab9_16/lab9_16.sdk/design_1_wrapper_hw_platform_0/system.hdf'.
14:55:02 INFO  : 'configparams force-mem-access 1' command is executed.
14:55:03 INFO  : Context for 'APU' is selected.
14:55:25 INFO  : 'ps7_init' command is executed.
14:55:25 INFO  : 'ps7_post_config' command is executed.
14:55:25 INFO  : Context for processor 'ps7_cortexa9_0' is selected.
14:55:26 INFO  : The application 'C:/Users/aniru/Desktop/ELD/lab9_16/lab9_16.sdk/lab9_16point/Debug/lab9_16point.elf' is downloaded to processor 'ps7_cortexa9_0'.
14:55:26 INFO  : 'configparams force-mem-access 0' command is executed.
14:55:26 INFO  : ----------------XSDB Script----------------
connect -path [list tcp::1534 tcp:192.168.226.142:60586]
source C:/Users/aniru/Desktop/ELD/lab9_16/lab9_16.sdk/design_1_wrapper_hw_platform_0/ps7_init.tcl
targets -set -nocase -filter {name =~"APU*" && jtag_cable_name =~ "Digilent Zed 210248A39C93"} -index 0
rst -system
after 3000
targets -set -filter {jtag_cable_name =~ "Digilent Zed 210248A39C93" && level==0} -index 1
fpga -file C:/Users/aniru/Desktop/ELD/lab9_16/lab9_16.sdk/design_1_wrapper_hw_platform_0/design_1_wrapper.bit
targets -set -nocase -filter {name =~"APU*" && jtag_cable_name =~ "Digilent Zed 210248A39C93"} -index 0
loadhw -hw C:/Users/aniru/Desktop/ELD/lab9_16/lab9_16.sdk/design_1_wrapper_hw_platform_0/system.hdf -mem-ranges [list {0x40000000 0xbfffffff}]
configparams force-mem-access 1
targets -set -nocase -filter {name =~"APU*" && jtag_cable_name =~ "Digilent Zed 210248A39C93"} -index 0
ps7_init
ps7_post_config
targets -set -nocase -filter {name =~ "ARM*#0" && jtag_cable_name =~ "Digilent Zed 210248A39C93"} -index 0
dow C:/Users/aniru/Desktop/ELD/lab9_16/lab9_16.sdk/lab9_16point/Debug/lab9_16point.elf
configparams force-mem-access 0
----------------End of Script----------------

14:55:27 INFO  : Memory regions updated for context APU
14:55:27 INFO  : Context for processor 'ps7_cortexa9_0' is selected.
14:55:27 INFO  : 'con' command is executed.
14:55:27 INFO  : ----------------XSDB Script (After Launch)----------------
targets -set -nocase -filter {name =~ "ARM*#0" && jtag_cable_name =~ "Digilent Zed 210248A39C93"} -index 0
con
----------------End of Script----------------

14:55:27 INFO  : Launch script is exported to file 'C:\Users\aniru\Desktop\ELD\lab9_16\lab9_16.sdk\.sdk\launch_scripts\xilinx_c-c++_application_(system_debugger)\system_debugger_using_debug_lab9_16point.elf_on_remote.tcl'
14:59:06 INFO  : Disconnected from the channel tcfchan#2.
14:59:08 INFO  : Connected through redirection to target on host '192.168.226.142' and port '60586'.
14:59:08 WARN  : SDK version '2019.1' doesn't match hw_server version '2024.1.0'. Some debug features may not work.
14:59:50 INFO  : Jtag cable 'Digilent Zed 210248A39C93' is selected.
14:59:50 INFO  : 'jtag frequency' command is executed.
14:59:50 INFO  : Sourcing of 'C:/Users/aniru/Desktop/ELD/lab9_16/lab9_16.sdk/design_1_wrapper_hw_platform_0/ps7_init.tcl' is done.
14:59:50 INFO  : Context for 'APU' is selected.
14:59:51 INFO  : System reset is completed.
14:59:54 INFO  : 'after 3000' command is executed.
14:59:54 INFO  : 'targets -set -filter {jtag_cable_name =~ "Digilent Zed 210248A39C93" && level==0} -index 1' command is executed.
15:00:00 INFO  : FPGA configured successfully with bitstream "C:/Users/aniru/Desktop/ELD/lab9_16/lab9_16.sdk/design_1_wrapper_hw_platform_0/design_1_wrapper.bit"
15:00:00 INFO  : Context for 'APU' is selected.
15:00:00 INFO  : Hardware design information is loaded from 'C:/Users/aniru/Desktop/ELD/lab9_16/lab9_16.sdk/design_1_wrapper_hw_platform_0/system.hdf'.
15:00:00 INFO  : 'configparams force-mem-access 1' command is executed.
15:00:01 INFO  : Context for 'APU' is selected.
15:00:06 ERROR : Channel closed
15:00:06 INFO  : ----------------XSDB Script----------------
connect -path [list tcp::1534 tcp:192.168.226.142:60586]
source C:/Users/aniru/Desktop/ELD/lab9_16/lab9_16.sdk/design_1_wrapper_hw_platform_0/ps7_init.tcl
targets -set -nocase -filter {name =~"APU*" && jtag_cable_name =~ "Digilent Zed 210248A39C93"} -index 0
rst -system
after 3000
targets -set -filter {jtag_cable_name =~ "Digilent Zed 210248A39C93" && level==0} -index 1
fpga -file C:/Users/aniru/Desktop/ELD/lab9_16/lab9_16.sdk/design_1_wrapper_hw_platform_0/design_1_wrapper.bit
targets -set -nocase -filter {name =~"APU*" && jtag_cable_name =~ "Digilent Zed 210248A39C93"} -index 0
loadhw -hw C:/Users/aniru/Desktop/ELD/lab9_16/lab9_16.sdk/design_1_wrapper_hw_platform_0/system.hdf -mem-ranges [list {0x40000000 0xbfffffff}]
configparams force-mem-access 1
targets -set -nocase -filter {name =~"APU*" && jtag_cable_name =~ "Digilent Zed 210248A39C93"} -index 0
ps7_init
----------------End of Script----------------

15:01:07 INFO  : Connected through redirection to target on host '192.168.226.142' and port '62538'.
15:01:08 WARN  : SDK version '2019.1' doesn't match hw_server version '2024.1.0'. Some debug features may not work.
15:01:13 INFO  : Jtag cable 'Digilent Zed 210248722679' is selected.
15:01:13 INFO  : 'jtag frequency' command is executed.
15:01:13 INFO  : Sourcing of 'C:/Users/aniru/Desktop/ELD/lab9_16/lab9_16.sdk/design_1_wrapper_hw_platform_0/ps7_init.tcl' is done.
15:01:13 INFO  : Context for 'APU' is selected.
15:01:14 INFO  : System reset is completed.
15:01:17 INFO  : 'after 3000' command is executed.
15:01:17 INFO  : 'targets -set -filter {jtag_cable_name =~ "Digilent Zed 210248722679" && level==0} -index 1' command is executed.
15:01:22 INFO  : FPGA configured successfully with bitstream "C:/Users/aniru/Desktop/ELD/lab9_16/lab9_16.sdk/design_1_wrapper_hw_platform_0/design_1_wrapper.bit"
15:01:22 INFO  : Context for 'APU' is selected.
15:01:23 INFO  : Hardware design information is loaded from 'C:/Users/aniru/Desktop/ELD/lab9_16/lab9_16.sdk/design_1_wrapper_hw_platform_0/system.hdf'.
15:01:23 INFO  : 'configparams force-mem-access 1' command is executed.
15:01:23 INFO  : Context for 'APU' is selected.
15:01:41 INFO  : 'ps7_init' command is executed.
15:01:42 INFO  : 'ps7_post_config' command is executed.
15:01:42 INFO  : Context for processor 'ps7_cortexa9_0' is selected.
15:01:43 INFO  : The application 'C:/Users/aniru/Desktop/ELD/lab9_16/lab9_16.sdk/lab9_16point/Debug/lab9_16point.elf' is downloaded to processor 'ps7_cortexa9_0'.
15:01:43 INFO  : 'configparams force-mem-access 0' command is executed.
15:01:43 INFO  : ----------------XSDB Script----------------
connect -path [list tcp::1534 tcp:192.168.226.142:62538]
source C:/Users/aniru/Desktop/ELD/lab9_16/lab9_16.sdk/design_1_wrapper_hw_platform_0/ps7_init.tcl
targets -set -nocase -filter {name =~"APU*" && jtag_cable_name =~ "Digilent Zed 210248722679"} -index 0
rst -system
after 3000
targets -set -filter {jtag_cable_name =~ "Digilent Zed 210248722679" && level==0} -index 1
fpga -file C:/Users/aniru/Desktop/ELD/lab9_16/lab9_16.sdk/design_1_wrapper_hw_platform_0/design_1_wrapper.bit
targets -set -nocase -filter {name =~"APU*" && jtag_cable_name =~ "Digilent Zed 210248722679"} -index 0
loadhw -hw C:/Users/aniru/Desktop/ELD/lab9_16/lab9_16.sdk/design_1_wrapper_hw_platform_0/system.hdf -mem-ranges [list {0x40000000 0xbfffffff}]
configparams force-mem-access 1
targets -set -nocase -filter {name =~"APU*" && jtag_cable_name =~ "Digilent Zed 210248722679"} -index 0
ps7_init
ps7_post_config
targets -set -nocase -filter {name =~ "ARM*#0" && jtag_cable_name =~ "Digilent Zed 210248722679"} -index 0
dow C:/Users/aniru/Desktop/ELD/lab9_16/lab9_16.sdk/lab9_16point/Debug/lab9_16point.elf
configparams force-mem-access 0
----------------End of Script----------------

15:01:43 INFO  : Memory regions updated for context APU
15:01:44 INFO  : Context for processor 'ps7_cortexa9_0' is selected.
15:01:44 INFO  : 'con' command is executed.
15:01:44 INFO  : ----------------XSDB Script (After Launch)----------------
targets -set -nocase -filter {name =~ "ARM*#0" && jtag_cable_name =~ "Digilent Zed 210248722679"} -index 0
con
----------------End of Script----------------

15:01:44 INFO  : Launch script is exported to file 'C:\Users\aniru\Desktop\ELD\lab9_16\lab9_16.sdk\.sdk\launch_scripts\xilinx_c-c++_application_(system_debugger)\system_debugger_using_debug_lab9_16point.elf_on_remote.tcl'
15:10:59 INFO  : Disconnected from the channel tcfchan#4.
15:11:00 INFO  : Connected through redirection to target on host '192.168.226.142' and port '62538'.
15:11:02 WARN  : SDK version '2019.1' doesn't match hw_server version '2024.1.0'. Some debug features may not work.
15:11:04 INFO  : Jtag cable 'Digilent Zed 210248722679' is selected.
15:11:04 INFO  : 'jtag frequency' command is executed.
15:11:04 INFO  : Sourcing of 'C:/Users/aniru/Desktop/ELD/lab9_16/lab9_16.sdk/design_1_wrapper_hw_platform_0/ps7_init.tcl' is done.
15:11:04 INFO  : Context for 'APU' is selected.
15:11:05 INFO  : System reset is completed.
15:11:08 INFO  : 'after 3000' command is executed.
15:11:09 INFO  : 'targets -set -filter {jtag_cable_name =~ "Digilent Zed 210248722679" && level==0} -index 1' command is executed.
15:11:13 INFO  : FPGA configured successfully with bitstream "C:/Users/aniru/Desktop/ELD/lab9_16/lab9_16.sdk/design_1_wrapper_hw_platform_0/design_1_wrapper.bit"
15:11:13 INFO  : Context for 'APU' is selected.
15:11:13 INFO  : Hardware design information is loaded from 'C:/Users/aniru/Desktop/ELD/lab9_16/lab9_16.sdk/design_1_wrapper_hw_platform_0/system.hdf'.
15:11:13 INFO  : 'configparams force-mem-access 1' command is executed.
15:11:13 INFO  : Context for 'APU' is selected.
15:11:34 INFO  : 'ps7_init' command is executed.
15:11:35 INFO  : 'ps7_post_config' command is executed.
15:11:35 INFO  : Context for processor 'ps7_cortexa9_0' is selected.
15:11:36 INFO  : The application 'C:/Users/aniru/Desktop/ELD/lab9_16/lab9_16.sdk/lab9_16point/Debug/lab9_16point.elf' is downloaded to processor 'ps7_cortexa9_0'.
15:11:36 INFO  : 'configparams force-mem-access 0' command is executed.
15:11:36 INFO  : ----------------XSDB Script----------------
connect -path [list tcp::1534 tcp:192.168.226.142:62538]
source C:/Users/aniru/Desktop/ELD/lab9_16/lab9_16.sdk/design_1_wrapper_hw_platform_0/ps7_init.tcl
targets -set -nocase -filter {name =~"APU*" && jtag_cable_name =~ "Digilent Zed 210248722679"} -index 0
rst -system
after 3000
targets -set -filter {jtag_cable_name =~ "Digilent Zed 210248722679" && level==0} -index 1
fpga -file C:/Users/aniru/Desktop/ELD/lab9_16/lab9_16.sdk/design_1_wrapper_hw_platform_0/design_1_wrapper.bit
targets -set -nocase -filter {name =~"APU*" && jtag_cable_name =~ "Digilent Zed 210248722679"} -index 0
loadhw -hw C:/Users/aniru/Desktop/ELD/lab9_16/lab9_16.sdk/design_1_wrapper_hw_platform_0/system.hdf -mem-ranges [list {0x40000000 0xbfffffff}]
configparams force-mem-access 1
targets -set -nocase -filter {name =~"APU*" && jtag_cable_name =~ "Digilent Zed 210248722679"} -index 0
ps7_init
ps7_post_config
targets -set -nocase -filter {name =~ "ARM*#0" && jtag_cable_name =~ "Digilent Zed 210248722679"} -index 0
dow C:/Users/aniru/Desktop/ELD/lab9_16/lab9_16.sdk/lab9_16point/Debug/lab9_16point.elf
configparams force-mem-access 0
----------------End of Script----------------

15:11:37 INFO  : Memory regions updated for context APU
15:11:37 INFO  : Context for processor 'ps7_cortexa9_0' is selected.
15:11:37 INFO  : 'con' command is executed.
15:11:37 INFO  : ----------------XSDB Script (After Launch)----------------
targets -set -nocase -filter {name =~ "ARM*#0" && jtag_cable_name =~ "Digilent Zed 210248722679"} -index 0
con
----------------End of Script----------------

15:11:37 INFO  : Launch script is exported to file 'C:\Users\aniru\Desktop\ELD\lab9_16\lab9_16.sdk\.sdk\launch_scripts\xilinx_c-c++_application_(system_debugger)\system_debugger_using_debug_lab9_16point.elf_on_remote.tcl'
15:15:11 WARN  : channel "tcfchan#5" closed
15:16:30 INFO  : Connected through redirection to target on host '192.168.226.142' and port '53279'.
15:16:33 WARN  : SDK version '2019.1' doesn't match hw_server version '2024.1.0'. Some debug features may not work.
15:16:36 INFO  : Jtag cable 'Digilent Zed 210248A39C93' is selected.
15:16:36 INFO  : 'jtag frequency' command is executed.
15:16:36 INFO  : Sourcing of 'C:/Users/aniru/Desktop/ELD/lab9_16/lab9_16.sdk/design_1_wrapper_hw_platform_0/ps7_init.tcl' is done.
15:16:38 INFO  : Context for 'APU' is selected.
15:16:39 INFO  : System reset is completed.
15:16:42 INFO  : 'after 3000' command is executed.
15:16:43 INFO  : 'targets -set -filter {jtag_cable_name =~ "Digilent Zed 210248A39C93" && level==0} -index 1' command is executed.
15:16:48 INFO  : FPGA configured successfully with bitstream "C:/Users/aniru/Desktop/ELD/lab9_16/lab9_16.sdk/design_1_wrapper_hw_platform_0/design_1_wrapper.bit"
15:16:48 INFO  : Context for 'APU' is selected.
15:16:48 INFO  : Hardware design information is loaded from 'C:/Users/aniru/Desktop/ELD/lab9_16/lab9_16.sdk/design_1_wrapper_hw_platform_0/system.hdf'.
15:16:48 INFO  : 'configparams force-mem-access 1' command is executed.
15:16:48 INFO  : Context for 'APU' is selected.
15:17:12 INFO  : 'ps7_init' command is executed.
15:17:13 INFO  : 'ps7_post_config' command is executed.
15:17:13 INFO  : Context for processor 'ps7_cortexa9_0' is selected.
15:17:14 INFO  : The application 'C:/Users/aniru/Desktop/ELD/lab9_16/lab9_16.sdk/lab9_16point/Debug/lab9_16point.elf' is downloaded to processor 'ps7_cortexa9_0'.
15:17:14 INFO  : 'configparams force-mem-access 0' command is executed.
15:17:14 INFO  : ----------------XSDB Script----------------
connect -path [list tcp::1534 tcp:192.168.226.142:53279]
source C:/Users/aniru/Desktop/ELD/lab9_16/lab9_16.sdk/design_1_wrapper_hw_platform_0/ps7_init.tcl
targets -set -nocase -filter {name =~"APU*" && jtag_cable_name =~ "Digilent Zed 210248A39C93"} -index 0
rst -system
after 3000
targets -set -filter {jtag_cable_name =~ "Digilent Zed 210248A39C93" && level==0} -index 1
fpga -file C:/Users/aniru/Desktop/ELD/lab9_16/lab9_16.sdk/design_1_wrapper_hw_platform_0/design_1_wrapper.bit
targets -set -nocase -filter {name =~"APU*" && jtag_cable_name =~ "Digilent Zed 210248A39C93"} -index 0
loadhw -hw C:/Users/aniru/Desktop/ELD/lab9_16/lab9_16.sdk/design_1_wrapper_hw_platform_0/system.hdf -mem-ranges [list {0x40000000 0xbfffffff}]
configparams force-mem-access 1
targets -set -nocase -filter {name =~"APU*" && jtag_cable_name =~ "Digilent Zed 210248A39C93"} -index 0
ps7_init
ps7_post_config
targets -set -nocase -filter {name =~ "ARM*#0" && jtag_cable_name =~ "Digilent Zed 210248A39C93"} -index 0
dow C:/Users/aniru/Desktop/ELD/lab9_16/lab9_16.sdk/lab9_16point/Debug/lab9_16point.elf
configparams force-mem-access 0
----------------End of Script----------------

15:17:15 INFO  : Memory regions updated for context APU
15:17:15 INFO  : Context for processor 'ps7_cortexa9_0' is selected.
15:17:15 INFO  : 'con' command is executed.
15:17:15 INFO  : ----------------XSDB Script (After Launch)----------------
targets -set -nocase -filter {name =~ "ARM*#0" && jtag_cable_name =~ "Digilent Zed 210248A39C93"} -index 0
con
----------------End of Script----------------

15:17:15 INFO  : Launch script is exported to file 'C:\Users\aniru\Desktop\ELD\lab9_16\lab9_16.sdk\.sdk\launch_scripts\xilinx_c-c++_application_(system_debugger)\system_debugger_using_debug_lab9_16point.elf_on_remote.tcl'
15:17:49 ERROR : (XSDB Server)Channel closed

15:17:49 ERROR : (XSDB Server)channel "tcfchan#6" closed

15:17:49 WARN  : channel "tcfchan#6" closed
15:19:56 INFO  : Connected through redirection to target on host '192.168.226.142' and port '53279'.
15:19:59 WARN  : SDK version '2019.1' doesn't match hw_server version '2024.1.0'. Some debug features may not work.
15:20:01 INFO  : Jtag cable 'Digilent Zed 210248A39C93' is selected.
15:20:01 INFO  : 'jtag frequency' command is executed.
15:20:01 INFO  : Sourcing of 'C:/Users/aniru/Desktop/ELD/lab9_16/lab9_16.sdk/design_1_wrapper_hw_platform_0/ps7_init.tcl' is done.
15:20:01 INFO  : Context for 'APU' is selected.
15:20:02 INFO  : System reset is completed.
15:20:05 INFO  : 'after 3000' command is executed.
15:20:05 INFO  : 'targets -set -filter {jtag_cable_name =~ "Digilent Zed 210248A39C93" && level==0} -index 1' command is executed.
15:20:10 INFO  : FPGA configured successfully with bitstream "C:/Users/aniru/Desktop/ELD/lab9_16/lab9_16.sdk/design_1_wrapper_hw_platform_0/design_1_wrapper.bit"
15:20:10 INFO  : Context for 'APU' is selected.
15:20:10 INFO  : Hardware design information is loaded from 'C:/Users/aniru/Desktop/ELD/lab9_16/lab9_16.sdk/design_1_wrapper_hw_platform_0/system.hdf'.
15:20:11 INFO  : 'configparams force-mem-access 1' command is executed.
15:20:11 INFO  : Context for 'APU' is selected.
15:20:32 INFO  : 'ps7_init' command is executed.
15:20:33 INFO  : 'ps7_post_config' command is executed.
15:20:33 INFO  : Context for processor 'ps7_cortexa9_0' is selected.
15:20:34 INFO  : The application 'C:/Users/aniru/Desktop/ELD/lab9_16/lab9_16.sdk/lab9_16point/Debug/lab9_16point.elf' is downloaded to processor 'ps7_cortexa9_0'.
15:20:34 INFO  : 'configparams force-mem-access 0' command is executed.
15:20:34 INFO  : ----------------XSDB Script----------------
connect -path [list tcp::1534 tcp:192.168.226.142:53279]
source C:/Users/aniru/Desktop/ELD/lab9_16/lab9_16.sdk/design_1_wrapper_hw_platform_0/ps7_init.tcl
targets -set -nocase -filter {name =~"APU*" && jtag_cable_name =~ "Digilent Zed 210248A39C93"} -index 0
rst -system
after 3000
targets -set -filter {jtag_cable_name =~ "Digilent Zed 210248A39C93" && level==0} -index 1
fpga -file C:/Users/aniru/Desktop/ELD/lab9_16/lab9_16.sdk/design_1_wrapper_hw_platform_0/design_1_wrapper.bit
targets -set -nocase -filter {name =~"APU*" && jtag_cable_name =~ "Digilent Zed 210248A39C93"} -index 0
loadhw -hw C:/Users/aniru/Desktop/ELD/lab9_16/lab9_16.sdk/design_1_wrapper_hw_platform_0/system.hdf -mem-ranges [list {0x40000000 0xbfffffff}]
configparams force-mem-access 1
targets -set -nocase -filter {name =~"APU*" && jtag_cable_name =~ "Digilent Zed 210248A39C93"} -index 0
ps7_init
ps7_post_config
targets -set -nocase -filter {name =~ "ARM*#0" && jtag_cable_name =~ "Digilent Zed 210248A39C93"} -index 0
dow C:/Users/aniru/Desktop/ELD/lab9_16/lab9_16.sdk/lab9_16point/Debug/lab9_16point.elf
configparams force-mem-access 0
----------------End of Script----------------

15:20:35 INFO  : Memory regions updated for context APU
15:20:35 INFO  : Context for processor 'ps7_cortexa9_0' is selected.
15:20:35 INFO  : 'con' command is executed.
15:20:35 INFO  : ----------------XSDB Script (After Launch)----------------
targets -set -nocase -filter {name =~ "ARM*#0" && jtag_cable_name =~ "Digilent Zed 210248A39C93"} -index 0
con
----------------End of Script----------------

15:20:35 INFO  : Launch script is exported to file 'C:\Users\aniru\Desktop\ELD\lab9_16\lab9_16.sdk\.sdk\launch_scripts\xilinx_c-c++_application_(system_debugger)\system_debugger_using_debug_lab9_16point.elf_on_remote.tcl'
15:21:27 INFO  : Disconnected from the channel tcfchan#7.
15:42:22 INFO  : Registering command handlers for SDK TCF services
15:42:22 INFO  : Launching XSCT server: xsct.bat -interactive C:\Users\aniru\Desktop\ELD\lab9_16\lab9_16.sdk\temp_xsdb_launch_script.tcl
15:42:30 INFO  : XSCT server has started successfully.
15:42:31 INFO  : Successfully done setting XSCT server connection channel  
15:42:31 INFO  : Successfully done setting SDK workspace  
15:42:31 INFO  : Processing command line option -hwspec C:/Users/aniru/Desktop/ELD/lab9_16/lab9_16.sdk/design_1_wrapper.hdf.
15:42:31 INFO  : Checking for hwspec changes in the project design_1_wrapper_hw_platform_1.
16:02:48 INFO  : Connected through redirection to target on host '192.168.226.142' and port '56849'.
16:02:50 WARN  : SDK version '2019.1' doesn't match hw_server version '2024.1.0'. Some debug features may not work.
16:02:52 INFO  : Jtag cable 'Digilent Zed 210248A39C93' is selected.
16:02:52 INFO  : 'jtag frequency' command is executed.
16:02:52 INFO  : Sourcing of 'C:/Users/aniru/Desktop/ELD/lab9_16/lab9_16.sdk/design_1_wrapper_hw_platform_0/ps7_init.tcl' is done.
16:02:52 INFO  : Context for 'APU' is selected.
16:02:55 INFO  : System reset is completed.
16:02:58 INFO  : 'after 3000' command is executed.
16:02:58 INFO  : 'targets -set -filter {jtag_cable_name =~ "Digilent Zed 210248A39C93" && level==0} -index 1' command is executed.
16:03:07 INFO  : FPGA configured successfully with bitstream "C:/Users/aniru/Desktop/ELD/lab9_16/lab9_16.sdk/design_1_wrapper_hw_platform_0/design_1_wrapper.bit"
16:03:07 INFO  : Context for 'APU' is selected.
16:03:07 INFO  : Hardware design information is loaded from 'C:/Users/aniru/Desktop/ELD/lab9_16/lab9_16.sdk/design_1_wrapper_hw_platform_0/system.hdf'.
16:03:08 INFO  : 'configparams force-mem-access 1' command is executed.
16:03:08 INFO  : Context for 'APU' is selected.
16:03:36 INFO  : 'ps7_init' command is executed.
16:03:37 INFO  : 'ps7_post_config' command is executed.
16:03:37 INFO  : Context for processor 'ps7_cortexa9_0' is selected.
16:03:38 INFO  : The application 'C:/Users/aniru/Desktop/ELD/lab9_16/lab9_16.sdk/lab9_16point/Debug/lab9_16point.elf' is downloaded to processor 'ps7_cortexa9_0'.
16:03:38 INFO  : 'configparams force-mem-access 0' command is executed.
16:03:38 INFO  : ----------------XSDB Script----------------
connect -path [list tcp::1534 tcp:192.168.226.142:56849]
source C:/Users/aniru/Desktop/ELD/lab9_16/lab9_16.sdk/design_1_wrapper_hw_platform_0/ps7_init.tcl
targets -set -nocase -filter {name =~"APU*" && jtag_cable_name =~ "Digilent Zed 210248A39C93"} -index 0
rst -system
after 3000
targets -set -filter {jtag_cable_name =~ "Digilent Zed 210248A39C93" && level==0} -index 1
fpga -file C:/Users/aniru/Desktop/ELD/lab9_16/lab9_16.sdk/design_1_wrapper_hw_platform_0/design_1_wrapper.bit
targets -set -nocase -filter {name =~"APU*" && jtag_cable_name =~ "Digilent Zed 210248A39C93"} -index 0
loadhw -hw C:/Users/aniru/Desktop/ELD/lab9_16/lab9_16.sdk/design_1_wrapper_hw_platform_0/system.hdf -mem-ranges [list {0x40000000 0xbfffffff}]
configparams force-mem-access 1
targets -set -nocase -filter {name =~"APU*" && jtag_cable_name =~ "Digilent Zed 210248A39C93"} -index 0
ps7_init
ps7_post_config
targets -set -nocase -filter {name =~ "ARM*#0" && jtag_cable_name =~ "Digilent Zed 210248A39C93"} -index 0
dow C:/Users/aniru/Desktop/ELD/lab9_16/lab9_16.sdk/lab9_16point/Debug/lab9_16point.elf
configparams force-mem-access 0
----------------End of Script----------------

16:03:39 INFO  : Memory regions updated for context APU
16:03:39 INFO  : Context for processor 'ps7_cortexa9_0' is selected.
16:03:39 INFO  : 'con' command is executed.
16:03:39 INFO  : ----------------XSDB Script (After Launch)----------------
targets -set -nocase -filter {name =~ "ARM*#0" && jtag_cable_name =~ "Digilent Zed 210248A39C93"} -index 0
con
----------------End of Script----------------

16:03:39 INFO  : Launch script is exported to file 'C:\Users\aniru\Desktop\ELD\lab9_16\lab9_16.sdk\.sdk\launch_scripts\xilinx_c-c++_application_(system_debugger)\system_debugger_using_debug_lab9_16point.elf_on_remote.tcl'
16:09:10 INFO  : Disconnected from the channel tcfchan#1.
16:09:11 INFO  : Connected through redirection to target on host '192.168.226.142' and port '56849'.
16:09:11 WARN  : SDK version '2019.1' doesn't match hw_server version '2024.1.0'. Some debug features may not work.
16:09:16 INFO  : Jtag cable 'Digilent Zed 210248A39C93' is selected.
16:09:16 INFO  : 'jtag frequency' command is executed.
16:09:16 INFO  : Sourcing of 'C:/Users/aniru/Desktop/ELD/lab9_16/lab9_16.sdk/design_1_wrapper_hw_platform_0/ps7_init.tcl' is done.
16:09:17 INFO  : Context for 'APU' is selected.
16:09:18 INFO  : System reset is completed.
16:09:21 INFO  : 'after 3000' command is executed.
16:09:22 INFO  : 'targets -set -filter {jtag_cable_name =~ "Digilent Zed 210248A39C93" && level==0} -index 1' command is executed.
16:09:32 INFO  : FPGA configured successfully with bitstream "C:/Users/aniru/Desktop/ELD/lab9_16/lab9_16.sdk/design_1_wrapper_hw_platform_0/design_1_wrapper.bit"
16:09:32 INFO  : Context for 'APU' is selected.
16:09:35 INFO  : Hardware design information is loaded from 'C:/Users/aniru/Desktop/ELD/lab9_16/lab9_16.sdk/design_1_wrapper_hw_platform_0/system.hdf'.
16:09:35 INFO  : 'configparams force-mem-access 1' command is executed.
16:09:35 INFO  : Context for 'APU' is selected.
16:10:06 INFO  : 'ps7_init' command is executed.
16:10:06 INFO  : 'ps7_post_config' command is executed.
16:10:07 INFO  : Context for processor 'ps7_cortexa9_0' is selected.
16:10:07 INFO  : The application 'C:/Users/aniru/Desktop/ELD/lab9_16/lab9_16.sdk/lab9_16point/Debug/lab9_16point.elf' is downloaded to processor 'ps7_cortexa9_0'.
16:10:08 INFO  : 'configparams force-mem-access 0' command is executed.
16:10:08 INFO  : ----------------XSDB Script----------------
connect -path [list tcp::1534 tcp:192.168.226.142:56849]
source C:/Users/aniru/Desktop/ELD/lab9_16/lab9_16.sdk/design_1_wrapper_hw_platform_0/ps7_init.tcl
targets -set -nocase -filter {name =~"APU*" && jtag_cable_name =~ "Digilent Zed 210248A39C93"} -index 0
rst -system
after 3000
targets -set -filter {jtag_cable_name =~ "Digilent Zed 210248A39C93" && level==0} -index 1
fpga -file C:/Users/aniru/Desktop/ELD/lab9_16/lab9_16.sdk/design_1_wrapper_hw_platform_0/design_1_wrapper.bit
targets -set -nocase -filter {name =~"APU*" && jtag_cable_name =~ "Digilent Zed 210248A39C93"} -index 0
loadhw -hw C:/Users/aniru/Desktop/ELD/lab9_16/lab9_16.sdk/design_1_wrapper_hw_platform_0/system.hdf -mem-ranges [list {0x40000000 0xbfffffff}]
configparams force-mem-access 1
targets -set -nocase -filter {name =~"APU*" && jtag_cable_name =~ "Digilent Zed 210248A39C93"} -index 0
ps7_init
ps7_post_config
targets -set -nocase -filter {name =~ "ARM*#0" && jtag_cable_name =~ "Digilent Zed 210248A39C93"} -index 0
dow C:/Users/aniru/Desktop/ELD/lab9_16/lab9_16.sdk/lab9_16point/Debug/lab9_16point.elf
configparams force-mem-access 0
----------------End of Script----------------

16:10:09 INFO  : Memory regions updated for context APU
16:10:09 INFO  : Context for processor 'ps7_cortexa9_0' is selected.
16:10:09 INFO  : 'con' command is executed.
16:10:09 INFO  : ----------------XSDB Script (After Launch)----------------
targets -set -nocase -filter {name =~ "ARM*#0" && jtag_cable_name =~ "Digilent Zed 210248A39C93"} -index 0
con
----------------End of Script----------------

16:10:09 INFO  : Launch script is exported to file 'C:\Users\aniru\Desktop\ELD\lab9_16\lab9_16.sdk\.sdk\launch_scripts\xilinx_c-c++_application_(system_debugger)\system_debugger_using_debug_lab9_16point.elf_on_remote.tcl'
16:12:16 INFO  : Disconnected from the channel tcfchan#2.
16:12:17 INFO  : Connected through redirection to target on host '192.168.226.142' and port '56849'.
16:12:21 WARN  : SDK version '2019.1' doesn't match hw_server version '2024.1.0'. Some debug features may not work.
16:12:22 INFO  : Jtag cable 'Digilent Zed 210248A39C93' is selected.
16:12:22 INFO  : 'jtag frequency' command is executed.
16:12:22 INFO  : Sourcing of 'C:/Users/aniru/Desktop/ELD/lab9_16/lab9_16.sdk/design_1_wrapper_hw_platform_0/ps7_init.tcl' is done.
16:12:23 INFO  : Context for 'APU' is selected.
16:12:24 INFO  : System reset is completed.
16:12:27 INFO  : 'after 3000' command is executed.
16:12:27 INFO  : 'targets -set -filter {jtag_cable_name =~ "Digilent Zed 210248A39C93" && level==0} -index 1' command is executed.
16:12:36 INFO  : FPGA configured successfully with bitstream "C:/Users/aniru/Desktop/ELD/lab9_16/lab9_16.sdk/design_1_wrapper_hw_platform_0/design_1_wrapper.bit"
16:12:36 INFO  : Context for 'APU' is selected.
16:12:37 INFO  : Hardware design information is loaded from 'C:/Users/aniru/Desktop/ELD/lab9_16/lab9_16.sdk/design_1_wrapper_hw_platform_0/system.hdf'.
16:12:37 INFO  : 'configparams force-mem-access 1' command is executed.
16:12:37 INFO  : Context for 'APU' is selected.
16:13:07 INFO  : 'ps7_init' command is executed.
16:13:07 INFO  : 'ps7_post_config' command is executed.
16:13:08 INFO  : Context for processor 'ps7_cortexa9_0' is selected.
16:13:08 INFO  : The application 'C:/Users/aniru/Desktop/ELD/lab9_16/lab9_16.sdk/lab9_16point/Debug/lab9_16point.elf' is downloaded to processor 'ps7_cortexa9_0'.
16:13:08 INFO  : 'configparams force-mem-access 0' command is executed.
16:13:08 INFO  : ----------------XSDB Script----------------
connect -path [list tcp::1534 tcp:192.168.226.142:56849]
source C:/Users/aniru/Desktop/ELD/lab9_16/lab9_16.sdk/design_1_wrapper_hw_platform_0/ps7_init.tcl
targets -set -nocase -filter {name =~"APU*" && jtag_cable_name =~ "Digilent Zed 210248A39C93"} -index 0
rst -system
after 3000
targets -set -filter {jtag_cable_name =~ "Digilent Zed 210248A39C93" && level==0} -index 1
fpga -file C:/Users/aniru/Desktop/ELD/lab9_16/lab9_16.sdk/design_1_wrapper_hw_platform_0/design_1_wrapper.bit
targets -set -nocase -filter {name =~"APU*" && jtag_cable_name =~ "Digilent Zed 210248A39C93"} -index 0
loadhw -hw C:/Users/aniru/Desktop/ELD/lab9_16/lab9_16.sdk/design_1_wrapper_hw_platform_0/system.hdf -mem-ranges [list {0x40000000 0xbfffffff}]
configparams force-mem-access 1
targets -set -nocase -filter {name =~"APU*" && jtag_cable_name =~ "Digilent Zed 210248A39C93"} -index 0
ps7_init
ps7_post_config
targets -set -nocase -filter {name =~ "ARM*#0" && jtag_cable_name =~ "Digilent Zed 210248A39C93"} -index 0
dow C:/Users/aniru/Desktop/ELD/lab9_16/lab9_16.sdk/lab9_16point/Debug/lab9_16point.elf
configparams force-mem-access 0
----------------End of Script----------------

16:13:10 INFO  : Memory regions updated for context APU
16:13:10 INFO  : Context for processor 'ps7_cortexa9_0' is selected.
16:13:10 INFO  : 'con' command is executed.
16:13:10 INFO  : ----------------XSDB Script (After Launch)----------------
targets -set -nocase -filter {name =~ "ARM*#0" && jtag_cable_name =~ "Digilent Zed 210248A39C93"} -index 0
con
----------------End of Script----------------

16:13:10 INFO  : Launch script is exported to file 'C:\Users\aniru\Desktop\ELD\lab9_16\lab9_16.sdk\.sdk\launch_scripts\xilinx_c-c++_application_(system_debugger)\system_debugger_using_debug_lab9_16point.elf_on_remote.tcl'
16:15:09 WARN  : channel "tcfchan#3" closed
01:23:00 INFO  : Registering command handlers for SDK TCF services
01:23:02 INFO  : Launching XSCT server: xsct.bat -interactive C:\Users\aniru\Desktop\ELD\lab9_16\lab9_16.sdk\temp_xsdb_launch_script.tcl
01:23:05 INFO  : XSCT server has started successfully.
01:23:06 INFO  : Successfully done setting XSCT server connection channel  
01:23:06 INFO  : Successfully done setting SDK workspace  
01:23:06 INFO  : Processing command line option -hwspec C:/Users/aniru/Desktop/ELD/lab9_16/lab9_16.sdk/design_1_wrapper.hdf.
01:23:06 INFO  : Checking for hwspec changes in the project design_1_wrapper_hw_platform_1.
01:37:11 WARN  : Couldn't find target with name: remote
01:37:23 INFO  : Connected through redirection to target on host '192.168.226.142' and port '58689'.
01:37:23 WARN  : SDK version '2019.1' doesn't match hw_server version '2024.1.0'. Some debug features may not work.
01:37:25 INFO  : Jtag cable 'Digilent Zed 210248A39C93' is selected.
01:37:25 INFO  : 'jtag frequency' command is executed.
01:37:25 INFO  : Sourcing of 'C:/Users/aniru/Desktop/ELD/lab9_16/lab9_16.sdk/design_1_wrapper_hw_platform_0/ps7_init.tcl' is done.
01:37:26 INFO  : Context for 'APU' is selected.
01:37:26 INFO  : System reset is completed.
01:37:29 INFO  : 'after 3000' command is executed.
01:37:30 INFO  : 'targets -set -filter {jtag_cable_name =~ "Digilent Zed 210248A39C93" && level==0} -index 1' command is executed.
01:37:35 INFO  : FPGA configured successfully with bitstream "C:/Users/aniru/Desktop/ELD/lab9_16/lab9_16.sdk/design_1_wrapper_hw_platform_0/design_1_wrapper.bit"
01:37:35 INFO  : Context for 'APU' is selected.
01:37:36 INFO  : Hardware design information is loaded from 'C:/Users/aniru/Desktop/ELD/lab9_16/lab9_16.sdk/design_1_wrapper_hw_platform_0/system.hdf'.
01:37:36 INFO  : 'configparams force-mem-access 1' command is executed.
01:37:36 INFO  : Context for 'APU' is selected.
01:37:59 INFO  : 'ps7_init' command is executed.
01:38:00 INFO  : 'ps7_post_config' command is executed.
01:38:00 INFO  : Context for processor 'ps7_cortexa9_0' is selected.
01:38:01 INFO  : The application 'C:/Users/aniru/Desktop/ELD/lab9_16/lab9_16.sdk/lab9_16point/Debug/lab9_16point.elf' is downloaded to processor 'ps7_cortexa9_0'.
01:38:01 INFO  : 'configparams force-mem-access 0' command is executed.
01:38:01 INFO  : ----------------XSDB Script----------------
connect -path [list tcp::1541 tcp:192.168.226.142:58689]
source C:/Users/aniru/Desktop/ELD/lab9_16/lab9_16.sdk/design_1_wrapper_hw_platform_0/ps7_init.tcl
targets -set -nocase -filter {name =~"APU*" && jtag_cable_name =~ "Digilent Zed 210248A39C93"} -index 0
rst -system
after 3000
targets -set -filter {jtag_cable_name =~ "Digilent Zed 210248A39C93" && level==0} -index 1
fpga -file C:/Users/aniru/Desktop/ELD/lab9_16/lab9_16.sdk/design_1_wrapper_hw_platform_0/design_1_wrapper.bit
targets -set -nocase -filter {name =~"APU*" && jtag_cable_name =~ "Digilent Zed 210248A39C93"} -index 0
loadhw -hw C:/Users/aniru/Desktop/ELD/lab9_16/lab9_16.sdk/design_1_wrapper_hw_platform_0/system.hdf -mem-ranges [list {0x40000000 0xbfffffff}]
configparams force-mem-access 1
targets -set -nocase -filter {name =~"APU*" && jtag_cable_name =~ "Digilent Zed 210248A39C93"} -index 0
ps7_init
ps7_post_config
targets -set -nocase -filter {name =~ "ARM*#0" && jtag_cable_name =~ "Digilent Zed 210248A39C93"} -index 0
dow C:/Users/aniru/Desktop/ELD/lab9_16/lab9_16.sdk/lab9_16point/Debug/lab9_16point.elf
configparams force-mem-access 0
----------------End of Script----------------

01:38:02 INFO  : Memory regions updated for context APU
01:38:02 INFO  : Context for processor 'ps7_cortexa9_0' is selected.
01:38:02 INFO  : 'con' command is executed.
01:38:02 INFO  : ----------------XSDB Script (After Launch)----------------
targets -set -nocase -filter {name =~ "ARM*#0" && jtag_cable_name =~ "Digilent Zed 210248A39C93"} -index 0
con
----------------End of Script----------------

01:38:02 INFO  : Launch script is exported to file 'C:\Users\aniru\Desktop\ELD\lab9_16\lab9_16.sdk\.sdk\launch_scripts\xilinx_c-c++_application_(system_debugger)\system_debugger_using_debug_lab9_16point.elf_on_remote.tcl'
01:39:55 INFO  : Disconnected from the channel tcfchan#1.
01:40:17 INFO  : Registering command handlers for SDK TCF services
01:40:19 INFO  : Launching XSCT server: xsct.bat -interactive C:\Users\aniru\Desktop\ELD\lab9_16\lab9_16.sdk\temp_xsdb_launch_script.tcl
01:40:24 INFO  : XSCT server has started successfully.
01:40:39 INFO  : Successfully done setting XSCT server connection channel  
01:40:39 INFO  : Successfully done setting SDK workspace  
01:40:39 INFO  : Processing command line option -hwspec C:/Users/aniru/Desktop/ELD/lab9_16/lab9_16.sdk/design_1_wrapper.hdf.
01:40:39 INFO  : Checking for hwspec changes in the project design_1_wrapper_hw_platform_1.
01:40:59 INFO  : Connected through redirection to target on host '192.168.226.142' and port '58689'.
01:41:01 WARN  : SDK version '2019.1' doesn't match hw_server version '2024.1.0'. Some debug features may not work.
01:41:02 INFO  : Jtag cable 'Digilent Zed 210248A39C93' is selected.
01:41:03 INFO  : 'jtag frequency' command is executed.
01:41:03 INFO  : Sourcing of 'C:/Users/aniru/Desktop/ELD/lab9_16/lab9_16.sdk/design_1_wrapper_hw_platform_0/ps7_init.tcl' is done.
01:41:03 INFO  : Context for 'APU' is selected.
01:41:04 INFO  : System reset is completed.
01:41:07 INFO  : 'after 3000' command is executed.
01:41:08 INFO  : 'targets -set -filter {jtag_cable_name =~ "Digilent Zed 210248A39C93" && level==0} -index 1' command is executed.
01:41:13 INFO  : FPGA configured successfully with bitstream "C:/Users/aniru/Desktop/ELD/lab9_16/lab9_16.sdk/design_1_wrapper_hw_platform_0/design_1_wrapper.bit"
01:41:13 INFO  : Context for 'APU' is selected.
01:41:13 INFO  : Hardware design information is loaded from 'C:/Users/aniru/Desktop/ELD/lab9_16/lab9_16.sdk/design_1_wrapper_hw_platform_0/system.hdf'.
01:41:13 INFO  : 'configparams force-mem-access 1' command is executed.
01:41:13 INFO  : Context for 'APU' is selected.
01:41:33 INFO  : 'ps7_init' command is executed.
01:41:34 INFO  : 'ps7_post_config' command is executed.
01:41:34 INFO  : Context for processor 'ps7_cortexa9_0' is selected.
01:41:34 INFO  : The application 'C:/Users/aniru/Desktop/ELD/lab9_16/lab9_16.sdk/lab9_16point/Debug/lab9_16point.elf' is downloaded to processor 'ps7_cortexa9_0'.
01:41:34 INFO  : 'configparams force-mem-access 0' command is executed.
01:41:34 INFO  : ----------------XSDB Script----------------
connect -path [list tcp::1534 tcp:192.168.226.142:58689]
source C:/Users/aniru/Desktop/ELD/lab9_16/lab9_16.sdk/design_1_wrapper_hw_platform_0/ps7_init.tcl
targets -set -nocase -filter {name =~"APU*" && jtag_cable_name =~ "Digilent Zed 210248A39C93"} -index 0
rst -system
after 3000
targets -set -filter {jtag_cable_name =~ "Digilent Zed 210248A39C93" && level==0} -index 1
fpga -file C:/Users/aniru/Desktop/ELD/lab9_16/lab9_16.sdk/design_1_wrapper_hw_platform_0/design_1_wrapper.bit
targets -set -nocase -filter {name =~"APU*" && jtag_cable_name =~ "Digilent Zed 210248A39C93"} -index 0
loadhw -hw C:/Users/aniru/Desktop/ELD/lab9_16/lab9_16.sdk/design_1_wrapper_hw_platform_0/system.hdf -mem-ranges [list {0x40000000 0xbfffffff}]
configparams force-mem-access 1
targets -set -nocase -filter {name =~"APU*" && jtag_cable_name =~ "Digilent Zed 210248A39C93"} -index 0
ps7_init
ps7_post_config
targets -set -nocase -filter {name =~ "ARM*#0" && jtag_cable_name =~ "Digilent Zed 210248A39C93"} -index 0
dow C:/Users/aniru/Desktop/ELD/lab9_16/lab9_16.sdk/lab9_16point/Debug/lab9_16point.elf
configparams force-mem-access 0
----------------End of Script----------------

01:41:35 INFO  : Memory regions updated for context APU
01:41:36 INFO  : Context for processor 'ps7_cortexa9_0' is selected.
01:41:36 INFO  : 'con' command is executed.
01:41:36 INFO  : ----------------XSDB Script (After Launch)----------------
targets -set -nocase -filter {name =~ "ARM*#0" && jtag_cable_name =~ "Digilent Zed 210248A39C93"} -index 0
con
----------------End of Script----------------

01:41:36 INFO  : Launch script is exported to file 'C:\Users\aniru\Desktop\ELD\lab9_16\lab9_16.sdk\.sdk\launch_scripts\xilinx_c-c++_application_(system_debugger)\system_debugger_using_debug_lab9_16point.elf_on_remote.tcl'
01:42:33 INFO  : Disconnected from the channel tcfchan#1.
01:43:04 INFO  : Registering command handlers for SDK TCF services
01:43:06 INFO  : Launching XSCT server: xsct.bat -interactive C:\Users\aniru\Desktop\ELD\lab9_16\lab9_16.sdk\temp_xsdb_launch_script.tcl
01:43:10 INFO  : XSCT server has started successfully.
01:43:10 INFO  : Successfully done setting XSCT server connection channel  
01:43:15 INFO  : Successfully done setting SDK workspace  
01:43:15 INFO  : Processing command line option -hwspec C:/Users/aniru/Desktop/ELD/lab9_16/lab9_16.sdk/design_1_wrapper.hdf.
01:43:16 INFO  : Checking for hwspec changes in the project design_1_wrapper_hw_platform_1.
01:43:33 INFO  : Connected through redirection to target on host '192.168.226.142' and port '58689'.
01:43:34 WARN  : SDK version '2019.1' doesn't match hw_server version '2024.1.0'. Some debug features may not work.
01:43:37 INFO  : Jtag cable 'Digilent Zed 210248A39C93' is selected.
01:43:37 INFO  : 'jtag frequency' command is executed.
01:43:37 INFO  : Sourcing of 'C:/Users/aniru/Desktop/ELD/lab9_16/lab9_16.sdk/design_1_wrapper_hw_platform_0/ps7_init.tcl' is done.
01:43:37 INFO  : Context for 'APU' is selected.
01:43:38 INFO  : System reset is completed.
01:43:41 INFO  : 'after 3000' command is executed.
01:43:42 INFO  : 'targets -set -filter {jtag_cable_name =~ "Digilent Zed 210248A39C93" && level==0} -index 1' command is executed.
01:43:48 INFO  : FPGA configured successfully with bitstream "C:/Users/aniru/Desktop/ELD/lab9_16/lab9_16.sdk/design_1_wrapper_hw_platform_0/design_1_wrapper.bit"
01:43:48 INFO  : Context for 'APU' is selected.
01:43:48 INFO  : Hardware design information is loaded from 'C:/Users/aniru/Desktop/ELD/lab9_16/lab9_16.sdk/design_1_wrapper_hw_platform_0/system.hdf'.
01:43:48 INFO  : 'configparams force-mem-access 1' command is executed.
01:43:48 INFO  : Context for 'APU' is selected.
01:44:08 INFO  : 'ps7_init' command is executed.
01:44:09 INFO  : 'ps7_post_config' command is executed.
01:44:09 INFO  : Context for processor 'ps7_cortexa9_0' is selected.
01:44:09 INFO  : The application 'C:/Users/aniru/Desktop/ELD/lab9_16/lab9_16.sdk/lab9_16point/Debug/lab9_16point.elf' is downloaded to processor 'ps7_cortexa9_0'.
01:44:09 INFO  : 'configparams force-mem-access 0' command is executed.
01:44:09 INFO  : ----------------XSDB Script----------------
connect -path [list tcp::1534 tcp:192.168.226.142:58689]
source C:/Users/aniru/Desktop/ELD/lab9_16/lab9_16.sdk/design_1_wrapper_hw_platform_0/ps7_init.tcl
targets -set -nocase -filter {name =~"APU*" && jtag_cable_name =~ "Digilent Zed 210248A39C93"} -index 0
rst -system
after 3000
targets -set -filter {jtag_cable_name =~ "Digilent Zed 210248A39C93" && level==0} -index 1
fpga -file C:/Users/aniru/Desktop/ELD/lab9_16/lab9_16.sdk/design_1_wrapper_hw_platform_0/design_1_wrapper.bit
targets -set -nocase -filter {name =~"APU*" && jtag_cable_name =~ "Digilent Zed 210248A39C93"} -index 0
loadhw -hw C:/Users/aniru/Desktop/ELD/lab9_16/lab9_16.sdk/design_1_wrapper_hw_platform_0/system.hdf -mem-ranges [list {0x40000000 0xbfffffff}]
configparams force-mem-access 1
targets -set -nocase -filter {name =~"APU*" && jtag_cable_name =~ "Digilent Zed 210248A39C93"} -index 0
ps7_init
ps7_post_config
targets -set -nocase -filter {name =~ "ARM*#0" && jtag_cable_name =~ "Digilent Zed 210248A39C93"} -index 0
dow C:/Users/aniru/Desktop/ELD/lab9_16/lab9_16.sdk/lab9_16point/Debug/lab9_16point.elf
configparams force-mem-access 0
----------------End of Script----------------

01:44:10 INFO  : Memory regions updated for context APU
01:44:11 INFO  : Context for processor 'ps7_cortexa9_0' is selected.
01:44:11 INFO  : 'con' command is executed.
01:44:11 INFO  : ----------------XSDB Script (After Launch)----------------
targets -set -nocase -filter {name =~ "ARM*#0" && jtag_cable_name =~ "Digilent Zed 210248A39C93"} -index 0
con
----------------End of Script----------------

01:44:11 INFO  : Launch script is exported to file 'C:\Users\aniru\Desktop\ELD\lab9_16\lab9_16.sdk\.sdk\launch_scripts\xilinx_c-c++_application_(system_debugger)\system_debugger_using_debug_lab9_16point.elf_on_remote.tcl'
01:44:50 INFO  : Disconnected from the channel tcfchan#1.
01:49:15 INFO  : Registering command handlers for SDK TCF services
01:49:15 INFO  : Launching XSCT server: xsct.bat -interactive C:\Users\aniru\Desktop\ELD\lab9_16\lab9_16.sdk\temp_xsdb_launch_script.tcl
01:49:19 INFO  : XSCT server has started successfully.
01:49:19 INFO  : Successfully done setting XSCT server connection channel  
01:49:19 INFO  : Processing command line option -hwspec C:/Users/aniru/Desktop/ELD/lab9_16/lab9_16.sdk/design_1_wrapper.hdf.
01:49:19 INFO  : Successfully done setting SDK workspace  
01:49:19 INFO  : Checking for hwspec changes in the project design_1_wrapper_hw_platform_1.
01:50:16 INFO  : Connected through redirection to target on host '192.168.226.142' and port '54566'.
01:50:17 WARN  : SDK version '2019.1' doesn't match hw_server version '2024.1.0'. Some debug features may not work.
01:50:19 INFO  : Jtag cable 'Digilent Zed 210248A39791' is selected.
01:50:19 INFO  : 'jtag frequency' command is executed.
01:50:19 INFO  : Sourcing of 'C:/Users/aniru/Desktop/ELD/lab9_16/lab9_16.sdk/design_1_wrapper_hw_platform_0/ps7_init.tcl' is done.
01:50:20 INFO  : Context for 'APU' is selected.
01:50:21 INFO  : System reset is completed.
01:50:24 INFO  : 'after 3000' command is executed.
01:50:24 INFO  : 'targets -set -filter {jtag_cable_name =~ "Digilent Zed 210248A39791" && level==0} -index 1' command is executed.
01:50:31 INFO  : FPGA configured successfully with bitstream "C:/Users/aniru/Desktop/ELD/lab9_16/lab9_16.sdk/design_1_wrapper_hw_platform_0/design_1_wrapper.bit"
01:50:31 INFO  : Context for 'APU' is selected.
01:50:32 INFO  : Hardware design information is loaded from 'C:/Users/aniru/Desktop/ELD/lab9_16/lab9_16.sdk/design_1_wrapper_hw_platform_0/system.hdf'.
01:50:32 INFO  : 'configparams force-mem-access 1' command is executed.
01:50:32 INFO  : Context for 'APU' is selected.
01:50:52 INFO  : 'ps7_init' command is executed.
01:50:52 INFO  : 'ps7_post_config' command is executed.
01:50:52 INFO  : Context for processor 'ps7_cortexa9_0' is selected.
01:50:53 INFO  : The application 'C:/Users/aniru/Desktop/ELD/lab9_16/lab9_16.sdk/lab9_16point/Debug/lab9_16point.elf' is downloaded to processor 'ps7_cortexa9_0'.
01:50:53 INFO  : 'configparams force-mem-access 0' command is executed.
01:50:53 INFO  : ----------------XSDB Script----------------
connect -path [list tcp::1534 tcp:192.168.226.142:54566]
source C:/Users/aniru/Desktop/ELD/lab9_16/lab9_16.sdk/design_1_wrapper_hw_platform_0/ps7_init.tcl
targets -set -nocase -filter {name =~"APU*" && jtag_cable_name =~ "Digilent Zed 210248A39791"} -index 0
rst -system
after 3000
targets -set -filter {jtag_cable_name =~ "Digilent Zed 210248A39791" && level==0} -index 1
fpga -file C:/Users/aniru/Desktop/ELD/lab9_16/lab9_16.sdk/design_1_wrapper_hw_platform_0/design_1_wrapper.bit
targets -set -nocase -filter {name =~"APU*" && jtag_cable_name =~ "Digilent Zed 210248A39791"} -index 0
loadhw -hw C:/Users/aniru/Desktop/ELD/lab9_16/lab9_16.sdk/design_1_wrapper_hw_platform_0/system.hdf -mem-ranges [list {0x40000000 0xbfffffff}]
configparams force-mem-access 1
targets -set -nocase -filter {name =~"APU*" && jtag_cable_name =~ "Digilent Zed 210248A39791"} -index 0
ps7_init
ps7_post_config
targets -set -nocase -filter {name =~ "ARM*#0" && jtag_cable_name =~ "Digilent Zed 210248A39791"} -index 0
dow C:/Users/aniru/Desktop/ELD/lab9_16/lab9_16.sdk/lab9_16point/Debug/lab9_16point.elf
configparams force-mem-access 0
----------------End of Script----------------

01:50:54 INFO  : Memory regions updated for context APU
01:50:54 INFO  : Context for processor 'ps7_cortexa9_0' is selected.
01:50:54 INFO  : 'con' command is executed.
01:50:54 INFO  : ----------------XSDB Script (After Launch)----------------
targets -set -nocase -filter {name =~ "ARM*#0" && jtag_cable_name =~ "Digilent Zed 210248A39791"} -index 0
con
----------------End of Script----------------

01:50:54 INFO  : Launch script is exported to file 'C:\Users\aniru\Desktop\ELD\lab9_16\lab9_16.sdk\.sdk\launch_scripts\xilinx_c-c++_application_(system_debugger)\system_debugger_using_debug_lab9_16point.elf_on_remote.tcl'
01:51:53 INFO  : Disconnected from the channel tcfchan#1.
