03:22:10 INFO  : Registering command handlers for SDK TCF services
03:22:12 INFO  : Launching XSCT server: xsct.bat -interactive C:\Users\aniru\Downloads\ELD_Labs-master\ELD_Labs-master\lab10_16\lab10_16.sdk\temp_xsdb_launch_script.tcl
03:22:19 INFO  : XSCT server has started successfully.
03:22:26 INFO  : Successfully done setting XSCT server connection channel  
03:22:26 INFO  : Successfully done setting SDK workspace  
03:22:26 INFO  : Processing command line option -hwspec C:/Users/aniru/Downloads/ELD_Labs-master/ELD_Labs-master/lab10_16/lab10_16.sdk/design_1_wrapper.hdf.
03:25:51 INFO  : Refreshed build settings on project lab10_16
03:31:17 INFO  : Connected through redirection to target on host '192.168.226.142' and port '63358'.
03:31:18 WARN  : SDK version '2019.1' doesn't match hw_server version '2024.1.0'. Some debug features may not work.
03:31:25 INFO  : Jtag cable 'Digilent Zed 210248A39C93' is selected.
03:31:25 INFO  : 'jtag frequency' command is executed.
03:31:25 INFO  : Sourcing of 'C:/Users/aniru/Downloads/ELD_Labs-master/ELD_Labs-master/lab10_16/lab10_16.sdk/design_1_wrapper_hw_platform_0/ps7_init.tcl' is done.
03:31:25 INFO  : Context for 'APU' is selected.
03:31:26 INFO  : System reset is completed.
03:31:30 INFO  : 'after 3000' command is executed.
03:31:30 INFO  : 'targets -set -filter {jtag_cable_name =~ "Digilent Zed 210248A39C93" && level==0} -index 1' command is executed.
03:31:38 INFO  : FPGA configured successfully with bitstream "C:/Users/aniru/Downloads/ELD_Labs-master/ELD_Labs-master/lab10_16/lab10_16.sdk/design_1_wrapper_hw_platform_0/design_1_wrapper.bit"
03:31:39 INFO  : Context for 'APU' is selected.
03:31:39 INFO  : Hardware design information is loaded from 'C:/Users/aniru/Downloads/ELD_Labs-master/ELD_Labs-master/lab10_16/lab10_16.sdk/design_1_wrapper_hw_platform_0/system.hdf'.
03:31:39 INFO  : 'configparams force-mem-access 1' command is executed.
03:31:39 INFO  : Context for 'APU' is selected.
03:32:08 INFO  : 'ps7_init' command is executed.
03:32:09 INFO  : 'ps7_post_config' command is executed.
03:32:09 INFO  : Context for processor 'ps7_cortexa9_0' is selected.
03:32:10 INFO  : The application 'C:/Users/aniru/Downloads/ELD_Labs-master/ELD_Labs-master/lab10_16/lab10_16.sdk/lab10_16/Debug/lab10_16.elf' is downloaded to processor 'ps7_cortexa9_0'.
03:32:10 INFO  : 'configparams force-mem-access 0' command is executed.
03:32:10 INFO  : ----------------XSDB Script----------------
connect -path [list tcp::1534 tcp:192.168.226.142:63358]
source C:/Users/aniru/Downloads/ELD_Labs-master/ELD_Labs-master/lab10_16/lab10_16.sdk/design_1_wrapper_hw_platform_0/ps7_init.tcl
targets -set -nocase -filter {name =~"APU*" && jtag_cable_name =~ "Digilent Zed 210248A39C93"} -index 0
rst -system
after 3000
targets -set -filter {jtag_cable_name =~ "Digilent Zed 210248A39C93" && level==0} -index 1
fpga -file C:/Users/aniru/Downloads/ELD_Labs-master/ELD_Labs-master/lab10_16/lab10_16.sdk/design_1_wrapper_hw_platform_0/design_1_wrapper.bit
targets -set -nocase -filter {name =~"APU*" && jtag_cable_name =~ "Digilent Zed 210248A39C93"} -index 0
loadhw -hw C:/Users/aniru/Downloads/ELD_Labs-master/ELD_Labs-master/lab10_16/lab10_16.sdk/design_1_wrapper_hw_platform_0/system.hdf -mem-ranges [list {0x40000000 0xbfffffff}]
configparams force-mem-access 1
targets -set -nocase -filter {name =~"APU*" && jtag_cable_name =~ "Digilent Zed 210248A39C93"} -index 0
ps7_init
ps7_post_config
targets -set -nocase -filter {name =~ "ARM*#0" && jtag_cable_name =~ "Digilent Zed 210248A39C93"} -index 0
dow C:/Users/aniru/Downloads/ELD_Labs-master/ELD_Labs-master/lab10_16/lab10_16.sdk/lab10_16/Debug/lab10_16.elf
configparams force-mem-access 0
----------------End of Script----------------

03:32:11 INFO  : Memory regions updated for context APU
03:32:11 INFO  : Context for processor 'ps7_cortexa9_0' is selected.
03:32:11 INFO  : 'con' command is executed.
03:32:11 INFO  : ----------------XSDB Script (After Launch)----------------
targets -set -nocase -filter {name =~ "ARM*#0" && jtag_cable_name =~ "Digilent Zed 210248A39C93"} -index 0
con
----------------End of Script----------------

03:32:11 INFO  : Launch script is exported to file 'C:\Users\aniru\Downloads\ELD_Labs-master\ELD_Labs-master\lab10_16\lab10_16.sdk\.sdk\launch_scripts\xilinx_c-c++_application_(system_debugger)\system_debugger_using_debug_lab10_16.elf_on_remotebd.tcl'
03:34:38 INFO  : Disconnected from the channel tcfchan#1.
03:34:39 INFO  : Connected through redirection to target on host '192.168.226.142' and port '63358'.
03:34:41 WARN  : SDK version '2019.1' doesn't match hw_server version '2024.1.0'. Some debug features may not work.
03:34:44 INFO  : Jtag cable 'Digilent Zed 210248A39C93' is selected.
03:34:44 INFO  : 'jtag frequency' command is executed.
03:34:44 INFO  : Sourcing of 'C:/Users/aniru/Downloads/ELD_Labs-master/ELD_Labs-master/lab10_16/lab10_16.sdk/design_1_wrapper_hw_platform_0/ps7_init.tcl' is done.
03:34:44 INFO  : Context for 'APU' is selected.
03:34:46 INFO  : System reset is completed.
03:34:49 INFO  : 'after 3000' command is executed.
03:34:49 INFO  : 'targets -set -filter {jtag_cable_name =~ "Digilent Zed 210248A39C93" && level==0} -index 1' command is executed.
03:34:56 INFO  : FPGA configured successfully with bitstream "C:/Users/aniru/Downloads/ELD_Labs-master/ELD_Labs-master/lab10_16/lab10_16.sdk/design_1_wrapper_hw_platform_0/design_1_wrapper.bit"
03:34:56 INFO  : Context for 'APU' is selected.
03:35:03 INFO  : Hardware design information is loaded from 'C:/Users/aniru/Downloads/ELD_Labs-master/ELD_Labs-master/lab10_16/lab10_16.sdk/design_1_wrapper_hw_platform_0/system.hdf'.
03:35:03 INFO  : 'configparams force-mem-access 1' command is executed.
03:35:04 INFO  : Context for 'APU' is selected.
03:35:32 INFO  : 'ps7_init' command is executed.
03:35:32 INFO  : 'ps7_post_config' command is executed.
03:35:32 INFO  : Context for processor 'ps7_cortexa9_0' is selected.
03:35:33 INFO  : The application 'C:/Users/aniru/Downloads/ELD_Labs-master/ELD_Labs-master/lab10_16/lab10_16.sdk/lab10_16/Debug/lab10_16.elf' is downloaded to processor 'ps7_cortexa9_0'.
03:35:33 INFO  : 'configparams force-mem-access 0' command is executed.
03:35:33 INFO  : ----------------XSDB Script----------------
connect -path [list tcp::1534 tcp:192.168.226.142:63358]
source C:/Users/aniru/Downloads/ELD_Labs-master/ELD_Labs-master/lab10_16/lab10_16.sdk/design_1_wrapper_hw_platform_0/ps7_init.tcl
targets -set -nocase -filter {name =~"APU*" && jtag_cable_name =~ "Digilent Zed 210248A39C93"} -index 0
rst -system
after 3000
targets -set -filter {jtag_cable_name =~ "Digilent Zed 210248A39C93" && level==0} -index 1
fpga -file C:/Users/aniru/Downloads/ELD_Labs-master/ELD_Labs-master/lab10_16/lab10_16.sdk/design_1_wrapper_hw_platform_0/design_1_wrapper.bit
targets -set -nocase -filter {name =~"APU*" && jtag_cable_name =~ "Digilent Zed 210248A39C93"} -index 0
loadhw -hw C:/Users/aniru/Downloads/ELD_Labs-master/ELD_Labs-master/lab10_16/lab10_16.sdk/design_1_wrapper_hw_platform_0/system.hdf -mem-ranges [list {0x40000000 0xbfffffff}]
configparams force-mem-access 1
targets -set -nocase -filter {name =~"APU*" && jtag_cable_name =~ "Digilent Zed 210248A39C93"} -index 0
ps7_init
ps7_post_config
targets -set -nocase -filter {name =~ "ARM*#0" && jtag_cable_name =~ "Digilent Zed 210248A39C93"} -index 0
dow C:/Users/aniru/Downloads/ELD_Labs-master/ELD_Labs-master/lab10_16/lab10_16.sdk/lab10_16/Debug/lab10_16.elf
configparams force-mem-access 0
----------------End of Script----------------

03:35:35 INFO  : Memory regions updated for context APU
03:35:35 INFO  : Context for processor 'ps7_cortexa9_0' is selected.
03:35:35 INFO  : 'con' command is executed.
03:35:35 INFO  : ----------------XSDB Script (After Launch)----------------
targets -set -nocase -filter {name =~ "ARM*#0" && jtag_cable_name =~ "Digilent Zed 210248A39C93"} -index 0
con
----------------End of Script----------------

03:35:35 INFO  : Launch script is exported to file 'C:\Users\aniru\Downloads\ELD_Labs-master\ELD_Labs-master\lab10_16\lab10_16.sdk\.sdk\launch_scripts\xilinx_c-c++_application_(system_debugger)\system_debugger_using_debug_lab10_16.elf_on_remotebd.tcl'
03:39:02 INFO  : Disconnected from the channel tcfchan#2.
03:39:04 INFO  : Connected through redirection to target on host '192.168.226.142' and port '63358'.
03:39:05 WARN  : SDK version '2019.1' doesn't match hw_server version '2024.1.0'. Some debug features may not work.
03:39:07 INFO  : Jtag cable 'Digilent Zed 210248A39C93' is selected.
03:39:08 INFO  : 'jtag frequency' command is executed.
03:39:08 INFO  : Sourcing of 'C:/Users/aniru/Downloads/ELD_Labs-master/ELD_Labs-master/lab10_16/lab10_16.sdk/design_1_wrapper_hw_platform_0/ps7_init.tcl' is done.
03:39:08 INFO  : Context for 'APU' is selected.
03:39:09 INFO  : System reset is completed.
03:39:12 INFO  : 'after 3000' command is executed.
03:39:13 INFO  : 'targets -set -filter {jtag_cable_name =~ "Digilent Zed 210248A39C93" && level==0} -index 1' command is executed.
03:39:20 INFO  : FPGA configured successfully with bitstream "C:/Users/aniru/Downloads/ELD_Labs-master/ELD_Labs-master/lab10_16/lab10_16.sdk/design_1_wrapper_hw_platform_0/design_1_wrapper.bit"
03:39:21 INFO  : Context for 'APU' is selected.
03:39:26 INFO  : Hardware design information is loaded from 'C:/Users/aniru/Downloads/ELD_Labs-master/ELD_Labs-master/lab10_16/lab10_16.sdk/design_1_wrapper_hw_platform_0/system.hdf'.
03:39:26 INFO  : 'configparams force-mem-access 1' command is executed.
03:39:26 INFO  : Context for 'APU' is selected.
03:39:54 INFO  : 'ps7_init' command is executed.
03:39:55 INFO  : 'ps7_post_config' command is executed.
03:39:55 INFO  : Context for processor 'ps7_cortexa9_0' is selected.
03:39:55 INFO  : The application 'C:/Users/aniru/Downloads/ELD_Labs-master/ELD_Labs-master/lab10_16/lab10_16.sdk/lab10_16/Debug/lab10_16.elf' is downloaded to processor 'ps7_cortexa9_0'.
03:39:55 INFO  : 'configparams force-mem-access 0' command is executed.
03:39:55 INFO  : ----------------XSDB Script----------------
connect -path [list tcp::1534 tcp:192.168.226.142:63358]
source C:/Users/aniru/Downloads/ELD_Labs-master/ELD_Labs-master/lab10_16/lab10_16.sdk/design_1_wrapper_hw_platform_0/ps7_init.tcl
targets -set -nocase -filter {name =~"APU*" && jtag_cable_name =~ "Digilent Zed 210248A39C93"} -index 0
rst -system
after 3000
targets -set -filter {jtag_cable_name =~ "Digilent Zed 210248A39C93" && level==0} -index 1
fpga -file C:/Users/aniru/Downloads/ELD_Labs-master/ELD_Labs-master/lab10_16/lab10_16.sdk/design_1_wrapper_hw_platform_0/design_1_wrapper.bit
targets -set -nocase -filter {name =~"APU*" && jtag_cable_name =~ "Digilent Zed 210248A39C93"} -index 0
loadhw -hw C:/Users/aniru/Downloads/ELD_Labs-master/ELD_Labs-master/lab10_16/lab10_16.sdk/design_1_wrapper_hw_platform_0/system.hdf -mem-ranges [list {0x40000000 0xbfffffff}]
configparams force-mem-access 1
targets -set -nocase -filter {name =~"APU*" && jtag_cable_name =~ "Digilent Zed 210248A39C93"} -index 0
ps7_init
ps7_post_config
targets -set -nocase -filter {name =~ "ARM*#0" && jtag_cable_name =~ "Digilent Zed 210248A39C93"} -index 0
dow C:/Users/aniru/Downloads/ELD_Labs-master/ELD_Labs-master/lab10_16/lab10_16.sdk/lab10_16/Debug/lab10_16.elf
configparams force-mem-access 0
----------------End of Script----------------

03:39:57 INFO  : Memory regions updated for context APU
03:39:57 INFO  : Context for processor 'ps7_cortexa9_0' is selected.
03:39:57 INFO  : 'con' command is executed.
03:39:57 INFO  : ----------------XSDB Script (After Launch)----------------
targets -set -nocase -filter {name =~ "ARM*#0" && jtag_cable_name =~ "Digilent Zed 210248A39C93"} -index 0
con
----------------End of Script----------------

03:39:57 INFO  : Launch script is exported to file 'C:\Users\aniru\Downloads\ELD_Labs-master\ELD_Labs-master\lab10_16\lab10_16.sdk\.sdk\launch_scripts\xilinx_c-c++_application_(system_debugger)\system_debugger_using_debug_lab10_16.elf_on_remotebd.tcl'
03:42:36 INFO  : Disconnected from the channel tcfchan#3.
03:42:38 INFO  : Connected through redirection to target on host '192.168.226.142' and port '63358'.
03:42:40 WARN  : SDK version '2019.1' doesn't match hw_server version '2024.1.0'. Some debug features may not work.
03:42:43 INFO  : Jtag cable 'Digilent Zed 210248A39C93' is selected.
03:42:43 INFO  : 'jtag frequency' command is executed.
03:42:43 INFO  : Sourcing of 'C:/Users/aniru/Downloads/ELD_Labs-master/ELD_Labs-master/lab10_16/lab10_16.sdk/design_1_wrapper_hw_platform_0/ps7_init.tcl' is done.
03:42:43 INFO  : Context for 'APU' is selected.
03:42:45 INFO  : System reset is completed.
03:42:48 INFO  : 'after 3000' command is executed.
03:42:49 INFO  : 'targets -set -filter {jtag_cable_name =~ "Digilent Zed 210248A39C93" && level==0} -index 1' command is executed.
03:42:55 INFO  : FPGA configured successfully with bitstream "C:/Users/aniru/Downloads/ELD_Labs-master/ELD_Labs-master/lab10_16/lab10_16.sdk/design_1_wrapper_hw_platform_0/design_1_wrapper.bit"
03:42:56 INFO  : Context for 'APU' is selected.
03:43:03 INFO  : Hardware design information is loaded from 'C:/Users/aniru/Downloads/ELD_Labs-master/ELD_Labs-master/lab10_16/lab10_16.sdk/design_1_wrapper_hw_platform_0/system.hdf'.
03:43:03 INFO  : 'configparams force-mem-access 1' command is executed.
03:43:03 INFO  : Context for 'APU' is selected.
03:43:31 INFO  : 'ps7_init' command is executed.
03:43:32 INFO  : 'ps7_post_config' command is executed.
03:43:32 INFO  : Context for processor 'ps7_cortexa9_0' is selected.
03:43:33 INFO  : The application 'C:/Users/aniru/Downloads/ELD_Labs-master/ELD_Labs-master/lab10_16/lab10_16.sdk/lab10_16/Debug/lab10_16.elf' is downloaded to processor 'ps7_cortexa9_0'.
03:43:33 INFO  : 'configparams force-mem-access 0' command is executed.
03:43:33 INFO  : ----------------XSDB Script----------------
connect -path [list tcp::1534 tcp:192.168.226.142:63358]
source C:/Users/aniru/Downloads/ELD_Labs-master/ELD_Labs-master/lab10_16/lab10_16.sdk/design_1_wrapper_hw_platform_0/ps7_init.tcl
targets -set -nocase -filter {name =~"APU*" && jtag_cable_name =~ "Digilent Zed 210248A39C93"} -index 0
rst -system
after 3000
targets -set -filter {jtag_cable_name =~ "Digilent Zed 210248A39C93" && level==0} -index 1
fpga -file C:/Users/aniru/Downloads/ELD_Labs-master/ELD_Labs-master/lab10_16/lab10_16.sdk/design_1_wrapper_hw_platform_0/design_1_wrapper.bit
targets -set -nocase -filter {name =~"APU*" && jtag_cable_name =~ "Digilent Zed 210248A39C93"} -index 0
loadhw -hw C:/Users/aniru/Downloads/ELD_Labs-master/ELD_Labs-master/lab10_16/lab10_16.sdk/design_1_wrapper_hw_platform_0/system.hdf -mem-ranges [list {0x40000000 0xbfffffff}]
configparams force-mem-access 1
targets -set -nocase -filter {name =~"APU*" && jtag_cable_name =~ "Digilent Zed 210248A39C93"} -index 0
ps7_init
ps7_post_config
targets -set -nocase -filter {name =~ "ARM*#0" && jtag_cable_name =~ "Digilent Zed 210248A39C93"} -index 0
dow C:/Users/aniru/Downloads/ELD_Labs-master/ELD_Labs-master/lab10_16/lab10_16.sdk/lab10_16/Debug/lab10_16.elf
configparams force-mem-access 0
----------------End of Script----------------

03:43:34 INFO  : Memory regions updated for context APU
03:43:34 INFO  : Context for processor 'ps7_cortexa9_0' is selected.
03:43:34 INFO  : 'con' command is executed.
03:43:34 INFO  : ----------------XSDB Script (After Launch)----------------
targets -set -nocase -filter {name =~ "ARM*#0" && jtag_cable_name =~ "Digilent Zed 210248A39C93"} -index 0
con
----------------End of Script----------------

03:43:34 INFO  : Launch script is exported to file 'C:\Users\aniru\Downloads\ELD_Labs-master\ELD_Labs-master\lab10_16\lab10_16.sdk\.sdk\launch_scripts\xilinx_c-c++_application_(system_debugger)\system_debugger_using_debug_lab10_16.elf_on_remotebd.tcl'
03:43:42 ERROR : (XSDB Server)invalid command name "jtagtemrinal"

03:45:07 WARN  : channel "tcfchan#4" closed
03:47:01 INFO  : Registering command handlers for SDK TCF services
03:47:05 INFO  : Launching XSCT server: xsct.bat -interactive C:\Users\aniru\Downloads\ELD_Labs-master\ELD_Labs-master\lab10_16\lab10_16.sdk\temp_xsdb_launch_script.tcl
03:47:11 INFO  : XSCT server has started successfully.
03:47:21 INFO  : Successfully done setting XSCT server connection channel  
03:47:21 INFO  : Successfully done setting SDK workspace  
03:47:21 INFO  : Processing command line option -hwspec C:/Users/aniru/Downloads/ELD_Labs-master/ELD_Labs-master/lab10_16/lab10_16.sdk/design_1_wrapper.hdf.
03:47:21 INFO  : Checking for hwspec changes in the project design_1_wrapper_hw_platform_0.
03:49:17 ERROR : Failed to redirect connection to hardware server on host '192.168.226.142' and port '63358'.
Reason: No connection could be made because the target machine actively refused it
03:49:17 INFO  : ----------------XSDB Script----------------
connect -path [list tcp::1534 tcp:192.168.226.142:63358]
----------------End of Script----------------

03:50:34 INFO  : Connected through redirection to target on host '192.168.226.142' and port '61116'.
03:50:36 WARN  : SDK version '2019.1' doesn't match hw_server version '2024.1.0'. Some debug features may not work.
03:50:38 INFO  : Jtag cable 'Digilent Zed 210248A39C93' is selected.
03:50:38 INFO  : 'jtag frequency' command is executed.
03:50:38 INFO  : Sourcing of 'C:/Users/aniru/Downloads/ELD_Labs-master/ELD_Labs-master/lab10_16/lab10_16.sdk/design_1_wrapper_hw_platform_0/ps7_init.tcl' is done.
03:50:38 INFO  : Context for 'APU' is selected.
03:50:39 INFO  : System reset is completed.
03:50:42 INFO  : 'after 3000' command is executed.
03:50:42 INFO  : 'targets -set -filter {jtag_cable_name =~ "Digilent Zed 210248A39C93" && level==0} -index 1' command is executed.
03:50:49 INFO  : FPGA configured successfully with bitstream "C:/Users/aniru/Downloads/ELD_Labs-master/ELD_Labs-master/lab10_16/lab10_16.sdk/design_1_wrapper_hw_platform_0/design_1_wrapper.bit"
03:50:49 INFO  : Context for 'APU' is selected.
03:50:49 INFO  : Hardware design information is loaded from 'C:/Users/aniru/Downloads/ELD_Labs-master/ELD_Labs-master/lab10_16/lab10_16.sdk/design_1_wrapper_hw_platform_0/system.hdf'.
03:50:49 INFO  : 'configparams force-mem-access 1' command is executed.
03:50:50 INFO  : Context for 'APU' is selected.
03:51:07 INFO  : 'ps7_init' command is executed.
03:51:07 INFO  : 'ps7_post_config' command is executed.
03:51:08 INFO  : Context for processor 'ps7_cortexa9_0' is selected.
03:51:08 INFO  : The application 'C:/Users/aniru/Downloads/ELD_Labs-master/ELD_Labs-master/lab10_16/lab10_16.sdk/lab10_16/Debug/lab10_16.elf' is downloaded to processor 'ps7_cortexa9_0'.
03:51:08 INFO  : 'configparams force-mem-access 0' command is executed.
03:51:08 INFO  : ----------------XSDB Script----------------
connect -path [list tcp::1534 tcp:192.168.226.142:61116]
source C:/Users/aniru/Downloads/ELD_Labs-master/ELD_Labs-master/lab10_16/lab10_16.sdk/design_1_wrapper_hw_platform_0/ps7_init.tcl
targets -set -nocase -filter {name =~"APU*" && jtag_cable_name =~ "Digilent Zed 210248A39C93"} -index 0
rst -system
after 3000
targets -set -filter {jtag_cable_name =~ "Digilent Zed 210248A39C93" && level==0} -index 1
fpga -file C:/Users/aniru/Downloads/ELD_Labs-master/ELD_Labs-master/lab10_16/lab10_16.sdk/design_1_wrapper_hw_platform_0/design_1_wrapper.bit
targets -set -nocase -filter {name =~"APU*" && jtag_cable_name =~ "Digilent Zed 210248A39C93"} -index 0
loadhw -hw C:/Users/aniru/Downloads/ELD_Labs-master/ELD_Labs-master/lab10_16/lab10_16.sdk/design_1_wrapper_hw_platform_0/system.hdf -mem-ranges [list {0x40000000 0xbfffffff}]
configparams force-mem-access 1
targets -set -nocase -filter {name =~"APU*" && jtag_cable_name =~ "Digilent Zed 210248A39C93"} -index 0
ps7_init
ps7_post_config
targets -set -nocase -filter {name =~ "ARM*#0" && jtag_cable_name =~ "Digilent Zed 210248A39C93"} -index 0
dow C:/Users/aniru/Downloads/ELD_Labs-master/ELD_Labs-master/lab10_16/lab10_16.sdk/lab10_16/Debug/lab10_16.elf
configparams force-mem-access 0
----------------End of Script----------------

03:51:09 INFO  : Memory regions updated for context APU
03:51:09 INFO  : Context for processor 'ps7_cortexa9_0' is selected.
03:51:09 INFO  : 'con' command is executed.
03:51:09 INFO  : ----------------XSDB Script (After Launch)----------------
targets -set -nocase -filter {name =~ "ARM*#0" && jtag_cable_name =~ "Digilent Zed 210248A39C93"} -index 0
con
----------------End of Script----------------

03:51:09 INFO  : Launch script is exported to file 'C:\Users\aniru\Downloads\ELD_Labs-master\ELD_Labs-master\lab10_16\lab10_16.sdk\.sdk\launch_scripts\xilinx_c-c++_application_(system_debugger)\system_debugger_using_debug_lab10_16.elf_on_remotebd.tcl'
03:53:18 INFO  : Disconnected from the channel tcfchan#2.
03:53:19 INFO  : Connected through redirection to target on host '192.168.226.142' and port '61116'.
03:53:21 WARN  : SDK version '2019.1' doesn't match hw_server version '2024.1.0'. Some debug features may not work.
03:53:24 INFO  : Jtag cable 'Digilent Zed 210248A39C93' is selected.
03:53:24 INFO  : 'jtag frequency' command is executed.
03:53:24 INFO  : Sourcing of 'C:/Users/aniru/Downloads/ELD_Labs-master/ELD_Labs-master/lab10_16/lab10_16.sdk/design_1_wrapper_hw_platform_0/ps7_init.tcl' is done.
03:53:24 INFO  : Context for 'APU' is selected.
03:53:25 INFO  : System reset is completed.
03:53:28 INFO  : 'after 3000' command is executed.
03:53:29 INFO  : 'targets -set -filter {jtag_cable_name =~ "Digilent Zed 210248A39C93" && level==0} -index 1' command is executed.
03:53:34 INFO  : FPGA configured successfully with bitstream "C:/Users/aniru/Downloads/ELD_Labs-master/ELD_Labs-master/lab10_16/lab10_16.sdk/design_1_wrapper_hw_platform_0/design_1_wrapper.bit"
03:53:35 INFO  : Context for 'APU' is selected.
03:53:40 INFO  : Hardware design information is loaded from 'C:/Users/aniru/Downloads/ELD_Labs-master/ELD_Labs-master/lab10_16/lab10_16.sdk/design_1_wrapper_hw_platform_0/system.hdf'.
03:53:40 INFO  : 'configparams force-mem-access 1' command is executed.
03:53:40 INFO  : Context for 'APU' is selected.
03:53:59 INFO  : 'ps7_init' command is executed.
03:54:00 INFO  : 'ps7_post_config' command is executed.
03:54:00 INFO  : Context for processor 'ps7_cortexa9_0' is selected.
03:54:01 INFO  : The application 'C:/Users/aniru/Downloads/ELD_Labs-master/ELD_Labs-master/lab10_16/lab10_16.sdk/lab10_16/Debug/lab10_16.elf' is downloaded to processor 'ps7_cortexa9_0'.
03:54:01 INFO  : 'configparams force-mem-access 0' command is executed.
03:54:01 INFO  : ----------------XSDB Script----------------
connect -path [list tcp::1534 tcp:192.168.226.142:61116]
source C:/Users/aniru/Downloads/ELD_Labs-master/ELD_Labs-master/lab10_16/lab10_16.sdk/design_1_wrapper_hw_platform_0/ps7_init.tcl
targets -set -nocase -filter {name =~"APU*" && jtag_cable_name =~ "Digilent Zed 210248A39C93"} -index 0
rst -system
after 3000
targets -set -filter {jtag_cable_name =~ "Digilent Zed 210248A39C93" && level==0} -index 1
fpga -file C:/Users/aniru/Downloads/ELD_Labs-master/ELD_Labs-master/lab10_16/lab10_16.sdk/design_1_wrapper_hw_platform_0/design_1_wrapper.bit
targets -set -nocase -filter {name =~"APU*" && jtag_cable_name =~ "Digilent Zed 210248A39C93"} -index 0
loadhw -hw C:/Users/aniru/Downloads/ELD_Labs-master/ELD_Labs-master/lab10_16/lab10_16.sdk/design_1_wrapper_hw_platform_0/system.hdf -mem-ranges [list {0x40000000 0xbfffffff}]
configparams force-mem-access 1
targets -set -nocase -filter {name =~"APU*" && jtag_cable_name =~ "Digilent Zed 210248A39C93"} -index 0
ps7_init
ps7_post_config
targets -set -nocase -filter {name =~ "ARM*#0" && jtag_cable_name =~ "Digilent Zed 210248A39C93"} -index 0
dow C:/Users/aniru/Downloads/ELD_Labs-master/ELD_Labs-master/lab10_16/lab10_16.sdk/lab10_16/Debug/lab10_16.elf
configparams force-mem-access 0
----------------End of Script----------------

03:54:01 INFO  : Memory regions updated for context APU
03:54:02 INFO  : Context for processor 'ps7_cortexa9_0' is selected.
03:54:02 INFO  : 'con' command is executed.
03:54:02 INFO  : ----------------XSDB Script (After Launch)----------------
targets -set -nocase -filter {name =~ "ARM*#0" && jtag_cable_name =~ "Digilent Zed 210248A39C93"} -index 0
con
----------------End of Script----------------

03:54:02 INFO  : Launch script is exported to file 'C:\Users\aniru\Downloads\ELD_Labs-master\ELD_Labs-master\lab10_16\lab10_16.sdk\.sdk\launch_scripts\xilinx_c-c++_application_(system_debugger)\system_debugger_using_debug_lab10_16.elf_on_remotebd.tcl'
03:57:53 INFO  : Disconnected from the channel tcfchan#3.
04:05:48 INFO  : Connected through redirection to target on host '192.168.226.142' and port '59146'.
04:05:49 WARN  : SDK version '2019.1' doesn't match hw_server version '2024.1.0'. Some debug features may not work.
04:05:53 INFO  : Jtag cable 'Digilent Zed 210248A39C93' is selected.
04:05:53 INFO  : 'jtag frequency' command is executed.
04:05:53 INFO  : Sourcing of 'C:/Users/aniru/Downloads/ELD_Labs-master/ELD_Labs-master/lab10_16/lab10_16.sdk/design_1_wrapper_hw_platform_0/ps7_init.tcl' is done.
04:05:53 INFO  : Context for 'APU' is selected.
04:05:54 INFO  : System reset is completed.
04:05:57 INFO  : 'after 3000' command is executed.
04:05:58 INFO  : 'targets -set -filter {jtag_cable_name =~ "Digilent Zed 210248A39C93" && level==0} -index 1' command is executed.
04:06:02 INFO  : FPGA configured successfully with bitstream "C:/Users/aniru/Downloads/ELD_Labs-master/ELD_Labs-master/lab10_16/lab10_16.sdk/design_1_wrapper_hw_platform_0/design_1_wrapper.bit"
04:06:03 INFO  : Context for 'APU' is selected.
04:06:03 INFO  : Hardware design information is loaded from 'C:/Users/aniru/Downloads/ELD_Labs-master/ELD_Labs-master/lab10_16/lab10_16.sdk/design_1_wrapper_hw_platform_0/system.hdf'.
04:06:03 INFO  : 'configparams force-mem-access 1' command is executed.
04:06:03 INFO  : Context for 'APU' is selected.
04:06:23 INFO  : 'ps7_init' command is executed.
04:06:24 INFO  : 'ps7_post_config' command is executed.
04:06:24 INFO  : Context for processor 'ps7_cortexa9_0' is selected.
04:06:24 INFO  : The application 'C:/Users/aniru/Downloads/ELD_Labs-master/ELD_Labs-master/lab10_16/lab10_16.sdk/lab10_16/Debug/lab10_16.elf' is downloaded to processor 'ps7_cortexa9_0'.
04:06:24 INFO  : 'configparams force-mem-access 0' command is executed.
04:06:24 INFO  : ----------------XSDB Script----------------
connect -path [list tcp::1534 tcp:192.168.226.142:59146]
source C:/Users/aniru/Downloads/ELD_Labs-master/ELD_Labs-master/lab10_16/lab10_16.sdk/design_1_wrapper_hw_platform_0/ps7_init.tcl
targets -set -nocase -filter {name =~"APU*" && jtag_cable_name =~ "Digilent Zed 210248A39C93"} -index 0
rst -system
after 3000
targets -set -filter {jtag_cable_name =~ "Digilent Zed 210248A39C93" && level==0} -index 1
fpga -file C:/Users/aniru/Downloads/ELD_Labs-master/ELD_Labs-master/lab10_16/lab10_16.sdk/design_1_wrapper_hw_platform_0/design_1_wrapper.bit
targets -set -nocase -filter {name =~"APU*" && jtag_cable_name =~ "Digilent Zed 210248A39C93"} -index 0
loadhw -hw C:/Users/aniru/Downloads/ELD_Labs-master/ELD_Labs-master/lab10_16/lab10_16.sdk/design_1_wrapper_hw_platform_0/system.hdf -mem-ranges [list {0x40000000 0xbfffffff}]
configparams force-mem-access 1
targets -set -nocase -filter {name =~"APU*" && jtag_cable_name =~ "Digilent Zed 210248A39C93"} -index 0
ps7_init
ps7_post_config
targets -set -nocase -filter {name =~ "ARM*#0" && jtag_cable_name =~ "Digilent Zed 210248A39C93"} -index 0
dow C:/Users/aniru/Downloads/ELD_Labs-master/ELD_Labs-master/lab10_16/lab10_16.sdk/lab10_16/Debug/lab10_16.elf
configparams force-mem-access 0
----------------End of Script----------------

04:06:25 INFO  : Memory regions updated for context APU
04:06:26 INFO  : Context for processor 'ps7_cortexa9_0' is selected.
04:06:26 INFO  : 'con' command is executed.
04:06:26 INFO  : ----------------XSDB Script (After Launch)----------------
targets -set -nocase -filter {name =~ "ARM*#0" && jtag_cable_name =~ "Digilent Zed 210248A39C93"} -index 0
con
----------------End of Script----------------

04:06:26 INFO  : Launch script is exported to file 'C:\Users\aniru\Downloads\ELD_Labs-master\ELD_Labs-master\lab10_16\lab10_16.sdk\.sdk\launch_scripts\xilinx_c-c++_application_(system_debugger)\system_debugger_using_debug_lab10_16.elf_on_remotebd.tcl'
04:10:10 INFO  : Disconnected from the channel tcfchan#4.
04:10:11 INFO  : Connected through redirection to target on host '192.168.226.142' and port '59146'.
04:10:12 WARN  : SDK version '2019.1' doesn't match hw_server version '2024.1.0'. Some debug features may not work.
04:10:14 INFO  : Jtag cable 'Digilent Zed 210248A39C93' is selected.
04:10:15 INFO  : 'jtag frequency' command is executed.
04:10:15 INFO  : Sourcing of 'C:/Users/aniru/Downloads/ELD_Labs-master/ELD_Labs-master/lab10_16/lab10_16.sdk/design_1_wrapper_hw_platform_0/ps7_init.tcl' is done.
04:10:15 INFO  : Context for 'APU' is selected.
04:10:16 INFO  : System reset is completed.
04:10:19 INFO  : 'after 3000' command is executed.
04:10:20 INFO  : 'targets -set -filter {jtag_cable_name =~ "Digilent Zed 210248A39C93" && level==0} -index 1' command is executed.
04:10:25 INFO  : FPGA configured successfully with bitstream "C:/Users/aniru/Downloads/ELD_Labs-master/ELD_Labs-master/lab10_16/lab10_16.sdk/design_1_wrapper_hw_platform_0/design_1_wrapper.bit"
04:10:25 INFO  : Context for 'APU' is selected.
04:10:30 INFO  : Hardware design information is loaded from 'C:/Users/aniru/Downloads/ELD_Labs-master/ELD_Labs-master/lab10_16/lab10_16.sdk/design_1_wrapper_hw_platform_0/system.hdf'.
04:10:30 INFO  : 'configparams force-mem-access 1' command is executed.
04:10:30 INFO  : Context for 'APU' is selected.
04:10:50 INFO  : 'ps7_init' command is executed.
04:10:51 INFO  : 'ps7_post_config' command is executed.
04:10:51 INFO  : Context for processor 'ps7_cortexa9_0' is selected.
04:10:51 INFO  : The application 'C:/Users/aniru/Downloads/ELD_Labs-master/ELD_Labs-master/lab10_16/lab10_16.sdk/lab10_16/Debug/lab10_16.elf' is downloaded to processor 'ps7_cortexa9_0'.
04:10:51 INFO  : 'configparams force-mem-access 0' command is executed.
04:10:51 INFO  : ----------------XSDB Script----------------
connect -path [list tcp::1534 tcp:192.168.226.142:59146]
source C:/Users/aniru/Downloads/ELD_Labs-master/ELD_Labs-master/lab10_16/lab10_16.sdk/design_1_wrapper_hw_platform_0/ps7_init.tcl
targets -set -nocase -filter {name =~"APU*" && jtag_cable_name =~ "Digilent Zed 210248A39C93"} -index 0
rst -system
after 3000
targets -set -filter {jtag_cable_name =~ "Digilent Zed 210248A39C93" && level==0} -index 1
fpga -file C:/Users/aniru/Downloads/ELD_Labs-master/ELD_Labs-master/lab10_16/lab10_16.sdk/design_1_wrapper_hw_platform_0/design_1_wrapper.bit
targets -set -nocase -filter {name =~"APU*" && jtag_cable_name =~ "Digilent Zed 210248A39C93"} -index 0
loadhw -hw C:/Users/aniru/Downloads/ELD_Labs-master/ELD_Labs-master/lab10_16/lab10_16.sdk/design_1_wrapper_hw_platform_0/system.hdf -mem-ranges [list {0x40000000 0xbfffffff}]
configparams force-mem-access 1
targets -set -nocase -filter {name =~"APU*" && jtag_cable_name =~ "Digilent Zed 210248A39C93"} -index 0
ps7_init
ps7_post_config
targets -set -nocase -filter {name =~ "ARM*#0" && jtag_cable_name =~ "Digilent Zed 210248A39C93"} -index 0
dow C:/Users/aniru/Downloads/ELD_Labs-master/ELD_Labs-master/lab10_16/lab10_16.sdk/lab10_16/Debug/lab10_16.elf
configparams force-mem-access 0
----------------End of Script----------------

04:10:52 INFO  : Memory regions updated for context APU
04:10:53 INFO  : Context for processor 'ps7_cortexa9_0' is selected.
04:10:53 INFO  : 'con' command is executed.
04:10:53 INFO  : ----------------XSDB Script (After Launch)----------------
targets -set -nocase -filter {name =~ "ARM*#0" && jtag_cable_name =~ "Digilent Zed 210248A39C93"} -index 0
con
----------------End of Script----------------

04:10:53 INFO  : Launch script is exported to file 'C:\Users\aniru\Downloads\ELD_Labs-master\ELD_Labs-master\lab10_16\lab10_16.sdk\.sdk\launch_scripts\xilinx_c-c++_application_(system_debugger)\system_debugger_using_debug_lab10_16.elf_on_remotebd.tcl'
04:12:25 INFO  : Disconnected from the channel tcfchan#5.
04:12:26 INFO  : Connected through redirection to target on host '192.168.226.142' and port '59146'.
04:12:28 WARN  : SDK version '2019.1' doesn't match hw_server version '2024.1.0'. Some debug features may not work.
04:12:30 INFO  : Jtag cable 'Digilent Zed 210248A39C93' is selected.
04:12:30 INFO  : 'jtag frequency' command is executed.
04:12:30 INFO  : Sourcing of 'C:/Users/aniru/Downloads/ELD_Labs-master/ELD_Labs-master/lab10_16/lab10_16.sdk/design_1_wrapper_hw_platform_0/ps7_init.tcl' is done.
04:12:30 INFO  : Context for 'APU' is selected.
04:12:31 INFO  : System reset is completed.
04:12:34 INFO  : 'after 3000' command is executed.
04:12:35 INFO  : 'targets -set -filter {jtag_cable_name =~ "Digilent Zed 210248A39C93" && level==0} -index 1' command is executed.
04:12:39 INFO  : FPGA configured successfully with bitstream "C:/Users/aniru/Downloads/ELD_Labs-master/ELD_Labs-master/lab10_16/lab10_16.sdk/design_1_wrapper_hw_platform_0/design_1_wrapper.bit"
04:12:39 INFO  : Context for 'APU' is selected.
04:12:44 INFO  : Hardware design information is loaded from 'C:/Users/aniru/Downloads/ELD_Labs-master/ELD_Labs-master/lab10_16/lab10_16.sdk/design_1_wrapper_hw_platform_0/system.hdf'.
04:12:44 INFO  : 'configparams force-mem-access 1' command is executed.
04:12:44 INFO  : Context for 'APU' is selected.
04:13:03 INFO  : 'ps7_init' command is executed.
04:13:04 INFO  : 'ps7_post_config' command is executed.
04:13:04 INFO  : Context for processor 'ps7_cortexa9_0' is selected.
04:13:05 INFO  : The application 'C:/Users/aniru/Downloads/ELD_Labs-master/ELD_Labs-master/lab10_16/lab10_16.sdk/lab10_16/Debug/lab10_16.elf' is downloaded to processor 'ps7_cortexa9_0'.
04:13:05 INFO  : 'configparams force-mem-access 0' command is executed.
04:13:05 INFO  : ----------------XSDB Script----------------
connect -path [list tcp::1534 tcp:192.168.226.142:59146]
source C:/Users/aniru/Downloads/ELD_Labs-master/ELD_Labs-master/lab10_16/lab10_16.sdk/design_1_wrapper_hw_platform_0/ps7_init.tcl
targets -set -nocase -filter {name =~"APU*" && jtag_cable_name =~ "Digilent Zed 210248A39C93"} -index 0
rst -system
after 3000
targets -set -filter {jtag_cable_name =~ "Digilent Zed 210248A39C93" && level==0} -index 1
fpga -file C:/Users/aniru/Downloads/ELD_Labs-master/ELD_Labs-master/lab10_16/lab10_16.sdk/design_1_wrapper_hw_platform_0/design_1_wrapper.bit
targets -set -nocase -filter {name =~"APU*" && jtag_cable_name =~ "Digilent Zed 210248A39C93"} -index 0
loadhw -hw C:/Users/aniru/Downloads/ELD_Labs-master/ELD_Labs-master/lab10_16/lab10_16.sdk/design_1_wrapper_hw_platform_0/system.hdf -mem-ranges [list {0x40000000 0xbfffffff}]
configparams force-mem-access 1
targets -set -nocase -filter {name =~"APU*" && jtag_cable_name =~ "Digilent Zed 210248A39C93"} -index 0
ps7_init
ps7_post_config
targets -set -nocase -filter {name =~ "ARM*#0" && jtag_cable_name =~ "Digilent Zed 210248A39C93"} -index 0
dow C:/Users/aniru/Downloads/ELD_Labs-master/ELD_Labs-master/lab10_16/lab10_16.sdk/lab10_16/Debug/lab10_16.elf
configparams force-mem-access 0
----------------End of Script----------------

04:13:05 INFO  : Memory regions updated for context APU
04:13:06 INFO  : Context for processor 'ps7_cortexa9_0' is selected.
04:13:06 INFO  : 'con' command is executed.
04:13:06 INFO  : ----------------XSDB Script (After Launch)----------------
targets -set -nocase -filter {name =~ "ARM*#0" && jtag_cable_name =~ "Digilent Zed 210248A39C93"} -index 0
con
----------------End of Script----------------

04:13:06 INFO  : Launch script is exported to file 'C:\Users\aniru\Downloads\ELD_Labs-master\ELD_Labs-master\lab10_16\lab10_16.sdk\.sdk\launch_scripts\xilinx_c-c++_application_(system_debugger)\system_debugger_using_debug_lab10_16.elf_on_remotebd.tcl'
04:15:12 WARN  : channel "tcfchan#6" closed
04:18:16 INFO  : Connected through redirection to target on host '192.168.226.142' and port '57014'.
04:18:17 WARN  : SDK version '2019.1' doesn't match hw_server version '2024.1.0'. Some debug features may not work.
04:18:45 INFO  : Jtag cable 'Digilent Zed 210248A39C93' is selected.
04:18:45 INFO  : 'jtag frequency' command is executed.
04:18:45 INFO  : Sourcing of 'C:/Users/aniru/Downloads/ELD_Labs-master/ELD_Labs-master/lab10_16/lab10_16.sdk/design_1_wrapper_hw_platform_0/ps7_init.tcl' is done.
04:18:45 INFO  : Context for 'APU' is selected.
04:18:46 INFO  : System reset is completed.
04:18:49 INFO  : 'after 3000' command is executed.
04:18:49 INFO  : 'targets -set -filter {jtag_cable_name =~ "Digilent Zed 210248A39C93" && level==0} -index 1' command is executed.
04:18:55 INFO  : FPGA configured successfully with bitstream "C:/Users/aniru/Downloads/ELD_Labs-master/ELD_Labs-master/lab10_16/lab10_16.sdk/design_1_wrapper_hw_platform_0/design_1_wrapper.bit"
04:18:55 INFO  : Context for 'APU' is selected.
04:18:55 INFO  : Hardware design information is loaded from 'C:/Users/aniru/Downloads/ELD_Labs-master/ELD_Labs-master/lab10_16/lab10_16.sdk/design_1_wrapper_hw_platform_0/system.hdf'.
04:18:55 INFO  : 'configparams force-mem-access 1' command is executed.
04:18:56 INFO  : Context for 'APU' is selected.
04:19:15 INFO  : 'ps7_init' command is executed.
04:19:15 INFO  : 'ps7_post_config' command is executed.
04:19:15 INFO  : Context for processor 'ps7_cortexa9_0' is selected.
04:19:16 INFO  : The application 'C:/Users/aniru/Downloads/ELD_Labs-master/ELD_Labs-master/lab10_16/lab10_16.sdk/lab10_16/Debug/lab10_16.elf' is downloaded to processor 'ps7_cortexa9_0'.
04:19:16 INFO  : 'configparams force-mem-access 0' command is executed.
04:19:16 INFO  : ----------------XSDB Script----------------
connect -path [list tcp::1534 tcp:192.168.226.142:57014]
source C:/Users/aniru/Downloads/ELD_Labs-master/ELD_Labs-master/lab10_16/lab10_16.sdk/design_1_wrapper_hw_platform_0/ps7_init.tcl
targets -set -nocase -filter {name =~"APU*" && jtag_cable_name =~ "Digilent Zed 210248A39C93"} -index 0
rst -system
after 3000
targets -set -filter {jtag_cable_name =~ "Digilent Zed 210248A39C93" && level==0} -index 1
fpga -file C:/Users/aniru/Downloads/ELD_Labs-master/ELD_Labs-master/lab10_16/lab10_16.sdk/design_1_wrapper_hw_platform_0/design_1_wrapper.bit
targets -set -nocase -filter {name =~"APU*" && jtag_cable_name =~ "Digilent Zed 210248A39C93"} -index 0
loadhw -hw C:/Users/aniru/Downloads/ELD_Labs-master/ELD_Labs-master/lab10_16/lab10_16.sdk/design_1_wrapper_hw_platform_0/system.hdf -mem-ranges [list {0x40000000 0xbfffffff}]
configparams force-mem-access 1
targets -set -nocase -filter {name =~"APU*" && jtag_cable_name =~ "Digilent Zed 210248A39C93"} -index 0
ps7_init
ps7_post_config
targets -set -nocase -filter {name =~ "ARM*#0" && jtag_cable_name =~ "Digilent Zed 210248A39C93"} -index 0
dow C:/Users/aniru/Downloads/ELD_Labs-master/ELD_Labs-master/lab10_16/lab10_16.sdk/lab10_16/Debug/lab10_16.elf
configparams force-mem-access 0
----------------End of Script----------------

04:19:17 INFO  : Memory regions updated for context APU
04:19:17 INFO  : Context for processor 'ps7_cortexa9_0' is selected.
04:19:17 INFO  : 'con' command is executed.
04:19:17 INFO  : ----------------XSDB Script (After Launch)----------------
targets -set -nocase -filter {name =~ "ARM*#0" && jtag_cable_name =~ "Digilent Zed 210248A39C93"} -index 0
con
----------------End of Script----------------

04:19:17 INFO  : Launch script is exported to file 'C:\Users\aniru\Downloads\ELD_Labs-master\ELD_Labs-master\lab10_16\lab10_16.sdk\.sdk\launch_scripts\xilinx_c-c++_application_(system_debugger)\system_debugger_using_debug_lab10_16.elf_on_remotebd.tcl'
04:20:06 INFO  : Disconnected from the channel tcfchan#7.
04:20:07 INFO  : Connected through redirection to target on host '192.168.226.142' and port '57014'.
04:20:08 WARN  : SDK version '2019.1' doesn't match hw_server version '2024.1.0'. Some debug features may not work.
04:20:19 INFO  : ----------------XSDB Script----------------
connect -path [list tcp::1534 tcp:192.168.226.142:57014]
----------------End of Script----------------

04:21:20 INFO  : Connected through redirection to target on host '192.168.226.142' and port '57014'.
04:21:20 WARN  : SDK version '2019.1' doesn't match hw_server version '2024.1.0'. Some debug features may not work.
04:21:22 INFO  : Jtag cable 'Digilent Zed 210248A39C93' is selected.
04:21:22 INFO  : 'jtag frequency' command is executed.
04:21:22 INFO  : Sourcing of 'C:/Users/aniru/Downloads/ELD_Labs-master/ELD_Labs-master/lab10_16/lab10_16.sdk/design_1_wrapper_hw_platform_0/ps7_init.tcl' is done.
04:21:22 INFO  : Context for 'APU' is selected.
04:21:23 INFO  : System reset is completed.
04:21:26 INFO  : 'after 3000' command is executed.
04:21:26 INFO  : 'targets -set -filter {jtag_cable_name =~ "Digilent Zed 210248A39C93" && level==0} -index 1' command is executed.
04:21:31 INFO  : FPGA configured successfully with bitstream "C:/Users/aniru/Downloads/ELD_Labs-master/ELD_Labs-master/lab10_16/lab10_16.sdk/design_1_wrapper_hw_platform_0/design_1_wrapper.bit"
04:21:31 INFO  : Context for 'APU' is selected.
04:21:32 INFO  : Hardware design information is loaded from 'C:/Users/aniru/Downloads/ELD_Labs-master/ELD_Labs-master/lab10_16/lab10_16.sdk/design_1_wrapper_hw_platform_0/system.hdf'.
04:21:32 INFO  : 'configparams force-mem-access 1' command is executed.
04:21:32 INFO  : Context for 'APU' is selected.
04:21:51 INFO  : 'ps7_init' command is executed.
04:21:51 INFO  : 'ps7_post_config' command is executed.
04:21:51 INFO  : Context for processor 'ps7_cortexa9_0' is selected.
04:21:52 INFO  : The application 'C:/Users/aniru/Downloads/ELD_Labs-master/ELD_Labs-master/lab10_16/lab10_16.sdk/lab10_16/Debug/lab10_16.elf' is downloaded to processor 'ps7_cortexa9_0'.
04:21:52 INFO  : 'configparams force-mem-access 0' command is executed.
04:21:52 INFO  : ----------------XSDB Script----------------
connect -path [list tcp::1534 tcp:192.168.226.142:57014]
source C:/Users/aniru/Downloads/ELD_Labs-master/ELD_Labs-master/lab10_16/lab10_16.sdk/design_1_wrapper_hw_platform_0/ps7_init.tcl
targets -set -nocase -filter {name =~"APU*" && jtag_cable_name =~ "Digilent Zed 210248A39C93"} -index 0
rst -system
after 3000
targets -set -filter {jtag_cable_name =~ "Digilent Zed 210248A39C93" && level==0} -index 1
fpga -file C:/Users/aniru/Downloads/ELD_Labs-master/ELD_Labs-master/lab10_16/lab10_16.sdk/design_1_wrapper_hw_platform_0/design_1_wrapper.bit
targets -set -nocase -filter {name =~"APU*" && jtag_cable_name =~ "Digilent Zed 210248A39C93"} -index 0
loadhw -hw C:/Users/aniru/Downloads/ELD_Labs-master/ELD_Labs-master/lab10_16/lab10_16.sdk/design_1_wrapper_hw_platform_0/system.hdf -mem-ranges [list {0x40000000 0xbfffffff}]
configparams force-mem-access 1
targets -set -nocase -filter {name =~"APU*" && jtag_cable_name =~ "Digilent Zed 210248A39C93"} -index 0
ps7_init
ps7_post_config
targets -set -nocase -filter {name =~ "ARM*#0" && jtag_cable_name =~ "Digilent Zed 210248A39C93"} -index 0
dow C:/Users/aniru/Downloads/ELD_Labs-master/ELD_Labs-master/lab10_16/lab10_16.sdk/lab10_16/Debug/lab10_16.elf
configparams force-mem-access 0
----------------End of Script----------------

04:21:53 INFO  : Memory regions updated for context APU
04:21:53 INFO  : Context for processor 'ps7_cortexa9_0' is selected.
04:21:53 INFO  : 'con' command is executed.
04:21:53 INFO  : ----------------XSDB Script (After Launch)----------------
targets -set -nocase -filter {name =~ "ARM*#0" && jtag_cable_name =~ "Digilent Zed 210248A39C93"} -index 0
con
----------------End of Script----------------

04:21:53 INFO  : Launch script is exported to file 'C:\Users\aniru\Downloads\ELD_Labs-master\ELD_Labs-master\lab10_16\lab10_16.sdk\.sdk\launch_scripts\xilinx_c-c++_application_(system_debugger)\system_debugger_using_debug_lab10_16.elf_on_remotebd.tcl'
04:23:29 INFO  : Disconnected from the channel tcfchan#8.
04:23:30 INFO  : Connected through redirection to target on host '192.168.226.142' and port '57014'.
04:23:33 WARN  : SDK version '2019.1' doesn't match hw_server version '2024.1.0'. Some debug features may not work.
04:23:35 INFO  : Jtag cable 'Digilent Zed 210248A39C93' is selected.
04:23:35 INFO  : 'jtag frequency' command is executed.
04:23:35 INFO  : Sourcing of 'C:/Users/aniru/Downloads/ELD_Labs-master/ELD_Labs-master/lab10_16/lab10_16.sdk/design_1_wrapper_hw_platform_0/ps7_init.tcl' is done.
04:23:35 INFO  : Context for 'APU' is selected.
04:23:36 INFO  : System reset is completed.
04:23:39 INFO  : 'after 3000' command is executed.
04:23:40 INFO  : 'targets -set -filter {jtag_cable_name =~ "Digilent Zed 210248A39C93" && level==0} -index 1' command is executed.
04:23:45 INFO  : FPGA configured successfully with bitstream "C:/Users/aniru/Downloads/ELD_Labs-master/ELD_Labs-master/lab10_16/lab10_16.sdk/design_1_wrapper_hw_platform_0/design_1_wrapper.bit"
04:23:45 INFO  : Context for 'APU' is selected.
04:23:56 INFO  : Hardware design information is loaded from 'C:/Users/aniru/Downloads/ELD_Labs-master/ELD_Labs-master/lab10_16/lab10_16.sdk/design_1_wrapper_hw_platform_0/system.hdf'.
04:23:56 INFO  : 'configparams force-mem-access 1' command is executed.
04:23:56 INFO  : Context for 'APU' is selected.
04:24:16 INFO  : 'ps7_init' command is executed.
04:24:17 INFO  : 'ps7_post_config' command is executed.
04:24:17 INFO  : Context for processor 'ps7_cortexa9_0' is selected.
04:24:17 INFO  : The application 'C:/Users/aniru/Downloads/ELD_Labs-master/ELD_Labs-master/lab10_16/lab10_16.sdk/lab10_16/Debug/lab10_16.elf' is downloaded to processor 'ps7_cortexa9_0'.
04:24:18 INFO  : 'configparams force-mem-access 0' command is executed.
04:24:18 INFO  : ----------------XSDB Script----------------
connect -path [list tcp::1534 tcp:192.168.226.142:57014]
source C:/Users/aniru/Downloads/ELD_Labs-master/ELD_Labs-master/lab10_16/lab10_16.sdk/design_1_wrapper_hw_platform_0/ps7_init.tcl
targets -set -nocase -filter {name =~"APU*" && jtag_cable_name =~ "Digilent Zed 210248A39C93"} -index 0
rst -system
after 3000
targets -set -filter {jtag_cable_name =~ "Digilent Zed 210248A39C93" && level==0} -index 1
fpga -file C:/Users/aniru/Downloads/ELD_Labs-master/ELD_Labs-master/lab10_16/lab10_16.sdk/design_1_wrapper_hw_platform_0/design_1_wrapper.bit
targets -set -nocase -filter {name =~"APU*" && jtag_cable_name =~ "Digilent Zed 210248A39C93"} -index 0
loadhw -hw C:/Users/aniru/Downloads/ELD_Labs-master/ELD_Labs-master/lab10_16/lab10_16.sdk/design_1_wrapper_hw_platform_0/system.hdf -mem-ranges [list {0x40000000 0xbfffffff}]
configparams force-mem-access 1
targets -set -nocase -filter {name =~"APU*" && jtag_cable_name =~ "Digilent Zed 210248A39C93"} -index 0
ps7_init
ps7_post_config
targets -set -nocase -filter {name =~ "ARM*#0" && jtag_cable_name =~ "Digilent Zed 210248A39C93"} -index 0
dow C:/Users/aniru/Downloads/ELD_Labs-master/ELD_Labs-master/lab10_16/lab10_16.sdk/lab10_16/Debug/lab10_16.elf
configparams force-mem-access 0
----------------End of Script----------------

04:24:18 INFO  : Memory regions updated for context APU
04:24:19 INFO  : Context for processor 'ps7_cortexa9_0' is selected.
04:24:19 INFO  : 'con' command is executed.
04:24:19 INFO  : ----------------XSDB Script (After Launch)----------------
targets -set -nocase -filter {name =~ "ARM*#0" && jtag_cable_name =~ "Digilent Zed 210248A39C93"} -index 0
con
----------------End of Script----------------

04:24:19 INFO  : Launch script is exported to file 'C:\Users\aniru\Downloads\ELD_Labs-master\ELD_Labs-master\lab10_16\lab10_16.sdk\.sdk\launch_scripts\xilinx_c-c++_application_(system_debugger)\system_debugger_using_debug_lab10_16.elf_on_remotebd.tcl'
04:26:25 INFO  : Disconnected from the channel tcfchan#9.
04:26:27 INFO  : Connected through redirection to target on host '192.168.226.142' and port '57014'.
04:26:27 WARN  : SDK version '2019.1' doesn't match hw_server version '2024.1.0'. Some debug features may not work.
04:26:38 INFO  : ----------------XSDB Script----------------
connect -path [list tcp::1534 tcp:192.168.226.142:57014]
----------------End of Script----------------

04:27:11 INFO  : Connected through redirection to target on host '192.168.226.142' and port '57014'.
04:27:11 WARN  : SDK version '2019.1' doesn't match hw_server version '2024.1.0'. Some debug features may not work.
04:27:12 INFO  : Jtag cable 'Digilent Zed 210248A39C93' is selected.
04:27:13 INFO  : 'jtag frequency' command is executed.
04:27:13 INFO  : Sourcing of 'C:/Users/aniru/Downloads/ELD_Labs-master/ELD_Labs-master/lab10_16/lab10_16.sdk/design_1_wrapper_hw_platform_0/ps7_init.tcl' is done.
04:27:13 INFO  : Context for 'APU' is selected.
04:27:14 INFO  : System reset is completed.
04:27:17 INFO  : 'after 3000' command is executed.
04:27:18 INFO  : 'targets -set -filter {jtag_cable_name =~ "Digilent Zed 210248A39C93" && level==0} -index 1' command is executed.
04:27:23 INFO  : FPGA configured successfully with bitstream "C:/Users/aniru/Downloads/ELD_Labs-master/ELD_Labs-master/lab10_16/lab10_16.sdk/design_1_wrapper_hw_platform_0/design_1_wrapper.bit"
04:27:23 INFO  : Context for 'APU' is selected.
04:27:23 INFO  : Hardware design information is loaded from 'C:/Users/aniru/Downloads/ELD_Labs-master/ELD_Labs-master/lab10_16/lab10_16.sdk/design_1_wrapper_hw_platform_0/system.hdf'.
04:27:23 INFO  : 'configparams force-mem-access 1' command is executed.
04:27:24 INFO  : Context for 'APU' is selected.
04:27:45 INFO  : 'ps7_init' command is executed.
04:27:46 INFO  : 'ps7_post_config' command is executed.
04:27:46 INFO  : Context for processor 'ps7_cortexa9_0' is selected.
04:27:46 INFO  : The application 'C:/Users/aniru/Downloads/ELD_Labs-master/ELD_Labs-master/lab10_16/lab10_16.sdk/lab10_16/Debug/lab10_16.elf' is downloaded to processor 'ps7_cortexa9_0'.
04:27:46 INFO  : 'configparams force-mem-access 0' command is executed.
04:27:46 INFO  : ----------------XSDB Script----------------
connect -path [list tcp::1534 tcp:192.168.226.142:57014]
source C:/Users/aniru/Downloads/ELD_Labs-master/ELD_Labs-master/lab10_16/lab10_16.sdk/design_1_wrapper_hw_platform_0/ps7_init.tcl
targets -set -nocase -filter {name =~"APU*" && jtag_cable_name =~ "Digilent Zed 210248A39C93"} -index 0
rst -system
after 3000
targets -set -filter {jtag_cable_name =~ "Digilent Zed 210248A39C93" && level==0} -index 1
fpga -file C:/Users/aniru/Downloads/ELD_Labs-master/ELD_Labs-master/lab10_16/lab10_16.sdk/design_1_wrapper_hw_platform_0/design_1_wrapper.bit
targets -set -nocase -filter {name =~"APU*" && jtag_cable_name =~ "Digilent Zed 210248A39C93"} -index 0
loadhw -hw C:/Users/aniru/Downloads/ELD_Labs-master/ELD_Labs-master/lab10_16/lab10_16.sdk/design_1_wrapper_hw_platform_0/system.hdf -mem-ranges [list {0x40000000 0xbfffffff}]
configparams force-mem-access 1
targets -set -nocase -filter {name =~"APU*" && jtag_cable_name =~ "Digilent Zed 210248A39C93"} -index 0
ps7_init
ps7_post_config
targets -set -nocase -filter {name =~ "ARM*#0" && jtag_cable_name =~ "Digilent Zed 210248A39C93"} -index 0
dow C:/Users/aniru/Downloads/ELD_Labs-master/ELD_Labs-master/lab10_16/lab10_16.sdk/lab10_16/Debug/lab10_16.elf
configparams force-mem-access 0
----------------End of Script----------------

04:27:47 INFO  : Memory regions updated for context APU
04:27:48 INFO  : Context for processor 'ps7_cortexa9_0' is selected.
04:27:48 INFO  : 'con' command is executed.
04:27:48 INFO  : ----------------XSDB Script (After Launch)----------------
targets -set -nocase -filter {name =~ "ARM*#0" && jtag_cable_name =~ "Digilent Zed 210248A39C93"} -index 0
con
----------------End of Script----------------

04:27:48 INFO  : Launch script is exported to file 'C:\Users\aniru\Downloads\ELD_Labs-master\ELD_Labs-master\lab10_16\lab10_16.sdk\.sdk\launch_scripts\xilinx_c-c++_application_(system_debugger)\system_debugger_using_debug_lab10_16.elf_on_remotebd.tcl'
04:30:05 WARN  : channel "tcfchan#10" closed
04:46:31 INFO  : Connected through redirection to target on host '192.168.226.142' and port '56454'.
04:46:32 WARN  : SDK version '2019.1' doesn't match hw_server version '2024.1.0'. Some debug features may not work.
04:46:38 INFO  : Jtag cable 'Digilent Zed 210248A39C93' is selected.
04:46:38 INFO  : 'jtag frequency' command is executed.
04:46:38 INFO  : Sourcing of 'C:/Users/aniru/Downloads/ELD_Labs-master/ELD_Labs-master/lab10_16/lab10_16.sdk/design_1_wrapper_hw_platform_0/ps7_init.tcl' is done.
04:46:38 INFO  : Context for 'APU' is selected.
04:46:39 INFO  : System reset is completed.
04:46:42 INFO  : 'after 3000' command is executed.
04:46:42 INFO  : 'targets -set -filter {jtag_cable_name =~ "Digilent Zed 210248A39C93" && level==0} -index 1' command is executed.
04:46:47 INFO  : FPGA configured successfully with bitstream "C:/Users/aniru/Downloads/ELD_Labs-master/ELD_Labs-master/lab10_16/lab10_16.sdk/design_1_wrapper_hw_platform_0/design_1_wrapper.bit"
04:46:47 INFO  : Context for 'APU' is selected.
04:46:48 INFO  : Hardware design information is loaded from 'C:/Users/aniru/Downloads/ELD_Labs-master/ELD_Labs-master/lab10_16/lab10_16.sdk/design_1_wrapper_hw_platform_0/system.hdf'.
04:46:48 INFO  : 'configparams force-mem-access 1' command is executed.
04:46:48 INFO  : Context for 'APU' is selected.
04:47:06 INFO  : 'ps7_init' command is executed.
04:47:07 INFO  : 'ps7_post_config' command is executed.
04:47:07 INFO  : Context for processor 'ps7_cortexa9_0' is selected.
04:47:07 INFO  : The application 'C:/Users/aniru/Downloads/ELD_Labs-master/ELD_Labs-master/lab10_16/lab10_16.sdk/lab10_16/Debug/lab10_16.elf' is downloaded to processor 'ps7_cortexa9_0'.
04:47:07 INFO  : 'configparams force-mem-access 0' command is executed.
04:47:07 INFO  : ----------------XSDB Script----------------
connect -path [list tcp::1534 tcp:192.168.226.142:56454]
source C:/Users/aniru/Downloads/ELD_Labs-master/ELD_Labs-master/lab10_16/lab10_16.sdk/design_1_wrapper_hw_platform_0/ps7_init.tcl
targets -set -nocase -filter {name =~"APU*" && jtag_cable_name =~ "Digilent Zed 210248A39C93"} -index 0
rst -system
after 3000
targets -set -filter {jtag_cable_name =~ "Digilent Zed 210248A39C93" && level==0} -index 1
fpga -file C:/Users/aniru/Downloads/ELD_Labs-master/ELD_Labs-master/lab10_16/lab10_16.sdk/design_1_wrapper_hw_platform_0/design_1_wrapper.bit
targets -set -nocase -filter {name =~"APU*" && jtag_cable_name =~ "Digilent Zed 210248A39C93"} -index 0
loadhw -hw C:/Users/aniru/Downloads/ELD_Labs-master/ELD_Labs-master/lab10_16/lab10_16.sdk/design_1_wrapper_hw_platform_0/system.hdf -mem-ranges [list {0x40000000 0xbfffffff}]
configparams force-mem-access 1
targets -set -nocase -filter {name =~"APU*" && jtag_cable_name =~ "Digilent Zed 210248A39C93"} -index 0
ps7_init
ps7_post_config
targets -set -nocase -filter {name =~ "ARM*#0" && jtag_cable_name =~ "Digilent Zed 210248A39C93"} -index 0
dow C:/Users/aniru/Downloads/ELD_Labs-master/ELD_Labs-master/lab10_16/lab10_16.sdk/lab10_16/Debug/lab10_16.elf
configparams force-mem-access 0
----------------End of Script----------------

04:47:08 INFO  : Memory regions updated for context APU
04:47:08 INFO  : Context for processor 'ps7_cortexa9_0' is selected.
04:47:09 INFO  : 'con' command is executed.
04:47:09 INFO  : ----------------XSDB Script (After Launch)----------------
targets -set -nocase -filter {name =~ "ARM*#0" && jtag_cable_name =~ "Digilent Zed 210248A39C93"} -index 0
con
----------------End of Script----------------

04:47:09 INFO  : Launch script is exported to file 'C:\Users\aniru\Downloads\ELD_Labs-master\ELD_Labs-master\lab10_16\lab10_16.sdk\.sdk\launch_scripts\xilinx_c-c++_application_(system_debugger)\system_debugger_using_debug_lab10_16.elf_on_remotebd.tcl'
04:48:02 INFO  : Disconnected from the channel tcfchan#11.
04:48:04 INFO  : Connected through redirection to target on host '192.168.226.142' and port '56454'.
04:48:06 WARN  : SDK version '2019.1' doesn't match hw_server version '2024.1.0'. Some debug features may not work.
04:48:08 INFO  : Jtag cable 'Digilent Zed 210248A39C93' is selected.
04:48:08 INFO  : 'jtag frequency' command is executed.
04:48:08 INFO  : Sourcing of 'C:/Users/aniru/Downloads/ELD_Labs-master/ELD_Labs-master/lab10_16/lab10_16.sdk/design_1_wrapper_hw_platform_0/ps7_init.tcl' is done.
04:48:09 INFO  : Context for 'APU' is selected.
04:48:10 INFO  : System reset is completed.
04:48:13 INFO  : 'after 3000' command is executed.
04:48:13 INFO  : 'targets -set -filter {jtag_cable_name =~ "Digilent Zed 210248A39C93" && level==0} -index 1' command is executed.
04:48:19 INFO  : FPGA configured successfully with bitstream "C:/Users/aniru/Downloads/ELD_Labs-master/ELD_Labs-master/lab10_16/lab10_16.sdk/design_1_wrapper_hw_platform_0/design_1_wrapper.bit"
04:48:20 INFO  : Context for 'APU' is selected.
04:48:25 INFO  : Hardware design information is loaded from 'C:/Users/aniru/Downloads/ELD_Labs-master/ELD_Labs-master/lab10_16/lab10_16.sdk/design_1_wrapper_hw_platform_0/system.hdf'.
04:48:25 INFO  : 'configparams force-mem-access 1' command is executed.
04:48:25 INFO  : Context for 'APU' is selected.
04:48:44 INFO  : 'ps7_init' command is executed.
04:48:44 INFO  : 'ps7_post_config' command is executed.
04:48:44 INFO  : Context for processor 'ps7_cortexa9_0' is selected.
04:48:45 INFO  : The application 'C:/Users/aniru/Downloads/ELD_Labs-master/ELD_Labs-master/lab10_16/lab10_16.sdk/lab10_16/Debug/lab10_16.elf' is downloaded to processor 'ps7_cortexa9_0'.
04:48:45 INFO  : 'configparams force-mem-access 0' command is executed.
04:48:45 INFO  : ----------------XSDB Script----------------
connect -path [list tcp::1534 tcp:192.168.226.142:56454]
source C:/Users/aniru/Downloads/ELD_Labs-master/ELD_Labs-master/lab10_16/lab10_16.sdk/design_1_wrapper_hw_platform_0/ps7_init.tcl
targets -set -nocase -filter {name =~"APU*" && jtag_cable_name =~ "Digilent Zed 210248A39C93"} -index 0
rst -system
after 3000
targets -set -filter {jtag_cable_name =~ "Digilent Zed 210248A39C93" && level==0} -index 1
fpga -file C:/Users/aniru/Downloads/ELD_Labs-master/ELD_Labs-master/lab10_16/lab10_16.sdk/design_1_wrapper_hw_platform_0/design_1_wrapper.bit
targets -set -nocase -filter {name =~"APU*" && jtag_cable_name =~ "Digilent Zed 210248A39C93"} -index 0
loadhw -hw C:/Users/aniru/Downloads/ELD_Labs-master/ELD_Labs-master/lab10_16/lab10_16.sdk/design_1_wrapper_hw_platform_0/system.hdf -mem-ranges [list {0x40000000 0xbfffffff}]
configparams force-mem-access 1
targets -set -nocase -filter {name =~"APU*" && jtag_cable_name =~ "Digilent Zed 210248A39C93"} -index 0
ps7_init
ps7_post_config
targets -set -nocase -filter {name =~ "ARM*#0" && jtag_cable_name =~ "Digilent Zed 210248A39C93"} -index 0
dow C:/Users/aniru/Downloads/ELD_Labs-master/ELD_Labs-master/lab10_16/lab10_16.sdk/lab10_16/Debug/lab10_16.elf
configparams force-mem-access 0
----------------End of Script----------------

04:48:46 INFO  : Memory regions updated for context APU
04:48:46 INFO  : Context for processor 'ps7_cortexa9_0' is selected.
04:48:46 INFO  : 'con' command is executed.
04:48:46 INFO  : ----------------XSDB Script (After Launch)----------------
targets -set -nocase -filter {name =~ "ARM*#0" && jtag_cable_name =~ "Digilent Zed 210248A39C93"} -index 0
con
----------------End of Script----------------

04:48:46 INFO  : Launch script is exported to file 'C:\Users\aniru\Downloads\ELD_Labs-master\ELD_Labs-master\lab10_16\lab10_16.sdk\.sdk\launch_scripts\xilinx_c-c++_application_(system_debugger)\system_debugger_using_debug_lab10_16.elf_on_remotebd.tcl'
04:54:44 INFO  : Disconnected from the channel tcfchan#12.
04:54:45 INFO  : Connected through redirection to target on host '192.168.226.142' and port '56454'.
04:54:45 WARN  : SDK version '2019.1' doesn't match hw_server version '2024.1.0'. Some debug features may not work.
04:54:48 INFO  : Jtag cable 'Digilent Zed 210248A39C93' is selected.
04:54:48 INFO  : 'jtag frequency' command is executed.
04:54:48 INFO  : Sourcing of 'C:/Users/aniru/Downloads/ELD_Labs-master/ELD_Labs-master/lab10_16/lab10_16.sdk/design_1_wrapper_hw_platform_0/ps7_init.tcl' is done.
04:54:48 INFO  : Context for 'APU' is selected.
04:54:49 INFO  : System reset is completed.
04:54:52 INFO  : 'after 3000' command is executed.
04:54:53 INFO  : 'targets -set -filter {jtag_cable_name =~ "Digilent Zed 210248A39C93" && level==0} -index 1' command is executed.
04:54:58 INFO  : FPGA configured successfully with bitstream "C:/Users/aniru/Downloads/ELD_Labs-master/ELD_Labs-master/lab10_16/lab10_16.sdk/design_1_wrapper_hw_platform_0/design_1_wrapper.bit"
04:54:58 INFO  : Context for 'APU' is selected.
04:55:04 INFO  : Hardware design information is loaded from 'C:/Users/aniru/Downloads/ELD_Labs-master/ELD_Labs-master/lab10_16/lab10_16.sdk/design_1_wrapper_hw_platform_0/system.hdf'.
04:55:04 ERROR : (XSDB Server)Target doesn't support Jtag Uart

04:55:04 INFO  : 'configparams force-mem-access 1' command is executed.
04:55:04 INFO  : Context for 'APU' is selected.
04:55:24 INFO  : 'ps7_init' command is executed.
04:55:25 INFO  : 'ps7_post_config' command is executed.
04:55:25 INFO  : Context for processor 'ps7_cortexa9_0' is selected.
04:55:25 INFO  : The application 'C:/Users/aniru/Downloads/ELD_Labs-master/ELD_Labs-master/lab10_16/lab10_16.sdk/lab10_16/Debug/lab10_16.elf' is downloaded to processor 'ps7_cortexa9_0'.
04:55:25 INFO  : 'configparams force-mem-access 0' command is executed.
04:55:25 INFO  : ----------------XSDB Script----------------
connect -path [list tcp::1534 tcp:192.168.226.142:56454]
source C:/Users/aniru/Downloads/ELD_Labs-master/ELD_Labs-master/lab10_16/lab10_16.sdk/design_1_wrapper_hw_platform_0/ps7_init.tcl
targets -set -nocase -filter {name =~"APU*" && jtag_cable_name =~ "Digilent Zed 210248A39C93"} -index 0
rst -system
after 3000
targets -set -filter {jtag_cable_name =~ "Digilent Zed 210248A39C93" && level==0} -index 1
fpga -file C:/Users/aniru/Downloads/ELD_Labs-master/ELD_Labs-master/lab10_16/lab10_16.sdk/design_1_wrapper_hw_platform_0/design_1_wrapper.bit
targets -set -nocase -filter {name =~"APU*" && jtag_cable_name =~ "Digilent Zed 210248A39C93"} -index 0
loadhw -hw C:/Users/aniru/Downloads/ELD_Labs-master/ELD_Labs-master/lab10_16/lab10_16.sdk/design_1_wrapper_hw_platform_0/system.hdf -mem-ranges [list {0x40000000 0xbfffffff}]
configparams force-mem-access 1
targets -set -nocase -filter {name =~"APU*" && jtag_cable_name =~ "Digilent Zed 210248A39C93"} -index 0
ps7_init
ps7_post_config
targets -set -nocase -filter {name =~ "ARM*#0" && jtag_cable_name =~ "Digilent Zed 210248A39C93"} -index 0
dow C:/Users/aniru/Downloads/ELD_Labs-master/ELD_Labs-master/lab10_16/lab10_16.sdk/lab10_16/Debug/lab10_16.elf
configparams force-mem-access 0
----------------End of Script----------------

04:55:26 INFO  : Memory regions updated for context APU
04:55:27 INFO  : Context for processor 'ps7_cortexa9_0' is selected.
04:55:27 INFO  : 'con' command is executed.
04:55:27 INFO  : ----------------XSDB Script (After Launch)----------------
targets -set -nocase -filter {name =~ "ARM*#0" && jtag_cable_name =~ "Digilent Zed 210248A39C93"} -index 0
con
----------------End of Script----------------

04:55:27 INFO  : Launch script is exported to file 'C:\Users\aniru\Downloads\ELD_Labs-master\ELD_Labs-master\lab10_16\lab10_16.sdk\.sdk\launch_scripts\xilinx_c-c++_application_(system_debugger)\system_debugger_using_debug_lab10_16.elf_on_remotebd.tcl'
05:00:05 WARN  : channel "tcfchan#13" closed
12:49:54 INFO  : Connected through redirection to target on host '192.168.226.142' and port '51398'.
12:49:56 WARN  : SDK version '2019.1' doesn't match hw_server version '2024.1.0'. Some debug features may not work.
12:49:58 INFO  : Jtag cable 'Digilent Zed 210248A39C93' is selected.
12:49:58 INFO  : 'jtag frequency' command is executed.
12:49:58 INFO  : Sourcing of 'C:/Users/aniru/Downloads/ELD_Labs-master/ELD_Labs-master/lab10_16/lab10_16.sdk/design_1_wrapper_hw_platform_0/ps7_init.tcl' is done.
12:49:58 INFO  : Context for 'APU' is selected.
12:49:59 INFO  : System reset is completed.
12:50:02 INFO  : 'after 3000' command is executed.
12:50:02 INFO  : 'targets -set -filter {jtag_cable_name =~ "Digilent Zed 210248A39C93" && level==0} -index 1' command is executed.
12:50:07 INFO  : FPGA configured successfully with bitstream "C:/Users/aniru/Downloads/ELD_Labs-master/ELD_Labs-master/lab10_16/lab10_16.sdk/design_1_wrapper_hw_platform_0/design_1_wrapper.bit"
12:50:07 INFO  : Context for 'APU' is selected.
12:50:07 INFO  : Hardware design information is loaded from 'C:/Users/aniru/Downloads/ELD_Labs-master/ELD_Labs-master/lab10_16/lab10_16.sdk/design_1_wrapper_hw_platform_0/system.hdf'.
12:50:07 INFO  : 'configparams force-mem-access 1' command is executed.
12:50:08 INFO  : Context for 'APU' is selected.
12:50:31 INFO  : 'ps7_init' command is executed.
12:50:32 INFO  : 'ps7_post_config' command is executed.
12:50:32 INFO  : Context for processor 'ps7_cortexa9_0' is selected.
12:50:33 INFO  : The application 'C:/Users/aniru/Downloads/ELD_Labs-master/ELD_Labs-master/lab10_16/lab10_16.sdk/lab10_16/Debug/lab10_16.elf' is downloaded to processor 'ps7_cortexa9_0'.
12:50:33 INFO  : 'configparams force-mem-access 0' command is executed.
12:50:33 INFO  : ----------------XSDB Script----------------
connect -path [list tcp::1534 tcp:192.168.226.142:51398]
source C:/Users/aniru/Downloads/ELD_Labs-master/ELD_Labs-master/lab10_16/lab10_16.sdk/design_1_wrapper_hw_platform_0/ps7_init.tcl
targets -set -nocase -filter {name =~"APU*" && jtag_cable_name =~ "Digilent Zed 210248A39C93"} -index 0
rst -system
after 3000
targets -set -filter {jtag_cable_name =~ "Digilent Zed 210248A39C93" && level==0} -index 1
fpga -file C:/Users/aniru/Downloads/ELD_Labs-master/ELD_Labs-master/lab10_16/lab10_16.sdk/design_1_wrapper_hw_platform_0/design_1_wrapper.bit
targets -set -nocase -filter {name =~"APU*" && jtag_cable_name =~ "Digilent Zed 210248A39C93"} -index 0
loadhw -hw C:/Users/aniru/Downloads/ELD_Labs-master/ELD_Labs-master/lab10_16/lab10_16.sdk/design_1_wrapper_hw_platform_0/system.hdf -mem-ranges [list {0x40000000 0xbfffffff}]
configparams force-mem-access 1
targets -set -nocase -filter {name =~"APU*" && jtag_cable_name =~ "Digilent Zed 210248A39C93"} -index 0
ps7_init
ps7_post_config
targets -set -nocase -filter {name =~ "ARM*#0" && jtag_cable_name =~ "Digilent Zed 210248A39C93"} -index 0
dow C:/Users/aniru/Downloads/ELD_Labs-master/ELD_Labs-master/lab10_16/lab10_16.sdk/lab10_16/Debug/lab10_16.elf
configparams force-mem-access 0
----------------End of Script----------------

12:50:36 INFO  : Memory regions updated for context APU
12:50:36 INFO  : Context for processor 'ps7_cortexa9_0' is selected.
12:50:36 INFO  : 'con' command is executed.
12:50:36 INFO  : ----------------XSDB Script (After Launch)----------------
targets -set -nocase -filter {name =~ "ARM*#0" && jtag_cable_name =~ "Digilent Zed 210248A39C93"} -index 0
con
----------------End of Script----------------

12:50:36 INFO  : Launch script is exported to file 'C:\Users\aniru\Downloads\ELD_Labs-master\ELD_Labs-master\lab10_16\lab10_16.sdk\.sdk\launch_scripts\xilinx_c-c++_application_(system_debugger)\system_debugger_using_debug_lab10_16.elf_on_remotebd.tcl'
12:51:58 INFO  : Disconnected from the channel tcfchan#14.
12:51:59 INFO  : Connected through redirection to target on host '192.168.226.142' and port '51398'.
12:52:00 WARN  : SDK version '2019.1' doesn't match hw_server version '2024.1.0'. Some debug features may not work.
12:52:13 INFO  : Jtag cable 'Digilent Zed 210248A39C93' is selected.
12:52:13 INFO  : 'jtag frequency' command is executed.
12:52:13 INFO  : Sourcing of 'C:/Users/aniru/Downloads/ELD_Labs-master/ELD_Labs-master/lab10_16/lab10_16.sdk/design_1_wrapper_hw_platform_0/ps7_init.tcl' is done.
12:52:13 INFO  : Context for 'APU' is selected.
12:52:14 INFO  : System reset is completed.
12:52:17 INFO  : 'after 3000' command is executed.
12:52:18 INFO  : 'targets -set -filter {jtag_cable_name =~ "Digilent Zed 210248A39C93" && level==0} -index 1' command is executed.
12:52:23 INFO  : FPGA configured successfully with bitstream "C:/Users/aniru/Downloads/ELD_Labs-master/ELD_Labs-master/lab10_16/lab10_16.sdk/design_1_wrapper_hw_platform_0/design_1_wrapper.bit"
12:52:23 INFO  : Context for 'APU' is selected.
12:52:28 INFO  : Hardware design information is loaded from 'C:/Users/aniru/Downloads/ELD_Labs-master/ELD_Labs-master/lab10_16/lab10_16.sdk/design_1_wrapper_hw_platform_0/system.hdf'.
12:52:28 INFO  : 'configparams force-mem-access 1' command is executed.
12:52:28 INFO  : Context for 'APU' is selected.
12:52:49 INFO  : 'ps7_init' command is executed.
12:52:49 INFO  : 'ps7_post_config' command is executed.
12:52:50 INFO  : Context for processor 'ps7_cortexa9_0' is selected.
12:52:50 INFO  : The application 'C:/Users/aniru/Downloads/ELD_Labs-master/ELD_Labs-master/lab10_16/lab10_16.sdk/lab10_16/Debug/lab10_16.elf' is downloaded to processor 'ps7_cortexa9_0'.
12:52:50 INFO  : 'configparams force-mem-access 0' command is executed.
12:52:50 INFO  : ----------------XSDB Script----------------
connect -path [list tcp::1534 tcp:192.168.226.142:51398]
source C:/Users/aniru/Downloads/ELD_Labs-master/ELD_Labs-master/lab10_16/lab10_16.sdk/design_1_wrapper_hw_platform_0/ps7_init.tcl
targets -set -nocase -filter {name =~"APU*" && jtag_cable_name =~ "Digilent Zed 210248A39C93"} -index 0
rst -system
after 3000
targets -set -filter {jtag_cable_name =~ "Digilent Zed 210248A39C93" && level==0} -index 1
fpga -file C:/Users/aniru/Downloads/ELD_Labs-master/ELD_Labs-master/lab10_16/lab10_16.sdk/design_1_wrapper_hw_platform_0/design_1_wrapper.bit
targets -set -nocase -filter {name =~"APU*" && jtag_cable_name =~ "Digilent Zed 210248A39C93"} -index 0
loadhw -hw C:/Users/aniru/Downloads/ELD_Labs-master/ELD_Labs-master/lab10_16/lab10_16.sdk/design_1_wrapper_hw_platform_0/system.hdf -mem-ranges [list {0x40000000 0xbfffffff}]
configparams force-mem-access 1
targets -set -nocase -filter {name =~"APU*" && jtag_cable_name =~ "Digilent Zed 210248A39C93"} -index 0
ps7_init
ps7_post_config
targets -set -nocase -filter {name =~ "ARM*#0" && jtag_cable_name =~ "Digilent Zed 210248A39C93"} -index 0
dow C:/Users/aniru/Downloads/ELD_Labs-master/ELD_Labs-master/lab10_16/lab10_16.sdk/lab10_16/Debug/lab10_16.elf
configparams force-mem-access 0
----------------End of Script----------------

12:52:51 INFO  : Memory regions updated for context APU
12:52:51 INFO  : Context for processor 'ps7_cortexa9_0' is selected.
12:52:51 INFO  : 'con' command is executed.
12:52:51 INFO  : ----------------XSDB Script (After Launch)----------------
targets -set -nocase -filter {name =~ "ARM*#0" && jtag_cable_name =~ "Digilent Zed 210248A39C93"} -index 0
con
----------------End of Script----------------

12:52:51 INFO  : Launch script is exported to file 'C:\Users\aniru\Downloads\ELD_Labs-master\ELD_Labs-master\lab10_16\lab10_16.sdk\.sdk\launch_scripts\xilinx_c-c++_application_(system_debugger)\system_debugger_using_debug_lab10_16.elf_on_remotebd.tcl'
12:53:37 INFO  : Disconnected from the channel tcfchan#15.
12:53:38 INFO  : Connected through redirection to target on host '192.168.226.142' and port '51398'.
12:53:38 WARN  : SDK version '2019.1' doesn't match hw_server version '2024.1.0'. Some debug features may not work.
12:53:41 INFO  : Jtag cable 'Digilent Zed 210248A39C93' is selected.
12:53:41 INFO  : 'jtag frequency' command is executed.
12:53:41 INFO  : Sourcing of 'C:/Users/aniru/Downloads/ELD_Labs-master/ELD_Labs-master/lab10_16/lab10_16.sdk/design_1_wrapper_hw_platform_0/ps7_init.tcl' is done.
12:53:41 INFO  : Context for 'APU' is selected.
12:53:43 INFO  : System reset is completed.
12:53:46 INFO  : 'after 3000' command is executed.
12:53:46 INFO  : 'targets -set -filter {jtag_cable_name =~ "Digilent Zed 210248A39C93" && level==0} -index 1' command is executed.
12:53:51 INFO  : FPGA configured successfully with bitstream "C:/Users/aniru/Downloads/ELD_Labs-master/ELD_Labs-master/lab10_16/lab10_16.sdk/design_1_wrapper_hw_platform_0/design_1_wrapper.bit"
12:53:51 INFO  : Context for 'APU' is selected.
12:53:56 INFO  : Hardware design information is loaded from 'C:/Users/aniru/Downloads/ELD_Labs-master/ELD_Labs-master/lab10_16/lab10_16.sdk/design_1_wrapper_hw_platform_0/system.hdf'.
12:53:56 INFO  : 'configparams force-mem-access 1' command is executed.
12:53:56 INFO  : Context for 'APU' is selected.
12:54:17 INFO  : 'ps7_init' command is executed.
12:54:17 INFO  : 'ps7_post_config' command is executed.
12:54:17 INFO  : Context for processor 'ps7_cortexa9_0' is selected.
12:54:18 INFO  : The application 'C:/Users/aniru/Downloads/ELD_Labs-master/ELD_Labs-master/lab10_16/lab10_16.sdk/lab10_16/Debug/lab10_16.elf' is downloaded to processor 'ps7_cortexa9_0'.
12:54:18 INFO  : 'configparams force-mem-access 0' command is executed.
12:54:18 INFO  : ----------------XSDB Script----------------
connect -path [list tcp::1534 tcp:192.168.226.142:51398]
source C:/Users/aniru/Downloads/ELD_Labs-master/ELD_Labs-master/lab10_16/lab10_16.sdk/design_1_wrapper_hw_platform_0/ps7_init.tcl
targets -set -nocase -filter {name =~"APU*" && jtag_cable_name =~ "Digilent Zed 210248A39C93"} -index 0
rst -system
after 3000
targets -set -filter {jtag_cable_name =~ "Digilent Zed 210248A39C93" && level==0} -index 1
fpga -file C:/Users/aniru/Downloads/ELD_Labs-master/ELD_Labs-master/lab10_16/lab10_16.sdk/design_1_wrapper_hw_platform_0/design_1_wrapper.bit
targets -set -nocase -filter {name =~"APU*" && jtag_cable_name =~ "Digilent Zed 210248A39C93"} -index 0
loadhw -hw C:/Users/aniru/Downloads/ELD_Labs-master/ELD_Labs-master/lab10_16/lab10_16.sdk/design_1_wrapper_hw_platform_0/system.hdf -mem-ranges [list {0x40000000 0xbfffffff}]
configparams force-mem-access 1
targets -set -nocase -filter {name =~"APU*" && jtag_cable_name =~ "Digilent Zed 210248A39C93"} -index 0
ps7_init
ps7_post_config
targets -set -nocase -filter {name =~ "ARM*#0" && jtag_cable_name =~ "Digilent Zed 210248A39C93"} -index 0
dow C:/Users/aniru/Downloads/ELD_Labs-master/ELD_Labs-master/lab10_16/lab10_16.sdk/lab10_16/Debug/lab10_16.elf
configparams force-mem-access 0
----------------End of Script----------------

12:54:19 INFO  : Memory regions updated for context APU
12:54:19 INFO  : Context for processor 'ps7_cortexa9_0' is selected.
12:54:19 INFO  : 'con' command is executed.
12:54:19 INFO  : ----------------XSDB Script (After Launch)----------------
targets -set -nocase -filter {name =~ "ARM*#0" && jtag_cable_name =~ "Digilent Zed 210248A39C93"} -index 0
con
----------------End of Script----------------

12:54:19 INFO  : Launch script is exported to file 'C:\Users\aniru\Downloads\ELD_Labs-master\ELD_Labs-master\lab10_16\lab10_16.sdk\.sdk\launch_scripts\xilinx_c-c++_application_(system_debugger)\system_debugger_using_debug_lab10_16.elf_on_remotebd.tcl'
12:55:56 INFO  : Disconnected from the channel tcfchan#16.
12:55:57 INFO  : Connected through redirection to target on host '192.168.226.142' and port '51398'.
12:56:00 WARN  : SDK version '2019.1' doesn't match hw_server version '2024.1.0'. Some debug features may not work.
12:56:02 INFO  : Jtag cable 'Digilent Zed 210248A39C93' is selected.
12:56:02 INFO  : 'jtag frequency' command is executed.
12:56:02 INFO  : Sourcing of 'C:/Users/aniru/Downloads/ELD_Labs-master/ELD_Labs-master/lab10_16/lab10_16.sdk/design_1_wrapper_hw_platform_0/ps7_init.tcl' is done.
12:56:02 INFO  : Context for 'APU' is selected.
12:56:04 INFO  : System reset is completed.
12:56:07 INFO  : 'after 3000' command is executed.
12:56:07 INFO  : 'targets -set -filter {jtag_cable_name =~ "Digilent Zed 210248A39C93" && level==0} -index 1' command is executed.
12:56:12 INFO  : FPGA configured successfully with bitstream "C:/Users/aniru/Downloads/ELD_Labs-master/ELD_Labs-master/lab10_16/lab10_16.sdk/design_1_wrapper_hw_platform_0/design_1_wrapper.bit"
12:56:13 INFO  : Context for 'APU' is selected.
12:56:17 INFO  : Hardware design information is loaded from 'C:/Users/aniru/Downloads/ELD_Labs-master/ELD_Labs-master/lab10_16/lab10_16.sdk/design_1_wrapper_hw_platform_0/system.hdf'.
12:56:17 INFO  : 'configparams force-mem-access 1' command is executed.
12:56:17 INFO  : Context for 'APU' is selected.
12:56:39 INFO  : 'ps7_init' command is executed.
12:56:40 INFO  : 'ps7_post_config' command is executed.
12:56:40 INFO  : Context for processor 'ps7_cortexa9_0' is selected.
12:56:41 INFO  : The application 'C:/Users/aniru/Downloads/ELD_Labs-master/ELD_Labs-master/lab10_16/lab10_16.sdk/lab10_16/Debug/lab10_16.elf' is downloaded to processor 'ps7_cortexa9_0'.
12:56:41 INFO  : 'configparams force-mem-access 0' command is executed.
12:56:41 INFO  : ----------------XSDB Script----------------
connect -path [list tcp::1534 tcp:192.168.226.142:51398]
source C:/Users/aniru/Downloads/ELD_Labs-master/ELD_Labs-master/lab10_16/lab10_16.sdk/design_1_wrapper_hw_platform_0/ps7_init.tcl
targets -set -nocase -filter {name =~"APU*" && jtag_cable_name =~ "Digilent Zed 210248A39C93"} -index 0
rst -system
after 3000
targets -set -filter {jtag_cable_name =~ "Digilent Zed 210248A39C93" && level==0} -index 1
fpga -file C:/Users/aniru/Downloads/ELD_Labs-master/ELD_Labs-master/lab10_16/lab10_16.sdk/design_1_wrapper_hw_platform_0/design_1_wrapper.bit
targets -set -nocase -filter {name =~"APU*" && jtag_cable_name =~ "Digilent Zed 210248A39C93"} -index 0
loadhw -hw C:/Users/aniru/Downloads/ELD_Labs-master/ELD_Labs-master/lab10_16/lab10_16.sdk/design_1_wrapper_hw_platform_0/system.hdf -mem-ranges [list {0x40000000 0xbfffffff}]
configparams force-mem-access 1
targets -set -nocase -filter {name =~"APU*" && jtag_cable_name =~ "Digilent Zed 210248A39C93"} -index 0
ps7_init
ps7_post_config
targets -set -nocase -filter {name =~ "ARM*#0" && jtag_cable_name =~ "Digilent Zed 210248A39C93"} -index 0
dow C:/Users/aniru/Downloads/ELD_Labs-master/ELD_Labs-master/lab10_16/lab10_16.sdk/lab10_16/Debug/lab10_16.elf
configparams force-mem-access 0
----------------End of Script----------------

12:56:42 INFO  : Memory regions updated for context APU
12:56:42 INFO  : Context for processor 'ps7_cortexa9_0' is selected.
12:56:42 INFO  : 'con' command is executed.
12:56:42 INFO  : ----------------XSDB Script (After Launch)----------------
targets -set -nocase -filter {name =~ "ARM*#0" && jtag_cable_name =~ "Digilent Zed 210248A39C93"} -index 0
con
----------------End of Script----------------

12:56:42 INFO  : Launch script is exported to file 'C:\Users\aniru\Downloads\ELD_Labs-master\ELD_Labs-master\lab10_16\lab10_16.sdk\.sdk\launch_scripts\xilinx_c-c++_application_(system_debugger)\system_debugger_using_debug_lab10_16.elf_on_remotebd.tcl'
13:00:08 WARN  : channel "tcfchan#17" closed
12:36:47 INFO  : Registering command handlers for SDK TCF services
12:36:49 INFO  : Launching XSCT server: xsct.bat -interactive C:\Users\aniru\Desktop\ELD\lab10_16\lab10_16.sdk\temp_xsdb_launch_script.tcl
12:36:53 INFO  : XSCT server has started successfully.
12:36:54 INFO  : Successfully done setting XSCT server connection channel  
12:36:54 INFO  : Successfully done setting SDK workspace  
12:36:54 INFO  : Processing command line option -hwspec C:/Users/aniru/Desktop/ELD/lab10_16/lab10_16.sdk/design_1_wrapper.hdf.
12:37:43 INFO  : Connected through redirection to target on host '192.168.226.142' and port '52341'.
12:37:45 WARN  : SDK version '2019.1' doesn't match hw_server version '2024.1.0'. Some debug features may not work.
12:37:47 INFO  : Jtag cable 'Digilent Zed 210248A39C93' is selected.
12:37:48 INFO  : 'jtag frequency' command is executed.
12:37:48 INFO  : Sourcing of 'C:/Users/aniru/Desktop/ELD/lab10_16/lab10_16.sdk/design_1_wrapper_hw_platform_0/ps7_init.tcl' is done.
12:37:54 INFO  : Context for 'APU' is selected.
12:37:55 INFO  : System reset is completed.
12:37:58 INFO  : 'after 3000' command is executed.
12:37:59 INFO  : 'targets -set -filter {jtag_cable_name =~ "Digilent Zed 210248A39C93" && level==0} -index 1' command is executed.
12:38:06 INFO  : FPGA configured successfully with bitstream "C:/Users/aniru/Desktop/ELD/lab10_16/lab10_16.sdk/design_1_wrapper_hw_platform_0/design_1_wrapper.bit"
12:38:06 INFO  : Context for 'APU' is selected.
12:38:07 INFO  : Hardware design information is loaded from 'C:/Users/aniru/Desktop/ELD/lab10_16/lab10_16.sdk/design_1_wrapper_hw_platform_0/system.hdf'.
12:38:07 INFO  : 'configparams force-mem-access 1' command is executed.
12:38:07 INFO  : Context for 'APU' is selected.
12:38:28 INFO  : 'ps7_init' command is executed.
12:38:29 INFO  : 'ps7_post_config' command is executed.
12:38:29 INFO  : Context for processor 'ps7_cortexa9_0' is selected.
12:38:30 INFO  : The application 'C:/Users/aniru/Desktop/ELD/lab10_16/lab10_16.sdk/lab10_16/Debug/lab10_16.elf' is downloaded to processor 'ps7_cortexa9_0'.
12:38:30 INFO  : 'configparams force-mem-access 0' command is executed.
12:38:30 INFO  : ----------------XSDB Script----------------
connect -path [list tcp::1534 tcp:192.168.226.142:52341]
source C:/Users/aniru/Desktop/ELD/lab10_16/lab10_16.sdk/design_1_wrapper_hw_platform_0/ps7_init.tcl
targets -set -nocase -filter {name =~"APU*" && jtag_cable_name =~ "Digilent Zed 210248A39C93"} -index 0
rst -system
after 3000
targets -set -filter {jtag_cable_name =~ "Digilent Zed 210248A39C93" && level==0} -index 1
fpga -file C:/Users/aniru/Desktop/ELD/lab10_16/lab10_16.sdk/design_1_wrapper_hw_platform_0/design_1_wrapper.bit
targets -set -nocase -filter {name =~"APU*" && jtag_cable_name =~ "Digilent Zed 210248A39C93"} -index 0
loadhw -hw C:/Users/aniru/Desktop/ELD/lab10_16/lab10_16.sdk/design_1_wrapper_hw_platform_0/system.hdf -mem-ranges [list {0x40000000 0xbfffffff}]
configparams force-mem-access 1
targets -set -nocase -filter {name =~"APU*" && jtag_cable_name =~ "Digilent Zed 210248A39C93"} -index 0
ps7_init
ps7_post_config
targets -set -nocase -filter {name =~ "ARM*#0" && jtag_cable_name =~ "Digilent Zed 210248A39C93"} -index 0
dow C:/Users/aniru/Desktop/ELD/lab10_16/lab10_16.sdk/lab10_16/Debug/lab10_16.elf
configparams force-mem-access 0
----------------End of Script----------------

12:38:31 INFO  : Memory regions updated for context APU
12:38:31 INFO  : Context for processor 'ps7_cortexa9_0' is selected.
12:38:31 INFO  : 'con' command is executed.
12:38:31 INFO  : ----------------XSDB Script (After Launch)----------------
targets -set -nocase -filter {name =~ "ARM*#0" && jtag_cable_name =~ "Digilent Zed 210248A39C93"} -index 0
con
----------------End of Script----------------

12:38:31 INFO  : Launch script is exported to file 'C:\Users\aniru\Desktop\ELD\lab10_16\lab10_16.sdk\.sdk\launch_scripts\xilinx_c-c++_application_(system_debugger)\system_debugger_using_debug_lab10_16.elf_on_remotebd.tcl'
12:39:50 INFO  : Disconnected from the channel tcfchan#1.
