
*** Running vivado
    with args -log vio_wrapper.vds -m64 -product Vivado -mode batch -messageDb vivado.pb -notrace -source vio_wrapper.tcl


****** Vivado v2019.1 (64-bit)
  **** SW Build 2552052 on Fri May 24 14:49:42 MDT 2019
  **** IP Build 2548770 on Fri May 24 18:01:18 MDT 2019
    ** Copyright 1986-2019 Xilinx, Inc. All Rights Reserved.

source vio_wrapper.tcl -notrace
Command: synth_design -top vio_wrapper -part xc7z010clg400-1
Starting synth_design
Attempting to get a license for feature 'Synthesis' and/or device 'xc7z010'
INFO: [Common 17-349] Got license for feature 'Synthesis' and/or device 'xc7z010'
INFO: [Device 21-403] Loading part xc7z010clg400-1
INFO: Launching helper process for spawning children vivado processes
INFO: Helper process launched with PID 13072 
---------------------------------------------------------------------------------
Starting RTL Elaboration : Time (s): cpu = 00:00:05 ; elapsed = 00:00:05 . Memory (MB): peak = 836.836 ; gain = 175.891
---------------------------------------------------------------------------------
INFO: [Synth 8-6157] synthesizing module 'vio_wrapper' [C:/Users/aniru/Desktop/ELD/midsem_lab/midsem_lab.srcs/sources_1/new/vio_wrapper.v:22]
INFO: [Synth 8-6157] synthesizing module 'vio_0' [C:/Users/aniru/Desktop/ELD/midsem_lab/midsem_lab.runs/synth_1/.Xil/Vivado-11588-DESKTOP-UKD76RS/realtime/vio_0_stub.v:6]
INFO: [Synth 8-6155] done synthesizing module 'vio_0' (1#1) [C:/Users/aniru/Desktop/ELD/midsem_lab/midsem_lab.runs/synth_1/.Xil/Vivado-11588-DESKTOP-UKD76RS/realtime/vio_0_stub.v:6]
WARNING: [Synth 8-7023] instance 'vio_in0' of module 'vio_0' has 6 connections declared, but only 5 given [C:/Users/aniru/Desktop/ELD/midsem_lab/midsem_lab.srcs/sources_1/new/vio_wrapper.v:29]
INFO: [Synth 8-6157] synthesizing module 'Top_seq' [C:/Users/aniru/Desktop/ELD/midsem_lab/midsem_lab.srcs/sources_1/new/Top_seq.v:1]
INFO: [Synth 8-6157] synthesizing module 'clk_div' [C:/Users/aniru/Desktop/ELD/midsem_lab/midsem_lab.srcs/sources_1/new/clk_div.v:1]
	Parameter div_value bound to: 4999 - type: integer 
INFO: [Synth 8-6155] done synthesizing module 'clk_div' (2#1) [C:/Users/aniru/Desktop/ELD/midsem_lab/midsem_lab.srcs/sources_1/new/clk_div.v:1]
INFO: [Synth 8-6157] synthesizing module 'input_pulse' [C:/Users/aniru/Desktop/ELD/midsem_lab/midsem_lab.srcs/sources_1/new/input_pulse.v:1]
INFO: [Synth 8-6155] done synthesizing module 'input_pulse' (3#1) [C:/Users/aniru/Desktop/ELD/midsem_lab/midsem_lab.srcs/sources_1/new/input_pulse.v:1]
INFO: [Synth 8-6157] synthesizing module 'fsm_11011' [C:/Users/aniru/Desktop/ELD/midsem_lab/midsem_lab.srcs/sources_1/new/fsm_11011.v:1]
	Parameter S0 bound to: 2'b00 
	Parameter S1 bound to: 2'b01 
	Parameter S2 bound to: 2'b10 
INFO: [Synth 8-6155] done synthesizing module 'fsm_11011' (4#1) [C:/Users/aniru/Desktop/ELD/midsem_lab/midsem_lab.srcs/sources_1/new/fsm_11011.v:1]
WARNING: [Synth 8-7023] instance 'fsm_inst' of module 'fsm_11011' has 4 connections declared, but only 3 given [C:/Users/aniru/Desktop/ELD/midsem_lab/midsem_lab.srcs/sources_1/new/Top_seq.v:26]
INFO: [Synth 8-6155] done synthesizing module 'Top_seq' (5#1) [C:/Users/aniru/Desktop/ELD/midsem_lab/midsem_lab.srcs/sources_1/new/Top_seq.v:1]
WARNING: [Synth 8-689] width (1) of port connection 'out' does not match port width (8) of module 'Top_seq' [C:/Users/aniru/Desktop/ELD/midsem_lab/midsem_lab.srcs/sources_1/new/vio_wrapper.v:41]
INFO: [Synth 8-6071] Mark debug on the nets applies keep_hierarchy on instance 'vio_in0'. This will prevent further optimization [C:/Users/aniru/Desktop/ELD/midsem_lab/midsem_lab.srcs/sources_1/new/vio_wrapper.v:29]
INFO: [Synth 8-6071] Mark debug on the nets applies keep_hierarchy on instance 'vin2'. This will prevent further optimization [C:/Users/aniru/Desktop/ELD/midsem_lab/midsem_lab.srcs/sources_1/new/vio_wrapper.v:37]
INFO: [Synth 8-6155] done synthesizing module 'vio_wrapper' (6#1) [C:/Users/aniru/Desktop/ELD/midsem_lab/midsem_lab.srcs/sources_1/new/vio_wrapper.v:22]
---------------------------------------------------------------------------------
Finished RTL Elaboration : Time (s): cpu = 00:00:06 ; elapsed = 00:00:07 . Memory (MB): peak = 901.629 ; gain = 240.684
---------------------------------------------------------------------------------

Report Check Netlist: 
+------+------------------+-------+---------+-------+------------------+
|      |Item              |Errors |Warnings |Status |Description       |
+------+------------------+-------+---------+-------+------------------+
|1     |multi_driven_nets |      0|        0|Passed |Multi driven nets |
+------+------------------+-------+---------+-------+------------------+
---------------------------------------------------------------------------------
Start Handling Custom Attributes
---------------------------------------------------------------------------------
---------------------------------------------------------------------------------
Finished Handling Custom Attributes : Time (s): cpu = 00:00:06 ; elapsed = 00:00:07 . Memory (MB): peak = 901.629 ; gain = 240.684
---------------------------------------------------------------------------------
---------------------------------------------------------------------------------
Finished RTL Optimization Phase 1 : Time (s): cpu = 00:00:06 ; elapsed = 00:00:07 . Memory (MB): peak = 901.629 ; gain = 240.684
---------------------------------------------------------------------------------
INFO: [Project 1-570] Preparing netlist for logic optimization

Processing XDC Constraints
Initializing timing engine
Parsing XDC File [c:/Users/aniru/Desktop/ELD/midsem_lab/midsem_lab.srcs/sources_1/ip/vio_0/vio_0/vio_0_in_context.xdc] for cell 'vio_in0'
Finished Parsing XDC File [c:/Users/aniru/Desktop/ELD/midsem_lab/midsem_lab.srcs/sources_1/ip/vio_0/vio_0/vio_0_in_context.xdc] for cell 'vio_in0'
Parsing XDC File [C:/Users/aniru/Desktop/ELD/midsem_lab/midsem_lab.srcs/constrs_1/new/zybo.xdc]
WARNING: [Vivado 12-584] No ports matched 'Clk_100M'. [C:/Users/aniru/Desktop/ELD/midsem_lab/midsem_lab.srcs/constrs_1/new/zybo.xdc:8]
WARNING: [Vivado 12-584] No ports matched 'Clk_100M'. [C:/Users/aniru/Desktop/ELD/midsem_lab/midsem_lab.srcs/constrs_1/new/zybo.xdc:9]
Finished Parsing XDC File [C:/Users/aniru/Desktop/ELD/midsem_lab/midsem_lab.srcs/constrs_1/new/zybo.xdc]
WARNING: [Project 1-498] One or more constraints failed evaluation while reading constraint file [C:/Users/aniru/Desktop/ELD/midsem_lab/midsem_lab.srcs/constrs_1/new/zybo.xdc] and the design contains unresolved black boxes. These constraints will be read post-synthesis (as long as their source constraint file is marked as used_in_implementation) and should be applied correctly then. You should review the constraints listed in the file [.Xil/vio_wrapper_propImpl.xdc] and check the run log file to verify that these constraints were correctly applied.
Completed Processing XDC Constraints

Netlist sorting complete. Time (s): cpu = 00:00:00 ; elapsed = 00:00:00 . Memory (MB): peak = 986.641 ; gain = 0.000
INFO: [Project 1-111] Unisim Transformation Summary:
No Unisim elements were transformed.

Constraint Validation Runtime : Time (s): cpu = 00:00:00 ; elapsed = 00:00:00.005 . Memory (MB): peak = 986.641 ; gain = 0.000
---------------------------------------------------------------------------------
Finished Constraint Validation : Time (s): cpu = 00:00:14 ; elapsed = 00:00:15 . Memory (MB): peak = 986.641 ; gain = 325.695
---------------------------------------------------------------------------------
---------------------------------------------------------------------------------
Start Loading Part and Timing Information
---------------------------------------------------------------------------------
Loading part: xc7z010clg400-1
---------------------------------------------------------------------------------
Finished Loading Part and Timing Information : Time (s): cpu = 00:00:14 ; elapsed = 00:00:15 . Memory (MB): peak = 986.641 ; gain = 325.695
---------------------------------------------------------------------------------
---------------------------------------------------------------------------------
Start Applying 'set_property' XDC Constraints
---------------------------------------------------------------------------------
Applied set_property DONT_TOUCH = true for vio_in0. (constraint file  auto generated constraint, line ).
---------------------------------------------------------------------------------
Finished applying 'set_property' XDC Constraints : Time (s): cpu = 00:00:14 ; elapsed = 00:00:15 . Memory (MB): peak = 986.641 ; gain = 325.695
---------------------------------------------------------------------------------
INFO: [Synth 8-802] inferred FSM for state register 'present_state_reg' in module 'fsm_11011'
INFO: [Synth 8-5544] ROM "out" won't be mapped to Block RAM because address size (2) smaller than threshold (5)
---------------------------------------------------------------------------------------------------
                   State |                     New Encoding |                Previous Encoding 
---------------------------------------------------------------------------------------------------
                      S0 |                              001 |                               00
                      S1 |                              010 |                               01
                      S2 |                              100 |                               10
---------------------------------------------------------------------------------------------------
INFO: [Synth 8-3354] encoded FSM with state register 'present_state_reg' using encoding 'one-hot' in module 'fsm_11011'
---------------------------------------------------------------------------------
Finished RTL Optimization Phase 2 : Time (s): cpu = 00:00:15 ; elapsed = 00:00:16 . Memory (MB): peak = 986.641 ; gain = 325.695
---------------------------------------------------------------------------------

Report RTL Partitions: 
+-+--------------+------------+----------+
| |RTL Partition |Replication |Instances |
+-+--------------+------------+----------+
+-+--------------+------------+----------+
---------------------------------------------------------------------------------
Start RTL Component Statistics 
---------------------------------------------------------------------------------
Detailed RTL Component Info : 
+---Adders : 
	   2 Input     32 Bit       Adders := 1     
+---Registers : 
	               32 Bit    Registers := 1     
	                2 Bit    Registers := 1     
	                1 Bit    Registers := 3     
+---Muxes : 
	   2 Input     32 Bit        Muxes := 1     
---------------------------------------------------------------------------------
Finished RTL Component Statistics 
---------------------------------------------------------------------------------
---------------------------------------------------------------------------------
Start RTL Hierarchical Component Statistics 
---------------------------------------------------------------------------------
Hierarchical RTL Component report 
Module clk_div 
Detailed RTL Component Info : 
+---Adders : 
	   2 Input     32 Bit       Adders := 1     
+---Registers : 
	               32 Bit    Registers := 1     
	                1 Bit    Registers := 1     
+---Muxes : 
	   2 Input     32 Bit        Muxes := 1     
Module input_pulse 
Detailed RTL Component Info : 
+---Registers : 
	                1 Bit    Registers := 2     
Module fsm_11011 
Detailed RTL Component Info : 
+---Registers : 
	                2 Bit    Registers := 1     
---------------------------------------------------------------------------------
Finished RTL Hierarchical Component Statistics
---------------------------------------------------------------------------------
---------------------------------------------------------------------------------
Start Part Resource Summary
---------------------------------------------------------------------------------
Part Resources:
DSPs: 80 (col length:40)
BRAMs: 120 (col length: RAMB18 40 RAMB36 20)
---------------------------------------------------------------------------------
Finished Part Resource Summary
---------------------------------------------------------------------------------
---------------------------------------------------------------------------------
Start Cross Boundary and Area Optimization
---------------------------------------------------------------------------------
Warning: Parallel synthesis criteria is not met 
---------------------------------------------------------------------------------
Finished Cross Boundary and Area Optimization : Time (s): cpu = 00:00:17 ; elapsed = 00:00:18 . Memory (MB): peak = 986.641 ; gain = 325.695
---------------------------------------------------------------------------------

Report RTL Partitions: 
+-+--------------+------------+----------+
| |RTL Partition |Replication |Instances |
+-+--------------+------------+----------+
+-+--------------+------------+----------+
---------------------------------------------------------------------------------
Start Applying XDC Timing Constraints
---------------------------------------------------------------------------------
---------------------------------------------------------------------------------
Finished Applying XDC Timing Constraints : Time (s): cpu = 00:00:28 ; elapsed = 00:00:29 . Memory (MB): peak = 1002.145 ; gain = 341.199
---------------------------------------------------------------------------------
---------------------------------------------------------------------------------
Start Timing Optimization
---------------------------------------------------------------------------------
---------------------------------------------------------------------------------
Finished Timing Optimization : Time (s): cpu = 00:00:28 ; elapsed = 00:00:29 . Memory (MB): peak = 1002.219 ; gain = 341.273
---------------------------------------------------------------------------------

Report RTL Partitions: 
+-+--------------+------------+----------+
| |RTL Partition |Replication |Instances |
+-+--------------+------------+----------+
+-+--------------+------------+----------+
---------------------------------------------------------------------------------
Start Technology Mapping
---------------------------------------------------------------------------------
---------------------------------------------------------------------------------
Finished Technology Mapping : Time (s): cpu = 00:00:28 ; elapsed = 00:00:29 . Memory (MB): peak = 1012.578 ; gain = 351.633
---------------------------------------------------------------------------------

Report RTL Partitions: 
+-+--------------+------------+----------+
| |RTL Partition |Replication |Instances |
+-+--------------+------------+----------+
+-+--------------+------------+----------+
---------------------------------------------------------------------------------
Start IO Insertion
---------------------------------------------------------------------------------
---------------------------------------------------------------------------------
Start Flattening Before IO Insertion
---------------------------------------------------------------------------------
---------------------------------------------------------------------------------
Finished Flattening Before IO Insertion
---------------------------------------------------------------------------------
---------------------------------------------------------------------------------
Start Final Netlist Cleanup
---------------------------------------------------------------------------------
---------------------------------------------------------------------------------
Finished Final Netlist Cleanup
---------------------------------------------------------------------------------
WARNING: [Synth 8-3295] tying undriven pin present_state_inferred:in0[1] to constant 0
WARNING: [Synth 8-3295] tying undriven pin present_state_inferred:in0[0] to constant 0
---------------------------------------------------------------------------------
Finished IO Insertion : Time (s): cpu = 00:00:30 ; elapsed = 00:00:32 . Memory (MB): peak = 1028.352 ; gain = 367.406
---------------------------------------------------------------------------------

Report Check Netlist: 
+------+------------------+-------+---------+-------+------------------+
|      |Item              |Errors |Warnings |Status |Description       |
+------+------------------+-------+---------+-------+------------------+
|1     |multi_driven_nets |      0|        0|Passed |Multi driven nets |
+------+------------------+-------+---------+-------+------------------+
---------------------------------------------------------------------------------
Start Renaming Generated Instances
---------------------------------------------------------------------------------
---------------------------------------------------------------------------------
Finished Renaming Generated Instances : Time (s): cpu = 00:00:30 ; elapsed = 00:00:32 . Memory (MB): peak = 1028.352 ; gain = 367.406
---------------------------------------------------------------------------------

Report RTL Partitions: 
+-+--------------+------------+----------+
| |RTL Partition |Replication |Instances |
+-+--------------+------------+----------+
+-+--------------+------------+----------+
---------------------------------------------------------------------------------
Start Rebuilding User Hierarchy
---------------------------------------------------------------------------------
---------------------------------------------------------------------------------
Finished Rebuilding User Hierarchy : Time (s): cpu = 00:00:30 ; elapsed = 00:00:32 . Memory (MB): peak = 1028.352 ; gain = 367.406
---------------------------------------------------------------------------------
---------------------------------------------------------------------------------
Start Renaming Generated Ports
---------------------------------------------------------------------------------
---------------------------------------------------------------------------------
Finished Renaming Generated Ports : Time (s): cpu = 00:00:30 ; elapsed = 00:00:32 . Memory (MB): peak = 1028.352 ; gain = 367.406
---------------------------------------------------------------------------------
---------------------------------------------------------------------------------
Start Handling Custom Attributes
---------------------------------------------------------------------------------
---------------------------------------------------------------------------------
Finished Handling Custom Attributes : Time (s): cpu = 00:00:30 ; elapsed = 00:00:32 . Memory (MB): peak = 1028.352 ; gain = 367.406
---------------------------------------------------------------------------------
---------------------------------------------------------------------------------
Start Renaming Generated Nets
---------------------------------------------------------------------------------
---------------------------------------------------------------------------------
Finished Renaming Generated Nets : Time (s): cpu = 00:00:30 ; elapsed = 00:00:32 . Memory (MB): peak = 1028.352 ; gain = 367.406
---------------------------------------------------------------------------------
---------------------------------------------------------------------------------
Start Writing Synthesis Report
---------------------------------------------------------------------------------

Report BlackBoxes: 
+------+--------------+----------+
|      |BlackBox name |Instances |
+------+--------------+----------+
|1     |vio_0         |         1|
+------+--------------+----------+

Report Cell Usage: 
+------+-------+------+
|      |Cell   |Count |
+------+-------+------+
|1     |vio_0  |     1|
|2     |BUFG   |     1|
|3     |CARRY4 |     8|
|4     |LUT1   |     2|
|5     |LUT2   |     1|
|6     |LUT4   |     4|
|7     |LUT5   |    37|
|8     |FDCE   |    35|
|9     |FDPE   |     1|
|10    |FDRE   |     2|
|11    |IBUF   |     1|
+------+-------+------+

Report Instance Areas: 
+------+---------------------+------------+------+
|      |Instance             |Module      |Cells |
+------+---------------------+------------+------+
|1     |top                  |            |    95|
|2     |  vin2               |Top_seq     |    88|
|3     |    clk_div_inst     |clk_div     |    82|
|4     |    fsm_inst         |fsm_11011   |     3|
|5     |    input_pulse_inst |input_pulse |     3|
+------+---------------------+------------+------+
---------------------------------------------------------------------------------
Finished Writing Synthesis Report : Time (s): cpu = 00:00:30 ; elapsed = 00:00:32 . Memory (MB): peak = 1028.352 ; gain = 367.406
---------------------------------------------------------------------------------
Synthesis finished with 0 errors, 0 critical warnings and 2 warnings.
Synthesis Optimization Runtime : Time (s): cpu = 00:00:22 ; elapsed = 00:00:29 . Memory (MB): peak = 1028.352 ; gain = 282.395
Synthesis Optimization Complete : Time (s): cpu = 00:00:31 ; elapsed = 00:00:32 . Memory (MB): peak = 1028.352 ; gain = 367.406
INFO: [Project 1-571] Translating synthesized netlist
INFO: [Netlist 29-17] Analyzing 8 Unisim elements for replacement
INFO: [Netlist 29-28] Unisim Transformation completed in 0 CPU seconds
INFO: [Project 1-570] Preparing netlist for logic optimization
INFO: [Opt 31-138] Pushed 0 inverter(s) to 0 load pin(s).
Netlist sorting complete. Time (s): cpu = 00:00:00 ; elapsed = 00:00:00 . Memory (MB): peak = 1049.465 ; gain = 0.000
INFO: [Project 1-111] Unisim Transformation Summary:
No Unisim elements were transformed.

INFO: [Common 17-83] Releasing license: Synthesis
28 Infos, 8 Warnings, 0 Critical Warnings and 0 Errors encountered.
synth_design completed successfully
synth_design: Time (s): cpu = 00:00:39 ; elapsed = 00:00:48 . Memory (MB): peak = 1049.465 ; gain = 629.941
Netlist sorting complete. Time (s): cpu = 00:00:00 ; elapsed = 00:00:00 . Memory (MB): peak = 1049.465 ; gain = 0.000
WARNING: [Constraints 18-5210] No constraints selected for write.
Resolution: This message can indicate that there are no constraints for the design, or it can indicate that the used_in flags are set such that the constraints are ignored. This later case is used when running synth_design to not write synthesis constraints to the resulting checkpoint. Instead, project constraints are read when the synthesized design is opened.
INFO: [Common 17-1381] The checkpoint 'C:/Users/aniru/Desktop/ELD/midsem_lab/midsem_lab.runs/synth_1/vio_wrapper.dcp' has been generated.
INFO: [runtcl-4] Executing : report_utilization -file vio_wrapper_utilization_synth.rpt -pb vio_wrapper_utilization_synth.pb
INFO: [Common 17-206] Exiting Vivado at Sun Oct  6 14:12:44 2024...
