
*** Running vivado
    with args -log vio_wrapper.vds -m64 -product Vivado -mode batch -messageDb vivado.pb -notrace -source vio_wrapper.tcl


****** Vivado v2019.1 (64-bit)
  **** SW Build 2552052 on Fri May 24 14:49:42 MDT 2019
  **** IP Build 2548770 on Fri May 24 18:01:18 MDT 2019
    ** Copyright 1986-2019 Xilinx, Inc. All Rights Reserved.

source vio_wrapper.tcl -notrace
create_project: Time (s): cpu = 00:00:03 ; elapsed = 00:00:07 . Memory (MB): peak = 384.219 ; gain = 94.059
Command: synth_design -top vio_wrapper -part xc7z020clg484-1
Starting synth_design
Attempting to get a license for feature 'Synthesis' and/or device 'xc7z020'
INFO: [Common 17-349] Got license for feature 'Synthesis' and/or device 'xc7z020'
INFO: [Device 21-403] Loading part xc7z020clg484-1
INFO: Launching helper process for spawning children vivado processes
INFO: Helper process launched with PID 9704 
---------------------------------------------------------------------------------
Starting RTL Elaboration : Time (s): cpu = 00:00:05 ; elapsed = 00:00:06 . Memory (MB): peak = 865.125 ; gain = 178.438
---------------------------------------------------------------------------------
INFO: [Synth 8-6157] synthesizing module 'vio_wrapper' [C:/Users/aniru/Desktop/ELD/Lab5hw/Lab5hw.srcs/sources_1/new/vio_wrapper.v:23]
INFO: [Synth 8-6157] synthesizing module 'vio_0' [C:/Users/aniru/Desktop/ELD/Lab5hw/Lab5hw.runs/synth_1/.Xil/Vivado-3664-DESKTOP-UKD76RS/realtime/vio_0_stub.v:6]
INFO: [Synth 8-6155] done synthesizing module 'vio_0' (1#1) [C:/Users/aniru/Desktop/ELD/Lab5hw/Lab5hw.runs/synth_1/.Xil/Vivado-3664-DESKTOP-UKD76RS/realtime/vio_0_stub.v:6]
INFO: [Synth 8-6157] synthesizing module 'Top_seq' [C:/Users/aniru/Desktop/ELD/Lab5hw/Lab5hw.srcs/sources_1/new/Top_seq.v:23]
INFO: [Synth 8-6157] synthesizing module 'clk_wiz_0' [C:/Users/aniru/Desktop/ELD/Lab5hw/Lab5hw.runs/synth_1/.Xil/Vivado-3664-DESKTOP-UKD76RS/realtime/clk_wiz_0_stub.v:5]
INFO: [Synth 8-6155] done synthesizing module 'clk_wiz_0' (2#1) [C:/Users/aniru/Desktop/ELD/Lab5hw/Lab5hw.runs/synth_1/.Xil/Vivado-3664-DESKTOP-UKD76RS/realtime/clk_wiz_0_stub.v:5]
INFO: [Synth 8-6157] synthesizing module 'clk_div' [C:/Users/aniru/Desktop/ELD/Lab5hw/Lab5hw.srcs/sources_1/new/clk_div.v:23]
	Parameter div_value bound to: 12499 - type: integer 
INFO: [Synth 8-6155] done synthesizing module 'clk_div' (3#1) [C:/Users/aniru/Desktop/ELD/Lab5hw/Lab5hw.srcs/sources_1/new/clk_div.v:23]
INFO: [Synth 8-6157] synthesizing module 'input_pulse' [C:/Users/aniru/Desktop/ELD/Lab5hw/Lab5hw.srcs/sources_1/new/input_pulse.v:1]
INFO: [Synth 8-6155] done synthesizing module 'input_pulse' (4#1) [C:/Users/aniru/Desktop/ELD/Lab5hw/Lab5hw.srcs/sources_1/new/input_pulse.v:1]
INFO: [Synth 8-6157] synthesizing module 'fsm_11011' [C:/Users/aniru/Desktop/ELD/Lab5hw/Lab5hw.srcs/sources_1/new/fsm_11011.v:23]
	Parameter S0 bound to: 3'b000 
	Parameter S1 bound to: 3'b001 
	Parameter S2 bound to: 3'b010 
	Parameter S3 bound to: 3'b011 
	Parameter S4 bound to: 3'b100 
INFO: [Synth 8-6155] done synthesizing module 'fsm_11011' (5#1) [C:/Users/aniru/Desktop/ELD/Lab5hw/Lab5hw.srcs/sources_1/new/fsm_11011.v:23]
INFO: [Synth 8-6155] done synthesizing module 'Top_seq' (6#1) [C:/Users/aniru/Desktop/ELD/Lab5hw/Lab5hw.srcs/sources_1/new/Top_seq.v:23]
INFO: [Synth 8-6071] Mark debug on the nets applies keep_hierarchy on instance 'vio_in0'. This will prevent further optimization [C:/Users/aniru/Desktop/ELD/Lab5hw/Lab5hw.srcs/sources_1/new/vio_wrapper.v:30]
INFO: [Synth 8-6071] Mark debug on the nets applies keep_hierarchy on instance 'vin2'. This will prevent further optimization [C:/Users/aniru/Desktop/ELD/Lab5hw/Lab5hw.srcs/sources_1/new/vio_wrapper.v:39]
INFO: [Synth 8-6155] done synthesizing module 'vio_wrapper' (7#1) [C:/Users/aniru/Desktop/ELD/Lab5hw/Lab5hw.srcs/sources_1/new/vio_wrapper.v:23]
---------------------------------------------------------------------------------
Finished RTL Elaboration : Time (s): cpu = 00:00:07 ; elapsed = 00:00:07 . Memory (MB): peak = 930.281 ; gain = 243.594
---------------------------------------------------------------------------------

Report Check Netlist: 
+------+------------------+-------+---------+-------+------------------+
|      |Item              |Errors |Warnings |Status |Description       |
+------+------------------+-------+---------+-------+------------------+
|1     |multi_driven_nets |      0|        0|Passed |Multi driven nets |
+------+------------------+-------+---------+-------+------------------+
---------------------------------------------------------------------------------
Start Handling Custom Attributes
---------------------------------------------------------------------------------
---------------------------------------------------------------------------------
Finished Handling Custom Attributes : Time (s): cpu = 00:00:07 ; elapsed = 00:00:08 . Memory (MB): peak = 930.281 ; gain = 243.594
---------------------------------------------------------------------------------
---------------------------------------------------------------------------------
Finished RTL Optimization Phase 1 : Time (s): cpu = 00:00:07 ; elapsed = 00:00:08 . Memory (MB): peak = 930.281 ; gain = 243.594
---------------------------------------------------------------------------------
INFO: [Project 1-570] Preparing netlist for logic optimization

Processing XDC Constraints
Initializing timing engine
Parsing XDC File [c:/Users/aniru/Desktop/ELD/Lab5hw/Lab5hw.srcs/sources_1/ip/clk_wiz_0/clk_wiz_0/clk_wiz_0_in_context.xdc] for cell 'vin2/Clk_in0'
Finished Parsing XDC File [c:/Users/aniru/Desktop/ELD/Lab5hw/Lab5hw.srcs/sources_1/ip/clk_wiz_0/clk_wiz_0/clk_wiz_0_in_context.xdc] for cell 'vin2/Clk_in0'
Parsing XDC File [c:/Users/aniru/Desktop/ELD/Lab5hw/Lab5hw.srcs/sources_1/ip/vio_0/vio_0/vio_0_in_context.xdc] for cell 'vio_in0'
Finished Parsing XDC File [c:/Users/aniru/Desktop/ELD/Lab5hw/Lab5hw.srcs/sources_1/ip/vio_0/vio_0/vio_0_in_context.xdc] for cell 'vio_in0'
Parsing XDC File [C:/Users/aniru/Desktop/ELD/Lab5hw/Lab5hw.srcs/constrs_1/new/Zed_cons.xdc]
WARNING: [Vivado 12-584] No ports matched 'Clk_100M'. [C:/Users/aniru/Desktop/ELD/Lab5hw/Lab5hw.srcs/constrs_1/new/Zed_cons.xdc:82]
WARNING: [Vivado 12-584] No ports matched '[get_ports -of_objects [get_iobanks 33]]'. [C:/Users/aniru/Desktop/ELD/Lab5hw/Lab5hw.srcs/constrs_1/new/Zed_cons.xdc:362]
WARNING: [Vivado 12-584] No ports matched '[get_ports -of_objects [get_iobanks 34]]'. [C:/Users/aniru/Desktop/ELD/Lab5hw/Lab5hw.srcs/constrs_1/new/Zed_cons.xdc:367]
WARNING: [Vivado 12-584] No ports matched '[get_ports -of_objects [get_iobanks 35]]'. [C:/Users/aniru/Desktop/ELD/Lab5hw/Lab5hw.srcs/constrs_1/new/Zed_cons.xdc:372]
WARNING: [Vivado 12-584] No ports matched '[get_ports -of_objects [get_iobanks 13]]'. [C:/Users/aniru/Desktop/ELD/Lab5hw/Lab5hw.srcs/constrs_1/new/Zed_cons.xdc:375]
Finished Parsing XDC File [C:/Users/aniru/Desktop/ELD/Lab5hw/Lab5hw.srcs/constrs_1/new/Zed_cons.xdc]
WARNING: [Project 1-498] One or more constraints failed evaluation while reading constraint file [C:/Users/aniru/Desktop/ELD/Lab5hw/Lab5hw.srcs/constrs_1/new/Zed_cons.xdc] and the design contains unresolved black boxes. These constraints will be read post-synthesis (as long as their source constraint file is marked as used_in_implementation) and should be applied correctly then. You should review the constraints listed in the file [.Xil/vio_wrapper_propImpl.xdc] and check the run log file to verify that these constraints were correctly applied.
INFO: [Project 1-236] Implementation specific constraints were found while reading constraint file [C:/Users/aniru/Desktop/ELD/Lab5hw/Lab5hw.srcs/constrs_1/new/Zed_cons.xdc]. These constraints will be ignored for synthesis but will be used in implementation. Impacted constraints are listed in the file [.Xil/vio_wrapper_propImpl.xdc].
Resolution: To avoid this warning, move constraints listed in [.Xil/vio_wrapper_propImpl.xdc] to another XDC file and exclude this new file from synthesis with the used_in_synthesis property (File Properties dialog in GUI) and re-run elaboration/synthesis.
Completed Processing XDC Constraints

Netlist sorting complete. Time (s): cpu = 00:00:00 ; elapsed = 00:00:00 . Memory (MB): peak = 1027.469 ; gain = 0.000
INFO: [Project 1-111] Unisim Transformation Summary:
No Unisim elements were transformed.

Constraint Validation Runtime : Time (s): cpu = 00:00:00 ; elapsed = 00:00:00.006 . Memory (MB): peak = 1027.469 ; gain = 0.000
---------------------------------------------------------------------------------
Finished Constraint Validation : Time (s): cpu = 00:00:17 ; elapsed = 00:00:18 . Memory (MB): peak = 1027.469 ; gain = 340.781
---------------------------------------------------------------------------------
---------------------------------------------------------------------------------
Start Loading Part and Timing Information
---------------------------------------------------------------------------------
Loading part: xc7z020clg484-1
---------------------------------------------------------------------------------
Finished Loading Part and Timing Information : Time (s): cpu = 00:00:17 ; elapsed = 00:00:18 . Memory (MB): peak = 1027.469 ; gain = 340.781
---------------------------------------------------------------------------------
---------------------------------------------------------------------------------
Start Applying 'set_property' XDC Constraints
---------------------------------------------------------------------------------
Applied set_property IO_BUFFER_TYPE = NONE for clk. (constraint file  c:/Users/aniru/Desktop/ELD/Lab5hw/Lab5hw.srcs/sources_1/ip/clk_wiz_0/clk_wiz_0/clk_wiz_0_in_context.xdc, line 3).
Applied set_property CLOCK_BUFFER_TYPE = NONE for clk. (constraint file  c:/Users/aniru/Desktop/ELD/Lab5hw/Lab5hw.srcs/sources_1/ip/clk_wiz_0/clk_wiz_0/clk_wiz_0_in_context.xdc, line 4).
Applied set_property DONT_TOUCH = true for vin2/Clk_in0. (constraint file  auto generated constraint, line ).
Applied set_property DONT_TOUCH = true for vio_in0. (constraint file  auto generated constraint, line ).
---------------------------------------------------------------------------------
Finished applying 'set_property' XDC Constraints : Time (s): cpu = 00:00:17 ; elapsed = 00:00:18 . Memory (MB): peak = 1027.469 ; gain = 340.781
---------------------------------------------------------------------------------
INFO: [Synth 8-802] inferred FSM for state register 'present_state_reg' in module 'fsm_11011'
WARNING: [Synth 8-327] inferring latch for variable 'clk_out_reg' [C:/Users/aniru/Desktop/ELD/Lab5hw/Lab5hw.srcs/sources_1/new/clk_div.v:54]
---------------------------------------------------------------------------------------------------
                   State |                     New Encoding |                Previous Encoding 
---------------------------------------------------------------------------------------------------
                      S0 |                              000 |                              000
                      S1 |                              001 |                              001
                      S2 |                              010 |                              010
                      S3 |                              011 |                              011
                      S4 |                              100 |                              100
---------------------------------------------------------------------------------------------------
INFO: [Synth 8-3354] encoded FSM with state register 'present_state_reg' using encoding 'sequential' in module 'fsm_11011'
---------------------------------------------------------------------------------
Finished RTL Optimization Phase 2 : Time (s): cpu = 00:00:17 ; elapsed = 00:00:19 . Memory (MB): peak = 1027.469 ; gain = 340.781
---------------------------------------------------------------------------------

Report RTL Partitions: 
+-+--------------+------------+----------+
| |RTL Partition |Replication |Instances |
+-+--------------+------------+----------+
+-+--------------+------------+----------+
---------------------------------------------------------------------------------
Start RTL Component Statistics 
---------------------------------------------------------------------------------
Detailed RTL Component Info : 
+---Adders : 
	   2 Input     32 Bit       Adders := 1     
+---Registers : 
	               32 Bit    Registers := 1     
	                1 Bit    Registers := 4     
+---Muxes : 
	   2 Input     32 Bit        Muxes := 1     
	   5 Input      3 Bit        Muxes := 2     
	   2 Input      3 Bit        Muxes := 5     
	   2 Input      1 Bit        Muxes := 1     
---------------------------------------------------------------------------------
Finished RTL Component Statistics 
---------------------------------------------------------------------------------
---------------------------------------------------------------------------------
Start RTL Hierarchical Component Statistics 
---------------------------------------------------------------------------------
Hierarchical RTL Component report 
Module clk_div 
Detailed RTL Component Info : 
+---Adders : 
	   2 Input     32 Bit       Adders := 1     
+---Registers : 
	               32 Bit    Registers := 1     
+---Muxes : 
	   2 Input     32 Bit        Muxes := 1     
Module input_pulse 
Detailed RTL Component Info : 
+---Registers : 
	                1 Bit    Registers := 3     
Module fsm_11011 
Detailed RTL Component Info : 
+---Registers : 
	                1 Bit    Registers := 1     
+---Muxes : 
	   5 Input      3 Bit        Muxes := 2     
	   2 Input      3 Bit        Muxes := 5     
	   2 Input      1 Bit        Muxes := 1     
---------------------------------------------------------------------------------
Finished RTL Hierarchical Component Statistics
---------------------------------------------------------------------------------
---------------------------------------------------------------------------------
Start Part Resource Summary
---------------------------------------------------------------------------------
Part Resources:
DSPs: 220 (col length:60)
BRAMs: 280 (col length: RAMB18 60 RAMB36 30)
---------------------------------------------------------------------------------
Finished Part Resource Summary
---------------------------------------------------------------------------------
---------------------------------------------------------------------------------
Start Cross Boundary and Area Optimization
---------------------------------------------------------------------------------
Warning: Parallel synthesis criteria is not met 
---------------------------------------------------------------------------------
Finished Cross Boundary and Area Optimization : Time (s): cpu = 00:00:19 ; elapsed = 00:00:21 . Memory (MB): peak = 1027.469 ; gain = 340.781
---------------------------------------------------------------------------------

Report RTL Partitions: 
+-+--------------+------------+----------+
| |RTL Partition |Replication |Instances |
+-+--------------+------------+----------+
+-+--------------+------------+----------+
---------------------------------------------------------------------------------
Start Applying XDC Timing Constraints
---------------------------------------------------------------------------------
INFO: [Synth 8-5578] Moved timing constraint from pin 'vin2/Clk_in0/clk_out1' to pin 'vin2/Clk_in0/bbstub_clk_out1/O'
INFO: [Synth 8-5819] Moved 1 constraints on hierarchical pins to their respective driving/loading pins
---------------------------------------------------------------------------------
Finished Applying XDC Timing Constraints : Time (s): cpu = 00:00:30 ; elapsed = 00:00:32 . Memory (MB): peak = 1029.984 ; gain = 343.297
---------------------------------------------------------------------------------
---------------------------------------------------------------------------------
Start Timing Optimization
---------------------------------------------------------------------------------
---------------------------------------------------------------------------------
Finished Timing Optimization : Time (s): cpu = 00:00:31 ; elapsed = 00:00:33 . Memory (MB): peak = 1051.492 ; gain = 364.805
---------------------------------------------------------------------------------

Report RTL Partitions: 
+-+--------------+------------+----------+
| |RTL Partition |Replication |Instances |
+-+--------------+------------+----------+
+-+--------------+------------+----------+
---------------------------------------------------------------------------------
Start Technology Mapping
---------------------------------------------------------------------------------
---------------------------------------------------------------------------------
Finished Technology Mapping : Time (s): cpu = 00:00:31 ; elapsed = 00:00:33 . Memory (MB): peak = 1051.492 ; gain = 364.805
---------------------------------------------------------------------------------

Report RTL Partitions: 
+-+--------------+------------+----------+
| |RTL Partition |Replication |Instances |
+-+--------------+------------+----------+
+-+--------------+------------+----------+
---------------------------------------------------------------------------------
Start IO Insertion
---------------------------------------------------------------------------------
---------------------------------------------------------------------------------
Start Flattening Before IO Insertion
---------------------------------------------------------------------------------
---------------------------------------------------------------------------------
Finished Flattening Before IO Insertion
---------------------------------------------------------------------------------
---------------------------------------------------------------------------------
Start Final Netlist Cleanup
---------------------------------------------------------------------------------
---------------------------------------------------------------------------------
Finished Final Netlist Cleanup
---------------------------------------------------------------------------------
---------------------------------------------------------------------------------
Finished IO Insertion : Time (s): cpu = 00:00:34 ; elapsed = 00:00:36 . Memory (MB): peak = 1058.062 ; gain = 371.375
---------------------------------------------------------------------------------

Report Check Netlist: 
+------+------------------+-------+---------+-------+------------------+
|      |Item              |Errors |Warnings |Status |Description       |
+------+------------------+-------+---------+-------+------------------+
|1     |multi_driven_nets |      0|        0|Passed |Multi driven nets |
+------+------------------+-------+---------+-------+------------------+
---------------------------------------------------------------------------------
Start Renaming Generated Instances
---------------------------------------------------------------------------------
---------------------------------------------------------------------------------
Finished Renaming Generated Instances : Time (s): cpu = 00:00:34 ; elapsed = 00:00:36 . Memory (MB): peak = 1058.062 ; gain = 371.375
---------------------------------------------------------------------------------

Report RTL Partitions: 
+-+--------------+------------+----------+
| |RTL Partition |Replication |Instances |
+-+--------------+------------+----------+
+-+--------------+------------+----------+
---------------------------------------------------------------------------------
Start Rebuilding User Hierarchy
---------------------------------------------------------------------------------
---------------------------------------------------------------------------------
Finished Rebuilding User Hierarchy : Time (s): cpu = 00:00:34 ; elapsed = 00:00:36 . Memory (MB): peak = 1058.062 ; gain = 371.375
---------------------------------------------------------------------------------
---------------------------------------------------------------------------------
Start Renaming Generated Ports
---------------------------------------------------------------------------------
---------------------------------------------------------------------------------
Finished Renaming Generated Ports : Time (s): cpu = 00:00:34 ; elapsed = 00:00:36 . Memory (MB): peak = 1058.062 ; gain = 371.375
---------------------------------------------------------------------------------
---------------------------------------------------------------------------------
Start Handling Custom Attributes
---------------------------------------------------------------------------------
---------------------------------------------------------------------------------
Finished Handling Custom Attributes : Time (s): cpu = 00:00:34 ; elapsed = 00:00:36 . Memory (MB): peak = 1058.062 ; gain = 371.375
---------------------------------------------------------------------------------
---------------------------------------------------------------------------------
Start Renaming Generated Nets
---------------------------------------------------------------------------------
---------------------------------------------------------------------------------
Finished Renaming Generated Nets : Time (s): cpu = 00:00:34 ; elapsed = 00:00:36 . Memory (MB): peak = 1058.062 ; gain = 371.375
---------------------------------------------------------------------------------
---------------------------------------------------------------------------------
Start Writing Synthesis Report
---------------------------------------------------------------------------------

Report BlackBoxes: 
+------+--------------+----------+
|      |BlackBox name |Instances |
+------+--------------+----------+
|1     |clk_wiz_0     |         1|
|2     |vio_0         |         1|
+------+--------------+----------+

Report Cell Usage: 
+------+----------+------+
|      |Cell      |Count |
+------+----------+------+
|1     |clk_wiz_0 |     1|
|2     |vio_0     |     1|
|3     |BUFG      |     1|
|4     |CARRY4    |     8|
|5     |LUT1      |     2|
|6     |LUT2      |     3|
|7     |LUT3      |     3|
|8     |LUT4      |     8|
|9     |LUT5      |     4|
|10    |FDCE      |     3|
|11    |FDRE      |    36|
|12    |LD        |     1|
+------+----------+------+

Report Instance Areas: 
+------+---------+------------+------+
|      |Instance |Module      |Cells |
+------+---------+------------+------+
|1     |top      |            |    73|
|2     |  vin2   |Top_seq     |    70|
|3     |    in2  |clk_div     |    52|
|4     |    in3  |input_pulse |     5|
|5     |    in4  |fsm_11011   |    11|
+------+---------+------------+------+
---------------------------------------------------------------------------------
Finished Writing Synthesis Report : Time (s): cpu = 00:00:34 ; elapsed = 00:00:36 . Memory (MB): peak = 1058.062 ; gain = 371.375
---------------------------------------------------------------------------------
Synthesis finished with 0 errors, 0 critical warnings and 1 warnings.
Synthesis Optimization Runtime : Time (s): cpu = 00:00:24 ; elapsed = 00:00:32 . Memory (MB): peak = 1058.062 ; gain = 274.188
Synthesis Optimization Complete : Time (s): cpu = 00:00:34 ; elapsed = 00:00:36 . Memory (MB): peak = 1058.062 ; gain = 371.375
INFO: [Project 1-571] Translating synthesized netlist
INFO: [Netlist 29-17] Analyzing 9 Unisim elements for replacement
INFO: [Netlist 29-28] Unisim Transformation completed in 0 CPU seconds
INFO: [Project 1-570] Preparing netlist for logic optimization
INFO: [Opt 31-138] Pushed 0 inverter(s) to 0 load pin(s).
Netlist sorting complete. Time (s): cpu = 00:00:00 ; elapsed = 00:00:00 . Memory (MB): peak = 1078.398 ; gain = 0.000
INFO: [Project 1-111] Unisim Transformation Summary:
  A total of 1 instances were transformed.
  LD => LDCE: 1 instances

INFO: [Common 17-83] Releasing license: Synthesis
32 Infos, 7 Warnings, 0 Critical Warnings and 0 Errors encountered.
synth_design completed successfully
synth_design: Time (s): cpu = 00:00:42 ; elapsed = 00:00:53 . Memory (MB): peak = 1078.398 ; gain = 662.324
Netlist sorting complete. Time (s): cpu = 00:00:00 ; elapsed = 00:00:00 . Memory (MB): peak = 1078.398 ; gain = 0.000
WARNING: [Constraints 18-5210] No constraints selected for write.
Resolution: This message can indicate that there are no constraints for the design, or it can indicate that the used_in flags are set such that the constraints are ignored. This later case is used when running synth_design to not write synthesis constraints to the resulting checkpoint. Instead, project constraints are read when the synthesized design is opened.
INFO: [Common 17-1381] The checkpoint 'C:/Users/aniru/Desktop/ELD/Lab5hw/Lab5hw.runs/synth_1/vio_wrapper.dcp' has been generated.
INFO: [runtcl-4] Executing : report_utilization -file vio_wrapper_utilization_synth.rpt -pb vio_wrapper_utilization_synth.pb
INFO: [Common 17-206] Exiting Vivado at Mon Sep 23 19:36:29 2024...
