15:50:40 INFO  : Registering command handlers for SDK TCF services
15:50:42 INFO  : Launching XSCT server: xsct.bat -interactive C:\Users\aniru\Desktop\ELD\lab11_32\lab11_32.sdk\temp_xsdb_launch_script.tcl
15:50:47 INFO  : XSCT server has started successfully.
15:50:54 INFO  : Successfully done setting XSCT server connection channel  
15:50:54 INFO  : Successfully done setting SDK workspace  
15:50:54 INFO  : Processing command line option -hwspec C:/Users/aniru/Desktop/ELD/lab11_32/lab11_32.sdk/design_1_wrapper.hdf.
15:53:20 INFO  : Refreshed build settings on project lab11_32
15:53:46 INFO  : No changes in MSS file content so not generating sources.
16:00:59 INFO  : Connected through redirection to target on host '192.168.226.142' and port '63926'.
16:01:00 WARN  : SDK version '2019.1' doesn't match hw_server version '2024.1.0'. Some debug features may not work.
16:01:02 INFO  : Jtag cable 'Digilent Zed 210248A39C93' is selected.
16:01:02 INFO  : 'jtag frequency' command is executed.
16:01:02 INFO  : Sourcing of 'C:/Users/aniru/Desktop/ELD/lab11_32/lab11_32.sdk/design_1_wrapper_hw_platform_0/ps7_init.tcl' is done.
16:01:02 INFO  : Context for 'APU' is selected.
16:01:04 INFO  : System reset is completed.
16:01:07 INFO  : 'after 3000' command is executed.
16:01:07 INFO  : 'targets -set -filter {jtag_cable_name =~ "Digilent Zed 210248A39C93" && level==0} -index 1' command is executed.
16:01:11 INFO  : FPGA configured successfully with bitstream "C:/Users/aniru/Desktop/ELD/lab11_32/lab11_32.sdk/design_1_wrapper_hw_platform_0/design_1_wrapper.bit"
16:01:11 INFO  : Context for 'APU' is selected.
16:01:12 INFO  : Hardware design information is loaded from 'C:/Users/aniru/Desktop/ELD/lab11_32/lab11_32.sdk/design_1_wrapper_hw_platform_0/system.hdf'.
16:01:12 INFO  : 'configparams force-mem-access 1' command is executed.
16:01:12 INFO  : Context for 'APU' is selected.
16:01:35 INFO  : 'ps7_init' command is executed.
16:01:35 INFO  : 'ps7_post_config' command is executed.
16:01:35 INFO  : Context for processor 'ps7_cortexa9_0' is selected.
16:01:36 INFO  : The application 'C:/Users/aniru/Desktop/ELD/lab11_32/lab11_32.sdk/lab11_32/Debug/lab11_32.elf' is downloaded to processor 'ps7_cortexa9_0'.
16:01:36 INFO  : 'configparams force-mem-access 0' command is executed.
16:01:36 INFO  : ----------------XSDB Script----------------
connect -path [list tcp::1534 tcp:192.168.226.142:63926]
source C:/Users/aniru/Desktop/ELD/lab11_32/lab11_32.sdk/design_1_wrapper_hw_platform_0/ps7_init.tcl
targets -set -nocase -filter {name =~"APU*" && jtag_cable_name =~ "Digilent Zed 210248A39C93"} -index 0
rst -system
after 3000
targets -set -filter {jtag_cable_name =~ "Digilent Zed 210248A39C93" && level==0} -index 1
fpga -file C:/Users/aniru/Desktop/ELD/lab11_32/lab11_32.sdk/design_1_wrapper_hw_platform_0/design_1_wrapper.bit
targets -set -nocase -filter {name =~"APU*" && jtag_cable_name =~ "Digilent Zed 210248A39C93"} -index 0
loadhw -hw C:/Users/aniru/Desktop/ELD/lab11_32/lab11_32.sdk/design_1_wrapper_hw_platform_0/system.hdf -mem-ranges [list {0x40000000 0xbfffffff}]
configparams force-mem-access 1
targets -set -nocase -filter {name =~"APU*" && jtag_cable_name =~ "Digilent Zed 210248A39C93"} -index 0
ps7_init
ps7_post_config
targets -set -nocase -filter {name =~ "ARM*#0" && jtag_cable_name =~ "Digilent Zed 210248A39C93"} -index 0
dow C:/Users/aniru/Desktop/ELD/lab11_32/lab11_32.sdk/lab11_32/Debug/lab11_32.elf
configparams force-mem-access 0
----------------End of Script----------------

16:01:37 INFO  : Memory regions updated for context APU
16:01:37 INFO  : Context for processor 'ps7_cortexa9_0' is selected.
16:01:37 INFO  : 'con' command is executed.
16:01:37 INFO  : ----------------XSDB Script (After Launch)----------------
targets -set -nocase -filter {name =~ "ARM*#0" && jtag_cable_name =~ "Digilent Zed 210248A39C93"} -index 0
con
----------------End of Script----------------

16:01:37 INFO  : Launch script is exported to file 'C:\Users\aniru\Desktop\ELD\lab11_32\lab11_32.sdk\.sdk\launch_scripts\xilinx_c-c++_application_(system_debugger)\system_debugger_using_debug_lab11_32.elf_on_remotebd.tcl'
16:02:36 INFO  : Disconnected from the channel tcfchan#1.
16:02:38 INFO  : Connected through redirection to target on host '192.168.226.142' and port '63926'.
16:02:38 WARN  : SDK version '2019.1' doesn't match hw_server version '2024.1.0'. Some debug features may not work.
16:02:48 INFO  : ----------------XSDB Script----------------
connect -path [list tcp::1534 tcp:192.168.226.142:63926]
----------------End of Script----------------

16:03:20 INFO  : Connected through redirection to target on host '192.168.226.142' and port '63926'.
16:03:21 WARN  : SDK version '2019.1' doesn't match hw_server version '2024.1.0'. Some debug features may not work.
16:03:23 INFO  : Jtag cable 'Digilent Zed 210248A39C93' is selected.
16:03:23 INFO  : 'jtag frequency' command is executed.
16:03:23 INFO  : Sourcing of 'C:/Users/aniru/Desktop/ELD/lab11_32/lab11_32.sdk/design_1_wrapper_hw_platform_0/ps7_init.tcl' is done.
16:03:24 INFO  : Context for 'APU' is selected.
16:03:25 INFO  : System reset is completed.
16:03:28 INFO  : 'after 3000' command is executed.
16:03:28 INFO  : 'targets -set -filter {jtag_cable_name =~ "Digilent Zed 210248A39C93" && level==0} -index 1' command is executed.
16:03:34 INFO  : FPGA configured successfully with bitstream "C:/Users/aniru/Desktop/ELD/lab11_32/lab11_32.sdk/design_1_wrapper_hw_platform_0/design_1_wrapper.bit"
16:03:34 INFO  : Context for 'APU' is selected.
16:03:35 INFO  : Hardware design information is loaded from 'C:/Users/aniru/Desktop/ELD/lab11_32/lab11_32.sdk/design_1_wrapper_hw_platform_0/system.hdf'.
16:03:35 INFO  : 'configparams force-mem-access 1' command is executed.
16:03:35 INFO  : Context for 'APU' is selected.
16:03:53 INFO  : 'ps7_init' command is executed.
16:03:54 INFO  : 'ps7_post_config' command is executed.
16:03:54 INFO  : Context for processor 'ps7_cortexa9_0' is selected.
16:03:55 INFO  : The application 'C:/Users/aniru/Desktop/ELD/lab11_32/lab11_32.sdk/lab11_32/Debug/lab11_32.elf' is downloaded to processor 'ps7_cortexa9_0'.
16:03:55 INFO  : 'configparams force-mem-access 0' command is executed.
16:03:55 INFO  : ----------------XSDB Script----------------
connect -path [list tcp::1534 tcp:192.168.226.142:63926]
source C:/Users/aniru/Desktop/ELD/lab11_32/lab11_32.sdk/design_1_wrapper_hw_platform_0/ps7_init.tcl
targets -set -nocase -filter {name =~"APU*" && jtag_cable_name =~ "Digilent Zed 210248A39C93"} -index 0
rst -system
after 3000
targets -set -filter {jtag_cable_name =~ "Digilent Zed 210248A39C93" && level==0} -index 1
fpga -file C:/Users/aniru/Desktop/ELD/lab11_32/lab11_32.sdk/design_1_wrapper_hw_platform_0/design_1_wrapper.bit
targets -set -nocase -filter {name =~"APU*" && jtag_cable_name =~ "Digilent Zed 210248A39C93"} -index 0
loadhw -hw C:/Users/aniru/Desktop/ELD/lab11_32/lab11_32.sdk/design_1_wrapper_hw_platform_0/system.hdf -mem-ranges [list {0x40000000 0xbfffffff}]
configparams force-mem-access 1
targets -set -nocase -filter {name =~"APU*" && jtag_cable_name =~ "Digilent Zed 210248A39C93"} -index 0
ps7_init
ps7_post_config
targets -set -nocase -filter {name =~ "ARM*#0" && jtag_cable_name =~ "Digilent Zed 210248A39C93"} -index 0
dow C:/Users/aniru/Desktop/ELD/lab11_32/lab11_32.sdk/lab11_32/Debug/lab11_32.elf
configparams force-mem-access 0
----------------End of Script----------------

16:03:56 INFO  : Memory regions updated for context APU
16:03:56 INFO  : Context for processor 'ps7_cortexa9_0' is selected.
16:03:56 INFO  : 'con' command is executed.
16:03:56 INFO  : ----------------XSDB Script (After Launch)----------------
targets -set -nocase -filter {name =~ "ARM*#0" && jtag_cable_name =~ "Digilent Zed 210248A39C93"} -index 0
con
----------------End of Script----------------

16:03:56 INFO  : Launch script is exported to file 'C:\Users\aniru\Desktop\ELD\lab11_32\lab11_32.sdk\.sdk\launch_scripts\xilinx_c-c++_application_(system_debugger)\system_debugger_using_debug_lab11_32.elf_on_remotebd.tcl'
16:11:45 INFO  : Disconnected from the channel tcfchan#2.
16:11:46 INFO  : Connected through redirection to target on host '192.168.226.142' and port '63926'.
16:11:47 WARN  : SDK version '2019.1' doesn't match hw_server version '2024.1.0'. Some debug features may not work.
16:11:50 INFO  : Jtag cable 'Digilent Zed 210248A39C93' is selected.
16:11:50 INFO  : 'jtag frequency' command is executed.
16:11:50 INFO  : Sourcing of 'C:/Users/aniru/Desktop/ELD/lab11_32/lab11_32.sdk/design_1_wrapper_hw_platform_0/ps7_init.tcl' is done.
16:11:51 INFO  : Context for 'APU' is selected.
16:11:52 INFO  : System reset is completed.
16:11:55 INFO  : 'after 3000' command is executed.
16:11:55 INFO  : 'targets -set -filter {jtag_cable_name =~ "Digilent Zed 210248A39C93" && level==0} -index 1' command is executed.
16:12:00 INFO  : FPGA configured successfully with bitstream "C:/Users/aniru/Desktop/ELD/lab11_32/lab11_32.sdk/design_1_wrapper_hw_platform_0/design_1_wrapper.bit"
16:12:00 INFO  : Context for 'APU' is selected.
16:12:05 INFO  : Hardware design information is loaded from 'C:/Users/aniru/Desktop/ELD/lab11_32/lab11_32.sdk/design_1_wrapper_hw_platform_0/system.hdf'.
16:12:05 INFO  : 'configparams force-mem-access 1' command is executed.
16:12:05 INFO  : Context for 'APU' is selected.
16:12:22 INFO  : 'ps7_init' command is executed.
16:12:23 INFO  : 'ps7_post_config' command is executed.
16:12:23 INFO  : Context for processor 'ps7_cortexa9_0' is selected.
16:12:24 INFO  : The application 'C:/Users/aniru/Desktop/ELD/lab11_32/lab11_32.sdk/lab11_32/Debug/lab11_32.elf' is downloaded to processor 'ps7_cortexa9_0'.
16:12:24 INFO  : 'configparams force-mem-access 0' command is executed.
16:12:24 INFO  : ----------------XSDB Script----------------
connect -path [list tcp::1534 tcp:192.168.226.142:63926]
source C:/Users/aniru/Desktop/ELD/lab11_32/lab11_32.sdk/design_1_wrapper_hw_platform_0/ps7_init.tcl
targets -set -nocase -filter {name =~"APU*" && jtag_cable_name =~ "Digilent Zed 210248A39C93"} -index 0
rst -system
after 3000
targets -set -filter {jtag_cable_name =~ "Digilent Zed 210248A39C93" && level==0} -index 1
fpga -file C:/Users/aniru/Desktop/ELD/lab11_32/lab11_32.sdk/design_1_wrapper_hw_platform_0/design_1_wrapper.bit
targets -set -nocase -filter {name =~"APU*" && jtag_cable_name =~ "Digilent Zed 210248A39C93"} -index 0
loadhw -hw C:/Users/aniru/Desktop/ELD/lab11_32/lab11_32.sdk/design_1_wrapper_hw_platform_0/system.hdf -mem-ranges [list {0x40000000 0xbfffffff}]
configparams force-mem-access 1
targets -set -nocase -filter {name =~"APU*" && jtag_cable_name =~ "Digilent Zed 210248A39C93"} -index 0
ps7_init
ps7_post_config
targets -set -nocase -filter {name =~ "ARM*#0" && jtag_cable_name =~ "Digilent Zed 210248A39C93"} -index 0
dow C:/Users/aniru/Desktop/ELD/lab11_32/lab11_32.sdk/lab11_32/Debug/lab11_32.elf
configparams force-mem-access 0
----------------End of Script----------------

16:12:25 INFO  : Memory regions updated for context APU
16:12:25 INFO  : Context for processor 'ps7_cortexa9_0' is selected.
16:12:25 INFO  : 'con' command is executed.
16:12:25 INFO  : ----------------XSDB Script (After Launch)----------------
targets -set -nocase -filter {name =~ "ARM*#0" && jtag_cable_name =~ "Digilent Zed 210248A39C93"} -index 0
con
----------------End of Script----------------

16:12:25 INFO  : Launch script is exported to file 'C:\Users\aniru\Desktop\ELD\lab11_32\lab11_32.sdk\.sdk\launch_scripts\xilinx_c-c++_application_(system_debugger)\system_debugger_using_debug_lab11_32.elf_on_remotebd.tcl'
16:14:01 INFO  : Disconnected from the channel tcfchan#3.
