#-----------------------------------------------------------
# Vivado v2019.1 (64-bit)
# SW Build 2552052 on Fri May 24 14:49:42 MDT 2019
# IP Build 2548770 on Fri May 24 18:01:18 MDT 2019
# Start of session at: Thu Nov 28 12:18:11 2024
# Process ID: 13268
# Current directory: C:/Users/aniru/Desktop/ELD/lab10hw
# Command line: vivado.exe -gui_launcher_event rodinguilauncherevent3816 C:\Users\aniru\Desktop\ELD\lab10hw\lab10hw.xpr
# Log file: C:/Users/aniru/Desktop/ELD/lab10hw/vivado.log
# Journal file: C:/Users/aniru/Desktop/ELD/lab10hw\vivado.jou
#-----------------------------------------------------------
start_gui
open_project C:/Users/aniru/Desktop/ELD/lab10hw/lab10hw.xpr
Scanning sources...
Finished scanning sources
INFO: [IP_Flow 19-234] Refreshing IP repositories
INFO: [IP_Flow 19-1704] No user IP repositories specified
INFO: [IP_Flow 19-2313] Loaded Vivado IP repository 'C:/Xilinx/Vivado/2019.1/data/ip'.
open_project: Time (s): cpu = 00:01:01 ; elapsed = 00:01:12 . Memory (MB): peak = 905.551 ; gain = 291.883
update_compile_order -fileset sources_1
launch_sdk -workspace C:/Users/aniru/Desktop/ELD/lab10hw/lab10hw.sdk -hwspec C:/Users/aniru/Desktop/ELD/lab10hw/lab10hw.sdk/design_1_wrapper.hdf
INFO: [Vivado 12-393] Launching SDK...
INFO: [Vivado 12-417] Running xsdk -workspace C:/Users/aniru/Desktop/ELD/lab10hw/lab10hw.sdk -hwspec C:/Users/aniru/Desktop/ELD/lab10hw/lab10hw.sdk/design_1_wrapper.hdf
INFO: [Vivado 12-3157] SDK launch initiated. Please check console for any further messages.
open_bd_design {C:/Users/aniru/Desktop/ELD/lab10hw/lab10hw.srcs/sources_1/bd/design_1/design_1.bd}
Adding component instance block -- xilinx.com:ip:processing_system7:5.5 - processing_system7_0
Adding component instance block -- xilinx.com:ip:xfft:9.1 - xfft_0
Adding component instance block -- xilinx.com:ip:axi_dma:7.1 - axi_dma_0
Adding component instance block -- xilinx.com:ip:smartconnect:1.0 - axi_smc
Adding component instance block -- xilinx.com:ip:proc_sys_reset:5.0 - rst_ps7_0_100M
Adding component instance block -- xilinx.com:ip:axi_interconnect:2.1 - ps7_0_axi_periph
Adding component instance block -- xilinx.com:ip:axi_protocol_converter:2.1 - auto_pc
Adding component instance block -- xilinx.com:ip:xlconstant:1.1 - xlconstant_0
Adding component instance block -- xilinx.com:ip:xlconstant:1.1 - xlconstant_1
Adding component instance block -- xilinx.com:ip:system_ila:1.1 - system_ila_0
Excluding </processing_system7_0/S_AXI_ACP/ACP_IOP> from </axi_dma_0/Data_MM2S>
Excluding </processing_system7_0/S_AXI_ACP/ACP_M_AXI_GP0> from </axi_dma_0/Data_MM2S>
Excluding </processing_system7_0/S_AXI_ACP/ACP_IOP> from </axi_dma_0/Data_S2MM>
Excluding </processing_system7_0/S_AXI_ACP/ACP_M_AXI_GP0> from </axi_dma_0/Data_S2MM>
Successfully read diagram <design_1> from BD file <C:/Users/aniru/Desktop/ELD/lab10hw/lab10hw.srcs/sources_1/bd/design_1/design_1.bd>
open_bd_design: Time (s): cpu = 00:00:25 ; elapsed = 00:00:24 . Memory (MB): peak = 1136.012 ; gain = 7.191
exit
INFO: [Common 17-206] Exiting Vivado at Thu Nov 28 12:38:33 2024...
